Archive member included to satisfy reference by file (symbol)

.\CortexM3\ARM_GCC_541\Debug\AntennaRotator.a(LED_Pin.o)
                              .\CortexM3\ARM_GCC_541\Debug\main.o (LED_Pin_Write)
.\CortexM3\ARM_GCC_541\Debug\AntennaRotator.a(CyLib.o)
                              .\CortexM3\ARM_GCC_541\Debug\Cm3Start.o (CyHalt)
.\CortexM3\ARM_GCC_541\Debug\AntennaRotator.a(cyPm.o)
                              .\CortexM3\ARM_GCC_541\Debug\AntennaRotator.a(CyLib.o) (CyPmReadStatus)
.\CortexM3\ARM_GCC_541\Debug\AntennaRotator.a(SW_UP_Pin.o)
                              .\CortexM3\ARM_GCC_541\Debug\main.o (SW_UP_Pin_Read)
.\CortexM3\ARM_GCC_541\Debug\AntennaRotator.a(SW_DOWN_Pin.o)
                              .\CortexM3\ARM_GCC_541\Debug\main.o (SW_DOWN_Pin_Read)
.\CortexM3\ARM_GCC_541\Debug\AntennaRotator.a(SW_LEFT_Pin.o)
                              .\CortexM3\ARM_GCC_541\Debug\main.o (SW_LEFT_Pin_Read)
.\CortexM3\ARM_GCC_541\Debug\AntennaRotator.a(SW_RIGHT_Pin.o)
                              .\CortexM3\ARM_GCC_541\Debug\main.o (SW_RIGHT_Pin_Read)
.\CortexM3\ARM_GCC_541\Debug\AntennaRotator.a(UART.o)
                              .\CortexM3\ARM_GCC_541\Debug\main.o (UART_Start)
.\CortexM3\ARM_GCC_541\Debug\AntennaRotator.a(UART_INT.o)
                              .\CortexM3\ARM_GCC_541\Debug\AntennaRotator.a(UART.o) (UART_RXISR)
.\CortexM3\ARM_GCC_541\Debug\AntennaRotator.a(UART_IntClock.o)
                              .\CortexM3\ARM_GCC_541\Debug\AntennaRotator.a(UART.o) (UART_IntClock_Start)
.\CortexM3\ARM_GCC_541\Debug\AntennaRotator.a(I2C_OLED.o)
                              .\CortexM3\ARM_GCC_541\Debug\main.o (I2C_OLED_Start)
.\CortexM3\ARM_GCC_541\Debug\AntennaRotator.a(I2C_OLED_INT.o)
                              .\CortexM3\ARM_GCC_541\Debug\AntennaRotator.a(I2C_OLED.o) (I2C_OLED_ISR)
.\CortexM3\ARM_GCC_541\Debug\AntennaRotator.a(I2C_OLED_PM.o)
                              .\CortexM3\ARM_GCC_541\Debug\AntennaRotator.a(I2C_OLED.o) (I2C_OLED_backup)
.\CortexM3\ARM_GCC_541\Debug\AntennaRotator.a(I2C_OLED_MASTER.o)
                              .\CortexM3\ARM_GCC_541\Debug\AntennaRotator.a(I2C_OLED.o) (I2C_OLED_mstrStatus)
.\CortexM3\ARM_GCC_541\Debug\AntennaRotator.a(X_Dir_Pin.o)
                              .\CortexM3\ARM_GCC_541\Debug\main.o (X_Dir_Pin_Write)
.\CortexM3\ARM_GCC_541\Debug\AntennaRotator.a(X_Step_Pin.o)
                              .\CortexM3\ARM_GCC_541\Debug\main.o (X_Step_Pin_Write)
.\CortexM3\ARM_GCC_541\Debug\AntennaRotator.a(PWM_1.o)
                              .\CortexM3\ARM_GCC_541\Debug\main.o (PWM_1_Start)
.\CortexM3\ARM_GCC_541\Debug\AntennaRotator.a(Motor_Enable.o)
                              .\CortexM3\ARM_GCC_541\Debug\main.o (Motor_Enable_Write)
.\CortexM3\ARM_GCC_541\Debug\AntennaRotator.a(Display_Refresh_Timer.o)
                              .\CortexM3\ARM_GCC_541\Debug\main.o (Display_Refresh_Timer_Start)
.\CortexM3\ARM_GCC_541\Debug\AntennaRotator.a(Display_Refresh_Timer_Int.o)
                              .\CortexM3\ARM_GCC_541\Debug\main.o (Display_Refresh_Timer_Int_StartEx)
.\CortexM3\ARM_GCC_541\Debug\AntennaRotator.a(MotorControlFallingEdge.o)
                              .\CortexM3\ARM_GCC_541\Debug\main.o (MotorControlFallingEdge_StartEx)
.\CortexM3\ARM_GCC_541\Debug\AntennaRotator.a(MotorControlRiseingEdge.o)
                              .\CortexM3\ARM_GCC_541\Debug\main.o (MotorControlRiseingEdge_StartEx)
.\CortexM3\ARM_GCC_541\Debug\AntennaRotator.a(I2C_X.o)
                              .\CortexM3\ARM_GCC_541\Debug\main.o (I2C_X_Start)
.\CortexM3\ARM_GCC_541\Debug\AntennaRotator.a(I2C_X_INT.o)
                              .\CortexM3\ARM_GCC_541\Debug\AntennaRotator.a(I2C_X.o) (I2C_X_ISR)
.\CortexM3\ARM_GCC_541\Debug\AntennaRotator.a(I2C_X_MASTER.o)
                              .\CortexM3\ARM_GCC_541\Debug\AntennaRotator.a(I2C_X.o) (I2C_X_mstrStatus)
.\CortexM3\ARM_GCC_541\Debug\AntennaRotator.a(EEPROM_1.o)
                              .\CortexM3\ARM_GCC_541\Debug\main.o (EEPROM_1_Start)
.\CortexM3\ARM_GCC_541\Debug\AntennaRotator.a(Y_Step_Pin.o)
                              .\CortexM3\ARM_GCC_541\Debug\main.o (Y_Step_Pin_Write)
.\CortexM3\ARM_GCC_541\Debug\AntennaRotator.a(I2C_Y.o)
                              .\CortexM3\ARM_GCC_541\Debug\main.o (I2C_Y_Start)
.\CortexM3\ARM_GCC_541\Debug\AntennaRotator.a(I2C_Y_INT.o)
                              .\CortexM3\ARM_GCC_541\Debug\AntennaRotator.a(I2C_Y.o) (I2C_Y_ISR)
.\CortexM3\ARM_GCC_541\Debug\AntennaRotator.a(I2C_Y_MASTER.o)
                              .\CortexM3\ARM_GCC_541\Debug\AntennaRotator.a(I2C_Y.o) (I2C_Y_mstrStatus)
.\CortexM3\ARM_GCC_541\Debug\AntennaRotator.a(Y_Dir_Pin.o)
                              .\CortexM3\ARM_GCC_541\Debug\main.o (Y_Dir_Pin_Write)
.\CortexM3\ARM_GCC_541\Debug\AntennaRotator.a(Button_Refresh_Timer.o)
                              .\CortexM3\ARM_GCC_541\Debug\main.o (Button_Refresh_Timer_Start)
[...]
Memory Configuration

Name             Origin             Length             Attributes
rom              0x00000000         0x00040000         xr
ram              0x1fff8000         0x00010000         xrw
*default*        0x00000000         0xffffffff

Linker script and memory map

LOAD c:/program files (x86)/cypress/psoc creator/4.4/psoc creator/import/gnu/arm/5.4.1/bin/../lib/gcc/arm-none-eabi/5.4.1/armv7-m/crti.o
LOAD c:/program files (x86)/cypress/psoc creator/4.4/psoc creator/import/gnu/arm/5.4.1/bin/../lib/gcc/arm-none-eabi/5.4.1/armv7-m/crtbegin.o
LOAD c:/program files (x86)/cypress/psoc creator/4.4/psoc creator/import/gnu/arm/5.4.1/bin/../lib/gcc/arm-none-eabi/5.4.1/../../../../arm-none-eabi/lib/armv7-m/crt0.o
START GROUP
LOAD .\CortexM3\ARM_GCC_541\Debug\main.o
LOAD .\CortexM3\ARM_GCC_541\Debug\ssd1306.o
LOAD .\CortexM3\ARM_GCC_541\Debug\RotatorHorizon.o
LOAD .\CortexM3\ARM_GCC_541\Debug\cli.o
LOAD .\CortexM3\ARM_GCC_541\Debug\eeprom.o
LOAD .\CortexM3\ARM_GCC_541\Debug\bsp.o
LOAD .\CortexM3\ARM_GCC_541\Debug\rotation.o
LOAD .\CortexM3\ARM_GCC_541\Debug\cyfitter_cfg.o
LOAD .\CortexM3\ARM_GCC_541\Debug\cymetadata.o
LOAD .\CortexM3\ARM_GCC_541\Debug\Cm3Start.o
LOAD .\CortexM3\ARM_GCC_541\Debug\AntennaRotator.a
LOAD C:\Program Files (x86)\Cypress\PSoC Creator\4.4\PSoC Creator\psoc\content\cycomponentlibrary\CyComponentLibrary.cylib\CortexM3\ARM_GCC_541\Debug\CyComponentLibrary.a
END GROUP
START GROUP
LOAD c:/program files (x86)/cypress/psoc creator/4.4/psoc creator/import/gnu/arm/5.4.1/bin/../lib/gcc/arm-none-eabi/5.4.1/armv7-m\libgcc.a
LOAD c:/program files (x86)/cypress/psoc creator/4.4/psoc creator/import/gnu/arm/5.4.1/bin/../lib/gcc/arm-none-eabi/5.4.1/../../../../arm-none-eabi/lib/armv7-m\libg_nano.a
LOAD c:/program files (x86)/cypress/psoc creator/4.4/psoc creator/import/gnu/arm/5.4.1/bin/../lib/gcc/arm-none-eabi/5.4.1/../../../../arm-none-eabi/lib/armv7-m\libc_nano.a
END GROUP
START GROUP
LOAD c:/program files (x86)/cypress/psoc creator/4.4/psoc creator/import/gnu/arm/5.4.1/bin/../lib/gcc/arm-none-eabi/5.4.1/armv7-m\libgcc.a
LOAD c:/program files (x86)/cypress/psoc creator/4.4/psoc creator/import/gnu/arm/5.4.1/bin/../lib/gcc/arm-none-eabi/5.4.1/../../../../arm-none-eabi/lib/armv7-m\libc_nano.a
END GROUP
LOAD c:/program files (x86)/cypress/psoc creator/4.4/psoc creator/import/gnu/arm/5.4.1/bin/../lib/gcc/arm-none-eabi/5.4.1/armv7-m/crtend.o
LOAD c:/program files (x86)/cypress/psoc creator/4.4/psoc creator/import/gnu/arm/5.4.1/bin/../lib/gcc/arm-none-eabi/5.4.1/armv7-m/crtn.o
START GROUP
LOAD c:/program files (x86)/cypress/psoc creator/4.4/psoc creator/import/gnu/arm/5.4.1/bin/../lib/gcc/arm-none-eabi/5.4.1/armv7-m\libgcc.a
LOAD c:/program files (x86)/cypress/psoc creator/4.4/psoc creator/import/gnu/arm/5.4.1/bin/../lib/gcc/arm-none-eabi/5.4.1/../../../../arm-none-eabi/lib/armv7-m\libc.a
LOAD c:/program files (x86)/cypress/psoc creator/4.4/psoc creator/import/gnu/arm/5.4.1/bin/../lib/gcc/arm-none-eabi/5.4.1/../../../../arm-none-eabi/lib/armv7-m\libnosys.a
END GROUP
                0x00000000                CY_APPL_ORIGIN = 0x0
                0x00000100                CY_FLASH_ROW_SIZE = 0x100
                0x00000020                CY_ECC_ROW_SIZE = 0x20
                0x00000000                CY_EE_IN_BTLDR = 0x0
                0x00000000                CY_APPL_LOADABLE = 0x0
                0x00000800                CY_EE_SIZE = 0x800
                0x00000001                CY_APPL_NUM = 0x1
                0x00000001                CY_APPL_MAX = 0x1
                0x00000040                CY_METADATA_SIZE = 0x40
                0x00000000                CY_APPL_LOADABLE = 0x0
                0x00000000                CY_CHECKSUM_EXCLUDE_SIZE = ALIGN (0x0, CY_FLASH_ROW_SIZE)
                [!provide]                PROVIDE (__cy_heap_start, _end)
                0x00000001                PROVIDE (__cy_region_num, ((__cy_regions_end - __cy_regions) / 0x10))
                0x20008000                PROVIDE (__cy_stack, (ORIGIN (ram) + LENGTH (ram)))
                [!provide]                PROVIDE (__cy_heap_end, (__cy_stack - 0x800))

.cybootloader   0x00000000        0x0
 *(.cybootloader)
                0x00000000                appl1_start = CY_APPL_ORIGIN?CY_APPL_ORIGIN:ALIGN (CY_FLASH_ROW_SIZE)
                0x0001ff00                appl2_start = (appl1_start + ALIGN ((((LENGTH (rom) - appl1_start) - (0x2 * CY_FLASH_ROW_SIZE)) / 0x2), CY_FLASH_ROW_SIZE))
                0x00000000                appl_start = (CY_APPL_NUM == 0x1)?appl1_start:appl2_start
                0x00000000                ecc_offset = ((appl_start / CY_FLASH_ROW_SIZE) * CY_ECC_ROW_SIZE)
                0x00000000                ee_offset = (CY_APPL_LOADABLE && ! (CY_EE_IN_BTLDR))?((CY_EE_SIZE / CY_APPL_MAX) * (CY_APPL_NUM - 0x1)):0x0
                0x00000800                ee_size = (CY_APPL_LOADABLE && ! (CY_EE_IN_BTLDR))?(CY_EE_SIZE / CY_APPL_MAX):CY_EE_SIZE
                [!provide]                PROVIDE (CY_ECC_OFFSET, ecc_offset)

.text           0x00000000     0x6500
 CREATE_OBJECT_SYMBOLS
                0x00000000                PROVIDE (__cy_interrupt_vector, RomVectors)
 *(.romvectors)
 .romvectors    0x00000000       0x10 .\CortexM3\ARM_GCC_541\Debug\Cm3Start.o
                0x00000000                RomVectors
                0x00000001                ASSERT ((. != __cy_interrupt_vector), No interrupt vector)
                0x00000001                ASSERT (CY_APPL_ORIGIN?(SIZEOF (.cybootloader) <= CY_APPL_ORIGIN):0x1, Wrong image location)
                0x00000010                PROVIDE (__cy_reset, Reset)
 *(.text.Reset)
 .text.Reset    0x00000010       0x18 .\CortexM3\ARM_GCC_541\Debug\Cm3Start.o
                0x00000010                Reset
                0x00000001                ASSERT ((. != __cy_reset), No reset code)
 *(.dma_init)
                0x00000001                ASSERT ((((appl_start + .) <= 0x10000) || 0x1), DMA Init must be within the first 64k of flash)
 *(.text .text.* .gnu.linkonce.t.*)
 .text          0x00000028       0x5c c:/program files (x86)/cypress/psoc creator/4.4/psoc creator/import/gnu/arm/5.4.1/bin/../lib/gcc/arm-none-eabi/5.4.1/armv7-m/crtbegin.o
 .text.DISPLAY_REFRESH_Handler
                0x00000084        0xc .\CortexM3\ARM_GCC_541\Debug\main.o
                0x00000084                DISPLAY_REFRESH_Handler
 .text.BUTTON_REFRESH_Handler
                0x00000090        0xc .\CortexM3\ARM_GCC_541\Debug\main.o
                0x00000090                BUTTON_REFRESH_Handler
 .text.MOTOR_CONTROLL_RISEING_EDGE_Handler
                0x0000009c       0x54 .\CortexM3\ARM_GCC_541\Debug\main.o
                0x0000009c                MOTOR_CONTROLL_RISEING_EDGE_Handler
 .text.MOTOR_CONTROLL_FALLING_EDGE_Handler
                0x000000f0       0x1c .\CortexM3\ARM_GCC_541\Debug\main.o
                0x000000f0                MOTOR_CONTROLL_FALLING_EDGE_Handler
 .text.main     0x0000010c      0x144 .\CortexM3\ARM_GCC_541\Debug\main.o
                0x0000010c                main
 .text.display_setPixel
                0x00000250       0x88 .\CortexM3\ARM_GCC_541\Debug\ssd1306.o
 .text.display_line
                0x000002d8      0x134 .\CortexM3\ARM_GCC_541\Debug\ssd1306.o
 .text.gfx_rotation_adjust
                0x0000040c       0x68 .\CortexM3\ARM_GCC_541\Debug\ssd1306.o
 .text.gfx_hvLine
                0x00000474      0x114 .\CortexM3\ARM_GCC_541\Debug\ssd1306.o
 .text.display_write_buf
                0x00000588       0x30 .\CortexM3\ARM_GCC_541\Debug\ssd1306.o
 .text.display_clear
                0x000005b8       0x1c .\CortexM3\ARM_GCC_541\Debug\ssd1306.o
                0x000005b8                display_clear
 .text.display_update
                0x000005d4       0x38 .\CortexM3\ARM_GCC_541\Debug\ssd1306.o
                0x000005d4                display_update
 .text.gfx_init
                0x0000060c       0x40 .\CortexM3\ARM_GCC_541\Debug\ssd1306.o
                0x0000060c                gfx_init
 .text.display_init
                0x0000064c       0x40 .\CortexM3\ARM_GCC_541\Debug\ssd1306.o
                0x0000064c                display_init
 .text.gfx_setCursor
                0x0000068c        0xc .\CortexM3\ARM_GCC_541\Debug\ssd1306.o
                0x0000068c                gfx_setCursor
 .text.gfx_setTextSize
                0x00000698       0x10 .\CortexM3\ARM_GCC_541\Debug\ssd1306.o
                0x00000698                gfx_setTextSize
 .text.gfx_setTextColor
                0x000006a8        0xc .\CortexM3\ARM_GCC_541\Debug\ssd1306.o
                0x000006a8                gfx_setTextColor
 .text.gfx_drawPixel
                0x000006b4       0x4c .\CortexM3\ARM_GCC_541\Debug\ssd1306.o
                0x000006b4                gfx_drawPixel
 .text.gfx_drawLine
                0x00000700       0xd8 .\CortexM3\ARM_GCC_541\Debug\ssd1306.o
                0x00000700                gfx_drawLine
 .text.gfx_fillRect
                0x000007d8       0x68 .\CortexM3\ARM_GCC_541\Debug\ssd1306.o
                0x000007d8                gfx_fillRect
 .text.gfx_drawChar
                0x00000840       0xf0 .\CortexM3\ARM_GCC_541\Debug\ssd1306.o
                0x00000840                gfx_drawChar
 .text.gfx_write
                0x00000930       0x78 .\CortexM3\ARM_GCC_541\Debug\ssd1306.o
                0x00000930                gfx_write
 .text.gfx_print
                0x000009a8       0x1c .\CortexM3\ARM_GCC_541\Debug\ssd1306.o
                0x000009a8                gfx_print
 .text.gfx_println
                0x000009c4       0x10 .\CortexM3\ARM_GCC_541\Debug\ssd1306.o
                0x000009c4                gfx_println
 .text.Horizon_Init
                0x000009d4       0x14 .\CortexM3\ARM_GCC_541\Debug\RotatorHorizon.o
                0x000009d4                Horizon_Init
 .text.Horizon_Render
                0x000009e8       0xdc .\CortexM3\ARM_GCC_541\Debug\RotatorHorizon.o
                0x000009e8                Horizon_Render
 .text.ResetInput
                0x00000ac4       0x48 .\CortexM3\ARM_GCC_541\Debug\cli.o
                0x00000ac4                ResetInput
 .text.CLI_Init
                0x00000b0c       0x30 .\CortexM3\ARM_GCC_541\Debug\cli.o
                0x00000b0c                CLI_Init
 .text.AddArgumentDigit
                0x00000b3c       0x2c .\CortexM3\ARM_GCC_541\Debug\cli.o
                0x00000b3c                AddArgumentDigit
 .text.AddCommandChar
                0x00000b68       0x14 .\CortexM3\ARM_GCC_541\Debug\cli.o
                0x00000b68                AddCommandChar
 .text.ParseArgument
                0x00000b7c       0x24 .\CortexM3\ARM_GCC_541\Debug\cli.o
                0x00000b7c                ParseArgument
 .text.ProcessCommand
                0x00000ba0      0x5b4 .\CortexM3\ARM_GCC_541\Debug\cli.o
                0x00000ba0                ProcessCommand
 .text.CLI_Update
                0x00001154       0xd8 .\CortexM3\ARM_GCC_541\Debug\cli.o
                0x00001154                CLI_Update
 .text.saveWord
                0x0000122c       0x18 .\CortexM3\ARM_GCC_541\Debug\eeprom.o
                0x0000122c                saveWord
 .text.loadWord
                0x00001244       0x18 .\CortexM3\ARM_GCC_541\Debug\eeprom.o
                0x00001244                loadWord
 .text.setBit   0x0000125c       0x4c .\CortexM3\ARM_GCC_541\Debug\eeprom.o
                0x0000125c                setBit
 .text.testBit  0x000012a8       0x18 .\CortexM3\ARM_GCC_541\Debug\eeprom.o
                0x000012a8                testBit
 .text.testSaveSlot
                0x000012c0       0x1c .\CortexM3\ARM_GCC_541\Debug\bsp.o
                0x000012c0                testSaveSlot
 .text.listSaveSlots
                0x000012dc       0x3c .\CortexM3\ARM_GCC_541\Debug\bsp.o
                0x000012dc                listSaveSlots
 .text.saveSlotDetails
                0x00001318       0x7c .\CortexM3\ARM_GCC_541\Debug\bsp.o
                0x00001318                saveSlotDetails
 .text.saveToSaveSlot
                0x00001394       0x50 .\CortexM3\ARM_GCC_541\Debug\bsp.o
                0x00001394                saveToSaveSlot
 .text.moveToSaveSlot
                0x000013e4       0x3c .\CortexM3\ARM_GCC_541\Debug\bsp.o
                0x000013e4                moveToSaveSlot
 .text.getRotation
                0x00001420       0x18 .\CortexM3\ARM_GCC_541\Debug\rotation.o
                0x00001420                getRotation
 .text.setRotation
                0x00001438       0x34 .\CortexM3\ARM_GCC_541\Debug\rotation.o
                0x00001438                setRotation
 .text.refreshRotation
                0x0000146c       0x70 .\CortexM3\ARM_GCC_541\Debug\rotation.o
                0x0000146c                refreshRotation
 .text.CyClockStartupError
                0x000014dc        0x4 .\CortexM3\ARM_GCC_541\Debug\cyfitter_cfg.o
 .text.cfg_write_bytes32
                0x000014e0       0x34 .\CortexM3\ARM_GCC_541\Debug\cyfitter_cfg.o
 .text.AnalogSetDefault
                0x00001514       0x28 .\CortexM3\ARM_GCC_541\Debug\cyfitter_cfg.o
 .text.CYMEMZERO
                0x0000153c        0xc .\CortexM3\ARM_GCC_541\Debug\cyfitter_cfg.o
 .text.ClockSetup
                0x00001548       0xe8 .\CortexM3\ARM_GCC_541\Debug\cyfitter_cfg.o
 .text.CYCONFIGCPY
                0x00001630        0x8 .\CortexM3\ARM_GCC_541\Debug\cyfitter_cfg.o
 .text.cyfitter_cfg
                0x00001638      0x120 .\CortexM3\ARM_GCC_541\Debug\cyfitter_cfg.o
                0x00001638                cyfitter_cfg
 .text.IntDefaultHandler
                0x00001758       0x10 .\CortexM3\ARM_GCC_541\Debug\Cm3Start.o
                0x00001758                IntDefaultHandler
 .text._sbrk    0x00001768       0x30 .\CortexM3\ARM_GCC_541\Debug\Cm3Start.o
                0x00001768                _sbrk
 .text.Start_c  0x00001798       0x4c .\CortexM3\ARM_GCC_541\Debug\Cm3Start.o
                0x00001798                Start_c
 .text.initialize_psoc
                0x000017e4       0x68 .\CortexM3\ARM_GCC_541\Debug\Cm3Start.o
                0x000017e4                initialize_psoc
 .text.LED_Pin_Write
                0x0000184c       0x18 .\CortexM3\ARM_GCC_541\Debug\AntennaRotator.a(LED_Pin.o)
                0x0000184c                LED_Pin_Write
 .text.CyHalt   0x00001864        0x4 .\CortexM3\ARM_GCC_541\Debug\AntennaRotator.a(CyLib.o)
                0x00001864                CyHalt
 .text.CyDelayUs
                0x00001868       0x14 .\CortexM3\ARM_GCC_541\Debug\AntennaRotator.a(CyLib.o)
                0x00001868                CyDelayUs
 .text.CyIntSetVector
                0x0000187c       0x28 .\CortexM3\ARM_GCC_541\Debug\AntennaRotator.a(CyLib.o)
                0x0000187c                CyIntSetVector
 .text.CyIntSetPriority
                0x000018a4       0x30 .\CortexM3\ARM_GCC_541\Debug\AntennaRotator.a(CyLib.o)
                0x000018a4                CyIntSetPriority
 .text.SW_UP_Pin_Read
                0x000018d4        0xc .\CortexM3\ARM_GCC_541\Debug\AntennaRotator.a(SW_UP_Pin.o)
                0x000018d4                SW_UP_Pin_Read
 .text.SW_DOWN_Pin_Read
                0x000018e0       0x10 .\CortexM3\ARM_GCC_541\Debug\AntennaRotator.a(SW_DOWN_Pin.o)
                0x000018e0                SW_DOWN_Pin_Read
 .text.SW_LEFT_Pin_Read
                0x000018f0       0x10 .\CortexM3\ARM_GCC_541\Debug\AntennaRotator.a(SW_LEFT_Pin.o)
                0x000018f0                SW_LEFT_Pin_Read
 .text.SW_RIGHT_Pin_Read
                0x00001900       0x10 .\CortexM3\ARM_GCC_541\Debug\AntennaRotator.a(SW_RIGHT_Pin.o)
                0x00001900                SW_RIGHT_Pin_Read
 .text.UART_Init
                0x00001910       0x5c .\CortexM3\ARM_GCC_541\Debug\AntennaRotator.a(UART.o)
                0x00001910                UART_Init
 .text.UART_Enable
                0x0000196c       0x50 .\CortexM3\ARM_GCC_541\Debug\AntennaRotator.a(UART.o)
                0x0000196c                UART_Enable
 .text.UART_Start
                0x000019bc       0x1c .\CortexM3\ARM_GCC_541\Debug\AntennaRotator.a(UART.o)
                0x000019bc                UART_Start
 .text.UART_GetChar
                0x000019d8       0x80 .\CortexM3\ARM_GCC_541\Debug\AntennaRotator.a(UART.o)
                0x000019d8                UART_GetChar
 .text.UART_PutChar
                0x00001a58       0x70 .\CortexM3\ARM_GCC_541\Debug\AntennaRotator.a(UART.o)
                0x00001a58                UART_PutChar
 .text.UART_PutString
                0x00001ac8       0x24 .\CortexM3\ARM_GCC_541\Debug\AntennaRotator.a(UART.o)
                0x00001ac8                UART_PutString
 .text.UART_RXISR
                0x00001aec       0x98 .\CortexM3\ARM_GCC_541\Debug\AntennaRotator.a(UART_INT.o)
                0x00001aec                UART_RXISR
 .text.UART_TXISR
                0x00001b84       0x58 .\CortexM3\ARM_GCC_541\Debug\AntennaRotator.a(UART_INT.o)
                0x00001b84                UART_TXISR
 .text.UART_IntClock_Start
                0x00001bdc       0x1c .\CortexM3\ARM_GCC_541\Debug\AntennaRotator.a(UART_IntClock.o)
                0x00001bdc                UART_IntClock_Start
 .text.I2C_OLED_Init
                0x00001bf8       0x68 .\CortexM3\ARM_GCC_541\Debug\AntennaRotator.a(I2C_OLED.o)
                0x00001bf8                I2C_OLED_Init
 .text.I2C_OLED_Enable
                0x00001c60       0x24 .\CortexM3\ARM_GCC_541\Debug\AntennaRotator.a(I2C_OLED.o)
                0x00001c60                I2C_OLED_Enable
 .text.I2C_OLED_Start
                0x00001c84       0x28 .\CortexM3\ARM_GCC_541\Debug\AntennaRotator.a(I2C_OLED.o)
                0x00001c84                I2C_OLED_Start
 .text.I2C_OLED_ISR
                0x00001cac      0x2d0 .\CortexM3\ARM_GCC_541\Debug\AntennaRotator.a(I2C_OLED_INT.o)
                0x00001cac                I2C_OLED_ISR
 .text.I2C_OLED_MasterSendStart
                0x00001f7c       0x80 .\CortexM3\ARM_GCC_541\Debug\AntennaRotator.a(I2C_OLED_MASTER.o)
                0x00001f7c                I2C_OLED_MasterSendStart
 .text.I2C_OLED_MasterSendStop
                0x00001ffc       0x38 .\CortexM3\ARM_GCC_541\Debug\AntennaRotator.a(I2C_OLED_MASTER.o)
                0x00001ffc                I2C_OLED_MasterSendStop
 .text.I2C_OLED_MasterWriteByte
                0x00002034       0x58 .\CortexM3\ARM_GCC_541\Debug\AntennaRotator.a(I2C_OLED_MASTER.o)
                0x00002034                I2C_OLED_MasterWriteByte
 .text.X_Dir_Pin_Write
                0x0000208c       0x18 .\CortexM3\ARM_GCC_541\Debug\AntennaRotator.a(X_Dir_Pin.o)
                0x0000208c                X_Dir_Pin_Write
 .text.X_Step_Pin_Write
                0x000020a4       0x18 .\CortexM3\ARM_GCC_541\Debug\AntennaRotator.a(X_Step_Pin.o)
                0x000020a4                X_Step_Pin_Write
 .text.PWM_1_Enable
                0x000020bc       0x10 .\CortexM3\ARM_GCC_541\Debug\AntennaRotator.a(PWM_1.o)
                0x000020bc                PWM_1_Enable
 .text.PWM_1_WriteCounter
                0x000020cc        0xc .\CortexM3\ARM_GCC_541\Debug\AntennaRotator.a(PWM_1.o)
                0x000020cc                PWM_1_WriteCounter
 .text.PWM_1_WritePeriod
                0x000020d8        0xc .\CortexM3\ARM_GCC_541\Debug\AntennaRotator.a(PWM_1.o)
                0x000020d8                PWM_1_WritePeriod
 .text.PWM_1_WriteCompare
                0x000020e4        0xc .\CortexM3\ARM_GCC_541\Debug\AntennaRotator.a(PWM_1.o)
                0x000020e4                PWM_1_WriteCompare
 .text.PWM_1_SetInterruptMode
                0x000020f0        0xc .\CortexM3\ARM_GCC_541\Debug\AntennaRotator.a(PWM_1.o)
                0x000020f0                PWM_1_SetInterruptMode
 .text.PWM_1_ReadStatusRegister
                0x000020fc        0xc .\CortexM3\ARM_GCC_541\Debug\AntennaRotator.a(PWM_1.o)
                0x000020fc                PWM_1_ReadStatusRegister
 .text.PWM_1_ReadCapture
                0x00002108        0xc .\CortexM3\ARM_GCC_541\Debug\AntennaRotator.a(PWM_1.o)
                0x00002108                PWM_1_ReadCapture
 .text.PWM_1_ClearFIFO
                0x00002114       0x14 .\CortexM3\ARM_GCC_541\Debug\AntennaRotator.a(PWM_1.o)
                0x00002114                PWM_1_ClearFIFO
 .text.PWM_1_Init
                0x00002128       0x54 .\CortexM3\ARM_GCC_541\Debug\AntennaRotator.a(PWM_1.o)
                0x00002128                PWM_1_Init
 .text.PWM_1_Start
                0x0000217c       0x1c .\CortexM3\ARM_GCC_541\Debug\AntennaRotator.a(PWM_1.o)
                0x0000217c                PWM_1_Start
 .text.Motor_Enable_Write
                0x00002198        0xc .\CortexM3\ARM_GCC_541\Debug\AntennaRotator.a(Motor_Enable.o)
                0x00002198                Motor_Enable_Write
 .text.Display_Refresh_Timer_Enable
                0x000021a4       0x28 .\CortexM3\ARM_GCC_541\Debug\AntennaRotator.a(Display_Refresh_Timer.o)
                0x000021a4                Display_Refresh_Timer_Enable
 .text.Display_Refresh_Timer_SetInterruptMode
                0x000021cc        0xc .\CortexM3\ARM_GCC_541\Debug\AntennaRotator.a(Display_Refresh_Timer.o)
                0x000021cc                Display_Refresh_Timer_SetInterruptMode
 .text.Display_Refresh_Timer_WritePeriod
                0x000021d8        0xc .\CortexM3\ARM_GCC_541\Debug\AntennaRotator.a(Display_Refresh_Timer.o)
                0x000021d8                Display_Refresh_Timer_WritePeriod
 .text.Display_Refresh_Timer_WriteCounter
                0x000021e4        0xc .\CortexM3\ARM_GCC_541\Debug\AntennaRotator.a(Display_Refresh_Timer.o)
                0x000021e4                Display_Refresh_Timer_WriteCounter
 .text.Display_Refresh_Timer_Init
                0x000021f0       0x64 .\CortexM3\ARM_GCC_541\Debug\AntennaRotator.a(Display_Refresh_Timer.o)
                0x000021f0                Display_Refresh_Timer_Init
 .text.Display_Refresh_Timer_Start
                0x00002254       0x1c .\CortexM3\ARM_GCC_541\Debug\AntennaRotator.a(Display_Refresh_Timer.o)
                0x00002254                Display_Refresh_Timer_Start
 .text.Display_Refresh_Timer_Int_SetVector
                0x00002270        0xc .\CortexM3\ARM_GCC_541\Debug\AntennaRotator.a(Display_Refresh_Timer_Int.o)
                0x00002270                Display_Refresh_Timer_Int_SetVector
 .text.Display_Refresh_Timer_Int_SetPriority
                0x0000227c       0x10 .\CortexM3\ARM_GCC_541\Debug\AntennaRotator.a(Display_Refresh_Timer_Int.o)
                0x0000227c                Display_Refresh_Timer_Int_SetPriority
 .text.Display_Refresh_Timer_Int_Enable
                0x0000228c        0xc .\CortexM3\ARM_GCC_541\Debug\AntennaRotator.a(Display_Refresh_Timer_Int.o)
                0x0000228c                Display_Refresh_Timer_Int_Enable
 .text.Display_Refresh_Timer_Int_Disable
                0x00002298        0xc .\CortexM3\ARM_GCC_541\Debug\AntennaRotator.a(Display_Refresh_Timer_Int.o)
                0x00002298                Display_Refresh_Timer_Int_Disable
 .text.Display_Refresh_Timer_Int_StartEx
                0x000022a4       0x1c .\CortexM3\ARM_GCC_541\Debug\AntennaRotator.a(Display_Refresh_Timer_Int.o)
                0x000022a4                Display_Refresh_Timer_Int_StartEx
 .text.MotorControlFallingEdge_SetVector
                0x000022c0        0xc .\CortexM3\ARM_GCC_541\Debug\AntennaRotator.a(MotorControlFallingEdge.o)
                0x000022c0                MotorControlFallingEdge_SetVector
 .text.MotorControlFallingEdge_SetPriority
                0x000022cc       0x10 .\CortexM3\ARM_GCC_541\Debug\AntennaRotator.a(MotorControlFallingEdge.o)
                0x000022cc                MotorControlFallingEdge_SetPriority
 .text.MotorControlFallingEdge_Enable
                0x000022dc        0xc .\CortexM3\ARM_GCC_541\Debug\AntennaRotator.a(MotorControlFallingEdge.o)
                0x000022dc                MotorControlFallingEdge_Enable
 .text.MotorControlFallingEdge_Disable
                0x000022e8        0xc .\CortexM3\ARM_GCC_541\Debug\AntennaRotator.a(MotorControlFallingEdge.o)
                0x000022e8                MotorControlFallingEdge_Disable
 .text.MotorControlFallingEdge_StartEx
                0x000022f4       0x1c .\CortexM3\ARM_GCC_541\Debug\AntennaRotator.a(MotorControlFallingEdge.o)
                0x000022f4                MotorControlFallingEdge_StartEx
 .text.MotorControlRiseingEdge_SetVector
                0x00002310        0xc .\CortexM3\ARM_GCC_541\Debug\AntennaRotator.a(MotorControlRiseingEdge.o)
                0x00002310                MotorControlRiseingEdge_SetVector
 .text.MotorControlRiseingEdge_SetPriority
                0x0000231c       0x10 .\CortexM3\ARM_GCC_541\Debug\AntennaRotator.a(MotorControlRiseingEdge.o)
                0x0000231c                MotorControlRiseingEdge_SetPriority
 .text.MotorControlRiseingEdge_Enable
                0x0000232c        0xc .\CortexM3\ARM_GCC_541\Debug\AntennaRotator.a(MotorControlRiseingEdge.o)
                0x0000232c                MotorControlRiseingEdge_Enable
 .text.MotorControlRiseingEdge_Disable
                0x00002338        0xc .\CortexM3\ARM_GCC_541\Debug\AntennaRotator.a(MotorControlRiseingEdge.o)
                0x00002338                MotorControlRiseingEdge_Disable
 .text.MotorControlRiseingEdge_StartEx
                0x00002344       0x1c .\CortexM3\ARM_GCC_541\Debug\AntennaRotator.a(MotorControlRiseingEdge.o)
                0x00002344                MotorControlRiseingEdge_StartEx
 .text.I2C_X_Init
                0x00002360       0x78 .\CortexM3\ARM_GCC_541\Debug\AntennaRotator.a(I2C_X.o)
                0x00002360                I2C_X_Init
 .text.I2C_X_Enable
                0x000023d8       0x10 .\CortexM3\ARM_GCC_541\Debug\AntennaRotator.a(I2C_X.o)
                0x000023d8                I2C_X_Enable
 .text.I2C_X_Start
                0x000023e8       0x28 .\CortexM3\ARM_GCC_541\Debug\AntennaRotator.a(I2C_X.o)
                0x000023e8                I2C_X_Start
 .text.I2C_X_ISR
                0x00002410      0x328 .\CortexM3\ARM_GCC_541\Debug\AntennaRotator.a(I2C_X_INT.o)
                0x00002410                I2C_X_ISR
 .text.I2C_X_MasterSendStart
                0x00002738       0x94 .\CortexM3\ARM_GCC_541\Debug\AntennaRotator.a(I2C_X_MASTER.o)
                0x00002738                I2C_X_MasterSendStart
 .text.I2C_X_MasterSendRestart
                0x000027cc       0x7c .\CortexM3\ARM_GCC_541\Debug\AntennaRotator.a(I2C_X_MASTER.o)
                0x000027cc                I2C_X_MasterSendRestart
 .text.I2C_X_MasterSendStop
                0x00002848       0x50 .\CortexM3\ARM_GCC_541\Debug\AntennaRotator.a(I2C_X_MASTER.o)
                0x00002848                I2C_X_MasterSendStop
 .text.I2C_X_MasterWriteByte
                0x00002898       0x6c .\CortexM3\ARM_GCC_541\Debug\AntennaRotator.a(I2C_X_MASTER.o)
                0x00002898                I2C_X_MasterWriteByte
 .text.I2C_X_MasterReadByte
                0x00002904       0x88 .\CortexM3\ARM_GCC_541\Debug\AntennaRotator.a(I2C_X_MASTER.o)
                0x00002904                I2C_X_MasterReadByte
 .text.I2C_X_MasterClearStatus
                0x0000298c       0x20 .\CortexM3\ARM_GCC_541\Debug\AntennaRotator.a(I2C_X_MASTER.o)
                0x0000298c                I2C_X_MasterClearStatus
 .text.EEPROM_1_Enable
                0x000029ac        0xc .\CortexM3\ARM_GCC_541\Debug\AntennaRotator.a(EEPROM_1.o)
                0x000029ac                EEPROM_1_Enable
 .text.EEPROM_1_Start
                0x000029b8        0x8 .\CortexM3\ARM_GCC_541\Debug\AntennaRotator.a(EEPROM_1.o)
                0x000029b8                EEPROM_1_Start
 .text.EEPROM_1_WriteByte
                0x000029c0       0xd0 .\CortexM3\ARM_GCC_541\Debug\AntennaRotator.a(EEPROM_1.o)
                0x000029c0                EEPROM_1_WriteByte
 .text.EEPROM_1_ReadByte
                0x00002a90       0x28 .\CortexM3\ARM_GCC_541\Debug\AntennaRotator.a(EEPROM_1.o)
                0x00002a90                EEPROM_1_ReadByte
 .text.Y_Step_Pin_Write
                0x00002ab8       0x18 .\CortexM3\ARM_GCC_541\Debug\AntennaRotator.a(Y_Step_Pin.o)
                0x00002ab8                Y_Step_Pin_Write
 .text.I2C_Y_Init
                0x00002ad0       0x7c .\CortexM3\ARM_GCC_541\Debug\AntennaRotator.a(I2C_Y.o)
                0x00002ad0                I2C_Y_Init
 .text.I2C_Y_Enable
                0x00002b4c       0x10 .\CortexM3\ARM_GCC_541\Debug\AntennaRotator.a(I2C_Y.o)
                0x00002b4c                I2C_Y_Enable
 .text.I2C_Y_Start
                0x00002b5c       0x28 .\CortexM3\ARM_GCC_541\Debug\AntennaRotator.a(I2C_Y.o)
                0x00002b5c                I2C_Y_Start
 .text.I2C_Y_ISR
                0x00002b84      0x338 .\CortexM3\ARM_GCC_541\Debug\AntennaRotator.a(I2C_Y_INT.o)
                0x00002b84                I2C_Y_ISR
 .text.I2C_Y_MasterSendStart
                0x00002ebc       0x98 .\CortexM3\ARM_GCC_541\Debug\AntennaRotator.a(I2C_Y_MASTER.o)
                0x00002ebc                I2C_Y_MasterSendStart
 .text.I2C_Y_MasterSendRestart
                0x00002f54       0x80 .\CortexM3\ARM_GCC_541\Debug\AntennaRotator.a(I2C_Y_MASTER.o)
                0x00002f54                I2C_Y_MasterSendRestart
 .text.I2C_Y_MasterSendStop
                0x00002fd4       0x50 .\CortexM3\ARM_GCC_541\Debug\AntennaRotator.a(I2C_Y_MASTER.o)
                0x00002fd4                I2C_Y_MasterSendStop
 .text.I2C_Y_MasterWriteByte
                0x00003024       0x70 .\CortexM3\ARM_GCC_541\Debug\AntennaRotator.a(I2C_Y_MASTER.o)
                0x00003024                I2C_Y_MasterWriteByte
 .text.I2C_Y_MasterReadByte
                0x00003094       0x90 .\CortexM3\ARM_GCC_541\Debug\AntennaRotator.a(I2C_Y_MASTER.o)
                0x00003094                I2C_Y_MasterReadByte
 .text.I2C_Y_MasterClearStatus
                0x00003124       0x20 .\CortexM3\ARM_GCC_541\Debug\AntennaRotator.a(I2C_Y_MASTER.o)
                0x00003124                I2C_Y_MasterClearStatus
 .text.Y_Dir_Pin_Write
                0x00003144       0x18 .\CortexM3\ARM_GCC_541\Debug\AntennaRotator.a(Y_Dir_Pin.o)
                0x00003144                Y_Dir_Pin_Write
 .text.Button_Refresh_Timer_Enable
                0x0000315c       0x28 .\CortexM3\ARM_GCC_541\Debug\AntennaRotator.a(Button_Refresh_Timer.o)
                0x0000315c                Button_Refresh_Timer_Enable
 .text.Button_Refresh_Timer_SetInterruptMode
                0x00003184        0xc .\CortexM3\ARM_GCC_541\Debug\AntennaRotator.a(Button_Refresh_Timer.o)
                0x00003184                Button_Refresh_Timer_SetInterruptMode
 .text.Button_Refresh_Timer_WritePeriod
                0x00003190        0xc .\CortexM3\ARM_GCC_541\Debug\AntennaRotator.a(Button_Refresh_Timer.o)
                0x00003190                Button_Refresh_Timer_WritePeriod
 .text.Button_Refresh_Timer_WriteCounter
                0x0000319c        0xc .\CortexM3\ARM_GCC_541\Debug\AntennaRotator.a(Button_Refresh_Timer.o)
                0x0000319c                Button_Refresh_Timer_WriteCounter
 .text.Button_Refresh_Timer_Init
                0x000031a8       0x64 .\CortexM3\ARM_GCC_541\Debug\AntennaRotator.a(Button_Refresh_Timer.o)
                0x000031a8                Button_Refresh_Timer_Init
 .text.Button_Refresh_Timer_Start
                0x0000320c       0x1c .\CortexM3\ARM_GCC_541\Debug\AntennaRotator.a(Button_Refresh_Timer.o)
                0x0000320c                Button_Refresh_Timer_Start
 .text.Button_Refresh_Timer_Int_SetVector
                0x00003228        0xc .\CortexM3\ARM_GCC_541\Debug\AntennaRotator.a(Button_Refresh_Timer_Int.o)
                0x00003228                Button_Refresh_Timer_Int_SetVector
 .text.Button_Refresh_Timer_Int_SetPriority
                0x00003234       0x10 .\CortexM3\ARM_GCC_541\Debug\AntennaRotator.a(Button_Refresh_Timer_Int.o)
                0x00003234                Button_Refresh_Timer_Int_SetPriority
 .text.Button_Refresh_Timer_Int_Enable
                0x00003244        0xc .\CortexM3\ARM_GCC_541\Debug\AntennaRotator.a(Button_Refresh_Timer_Int.o)
                0x00003244                Button_Refresh_Timer_Int_Enable
 .text.Button_Refresh_Timer_Int_Disable
                0x00003250        0xc .\CortexM3\ARM_GCC_541\Debug\AntennaRotator.a(Button_Refresh_Timer_Int.o)
                0x00003250                Button_Refresh_Timer_Int_Disable
 .text.Button_Refresh_Timer_Int_StartEx
                0x0000325c       0x1c .\CortexM3\ARM_GCC_541\Debug\AntennaRotator.a(Button_Refresh_Timer_Int.o)
                0x0000325c                Button_Refresh_Timer_Int_StartEx
 .text          0x00003278       0x20 .\CortexM3\ARM_GCC_541\Debug\AntennaRotator.a(CyBootAsmGnu.o)
                0x00003278                CyDelayCycles
                0x00003288                CyEnterCriticalSection
                0x00003290                CyExitCriticalSection
 .text.CySetTempInt
                0x00003298       0x60 .\CortexM3\ARM_GCC_541\Debug\AntennaRotator.a(CyFlash.o)
 .text.CyFlashGetSpcAlgorithm
                0x000032f8       0x4c .\CortexM3\ARM_GCC_541\Debug\AntennaRotator.a(CyFlash.o)
                0x000032f8                CyFlashGetSpcAlgorithm
 .text.CySetTemp
                0x00003344       0x14 .\CortexM3\ARM_GCC_541\Debug\AntennaRotator.a(CyFlash.o)
                0x00003344                CySetTemp
 .text.CyEEPROM_Start
                0x00003358       0x54 .\CortexM3\ARM_GCC_541\Debug\AntennaRotator.a(CyFlash.o)
                0x00003358                CyEEPROM_Start
 .text.CyEEPROM_ReadReserve
                0x000033ac       0x1c .\CortexM3\ARM_GCC_541\Debug\AntennaRotator.a(CyFlash.o)
                0x000033ac                CyEEPROM_ReadReserve
 .text.CyEEPROM_ReadRelease
                0x000033c8       0x10 .\CortexM3\ARM_GCC_541\Debug\AntennaRotator.a(CyFlash.o)
                0x000033c8                CyEEPROM_ReadRelease
 .text.CySpcStart
                0x000033d8       0x24 .\CortexM3\ARM_GCC_541\Debug\AntennaRotator.a(CySpc.o)
                0x000033d8                CySpcStart
 .text.CySpcReadData
                0x000033fc       0x34 .\CortexM3\ARM_GCC_541\Debug\AntennaRotator.a(CySpc.o)
                0x000033fc                CySpcReadData
 .text.CySpcLoadMultiByte
                0x00003430       0x78 .\CortexM3\ARM_GCC_541\Debug\AntennaRotator.a(CySpc.o)
                0x00003430                CySpcLoadMultiByte
 .text.CySpcWriteRow
                0x000034a8       0x4c .\CortexM3\ARM_GCC_541\Debug\AntennaRotator.a(CySpc.o)
                0x000034a8                CySpcWriteRow
 .text.CySpcGetTemp
                0x000034f4       0x3c .\CortexM3\ARM_GCC_541\Debug\AntennaRotator.a(CySpc.o)
                0x000034f4                CySpcGetTemp
 .text.CySpcLock
                0x00003530       0x4c .\CortexM3\ARM_GCC_541\Debug\AntennaRotator.a(CySpc.o)
                0x00003530                CySpcLock
 .text.CySpcUnlock
                0x0000357c       0x38 .\CortexM3\ARM_GCC_541\Debug\AntennaRotator.a(CySpc.o)
                0x0000357c                CySpcUnlock
 .text.CySpcGetAlgorithm
                0x000035b4       0x28 .\CortexM3\ARM_GCC_541\Debug\AntennaRotator.a(CySpc.o)
                0x000035b4                CySpcGetAlgorithm
 .text          0x000035dc      0x370 c:/program files (x86)/cypress/psoc creator/4.4/psoc creator/import/gnu/arm/5.4.1/bin/../lib/gcc/arm-none-eabi/5.4.1/armv7-m\libgcc.a(_arm_addsubdf3.o)
                0x000035dc                __aeabi_drsub
                0x000035e4                __aeabi_dsub
                0x000035e4                __subdf3
                0x000035e8                __aeabi_dadd
                0x000035e8                __adddf3
                0x00003860                __floatunsidf
                0x00003860                __aeabi_ui2d
                0x00003880                __floatsidf
                0x00003880                __aeabi_i2d
                0x000038a4                __aeabi_f2d
                0x000038a4                __extendsfdf2
                0x000038e0                __floatundidf
                0x000038e0                __aeabi_ul2d
                0x000038f0                __floatdidf
                0x000038f0                __aeabi_l2d
 .text          0x0000394c      0x21c c:/program files (x86)/cypress/psoc creator/4.4/psoc creator/import/gnu/arm/5.4.1/bin/../lib/gcc/arm-none-eabi/5.4.1/armv7-m\libgcc.a(_arm_addsubsf3.o)
                0x0000394c                __aeabi_frsub
                0x00003954                __subsf3
                0x00003954                __aeabi_fsub
                0x00003958                __aeabi_fadd
                0x00003958                __addsf3
                0x00003ab8                __aeabi_ui2f
                0x00003ab8                __floatunsisf
                0x00003ac0                __aeabi_i2f
                0x00003ac0                __floatsisf
                0x00003adc                __aeabi_ul2f
                0x00003adc                __floatundisf
                0x00003aec                __aeabi_l2f
                0x00003aec                __floatdisf
 .text          0x00003b68      0x2a0 c:/program files (x86)/cypress/psoc creator/4.4/psoc creator/import/gnu/arm/5.4.1/bin/../lib/gcc/arm-none-eabi/5.4.1/armv7-m\libgcc.a(_arm_muldivsf3.o)
                0x00003b68                __mulsf3
                0x00003b68                __aeabi_fmul
                0x00003cd0                __aeabi_fdiv
                0x00003cd0                __divsf3
 .text          0x00003e08       0x4c c:/program files (x86)/cypress/psoc creator/4.4/psoc creator/import/gnu/arm/5.4.1/bin/../lib/gcc/arm-none-eabi/5.4.1/armv7-m\libgcc.a(_arm_fixsfsi.o)
                0x00003e08                __aeabi_f2iz
                0x00003e08                __fixsfsi
 .text          0x00003e54       0x40 c:/program files (x86)/cypress/psoc creator/4.4/psoc creator/import/gnu/arm/5.4.1/bin/../lib/gcc/arm-none-eabi/5.4.1/armv7-m\libgcc.a(_arm_fixunssfsi.o)
                0x00003e54                __fixunssfsi
                0x00003e54                __aeabi_f2uiz
 .text.__errno  0x00003e94        0xc c:/program files (x86)/cypress/psoc creator/4.4/psoc creator/import/gnu/arm/5.4.1/bin/../lib/gcc/arm-none-eabi/5.4.1/../../../../arm-none-eabi/lib/armv7-m\libg_nano.a(lib_a-errno.o)
                0x00003e94                __errno
 .text.__libc_init_array
                0x00003ea0       0x4c c:/program files (x86)/cypress/psoc creator/4.4/psoc creator/import/gnu/arm/5.4.1/bin/../lib/gcc/arm-none-eabi/5.4.1/../../../../arm-none-eabi/lib/armv7-m\libg_nano.a(lib_a-init.o)
                0x00003ea0                __libc_init_array
 .text.memcpy   0x00003eec       0x16 c:/program files (x86)/cypress/psoc creator/4.4/psoc creator/import/gnu/arm/5.4.1/bin/../lib/gcc/arm-none-eabi/5.4.1/../../../../arm-none-eabi/lib/armv7-m\libg_nano.a(lib_a-memcpy-stub.o)
                0x00003eec                memcpy
 .text.memset   0x00003f02       0x10 c:/program files (x86)/cypress/psoc creator/4.4/psoc creator/import/gnu/arm/5.4.1/bin/../lib/gcc/arm-none-eabi/5.4.1/../../../../arm-none-eabi/lib/armv7-m\libg_nano.a(lib_a-memset.o)
                0x00003f02                memset
 .text.__cvt    0x00003f12       0xc0 c:/program files (x86)/cypress/psoc creator/4.4/psoc creator/import/gnu/arm/5.4.1/bin/../lib/gcc/arm-none-eabi/5.4.1/../../../../arm-none-eabi/lib/armv7-m\libg_nano.a(lib_a-nano-vfprintf_float.o)
                0x00003f12                __cvt
 .text.__exponent
                0x00003fd2       0x62 c:/program files (x86)/cypress/psoc creator/4.4/psoc creator/import/gnu/arm/5.4.1/bin/../lib/gcc/arm-none-eabi/5.4.1/../../../../arm-none-eabi/lib/armv7-m\libg_nano.a(lib_a-nano-vfprintf_float.o)
                0x00003fd2                __exponent
 .text._printf_float
                0x00004034      0x488 c:/program files (x86)/cypress/psoc creator/4.4/psoc creator/import/gnu/arm/5.4.1/bin/../lib/gcc/arm-none-eabi/5.4.1/../../../../arm-none-eabi/lib/armv7-m\libg_nano.a(lib_a-nano-vfprintf_float.o)
                0x00004034                _printf_float
 .text._printf_common
                0x000044bc       0xec c:/program files (x86)/cypress/psoc creator/4.4/psoc creator/import/gnu/arm/5.4.1/bin/../lib/gcc/arm-none-eabi/5.4.1/../../../../arm-none-eabi/lib/armv7-m\libg_nano.a(lib_a-nano-vfprintf_i.o)
                0x000044bc                _printf_common
 .text._printf_i
                0x000045a8      0x24c c:/program files (x86)/cypress/psoc creator/4.4/psoc creator/import/gnu/arm/5.4.1/bin/../lib/gcc/arm-none-eabi/5.4.1/../../../../arm-none-eabi/lib/armv7-m\libg_nano.a(lib_a-nano-vfprintf_i.o)
                0x000045a8                _printf_i
 .text.sprintf  0x000047f4       0x48 c:/program files (x86)/cypress/psoc creator/4.4/psoc creator/import/gnu/arm/5.4.1/bin/../lib/gcc/arm-none-eabi/5.4.1/../../../../arm-none-eabi/lib/armv7-m\libg_nano.a(lib_a-sprintf.o)
                0x000047f4                siprintf
                0x000047f4                sprintf
 .text          0x0000483c       0x14 c:/program files (x86)/cypress/psoc creator/4.4/psoc creator/import/gnu/arm/5.4.1/bin/../lib/gcc/arm-none-eabi/5.4.1/../../../../arm-none-eabi/lib/armv7-m\libg_nano.a(lib_a-strcmp.o)
                0x0000483c                strcmp
 .text          0x00004850       0x10 c:/program files (x86)/cypress/psoc creator/4.4/psoc creator/import/gnu/arm/5.4.1/bin/../lib/gcc/arm-none-eabi/5.4.1/../../../../arm-none-eabi/lib/armv7-m\libg_nano.a(lib_a-strlen.o)
                0x00004850                strlen
 .text.quorem   0x00004860      0x116 c:/program files (x86)/cypress/psoc creator/4.4/psoc creator/import/gnu/arm/5.4.1/bin/../lib/gcc/arm-none-eabi/5.4.1/../../../../arm-none-eabi/lib/armv7-m\libg_nano.a(lib_a-dtoa.o)
 *fill*         0x00004976        0x2 
 .text._dtoa_r  0x00004978      0xb30 c:/program files (x86)/cypress/psoc creator/4.4/psoc creator/import/gnu/arm/5.4.1/bin/../lib/gcc/arm-none-eabi/5.4.1/../../../../arm-none-eabi/lib/armv7-m\libg_nano.a(lib_a-dtoa.o)
                0x00004978                _dtoa_r
 .text._localeconv_r
                0x000054a8        0x8 c:/program files (x86)/cypress/psoc creator/4.4/psoc creator/import/gnu/arm/5.4.1/bin/../lib/gcc/arm-none-eabi/5.4.1/../../../../arm-none-eabi/lib/armv7-m\libg_nano.a(lib_a-locale.o)
                0x000054a8                _localeconv_r
 .text.malloc   0x000054b0       0x10 c:/program files (x86)/cypress/psoc creator/4.4/psoc creator/import/gnu/arm/5.4.1/bin/../lib/gcc/arm-none-eabi/5.4.1/../../../../arm-none-eabi/lib/armv7-m\libg_nano.a(lib_a-malloc.o)
                0x000054b0                malloc
 .text.memchr   0x000054c0       0x1c c:/program files (x86)/cypress/psoc creator/4.4/psoc creator/import/gnu/arm/5.4.1/bin/../lib/gcc/arm-none-eabi/5.4.1/../../../../arm-none-eabi/lib/armv7-m\libg_nano.a(lib_a-memchr-stub.o)
                0x000054c0                memchr
 .text._Balloc  0x000054dc       0x6a c:/program files (x86)/cypress/psoc creator/4.4/psoc creator/import/gnu/arm/5.4.1/bin/../lib/gcc/arm-none-eabi/5.4.1/../../../../arm-none-eabi/lib/armv7-m\libg_nano.a(lib_a-mprec.o)
                0x000054dc                _Balloc
 .text._Bfree   0x00005546       0x2e c:/program files (x86)/cypress/psoc creator/4.4/psoc creator/import/gnu/arm/5.4.1/bin/../lib/gcc/arm-none-eabi/5.4.1/../../../../arm-none-eabi/lib/armv7-m\libg_nano.a(lib_a-mprec.o)
                0x00005546                _Bfree
 .text.__multadd
                0x00005574       0x76 c:/program files (x86)/cypress/psoc creator/4.4/psoc creator/import/gnu/arm/5.4.1/bin/../lib/gcc/arm-none-eabi/5.4.1/../../../../arm-none-eabi/lib/armv7-m\libg_nano.a(lib_a-mprec.o)
                0x00005574                __multadd
 .text.__hi0bits
                0x000055ea       0x40 c:/program files (x86)/cypress/psoc creator/4.4/psoc creator/import/gnu/arm/5.4.1/bin/../lib/gcc/arm-none-eabi/5.4.1/../../../../arm-none-eabi/lib/armv7-m\libg_nano.a(lib_a-mprec.o)
                0x000055ea                __hi0bits
 .text.__lo0bits
                0x0000562a       0x5a c:/program files (x86)/cypress/psoc creator/4.4/psoc creator/import/gnu/arm/5.4.1/bin/../lib/gcc/arm-none-eabi/5.4.1/../../../../arm-none-eabi/lib/armv7-m\libg_nano.a(lib_a-mprec.o)
                0x0000562a                __lo0bits
 .text.__i2b    0x00005684       0x12 c:/program files (x86)/cypress/psoc creator/4.4/psoc creator/import/gnu/arm/5.4.1/bin/../lib/gcc/arm-none-eabi/5.4.1/../../../../arm-none-eabi/lib/armv7-m\libg_nano.a(lib_a-mprec.o)
                0x00005684                __i2b
 .text.__multiply
                0x00005696      0x120 c:/program files (x86)/cypress/psoc creator/4.4/psoc creator/import/gnu/arm/5.4.1/bin/../lib/gcc/arm-none-eabi/5.4.1/../../../../arm-none-eabi/lib/armv7-m\libg_nano.a(lib_a-mprec.o)
                0x00005696                __multiply
 *fill*         0x000057b6        0x2 
 .text.__pow5mult
                0x000057b8       0x9c c:/program files (x86)/cypress/psoc creator/4.4/psoc creator/import/gnu/arm/5.4.1/bin/../lib/gcc/arm-none-eabi/5.4.1/../../../../arm-none-eabi/lib/armv7-m\libg_nano.a(lib_a-mprec.o)
                0x000057b8                __pow5mult
 .text.__lshift
                0x00005854       0xa2 c:/program files (x86)/cypress/psoc creator/4.4/psoc creator/import/gnu/arm/5.4.1/bin/../lib/gcc/arm-none-eabi/5.4.1/../../../../arm-none-eabi/lib/armv7-m\libg_nano.a(lib_a-mprec.o)
                0x00005854                __lshift
 .text.__mcmp   0x000058f6       0x38 c:/program files (x86)/cypress/psoc creator/4.4/psoc creator/import/gnu/arm/5.4.1/bin/../lib/gcc/arm-none-eabi/5.4.1/../../../../arm-none-eabi/lib/armv7-m\libg_nano.a(lib_a-mprec.o)
                0x000058f6                __mcmp
 .text.__mdiff  0x0000592e       0xbe c:/program files (x86)/cypress/psoc creator/4.4/psoc creator/import/gnu/arm/5.4.1/bin/../lib/gcc/arm-none-eabi/5.4.1/../../../../arm-none-eabi/lib/armv7-m\libg_nano.a(lib_a-mprec.o)
                0x0000592e                __mdiff
 .text.__d2b    0x000059ec       0x9c c:/program files (x86)/cypress/psoc creator/4.4/psoc creator/import/gnu/arm/5.4.1/bin/../lib/gcc/arm-none-eabi/5.4.1/../../../../arm-none-eabi/lib/armv7-m\libg_nano.a(lib_a-mprec.o)
                0x000059ec                __d2b
 .text._calloc_r
                0x00005a88       0x1c c:/program files (x86)/cypress/psoc creator/4.4/psoc creator/import/gnu/arm/5.4.1/bin/../lib/gcc/arm-none-eabi/5.4.1/../../../../arm-none-eabi/lib/armv7-m\libg_nano.a(lib_a-nano-callocr.o)
                0x00005a88                _calloc_r
 .text._free_r  0x00005aa4       0x98 c:/program files (x86)/cypress/psoc creator/4.4/psoc creator/import/gnu/arm/5.4.1/bin/../lib/gcc/arm-none-eabi/5.4.1/../../../../arm-none-eabi/lib/armv7-m\libg_nano.a(lib_a-nano-freer.o)
                0x00005aa4                _free_r
 .text._malloc_r
                0x00005b3c       0xbc c:/program files (x86)/cypress/psoc creator/4.4/psoc creator/import/gnu/arm/5.4.1/bin/../lib/gcc/arm-none-eabi/5.4.1/../../../../arm-none-eabi/lib/armv7-m\libg_nano.a(lib_a-nano-mallocr.o)
                0x00005b3c                _malloc_r
 .text.__ssputs_r
                0x00005bf8       0xb2 c:/program files (x86)/cypress/psoc creator/4.4/psoc creator/import/gnu/arm/5.4.1/bin/../lib/gcc/arm-none-eabi/5.4.1/../../../../arm-none-eabi/lib/armv7-m\libg_nano.a(lib_a-nano-svfprintf.o)
                0x00005bf8                __ssputs_r
 *fill*         0x00005caa        0x2 
 .text._svfprintf_r
                0x00005cac      0x1e8 c:/program files (x86)/cypress/psoc creator/4.4/psoc creator/import/gnu/arm/5.4.1/bin/../lib/gcc/arm-none-eabi/5.4.1/../../../../arm-none-eabi/lib/armv7-m\libg_nano.a(lib_a-nano-svfprintf.o)
                0x00005cac                _svfiprintf_r
                0x00005cac                _svfprintf_r
 .text._sbrk_r  0x00005e94       0x20 c:/program files (x86)/cypress/psoc creator/4.4/psoc creator/import/gnu/arm/5.4.1/bin/../lib/gcc/arm-none-eabi/5.4.1/../../../../arm-none-eabi/lib/armv7-m\libg_nano.a(lib_a-sbrkr.o)
                0x00005e94                _sbrk_r
 .text.memmove  0x00005eb4       0x36 c:/program files (x86)/cypress/psoc creator/4.4/psoc creator/import/gnu/arm/5.4.1/bin/../lib/gcc/arm-none-eabi/5.4.1/../../../../arm-none-eabi/lib/armv7-m\libg_nano.a(lib_a-memmove.o)
                0x00005eb4                memmove
 .text.__malloc_lock
                0x00005eea        0x2 c:/program files (x86)/cypress/psoc creator/4.4/psoc creator/import/gnu/arm/5.4.1/bin/../lib/gcc/arm-none-eabi/5.4.1/../../../../arm-none-eabi/lib/armv7-m\libg_nano.a(lib_a-mlock.o)
                0x00005eea                __malloc_lock
 .text.__malloc_unlock
                0x00005eec        0x2 c:/program files (x86)/cypress/psoc creator/4.4/psoc creator/import/gnu/arm/5.4.1/bin/../lib/gcc/arm-none-eabi/5.4.1/../../../../arm-none-eabi/lib/armv7-m\libg_nano.a(lib_a-mlock.o)
                0x00005eec                __malloc_unlock
 .text._realloc_r
                0x00005eee       0x4c c:/program files (x86)/cypress/psoc creator/4.4/psoc creator/import/gnu/arm/5.4.1/bin/../lib/gcc/arm-none-eabi/5.4.1/../../../../arm-none-eabi/lib/armv7-m\libg_nano.a(lib_a-nano-reallocr.o)
                0x00005eee                _realloc_r
 .text._malloc_usable_size_r
                0x00005f3a       0x14 c:/program files (x86)/cypress/psoc creator/4.4/psoc creator/import/gnu/arm/5.4.1/bin/../lib/gcc/arm-none-eabi/5.4.1/../../../../arm-none-eabi/lib/armv7-m\libg_nano.a(lib_a-nano-msizer.o)
                0x00005f3a                _malloc_usable_size_r
 *fill*         0x00005f4e        0x2 
 .text          0x00005f50      0x424 c:/program files (x86)/cypress/psoc creator/4.4/psoc creator/import/gnu/arm/5.4.1/bin/../lib/gcc/arm-none-eabi/5.4.1/armv7-m\libgcc.a(_arm_muldivdf3.o)
                0x00005f50                __aeabi_dmul
                0x00005f50                __muldf3
                0x000061a4                __divdf3
                0x000061a4                __aeabi_ddiv
 .text          0x00006374      0x110 c:/program files (x86)/cypress/psoc creator/4.4/psoc creator/import/gnu/arm/5.4.1/bin/../lib/gcc/arm-none-eabi/5.4.1/armv7-m\libgcc.a(_arm_cmpdf2.o)
                0x00006374                __gtdf2
                0x00006374                __gedf2
                0x0000637c                __ltdf2
                0x0000637c                __ledf2
                0x00006384                __nedf2
                0x00006384                __eqdf2
                0x00006384                __cmpdf2
                0x00006400                __aeabi_cdrcmple
                0x00006410                __aeabi_cdcmpeq
                0x00006410                __aeabi_cdcmple
                0x00006420                __aeabi_dcmpeq
                0x00006434                __aeabi_dcmplt
                0x00006448                __aeabi_dcmple
                0x0000645c                __aeabi_dcmpge
                0x00006470                __aeabi_dcmpgt
 .text          0x00006484       0x2c c:/program files (x86)/cypress/psoc creator/4.4/psoc creator/import/gnu/arm/5.4.1/bin/../lib/gcc/arm-none-eabi/5.4.1/armv7-m\libgcc.a(_arm_unorddf2.o)
                0x00006484                __unorddf2
                0x00006484                __aeabi_dcmpun
 .text          0x000064b0       0x50 c:/program files (x86)/cypress/psoc creator/4.4/psoc creator/import/gnu/arm/5.4.1/bin/../lib/gcc/arm-none-eabi/5.4.1/armv7-m\libgcc.a(_arm_fixdfsi.o)
                0x000064b0                __aeabi_d2iz
                0x000064b0                __fixdfsi
 *(.plt)
 *(.gnu.warning)
 *(.glue_7t)
 .glue_7t       0x00006500        0x0 linker stubs
 *(.glue_7)
 .glue_7        0x00006500        0x0 linker stubs
 *(.vfp11_veneer)
 .vfp11_veneer  0x00006500        0x0 linker stubs
 *(.bootloader)
 *(.ARM.extab* .gnu.linkonce.armextab.*)
 *(.gcc_except_table)

.v4_bx          0x00006500        0x0
 .v4_bx         0x00006500        0x0 linker stubs

.iplt           0x00006500        0x0
 .iplt          0x00006500        0x0 c:/program files (x86)/cypress/psoc creator/4.4/psoc creator/import/gnu/arm/5.4.1/bin/../lib/gcc/arm-none-eabi/5.4.1/armv7-m/crtbegin.o

.eh_frame_hdr
 *(.eh_frame_hdr)

.eh_frame       0x00006500        0x4
 *(.eh_frame)
 .eh_frame      0x00006500        0x0 c:/program files (x86)/cypress/psoc creator/4.4/psoc creator/import/gnu/arm/5.4.1/bin/../lib/gcc/arm-none-eabi/5.4.1/armv7-m/crtbegin.o
 .eh_frame      0x00006500        0x4 c:/program files (x86)/cypress/psoc creator/4.4/psoc creator/import/gnu/arm/5.4.1/bin/../lib/gcc/arm-none-eabi/5.4.1/armv7-m/crtend.o
                [!provide]                PROVIDE (__exidx_start, .)

.ARM.exidx
 *(.ARM.exidx* .gnu.linkonce.armexidx.*)
                0x00006504                __exidx_end = .

.rodata         0x00006508      0x940
 *(.rodata .rodata.* .gnu.linkonce.r.*)
 .rodata.str1.4
                0x00006508       0x12 .\CortexM3\ARM_GCC_541\Debug\main.o
 *fill*         0x0000651a        0x2 
 .rodata        0x0000651c      0x51f .\CortexM3\ARM_GCC_541\Debug\ssd1306.o
 *fill*         0x00006a3b        0x1 
 .rodata.str1.4
                0x00006a3c       0x26 .\CortexM3\ARM_GCC_541\Debug\RotatorHorizon.o
 *fill*         0x00006a62        0x2 
 .rodata.str1.4
                0x00006a64       0xe4 .\CortexM3\ARM_GCC_541\Debug\cli.o
                                 0xe8 (size before relaxing)
 .rodata.str1.4
                0x00006b48       0x20 .\CortexM3\ARM_GCC_541\Debug\bsp.o
                                 0x31 (size before relaxing)
 .rodata        0x00006b68       0x46 .\CortexM3\ARM_GCC_541\Debug\cyfitter_cfg.o
 .rodata._ctype_
                0x00006bae      0x101 c:/program files (x86)/cypress/psoc creator/4.4/psoc creator/import/gnu/arm/5.4.1/bin/../lib/gcc/arm-none-eabi/5.4.1/../../../../arm-none-eabi/lib/armv7-m\libg_nano.a(lib_a-ctype_.o)
                0x00006bae                _ctype_
 .rodata.str1.1
                0x00006caf        0x2 c:/program files (x86)/cypress/psoc creator/4.4/psoc creator/import/gnu/arm/5.4.1/bin/../lib/gcc/arm-none-eabi/5.4.1/../../../../arm-none-eabi/lib/armv7-m\libg_nano.a(lib_a-impure.o)
 .rodata.str1.1
                0x00006cb1       0x12 c:/program files (x86)/cypress/psoc creator/4.4/psoc creator/import/gnu/arm/5.4.1/bin/../lib/gcc/arm-none-eabi/5.4.1/../../../../arm-none-eabi/lib/armv7-m\libg_nano.a(lib_a-nano-vfprintf_float.o)
 .rodata.str1.1
                0x00006cc3       0x22 c:/program files (x86)/cypress/psoc creator/4.4/psoc creator/import/gnu/arm/5.4.1/bin/../lib/gcc/arm-none-eabi/5.4.1/../../../../arm-none-eabi/lib/armv7-m\libg_nano.a(lib_a-nano-vfprintf_i.o)
 .rodata.str1.1
                0x00006ce5        0xd c:/program files (x86)/cypress/psoc creator/4.4/psoc creator/import/gnu/arm/5.4.1/bin/../lib/gcc/arm-none-eabi/5.4.1/../../../../arm-none-eabi/lib/armv7-m\libg_nano.a(lib_a-dtoa.o)
                                  0xf (size before relaxing)
 .rodata.str1.1
                0x00006cf2        0x8 c:/program files (x86)/cypress/psoc creator/4.4/psoc creator/import/gnu/arm/5.4.1/bin/../lib/gcc/arm-none-eabi/5.4.1/../../../../arm-none-eabi/lib/armv7-m\libg_nano.a(lib_a-locale.o)
                                  0xb (size before relaxing)
 *fill*         0x00006cfa        0x6 
 .rodata.__mprec_tens
                0x00006d00       0xc8 c:/program files (x86)/cypress/psoc creator/4.4/psoc creator/import/gnu/arm/5.4.1/bin/../lib/gcc/arm-none-eabi/5.4.1/../../../../arm-none-eabi/lib/armv7-m\libg_nano.a(lib_a-mprec.o)
                0x00006d00                __mprec_tens
 .rodata.p05.5408
                0x00006dc8        0xc c:/program files (x86)/cypress/psoc creator/4.4/psoc creator/import/gnu/arm/5.4.1/bin/../lib/gcc/arm-none-eabi/5.4.1/../../../../arm-none-eabi/lib/armv7-m\libg_nano.a(lib_a-mprec.o)
 *fill*         0x00006dd4        0x4 
 .rodata.__mprec_bigtens
                0x00006dd8       0x28 c:/program files (x86)/cypress/psoc creator/4.4/psoc creator/import/gnu/arm/5.4.1/bin/../lib/gcc/arm-none-eabi/5.4.1/../../../../arm-none-eabi/lib/armv7-m\libg_nano.a(lib_a-mprec.o)
                0x00006dd8                __mprec_bigtens
 .rodata.str1.1
                0x00006e00       0x11 c:/program files (x86)/cypress/psoc creator/4.4/psoc creator/import/gnu/arm/5.4.1/bin/../lib/gcc/arm-none-eabi/5.4.1/../../../../arm-none-eabi/lib/armv7-m\libg_nano.a(lib_a-nano-svfprintf.o)
                0x00006e14                . = ALIGN (0x4)
 *fill*         0x00006e11        0x3 
 *(.init)
 .init          0x00006e14        0x4 c:/program files (x86)/cypress/psoc creator/4.4/psoc creator/import/gnu/arm/5.4.1/bin/../lib/gcc/arm-none-eabi/5.4.1/armv7-m/crti.o
                0x00006e14                _init
 .init          0x00006e18        0x8 c:/program files (x86)/cypress/psoc creator/4.4/psoc creator/import/gnu/arm/5.4.1/bin/../lib/gcc/arm-none-eabi/5.4.1/armv7-m/crtn.o
                0x00006e20                . = ALIGN (0x4)
                0x00006e20                __preinit_array_start = .
 *(.preinit_array)
                0x00006e20                __preinit_array_end = .
                0x00006e20                . = ALIGN (0x4)
                0x00006e20                __init_array_start = .
 *(SORT(.init_array.*))
 *(.init_array)
 .init_array    0x00006e20        0x4 c:/program files (x86)/cypress/psoc creator/4.4/psoc creator/import/gnu/arm/5.4.1/bin/../lib/gcc/arm-none-eabi/5.4.1/armv7-m/crtbegin.o
 .init_array    0x00006e24        0x4 .\CortexM3\ARM_GCC_541\Debug\Cm3Start.o
                0x00006e28                __init_array_end = .
                0x00006e28                . = ALIGN (0x4)
 *(.fini)
 .fini          0x00006e28        0x4 c:/program files (x86)/cypress/psoc creator/4.4/psoc creator/import/gnu/arm/5.4.1/bin/../lib/gcc/arm-none-eabi/5.4.1/armv7-m/crti.o
                0x00006e28                _fini
 .fini          0x00006e2c        0x8 c:/program files (x86)/cypress/psoc creator/4.4/psoc creator/import/gnu/arm/5.4.1/bin/../lib/gcc/arm-none-eabi/5.4.1/armv7-m/crtn.o
                0x00006e34                . = ALIGN (0x4)
                0x00006e34                __fini_array_start = .
 *(.fini_array)
 .fini_array    0x00006e34        0x4 c:/program files (x86)/cypress/psoc creator/4.4/psoc creator/import/gnu/arm/5.4.1/bin/../lib/gcc/arm-none-eabi/5.4.1/armv7-m/crtbegin.o
 *(SORT(.fini_array.*))
                0x00006e38                __fini_array_end = .
                0x00006e38                . = ALIGN (0x4)
 *crtbegin.o(.ctors)
 *(EXCLUDE_FILE(*crtend.o) .ctors)
 *(SORT(.ctors.*))
 *crtend.o(.ctors)
                0x00006e38                . = ALIGN (0x4)
 *crtbegin.o(.dtors)
 *(EXCLUDE_FILE(*crtend.o) .dtors)
 *(SORT(.dtors.*))
 *crtend.o(.dtors)
                0x00006e38                . = ALIGN (0x4)
                0x00006e38                __cy_regions = .
                0x00006e38        0x4 LONG 0x6e48 __cy_region_init_ram
                0x00006e3c        0x4 LONG 0x1fff80c8 __cy_region_start_data
                0x00006e40        0x4 LONG 0x2c0 __cy_region_init_size_ram
                0x00006e44        0x4 LONG 0x108 __cy_region_zero_size_ram
                0x00006e48                __cy_regions_end = .
                0x00006e48                . = ALIGN (0x8)
                0x00006e48                _etext = .

.cy_checksum_exclude
                0x00006e48        0x0
 *(.cy_checksum_exclude)

.ramvectors     0x1fff8000       0xc0
                0x1fff8000                __cy_region_start_ram = .
 *(.ramvectors)
 .ramvectors    0x1fff8000       0xc0 .\CortexM3\ARM_GCC_541\Debug\Cm3Start.o
                0x1fff8000                CyRamVectors

.noinit         0x1fff80c0        0x1
 *(.noinit)
 .noinit        0x1fff80c0        0x1 .\CortexM3\ARM_GCC_541\Debug\AntennaRotator.a(CyLib.o)
                0x1fff80c0                CyResetStatus

.data           0x1fff80c8      0x2c0 load address 0x00006e48
                0x1fff80c8                __cy_region_start_data = .
 *(.jcr)
 .jcr           0x1fff80c8        0x0 c:/program files (x86)/cypress/psoc creator/4.4/psoc creator/import/gnu/arm/5.4.1/bin/../lib/gcc/arm-none-eabi/5.4.1/armv7-m/crtbegin.o
 .jcr           0x1fff80c8        0x4 c:/program files (x86)/cypress/psoc creator/4.4/psoc creator/import/gnu/arm/5.4.1/bin/../lib/gcc/arm-none-eabi/5.4.1/armv7-m/crtend.o
 *(.got.plt)
 *(.got)
 *(.shdata)
 *(.data .data.* .gnu.linkonce.d.*)
 .data          0x1fff80cc      0x201 .\CortexM3\ARM_GCC_541\Debug\ssd1306.o
 *fill*         0x1fff82cd        0x3 
 .data          0x1fff82d0        0x4 .\CortexM3\ARM_GCC_541\Debug\Cm3Start.o
 .data          0x1fff82d4       0x10 .\CortexM3\ARM_GCC_541\Debug\AntennaRotator.a(CyLib.o)
                0x1fff82d4                cydelay_32k_ms
                0x1fff82d8                cydelay_freq_khz
                0x1fff82dc                cydelay_freq_mhz
                0x1fff82e0                cydelay_freq_hz
 .data.__ctype_ptr__
                0x1fff82e4        0x4 c:/program files (x86)/cypress/psoc creator/4.4/psoc creator/import/gnu/arm/5.4.1/bin/../lib/gcc/arm-none-eabi/5.4.1/../../../../arm-none-eabi/lib/armv7-m\libg_nano.a(lib_a-ctype_.o)
                0x1fff82e4                __ctype_ptr__
 .data.impure_data
                0x1fff82e8       0x60 c:/program files (x86)/cypress/psoc creator/4.4/psoc creator/import/gnu/arm/5.4.1/bin/../lib/gcc/arm-none-eabi/5.4.1/../../../../arm-none-eabi/lib/armv7-m\libg_nano.a(lib_a-impure.o)
 .data._impure_ptr
                0x1fff8348        0x4 c:/program files (x86)/cypress/psoc creator/4.4/psoc creator/import/gnu/arm/5.4.1/bin/../lib/gcc/arm-none-eabi/5.4.1/../../../../arm-none-eabi/lib/armv7-m\libg_nano.a(lib_a-impure.o)
                0x1fff8348                _impure_ptr
 .data.lconv    0x1fff834c       0x38 c:/program files (x86)/cypress/psoc creator/4.4/psoc creator/import/gnu/arm/5.4.1/bin/../lib/gcc/arm-none-eabi/5.4.1/../../../../arm-none-eabi/lib/armv7-m\libg_nano.a(lib_a-locale.o)
                0x1fff8388                . = ALIGN (0x8)
 *fill*         0x1fff8384        0x4 
 *(.ram)
                0x1fff8388                _edata = .

.igot.plt       0x1fff8388        0x0 load address 0x00007108
 .igot.plt      0x1fff8388        0x0 c:/program files (x86)/cypress/psoc creator/4.4/psoc creator/import/gnu/arm/5.4.1/bin/../lib/gcc/arm-none-eabi/5.4.1/armv7-m/crtbegin.o

.bss            0x1fff8388      0x108 load address 0x00007108
                0x1fff8388                PROVIDE (__bss_start__, .)
 *(.shbss)
 *(.bss .bss.* .gnu.linkonce.b.*)
 .bss           0x1fff8388       0x1c c:/program files (x86)/cypress/psoc creator/4.4/psoc creator/import/gnu/arm/5.4.1/bin/../lib/gcc/arm-none-eabi/5.4.1/armv7-m/crtbegin.o
 .bss           0x1fff83a4        0x3 .\CortexM3\ARM_GCC_541\Debug\main.o
                0x1fff83a4                refresh_display
                0x1fff83a5                refresh_buttons
                0x1fff83a6                refresh_rotation
 *fill*         0x1fff83a7        0x1 
 .bss           0x1fff83a8       0x10 .\CortexM3\ARM_GCC_541\Debug\ssd1306.o
 .bss           0x1fff83b8        0x1 .\CortexM3\ARM_GCC_541\Debug\cli.o
                0x1fff83b8                readState
 *fill*         0x1fff83b9        0x3 
 .bss           0x1fff83bc       0x10 .\CortexM3\ARM_GCC_541\Debug\rotation.o
 .bss           0x1fff83cc        0x9 .\CortexM3\ARM_GCC_541\Debug\AntennaRotator.a(UART.o)
                0x1fff83cc                UART_errorStatus
                0x1fff83cd                UART_initVar
                0x1fff83ce                UART_rxBufferRead
                0x1fff83cf                UART_rxBufferWrite
                0x1fff83d0                UART_rxBufferLoopDetect
                0x1fff83d1                UART_rxBufferOverflow
                0x1fff83d2                UART_txBufferRead
                0x1fff83d3                UART_txBufferWrite
 .bss           0x1fff83d5        0x1 .\CortexM3\ARM_GCC_541\Debug\AntennaRotator.a(I2C_OLED.o)
                0x1fff83d5                I2C_OLED_initVar
 .bss           0x1fff83d6        0x1 .\CortexM3\ARM_GCC_541\Debug\AntennaRotator.a(PWM_1.o)
                0x1fff83d6                PWM_1_initVar
 .bss           0x1fff83d7        0x1 .\CortexM3\ARM_GCC_541\Debug\AntennaRotator.a(Display_Refresh_Timer.o)
                0x1fff83d7                Display_Refresh_Timer_initVar
 .bss           0x1fff83d8        0x1 .\CortexM3\ARM_GCC_541\Debug\AntennaRotator.a(I2C_X.o)
                0x1fff83d8                I2C_X_initVar
 .bss           0x1fff83d9        0x1 .\CortexM3\ARM_GCC_541\Debug\AntennaRotator.a(I2C_Y.o)
                0x1fff83d9                I2C_Y_initVar
 .bss           0x1fff83da        0x1 .\CortexM3\ARM_GCC_541\Debug\AntennaRotator.a(Button_Refresh_Timer.o)
                0x1fff83da                Button_Refresh_Timer_initVar
 *fill*         0x1fff83db        0x1 
 .bss           0x1fff83dc        0x8 .\CortexM3\ARM_GCC_541\Debug\AntennaRotator.a(CySpc.o)
                0x1fff83dc                SpcLockState
 .bss.__malloc_sbrk_start
                0x1fff83e4        0x4 c:/program files (x86)/cypress/psoc creator/4.4/psoc creator/import/gnu/arm/5.4.1/bin/../lib/gcc/arm-none-eabi/5.4.1/../../../../arm-none-eabi/lib/armv7-m\libg_nano.a(lib_a-nano-mallocr.o)
                0x1fff83e4                __malloc_sbrk_start
 .bss.__malloc_free_list
                0x1fff83e8        0x4 c:/program files (x86)/cypress/psoc creator/4.4/psoc creator/import/gnu/arm/5.4.1/bin/../lib/gcc/arm-none-eabi/5.4.1/../../../../arm-none-eabi/lib/armv7-m\libg_nano.a(lib_a-nano-mallocr.o)
                0x1fff83e8                __malloc_free_list
 *(COMMON)
 COMMON         0x1fff83ec       0x30 .\CortexM3\ARM_GCC_541\Debug\main.o
                0x1fff83ec                arg2
                0x1fff83f8                arg1
                0x1fff8404                arg3
                0x1fff8410                cmd
 COMMON         0x1fff841c        0x7 .\CortexM3\ARM_GCC_541\Debug\ssd1306.o
                0x1fff841c                WIDTH
                0x1fff841e                rotation
                0x1fff8420                HEIGHT
                0x1fff8422                wrap
 *fill*         0x1fff8423        0x1 
 COMMON         0x1fff8424       0x20 .\CortexM3\ARM_GCC_541\Debug\AntennaRotator.a(UART.o)
                0x1fff8424                UART_rxBuffer
                0x1fff8434                UART_txBuffer
 COMMON         0x1fff8444        0x1 .\CortexM3\ARM_GCC_541\Debug\AntennaRotator.a(I2C_OLED.o)
                0x1fff8444                I2C_OLED_state
 *fill*         0x1fff8445        0x3 
 COMMON         0x1fff8448        0xe .\CortexM3\ARM_GCC_541\Debug\AntennaRotator.a(I2C_OLED_MASTER.o)
                0x1fff8448                I2C_OLED_mstrRdBufPtr
                0x1fff844c                I2C_OLED_mstrWrBufPtr
                0x1fff8450                I2C_OLED_mstrControl
                0x1fff8451                I2C_OLED_mstrRdBufIndex
                0x1fff8452                I2C_OLED_mstrWrBufIndex
                0x1fff8453                I2C_OLED_mstrRdBufSize
                0x1fff8454                I2C_OLED_mstrStatus
                0x1fff8455                I2C_OLED_mstrWrBufSize
 COMMON         0x1fff8456        0x1 .\CortexM3\ARM_GCC_541\Debug\AntennaRotator.a(I2C_X.o)
                0x1fff8456                I2C_X_state
 *fill*         0x1fff8457        0x1 
 COMMON         0x1fff8458       0x14 .\CortexM3\ARM_GCC_541\Debug\AntennaRotator.a(I2C_X_MASTER.o)
                0x1fff8458                I2C_X_mstrControl
                0x1fff845c                I2C_X_mstrRdBufPtr
                0x1fff8460                I2C_X_mstrWrBufSize
                0x1fff8461                I2C_X_mstrRdBufSize
                0x1fff8462                I2C_X_mstrRdBufIndex
                0x1fff8463                I2C_X_mstrStatus
                0x1fff8464                I2C_X_mstrWrBufIndex
                0x1fff8468                I2C_X_mstrWrBufPtr
 COMMON         0x1fff846c        0x1 .\CortexM3\ARM_GCC_541\Debug\AntennaRotator.a(I2C_Y.o)
                0x1fff846c                I2C_Y_state
 *fill*         0x1fff846d        0x3 
 COMMON         0x1fff8470       0x14 .\CortexM3\ARM_GCC_541\Debug\AntennaRotator.a(I2C_Y_MASTER.o)
                0x1fff8470                I2C_Y_mstrRdBufIndex
                0x1fff8471                I2C_Y_mstrWrBufSize
                0x1fff8472                I2C_Y_mstrControl
                0x1fff8473                I2C_Y_mstrRdBufSize
                0x1fff8474                I2C_Y_mstrStatus
                0x1fff8478                I2C_Y_mstrWrBufPtr
                0x1fff847c                I2C_Y_mstrWrBufIndex
                0x1fff8480                I2C_Y_mstrRdBufPtr
 COMMON         0x1fff8484        0x2 .\CortexM3\ARM_GCC_541\Debug\AntennaRotator.a(CyFlash.o)
                0x1fff8484                dieTemperature
 *fill*         0x1fff8486        0x2 
 COMMON         0x1fff8488        0x4 c:/program files (x86)/cypress/psoc creator/4.4/psoc creator/import/gnu/arm/5.4.1/bin/../lib/gcc/arm-none-eabi/5.4.1/../../../../arm-none-eabi/lib/armv7-m\libg_nano.a(lib_a-reent.o)
                0x1fff8488                errno
                0x1fff8490                . = ALIGN (0x8)
 *fill*         0x1fff848c        0x4 
 *(.ram.b)
                0x1fff8490                _end = .
                0x1fff8490                __end = .
                0x1fff8490                PROVIDE (end, .)
                0x1fff8490                PROVIDE (__bss_end__, .)
                0x00006e48                __cy_region_init_ram = LOADADDR (.data)
                0x000002c0                __cy_region_init_size_ram = (_edata - ADDR (.data))
                0x00000108                __cy_region_zero_size_ram = (_end - _edata)

.heap           0x1fff8490      0x800 load address 0x00007108
                0x1fff8490                . = _end
                0x1fff8c90                . = (. + 0x800)
 *fill*         0x1fff8490      0x800 
                0x1fff8c90                __cy_heap_limit = .

.stack          0x20007800      0x800
                0x20007800                __cy_stack_limit = .
                0x20008000                . = (. + 0x800)
 *fill*         0x20007800      0x800 
                0x00000001                ASSERT ((__cy_stack_limit >= __cy_heap_limit), region RAM overflowed with stack)
                0x00000000                cy_checksum_exclude_size = (CY_APPL_LOADABLE == 0x1)?SIZEOF (.cy_checksum_exclude):0x0
                0x00000001                ASSERT ((cy_checksum_exclude_size <= CY_CHECKSUM_EXCLUDE_SIZE), CY_BOOT: Section .cy_checksum_exclude size exceedes specified limit.)

.cyloadermeta
 *(.cyloadermeta)

.cyloadablemeta
 *(.cyloadablemeta)

.cyconfigecc    0x80000000      0xef0
 *(.cyconfigecc)
 .cyconfigecc   0x80000000      0xef0 .\CortexM3\ARM_GCC_541\Debug\cymetadata.o
                0x80000000                cy_meta_configecc

.cycustnvl      0x90000000        0x4
 *(.cycustnvl)
 .cycustnvl     0x90000000        0x4 .\CortexM3\ARM_GCC_541\Debug\cymetadata.o
                0x90000000                cy_meta_custnvl

.cywolatch      0x90100000        0x4
 *(.cywolatch)
 .cywolatch     0x90100000        0x4 .\CortexM3\ARM_GCC_541\Debug\cymetadata.o
                0x90100000                cy_meta_wonvl

.cyeeprom       0x90200000        0x0
 *(.cyeeprom)
                0x00000001                ASSERT ((. <= ((0x90200000 + ee_offset) + ee_size)), .cyeeprom data will not fit in EEPROM)

.cyflashprotect
                0x90400000      0x100
 *(.cyflashprotect)
 .cyflashprotect
                0x90400000      0x100 .\CortexM3\ARM_GCC_541\Debug\cymetadata.o
                0x90400000                cy_meta_flashprotect

.cymeta         0x90500000        0xc
 *(.cymeta)
 .cymeta        0x90500000        0xc .\CortexM3\ARM_GCC_541\Debug\cymetadata.o
                0x90500000                cy_metadata

.rel.dyn        0x00007108        0x0 load address 0x9050000c
 .rel.iplt      0x00007108        0x0 c:/program files (x86)/cypress/psoc creator/4.4/psoc creator/import/gnu/arm/5.4.1/bin/../lib/gcc/arm-none-eabi/5.4.1/armv7-m/crtbegin.o

.stab
 *(.stab)

.stabstr
 *(.stabstr)

.debug
 *(.debug)

.line
 *(.line)

.debug_srcinfo
 *(.debug_srcinfo)

.debug_sfnames
 *(.debug_sfnames)

.debug_aranges  0x00000000     0x1220
 *(.debug_aranges)
 .debug_aranges
                0x00000000       0x48 .\CortexM3\ARM_GCC_541\Debug\main.o
 .debug_aranges
                0x00000048      0x118 .\CortexM3\ARM_GCC_541\Debug\ssd1306.o
 .debug_aranges
                0x00000160       0x28 .\CortexM3\ARM_GCC_541\Debug\RotatorHorizon.o
 .debug_aranges
                0x00000188       0x50 .\CortexM3\ARM_GCC_541\Debug\cli.o
 .debug_aranges
                0x000001d8       0x38 .\CortexM3\ARM_GCC_541\Debug\eeprom.o
 .debug_aranges
                0x00000210       0x40 .\CortexM3\ARM_GCC_541\Debug\bsp.o
 .debug_aranges
                0x00000250       0x30 .\CortexM3\ARM_GCC_541\Debug\rotation.o
 .debug_aranges
                0x00000280       0x58 .\CortexM3\ARM_GCC_541\Debug\cyfitter_cfg.o
 .debug_aranges
                0x000002d8       0x18 .\CortexM3\ARM_GCC_541\Debug\cymetadata.o
 .debug_aranges
                0x000002f0       0x48 .\CortexM3\ARM_GCC_541\Debug\Cm3Start.o
 .debug_aranges
                0x00000338       0x38 .\CortexM3\ARM_GCC_541\Debug\AntennaRotator.a(LED_Pin.o)
 .debug_aranges
                0x00000370      0x2a0 .\CortexM3\ARM_GCC_541\Debug\AntennaRotator.a(CyLib.o)
 .debug_aranges
                0x00000610       0x98 .\CortexM3\ARM_GCC_541\Debug\AntennaRotator.a(cyPm.o)
 .debug_aranges
                0x000006a8       0x38 .\CortexM3\ARM_GCC_541\Debug\AntennaRotator.a(SW_UP_Pin.o)
 .debug_aranges
                0x000006e0       0x38 .\CortexM3\ARM_GCC_541\Debug\AntennaRotator.a(SW_DOWN_Pin.o)
 .debug_aranges
                0x00000718       0x38 .\CortexM3\ARM_GCC_541\Debug\AntennaRotator.a(SW_LEFT_Pin.o)
 .debug_aranges
                0x00000750       0x38 .\CortexM3\ARM_GCC_541\Debug\AntennaRotator.a(SW_RIGHT_Pin.o)
 .debug_aranges
                0x00000788       0xf0 .\CortexM3\ARM_GCC_541\Debug\AntennaRotator.a(UART.o)
 .debug_aranges
                0x00000878       0x28 .\CortexM3\ARM_GCC_541\Debug\AntennaRotator.a(UART_INT.o)
 .debug_aranges
                0x000008a0       0x70 .\CortexM3\ARM_GCC_541\Debug\AntennaRotator.a(UART_IntClock.o)
 .debug_aranges
                0x00000910       0x38 .\CortexM3\ARM_GCC_541\Debug\AntennaRotator.a(I2C_OLED.o)
 .debug_aranges
                0x00000948       0x20 .\CortexM3\ARM_GCC_541\Debug\AntennaRotator.a(I2C_OLED_INT.o)
 .debug_aranges
                0x00000968       0x38 .\CortexM3\ARM_GCC_541\Debug\AntennaRotator.a(I2C_OLED_PM.o)
 .debug_aranges
                0x000009a0       0x80 .\CortexM3\ARM_GCC_541\Debug\AntennaRotator.a(I2C_OLED_MASTER.o)
 .debug_aranges
                0x00000a20       0x38 .\CortexM3\ARM_GCC_541\Debug\AntennaRotator.a(X_Dir_Pin.o)
 .debug_aranges
                0x00000a58       0x38 .\CortexM3\ARM_GCC_541\Debug\AntennaRotator.a(X_Step_Pin.o)
 .debug_aranges
                0x00000a90       0x98 .\CortexM3\ARM_GCC_541\Debug\AntennaRotator.a(PWM_1.o)
 .debug_aranges
                0x00000b28       0x28 .\CortexM3\ARM_GCC_541\Debug\AntennaRotator.a(Motor_Enable.o)
 .debug_aranges
                0x00000b50       0x88 .\CortexM3\ARM_GCC_541\Debug\AntennaRotator.a(Display_Refresh_Timer.o)
 .debug_aranges
                0x00000bd8       0x80 .\CortexM3\ARM_GCC_541\Debug\AntennaRotator.a(Display_Refresh_Timer_Int.o)
 .debug_aranges
                0x00000c58       0x80 .\CortexM3\ARM_GCC_541\Debug\AntennaRotator.a(MotorControlFallingEdge.o)
 .debug_aranges
                0x00000cd8       0x80 .\CortexM3\ARM_GCC_541\Debug\AntennaRotator.a(MotorControlRiseingEdge.o)
 .debug_aranges
                0x00000d58       0x38 .\CortexM3\ARM_GCC_541\Debug\AntennaRotator.a(I2C_X.o)
 .debug_aranges
                0x00000d90       0x20 .\CortexM3\ARM_GCC_541\Debug\AntennaRotator.a(I2C_X_INT.o)
 .debug_aranges
                0x00000db0       0x80 .\CortexM3\ARM_GCC_541\Debug\AntennaRotator.a(I2C_X_MASTER.o)
 .debug_aranges
                0x00000e30       0x78 .\CortexM3\ARM_GCC_541\Debug\AntennaRotator.a(EEPROM_1.o)
 .debug_aranges
                0x00000ea8       0x38 .\CortexM3\ARM_GCC_541\Debug\AntennaRotator.a(Y_Step_Pin.o)
 .debug_aranges
                0x00000ee0       0x38 .\CortexM3\ARM_GCC_541\Debug\AntennaRotator.a(I2C_Y.o)
 .debug_aranges
                0x00000f18       0x20 .\CortexM3\ARM_GCC_541\Debug\AntennaRotator.a(I2C_Y_INT.o)
 .debug_aranges
                0x00000f38       0x80 .\CortexM3\ARM_GCC_541\Debug\AntennaRotator.a(I2C_Y_MASTER.o)
 .debug_aranges
                0x00000fb8       0x38 .\CortexM3\ARM_GCC_541\Debug\AntennaRotator.a(Y_Dir_Pin.o)
 .debug_aranges
                0x00000ff0       0x88 .\CortexM3\ARM_GCC_541\Debug\AntennaRotator.a(Button_Refresh_Timer.o)
 .debug_aranges
                0x00001078       0x80 .\CortexM3\ARM_GCC_541\Debug\AntennaRotator.a(Button_Refresh_Timer_Int.o)
 .debug_aranges
                0x000010f8       0x20 .\CortexM3\ARM_GCC_541\Debug\AntennaRotator.a(CyBootAsmGnu.o)
 .debug_aranges
                0x00001118       0x88 .\CortexM3\ARM_GCC_541\Debug\AntennaRotator.a(CyFlash.o)
 .debug_aranges
                0x000011a0       0x80 .\CortexM3\ARM_GCC_541\Debug\AntennaRotator.a(CySpc.o)

.debug_pubnames
 *(.debug_pubnames)

.debug_info     0x00000000     0xb157
 *(.debug_info .gnu.linkonce.wi.*)
 .debug_info    0x00000000      0x6e2 .\CortexM3\ARM_GCC_541\Debug\main.o
 .debug_info    0x000006e2     0x132d .\CortexM3\ARM_GCC_541\Debug\ssd1306.o
 .debug_info    0x00001a0f      0x30e .\CortexM3\ARM_GCC_541\Debug\RotatorHorizon.o
 .debug_info    0x00001d1d      0xb95 .\CortexM3\ARM_GCC_541\Debug\cli.o
 .debug_info    0x000028b2      0x2a1 .\CortexM3\ARM_GCC_541\Debug\eeprom.o
 .debug_info    0x00002b53      0x4be .\CortexM3\ARM_GCC_541\Debug\bsp.o
 .debug_info    0x00003011      0x333 .\CortexM3\ARM_GCC_541\Debug\rotation.o
 .debug_info    0x00003344      0x5b9 .\CortexM3\ARM_GCC_541\Debug\cyfitter_cfg.o
 .debug_info    0x000038fd      0x139 .\CortexM3\ARM_GCC_541\Debug\cymetadata.o
 .debug_info    0x00003a36      0x3bb .\CortexM3\ARM_GCC_541\Debug\Cm3Start.o
 .debug_info    0x00003df1      0x11f .\CortexM3\ARM_GCC_541\Debug\AntennaRotator.a(LED_Pin.o)
 .debug_info    0x00003f10     0x1374 .\CortexM3\ARM_GCC_541\Debug\AntennaRotator.a(CyLib.o)
 .debug_info    0x00005284      0xa2a .\CortexM3\ARM_GCC_541\Debug\AntennaRotator.a(cyPm.o)
 .debug_info    0x00005cae      0x11f .\CortexM3\ARM_GCC_541\Debug\AntennaRotator.a(SW_UP_Pin.o)
 .debug_info    0x00005dcd      0x11f .\CortexM3\ARM_GCC_541\Debug\AntennaRotator.a(SW_DOWN_Pin.o)
 .debug_info    0x00005eec      0x11f .\CortexM3\ARM_GCC_541\Debug\AntennaRotator.a(SW_LEFT_Pin.o)
 .debug_info    0x0000600b      0x11f .\CortexM3\ARM_GCC_541\Debug\AntennaRotator.a(SW_RIGHT_Pin.o)
 .debug_info    0x0000612a      0x7ae .\CortexM3\ARM_GCC_541\Debug\AntennaRotator.a(UART.o)
 .debug_info    0x000068d8      0x186 .\CortexM3\ARM_GCC_541\Debug\AntennaRotator.a(UART_INT.o)
 .debug_info    0x00006a5e      0x283 .\CortexM3\ARM_GCC_541\Debug\AntennaRotator.a(UART_IntClock.o)
 .debug_info    0x00006ce1      0x2ad .\CortexM3\ARM_GCC_541\Debug\AntennaRotator.a(I2C_OLED.o)
 .debug_info    0x00006f8e      0x184 .\CortexM3\ARM_GCC_541\Debug\AntennaRotator.a(I2C_OLED_INT.o)
 .debug_info    0x00007112      0x207 .\CortexM3\ARM_GCC_541\Debug\AntennaRotator.a(I2C_OLED_PM.o)
 .debug_info    0x00007319      0x407 .\CortexM3\ARM_GCC_541\Debug\AntennaRotator.a(I2C_OLED_MASTER.o)
 .debug_info    0x00007720      0x11f .\CortexM3\ARM_GCC_541\Debug\AntennaRotator.a(X_Dir_Pin.o)
 .debug_info    0x0000783f      0x11f .\CortexM3\ARM_GCC_541\Debug\AntennaRotator.a(X_Step_Pin.o)
 .debug_info    0x0000795e      0x334 .\CortexM3\ARM_GCC_541\Debug\AntennaRotator.a(PWM_1.o)
 .debug_info    0x00007c92       0xd6 .\CortexM3\ARM_GCC_541\Debug\AntennaRotator.a(Motor_Enable.o)
 .debug_info    0x00007d68      0x293 .\CortexM3\ARM_GCC_541\Debug\AntennaRotator.a(Display_Refresh_Timer.o)
 .debug_info    0x00007ffb      0x2d2 .\CortexM3\ARM_GCC_541\Debug\AntennaRotator.a(Display_Refresh_Timer_Int.o)
 .debug_info    0x000082cd      0x2d2 .\CortexM3\ARM_GCC_541\Debug\AntennaRotator.a(MotorControlFallingEdge.o)
 .debug_info    0x0000859f      0x2d2 .\CortexM3\ARM_GCC_541\Debug\AntennaRotator.a(MotorControlRiseingEdge.o)
 .debug_info    0x00008871      0x1e0 .\CortexM3\ARM_GCC_541\Debug\AntennaRotator.a(I2C_X.o)
 .debug_info    0x00008a51      0x184 .\CortexM3\ARM_GCC_541\Debug\AntennaRotator.a(I2C_X_INT.o)
 .debug_info    0x00008bd5      0x407 .\CortexM3\ARM_GCC_541\Debug\AntennaRotator.a(I2C_X_MASTER.o)
 .debug_info    0x00008fdc      0x630 .\CortexM3\ARM_GCC_541\Debug\AntennaRotator.a(EEPROM_1.o)
 .debug_info    0x0000960c      0x11f .\CortexM3\ARM_GCC_541\Debug\AntennaRotator.a(Y_Step_Pin.o)
 .debug_info    0x0000972b      0x1e0 .\CortexM3\ARM_GCC_541\Debug\AntennaRotator.a(I2C_Y.o)
 .debug_info    0x0000990b      0x184 .\CortexM3\ARM_GCC_541\Debug\AntennaRotator.a(I2C_Y_INT.o)
 .debug_info    0x00009a8f      0x407 .\CortexM3\ARM_GCC_541\Debug\AntennaRotator.a(I2C_Y_MASTER.o)
 .debug_info    0x00009e96      0x11f .\CortexM3\ARM_GCC_541\Debug\AntennaRotator.a(Y_Dir_Pin.o)
 .debug_info    0x00009fb5      0x291 .\CortexM3\ARM_GCC_541\Debug\AntennaRotator.a(Button_Refresh_Timer.o)
 .debug_info    0x0000a246      0x2d2 .\CortexM3\ARM_GCC_541\Debug\AntennaRotator.a(Button_Refresh_Timer_Int.o)
 .debug_info    0x0000a518       0xa2 .\CortexM3\ARM_GCC_541\Debug\AntennaRotator.a(CyBootAsmGnu.o)
 .debug_info    0x0000a5ba      0x64d .\CortexM3\ARM_GCC_541\Debug\AntennaRotator.a(CyFlash.o)
 .debug_info    0x0000ac07      0x550 .\CortexM3\ARM_GCC_541\Debug\AntennaRotator.a(CySpc.o)

.debug_abbrev   0x00000000     0x341a
 *(.debug_abbrev)
 .debug_abbrev  0x00000000      0x1bc .\CortexM3\ARM_GCC_541\Debug\main.o
 .debug_abbrev  0x000001bc      0x291 .\CortexM3\ARM_GCC_541\Debug\ssd1306.o
 .debug_abbrev  0x0000044d      0x102 .\CortexM3\ARM_GCC_541\Debug\RotatorHorizon.o
 .debug_abbrev  0x0000054f      0x213 .\CortexM3\ARM_GCC_541\Debug\cli.o
 .debug_abbrev  0x00000762      0x12c .\CortexM3\ARM_GCC_541\Debug\eeprom.o
 .debug_abbrev  0x0000088e      0x191 .\CortexM3\ARM_GCC_541\Debug\bsp.o
 .debug_abbrev  0x00000a1f      0x145 .\CortexM3\ARM_GCC_541\Debug\rotation.o
 .debug_abbrev  0x00000b64      0x20d .\CortexM3\ARM_GCC_541\Debug\cyfitter_cfg.o
 .debug_abbrev  0x00000d71       0x77 .\CortexM3\ARM_GCC_541\Debug\cymetadata.o
 .debug_abbrev  0x00000de8      0x1e8 .\CortexM3\ARM_GCC_541\Debug\Cm3Start.o
 .debug_abbrev  0x00000fd0       0x90 .\CortexM3\ARM_GCC_541\Debug\AntennaRotator.a(LED_Pin.o)
 .debug_abbrev  0x00001060      0x254 .\CortexM3\ARM_GCC_541\Debug\AntennaRotator.a(CyLib.o)
 .debug_abbrev  0x000012b4      0x1ab .\CortexM3\ARM_GCC_541\Debug\AntennaRotator.a(cyPm.o)
 .debug_abbrev  0x0000145f       0x90 .\CortexM3\ARM_GCC_541\Debug\AntennaRotator.a(SW_UP_Pin.o)
 .debug_abbrev  0x000014ef       0x90 .\CortexM3\ARM_GCC_541\Debug\AntennaRotator.a(SW_DOWN_Pin.o)
 .debug_abbrev  0x0000157f       0x90 .\CortexM3\ARM_GCC_541\Debug\AntennaRotator.a(SW_LEFT_Pin.o)
 .debug_abbrev  0x0000160f       0x90 .\CortexM3\ARM_GCC_541\Debug\AntennaRotator.a(SW_RIGHT_Pin.o)
 .debug_abbrev  0x0000169f      0x16f .\CortexM3\ARM_GCC_541\Debug\AntennaRotator.a(UART.o)
 .debug_abbrev  0x0000180e       0xa2 .\CortexM3\ARM_GCC_541\Debug\AntennaRotator.a(UART_INT.o)
 .debug_abbrev  0x000018b0      0x139 .\CortexM3\ARM_GCC_541\Debug\AntennaRotator.a(UART_IntClock.o)
 .debug_abbrev  0x000019e9      0x10a .\CortexM3\ARM_GCC_541\Debug\AntennaRotator.a(I2C_OLED.o)
 .debug_abbrev  0x00001af3       0xb6 .\CortexM3\ARM_GCC_541\Debug\AntennaRotator.a(I2C_OLED_INT.o)
 .debug_abbrev  0x00001ba9       0xfe .\CortexM3\ARM_GCC_541\Debug\AntennaRotator.a(I2C_OLED_PM.o)
 .debug_abbrev  0x00001ca7      0x13c .\CortexM3\ARM_GCC_541\Debug\AntennaRotator.a(I2C_OLED_MASTER.o)
 .debug_abbrev  0x00001de3       0x90 .\CortexM3\ARM_GCC_541\Debug\AntennaRotator.a(X_Dir_Pin.o)
 .debug_abbrev  0x00001e73       0x90 .\CortexM3\ARM_GCC_541\Debug\AntennaRotator.a(X_Step_Pin.o)
 .debug_abbrev  0x00001f03      0x133 .\CortexM3\ARM_GCC_541\Debug\AntennaRotator.a(PWM_1.o)
 .debug_abbrev  0x00002036       0x81 .\CortexM3\ARM_GCC_541\Debug\AntennaRotator.a(Motor_Enable.o)
 .debug_abbrev  0x000020b7      0x11a .\CortexM3\ARM_GCC_541\Debug\AntennaRotator.a(Display_Refresh_Timer.o)
 .debug_abbrev  0x000021d1      0x173 .\CortexM3\ARM_GCC_541\Debug\AntennaRotator.a(Display_Refresh_Timer_Int.o)
 .debug_abbrev  0x00002344      0x173 .\CortexM3\ARM_GCC_541\Debug\AntennaRotator.a(MotorControlFallingEdge.o)
 .debug_abbrev  0x000024b7      0x173 .\CortexM3\ARM_GCC_541\Debug\AntennaRotator.a(MotorControlRiseingEdge.o)
 .debug_abbrev  0x0000262a       0xe1 .\CortexM3\ARM_GCC_541\Debug\AntennaRotator.a(I2C_X.o)
 .debug_abbrev  0x0000270b       0xb6 .\CortexM3\ARM_GCC_541\Debug\AntennaRotator.a(I2C_X_INT.o)
 .debug_abbrev  0x000027c1      0x13c .\CortexM3\ARM_GCC_541\Debug\AntennaRotator.a(I2C_X_MASTER.o)
 .debug_abbrev  0x000028fd      0x14e .\CortexM3\ARM_GCC_541\Debug\AntennaRotator.a(EEPROM_1.o)
 .debug_abbrev  0x00002a4b       0x90 .\CortexM3\ARM_GCC_541\Debug\AntennaRotator.a(Y_Step_Pin.o)
 .debug_abbrev  0x00002adb       0xe1 .\CortexM3\ARM_GCC_541\Debug\AntennaRotator.a(I2C_Y.o)
 .debug_abbrev  0x00002bbc       0xb6 .\CortexM3\ARM_GCC_541\Debug\AntennaRotator.a(I2C_Y_INT.o)
 .debug_abbrev  0x00002c72      0x13c .\CortexM3\ARM_GCC_541\Debug\AntennaRotator.a(I2C_Y_MASTER.o)
 .debug_abbrev  0x00002dae       0x90 .\CortexM3\ARM_GCC_541\Debug\AntennaRotator.a(Y_Dir_Pin.o)
 .debug_abbrev  0x00002e3e      0x11a .\CortexM3\ARM_GCC_541\Debug\AntennaRotator.a(Button_Refresh_Timer.o)
 .debug_abbrev  0x00002f58      0x173 .\CortexM3\ARM_GCC_541\Debug\AntennaRotator.a(Button_Refresh_Timer_Int.o)
 .debug_abbrev  0x000030cb       0x14 .\CortexM3\ARM_GCC_541\Debug\AntennaRotator.a(CyBootAsmGnu.o)
 .debug_abbrev  0x000030df      0x1a7 .\CortexM3\ARM_GCC_541\Debug\AntennaRotator.a(CyFlash.o)
 .debug_abbrev  0x00003286      0x194 .\CortexM3\ARM_GCC_541\Debug\AntennaRotator.a(CySpc.o)

.debug_line     0x00000000     0x5002
 *(.debug_line)
 .debug_line    0x00000000      0x406 .\CortexM3\ARM_GCC_541\Debug\main.o
 .debug_line    0x00000406      0x610 .\CortexM3\ARM_GCC_541\Debug\ssd1306.o
 .debug_line    0x00000a16      0x214 .\CortexM3\ARM_GCC_541\Debug\RotatorHorizon.o
 .debug_line    0x00000c2a      0x441 .\CortexM3\ARM_GCC_541\Debug\cli.o
 .debug_line    0x0000106b      0x1b1 .\CortexM3\ARM_GCC_541\Debug\eeprom.o
 .debug_line    0x0000121c      0x26f .\CortexM3\ARM_GCC_541\Debug\bsp.o
 .debug_line    0x0000148b      0x1d3 .\CortexM3\ARM_GCC_541\Debug\rotation.o
 .debug_line    0x0000165e      0x1fc .\CortexM3\ARM_GCC_541\Debug\cyfitter_cfg.o
 .debug_line    0x0000185a      0x141 .\CortexM3\ARM_GCC_541\Debug\cymetadata.o
 .debug_line    0x0000199b      0x234 .\CortexM3\ARM_GCC_541\Debug\Cm3Start.o
 .debug_line    0x00001bcf       0x94 .\CortexM3\ARM_GCC_541\Debug\AntennaRotator.a(LED_Pin.o)
 .debug_line    0x00001c63      0x816 .\CortexM3\ARM_GCC_541\Debug\AntennaRotator.a(CyLib.o)
 .debug_line    0x00002479      0x367 .\CortexM3\ARM_GCC_541\Debug\AntennaRotator.a(cyPm.o)
 .debug_line    0x000027e0       0x96 .\CortexM3\ARM_GCC_541\Debug\AntennaRotator.a(SW_UP_Pin.o)
 .debug_line    0x00002876       0x98 .\CortexM3\ARM_GCC_541\Debug\AntennaRotator.a(SW_DOWN_Pin.o)
 .debug_line    0x0000290e       0x98 .\CortexM3\ARM_GCC_541\Debug\AntennaRotator.a(SW_LEFT_Pin.o)
 .debug_line    0x000029a6       0x99 .\CortexM3\ARM_GCC_541\Debug\AntennaRotator.a(SW_RIGHT_Pin.o)
 .debug_line    0x00002a3f      0x33b .\CortexM3\ARM_GCC_541\Debug\AntennaRotator.a(UART.o)
 .debug_line    0x00002d7a       0xa5 .\CortexM3\ARM_GCC_541\Debug\AntennaRotator.a(UART_INT.o)
 .debug_line    0x00002e1f      0x17c .\CortexM3\ARM_GCC_541\Debug\AntennaRotator.a(UART_IntClock.o)
 .debug_line    0x00002f9b       0xe8 .\CortexM3\ARM_GCC_541\Debug\AntennaRotator.a(I2C_OLED.o)
 .debug_line    0x00003083      0x11e .\CortexM3\ARM_GCC_541\Debug\AntennaRotator.a(I2C_OLED_INT.o)
 .debug_line    0x000031a1       0xc5 .\CortexM3\ARM_GCC_541\Debug\AntennaRotator.a(I2C_OLED_PM.o)
 .debug_line    0x00003266      0x207 .\CortexM3\ARM_GCC_541\Debug\AntennaRotator.a(I2C_OLED_MASTER.o)
 .debug_line    0x0000346d       0x96 .\CortexM3\ARM_GCC_541\Debug\AntennaRotator.a(X_Dir_Pin.o)
 .debug_line    0x00003503       0x97 .\CortexM3\ARM_GCC_541\Debug\AntennaRotator.a(X_Step_Pin.o)
 .debug_line    0x0000359a      0x185 .\CortexM3\ARM_GCC_541\Debug\AntennaRotator.a(PWM_1.o)
 .debug_line    0x0000371f       0x74 .\CortexM3\ARM_GCC_541\Debug\AntennaRotator.a(Motor_Enable.o)
 .debug_line    0x00003793      0x163 .\CortexM3\ARM_GCC_541\Debug\AntennaRotator.a(Display_Refresh_Timer.o)
 .debug_line    0x000038f6      0x146 .\CortexM3\ARM_GCC_541\Debug\AntennaRotator.a(Display_Refresh_Timer_Int.o)
 .debug_line    0x00003a3c      0x144 .\CortexM3\ARM_GCC_541\Debug\AntennaRotator.a(MotorControlFallingEdge.o)
 .debug_line    0x00003b80      0x144 .\CortexM3\ARM_GCC_541\Debug\AntennaRotator.a(MotorControlRiseingEdge.o)
 .debug_line    0x00003cc4       0xcd .\CortexM3\ARM_GCC_541\Debug\AntennaRotator.a(I2C_X.o)
 .debug_line    0x00003d91      0x11a .\CortexM3\ARM_GCC_541\Debug\AntennaRotator.a(I2C_X_INT.o)
 .debug_line    0x00003eab      0x22b .\CortexM3\ARM_GCC_541\Debug\AntennaRotator.a(I2C_X_MASTER.o)
 .debug_line    0x000040d6      0x266 .\CortexM3\ARM_GCC_541\Debug\AntennaRotator.a(EEPROM_1.o)
 .debug_line    0x0000433c       0x97 .\CortexM3\ARM_GCC_541\Debug\AntennaRotator.a(Y_Step_Pin.o)
 .debug_line    0x000043d3       0xcd .\CortexM3\ARM_GCC_541\Debug\AntennaRotator.a(I2C_Y.o)
 .debug_line    0x000044a0      0x11a .\CortexM3\ARM_GCC_541\Debug\AntennaRotator.a(I2C_Y_INT.o)
 .debug_line    0x000045ba      0x22b .\CortexM3\ARM_GCC_541\Debug\AntennaRotator.a(I2C_Y_MASTER.o)
 .debug_line    0x000047e5       0x96 .\CortexM3\ARM_GCC_541\Debug\AntennaRotator.a(Y_Dir_Pin.o)
 .debug_line    0x0000487b      0x162 .\CortexM3\ARM_GCC_541\Debug\AntennaRotator.a(Button_Refresh_Timer.o)
 .debug_line    0x000049dd      0x145 .\CortexM3\ARM_GCC_541\Debug\AntennaRotator.a(Button_Refresh_Timer_Int.o)
 .debug_line    0x00004b22       0x66 .\CortexM3\ARM_GCC_541\Debug\AntennaRotator.a(CyBootAsmGnu.o)
 .debug_line    0x00004b88      0x21a .\CortexM3\ARM_GCC_541\Debug\AntennaRotator.a(CyFlash.o)
 .debug_line    0x00004da2      0x260 .\CortexM3\ARM_GCC_541\Debug\AntennaRotator.a(CySpc.o)

.debug_frame    0x00000000     0x32a8
 *(.debug_frame)
 .debug_frame   0x00000000       0xbc .\CortexM3\ARM_GCC_541\Debug\main.o
 .debug_frame   0x000000bc      0x3d0 .\CortexM3\ARM_GCC_541\Debug\ssd1306.o
 .debug_frame   0x0000048c       0x54 .\CortexM3\ARM_GCC_541\Debug\RotatorHorizon.o
 .debug_frame   0x000004e0       0xd0 .\CortexM3\ARM_GCC_541\Debug\cli.o
 .debug_frame   0x000005b0       0x8c .\CortexM3\ARM_GCC_541\Debug\eeprom.o
 .debug_frame   0x0000063c       0xbc .\CortexM3\ARM_GCC_541\Debug\bsp.o
 .debug_frame   0x000006f8       0x5c .\CortexM3\ARM_GCC_541\Debug\rotation.o
 .debug_frame   0x00000754       0xe4 .\CortexM3\ARM_GCC_541\Debug\cyfitter_cfg.o
 .debug_frame   0x00000838       0xb8 .\CortexM3\ARM_GCC_541\Debug\Cm3Start.o
 .debug_frame   0x000008f0       0x50 .\CortexM3\ARM_GCC_541\Debug\AntennaRotator.a(LED_Pin.o)
 .debug_frame   0x00000940      0x738 .\CortexM3\ARM_GCC_541\Debug\AntennaRotator.a(CyLib.o)
 .debug_frame   0x00001078      0x1f8 .\CortexM3\ARM_GCC_541\Debug\AntennaRotator.a(cyPm.o)
 .debug_frame   0x00001270       0x50 .\CortexM3\ARM_GCC_541\Debug\AntennaRotator.a(SW_UP_Pin.o)
 .debug_frame   0x000012c0       0x50 .\CortexM3\ARM_GCC_541\Debug\AntennaRotator.a(SW_DOWN_Pin.o)
 .debug_frame   0x00001310       0x50 .\CortexM3\ARM_GCC_541\Debug\AntennaRotator.a(SW_LEFT_Pin.o)
 .debug_frame   0x00001360       0x50 .\CortexM3\ARM_GCC_541\Debug\AntennaRotator.a(SW_RIGHT_Pin.o)
 .debug_frame   0x000013b0      0x25c .\CortexM3\ARM_GCC_541\Debug\AntennaRotator.a(UART.o)
 .debug_frame   0x0000160c       0x30 .\CortexM3\ARM_GCC_541\Debug\AntennaRotator.a(UART_INT.o)
 .debug_frame   0x0000163c       0xe0 .\CortexM3\ARM_GCC_541\Debug\AntennaRotator.a(UART_IntClock.o)
 .debug_frame   0x0000171c       0x94 .\CortexM3\ARM_GCC_541\Debug\AntennaRotator.a(I2C_OLED.o)
 .debug_frame   0x000017b0       0x30 .\CortexM3\ARM_GCC_541\Debug\AntennaRotator.a(I2C_OLED_INT.o)
 .debug_frame   0x000017e0       0x74 .\CortexM3\ARM_GCC_541\Debug\AntennaRotator.a(I2C_OLED_PM.o)
 .debug_frame   0x00001854      0x138 .\CortexM3\ARM_GCC_541\Debug\AntennaRotator.a(I2C_OLED_MASTER.o)
 .debug_frame   0x0000198c       0x50 .\CortexM3\ARM_GCC_541\Debug\AntennaRotator.a(X_Dir_Pin.o)
 .debug_frame   0x000019dc       0x50 .\CortexM3\ARM_GCC_541\Debug\AntennaRotator.a(X_Step_Pin.o)
 .debug_frame   0x00001a2c      0x134 .\CortexM3\ARM_GCC_541\Debug\AntennaRotator.a(PWM_1.o)
 .debug_frame   0x00001b60       0x30 .\CortexM3\ARM_GCC_541\Debug\AntennaRotator.a(Motor_Enable.o)
 .debug_frame   0x00001b90      0x108 .\CortexM3\ARM_GCC_541\Debug\AntennaRotator.a(Display_Refresh_Timer.o)
 .debug_frame   0x00001c98      0x104 .\CortexM3\ARM_GCC_541\Debug\AntennaRotator.a(Display_Refresh_Timer_Int.o)
 .debug_frame   0x00001d9c      0x104 .\CortexM3\ARM_GCC_541\Debug\AntennaRotator.a(MotorControlFallingEdge.o)
 .debug_frame   0x00001ea0      0x104 .\CortexM3\ARM_GCC_541\Debug\AntennaRotator.a(MotorControlRiseingEdge.o)
 .debug_frame   0x00001fa4       0x6c .\CortexM3\ARM_GCC_541\Debug\AntennaRotator.a(I2C_X.o)
 .debug_frame   0x00002010       0x30 .\CortexM3\ARM_GCC_541\Debug\AntennaRotator.a(I2C_X_INT.o)
 .debug_frame   0x00002040      0x138 .\CortexM3\ARM_GCC_541\Debug\AntennaRotator.a(I2C_X_MASTER.o)
 .debug_frame   0x00002178      0x17c .\CortexM3\ARM_GCC_541\Debug\AntennaRotator.a(EEPROM_1.o)
 .debug_frame   0x000022f4       0x50 .\CortexM3\ARM_GCC_541\Debug\AntennaRotator.a(Y_Step_Pin.o)
 .debug_frame   0x00002344       0x68 .\CortexM3\ARM_GCC_541\Debug\AntennaRotator.a(I2C_Y.o)
 .debug_frame   0x000023ac       0x30 .\CortexM3\ARM_GCC_541\Debug\AntennaRotator.a(I2C_Y_INT.o)
 .debug_frame   0x000023dc      0x138 .\CortexM3\ARM_GCC_541\Debug\AntennaRotator.a(I2C_Y_MASTER.o)