Archive member included to satisfy reference by file (symbol)

.\CortexM3\ARM_GCC_541\Debug\AntennaRotator.a(LED_Pin.o)
                              .\CortexM3\ARM_GCC_541\Debug\main.o (LED_Pin_Write)
.\CortexM3\ARM_GCC_541\Debug\AntennaRotator.a(CyLib.o)
                              .\CortexM3\ARM_GCC_541\Debug\Cm3Start.o (CyHalt)
.\CortexM3\ARM_GCC_541\Debug\AntennaRotator.a(cyPm.o)
                              .\CortexM3\ARM_GCC_541\Debug\AntennaRotator.a(CyLib.o) (CyPmReadStatus)
.\CortexM3\ARM_GCC_541\Debug\AntennaRotator.a(SW_UP_Pin.o)
                              .\CortexM3\ARM_GCC_541\Debug\main.o (SW_UP_Pin_Read)
.\CortexM3\ARM_GCC_541\Debug\AntennaRotator.a(SW_DOWN_Pin.o)
                              .\CortexM3\ARM_GCC_541\Debug\main.o (SW_DOWN_Pin_Read)
.\CortexM3\ARM_GCC_541\Debug\AntennaRotator.a(SW_LEFT_Pin.o)
                              .\CortexM3\ARM_GCC_541\Debug\main.o (SW_LEFT_Pin_Read)
.\CortexM3\ARM_GCC_541\Debug\AntennaRotator.a(SW_RIGHT_Pin.o)
                              .\CortexM3\ARM_GCC_541\Debug\main.o (SW_RIGHT_Pin_Read)
.\CortexM3\ARM_GCC_541\Debug\AntennaRotator.a(UART.o)
                              .\CortexM3\ARM_GCC_541\Debug\main.o (UART_Start)
.\CortexM3\ARM_GCC_541\Debug\AntennaRotator.a(UART_IntClock.o)
                              .\CortexM3\ARM_GCC_541\Debug\AntennaRotator.a(UART.o) (UART_IntClock_Start)
.\CortexM3\ARM_GCC_541\Debug\AntennaRotator.a(I2C_OLED.o)
                              .\CortexM3\ARM_GCC_541\Debug\main.o (I2C_OLED_Start)
.\CortexM3\ARM_GCC_541\Debug\AntennaRotator.a(I2C_OLED_INT.o)
                              .\CortexM3\ARM_GCC_541\Debug\AntennaRotator.a(I2C_OLED.o) (I2C_OLED_ISR)
.\CortexM3\ARM_GCC_541\Debug\AntennaRotator.a(I2C_OLED_PM.o)
                              .\CortexM3\ARM_GCC_541\Debug\AntennaRotator.a(I2C_OLED.o) (I2C_OLED_backup)
.\CortexM3\ARM_GCC_541\Debug\AntennaRotator.a(I2C_OLED_MASTER.o)
                              .\CortexM3\ARM_GCC_541\Debug\AntennaRotator.a(I2C_OLED.o) (I2C_OLED_mstrStatus)
.\CortexM3\ARM_GCC_541\Debug\AntennaRotator.a(ADC_SAR_1.o)
                              .\CortexM3\ARM_GCC_541\Debug\main.o (ADC_SAR_1_Start)
.\CortexM3\ARM_GCC_541\Debug\AntennaRotator.a(ADC_SAR_1_INT.o)
                              .\CortexM3\ARM_GCC_541\Debug\AntennaRotator.a(ADC_SAR_1.o) (ADC_SAR_1_ISR)
.\CortexM3\ARM_GCC_541\Debug\AntennaRotator.a(ADC_SAR_1_theACLK.o)
                              .\CortexM3\ARM_GCC_541\Debug\AntennaRotator.a(ADC_SAR_1.o) (ADC_SAR_1_theACLK_SetModeRegister)
.\CortexM3\ARM_GCC_541\Debug\AntennaRotator.a(CyBootAsmGnu.o)
                              .\CortexM3\ARM_GCC_541\Debug\cyfitter_cfg.o (CyDelayCycles)
.\CortexM3\ARM_GCC_541\Debug\AntennaRotator.a(CyFlash.o)
                              .\CortexM3\ARM_GCC_541\Debug\AntennaRotator.a(cyPm.o) (CyFlash_SetWaitCycles)
.\CortexM3\ARM_GCC_541\Debug\AntennaRotator.a(CySpc.o)
                              .\CortexM3\ARM_GCC_541\Debug\AntennaRotator.a(CyFlash.o) (CySpcStart)
c:/program files (x86)/cypress/psoc creator/4.4/psoc creator/import/gnu/arm/5.4.1/bin/../lib/gcc/arm-none-eabi/5.4.1/armv7-m\libgcc.a(_arm_addsubsf3.o)
                              .\CortexM3\ARM_GCC_541\Debug\AntennaRotator.a(ADC_SAR_1.o) (__aeabi_i2f)
c:/program files (x86)/cypress/psoc creator/4.4/psoc creator/import/gnu/arm/5.4.1/bin/../lib/gcc/arm-none-eabi/5.4.1/armv7-m\libgcc.a(_arm_muldivsf3.o)
                              .\CortexM3\ARM_GCC_541\Debug\AntennaRotator.a(ADC_SAR_1.o) (__aeabi_fmul)
c:/program files (x86)/cypress/psoc creator/4.4/psoc creator/import/gnu/arm/5.4.1/bin/../lib/gcc/arm-none-eabi/5.4.1/armv7-m\libgcc.a(_aeabi_ldivmod.o)
                              .\CortexM3\ARM_GCC_541\Debug\AntennaRotator.a(ADC_SAR_1.o) (__aeabi_ldivmod)
c:/program files (x86)/cypress/psoc creator/4.4/psoc creator/import/gnu/arm/5.4.1/bin/../lib/gcc/arm-none-eabi/5.4.1/armv7-m\libgcc.a(_udivmoddi4.o)
                              c:/program files (x86)/cypress/psoc creator/4.4/psoc creator/import/gnu/arm/5.4.1/bin/../lib/gcc/arm-none-eabi/5.4.1/armv7-m\libgcc.a(_aeabi_ldivmod.o) (__udivmoddi4)
c:/program files (x86)/cypress/psoc creator/4.4/psoc creator/import/gnu/arm/5.4.1/bin/../lib/gcc/arm-none-eabi/5.4.1/armv7-m\libgcc.a(_dvmd_tls.o)
                              c:/program files (x86)/cypress/psoc creator/4.4/psoc creator/import/gnu/arm/5.4.1/bin/../lib/gcc/arm-none-eabi/5.4.1/armv7-m\libgcc.a(_aeabi_ldivmod.o) (__aeabi_ldiv0)
c:/program files (x86)/cypress/psoc creator/4.4/psoc creator/import/gnu/arm/5.4.1/bin/../lib/gcc/arm-none-eabi/5.4.1/../../../../arm-none-eabi/lib/armv7-m\libg_nano.a(lib_a-ctype_.o)
                              .\CortexM3\ARM_GCC_541\Debug\main.o (__ctype_ptr__)
c:/program files (x86)/cypress/psoc creator/4.4/psoc creator/import/gnu/arm/5.4.1/bin/../lib/gcc/arm-none-eabi/5.4.1/../../../../arm-none-eabi/lib/armv7-m\libg_nano.a(lib_a-errno.o)
                              .\CortexM3\ARM_GCC_541\Debug\Cm3Start.o (__errno)
[...]
Memory Configuration

Name             Origin             Length             Attributes
rom              0x00000000         0x00040000         xr
ram              0x1fff8000         0x00010000         xrw
*default*        0x00000000         0xffffffff

Linker script and memory map

LOAD c:/program files (x86)/cypress/psoc creator/4.4/psoc creator/import/gnu/arm/5.4.1/bin/../lib/gcc/arm-none-eabi/5.4.1/armv7-m/crti.o
LOAD c:/program files (x86)/cypress/psoc creator/4.4/psoc creator/import/gnu/arm/5.4.1/bin/../lib/gcc/arm-none-eabi/5.4.1/armv7-m/crtbegin.o
LOAD c:/program files (x86)/cypress/psoc creator/4.4/psoc creator/import/gnu/arm/5.4.1/bin/../lib/gcc/arm-none-eabi/5.4.1/../../../../arm-none-eabi/lib/armv7-m/crt0.o
START GROUP
LOAD .\CortexM3\ARM_GCC_541\Debug\main.o
LOAD .\CortexM3\ARM_GCC_541\Debug\ssd1306.o
LOAD .\CortexM3\ARM_GCC_541\Debug\RotatorHorizon.o
LOAD .\CortexM3\ARM_GCC_541\Debug\cyfitter_cfg.o
LOAD .\CortexM3\ARM_GCC_541\Debug\cymetadata.o
LOAD .\CortexM3\ARM_GCC_541\Debug\Cm3Start.o
LOAD .\CortexM3\ARM_GCC_541\Debug\AntennaRotator.a
LOAD C:\Program Files (x86)\Cypress\PSoC Creator\4.4\PSoC Creator\psoc\content\cycomponentlibrary\CyComponentLibrary.cylib\CortexM3\ARM_GCC_541\Debug\CyComponentLibrary.a
END GROUP
START GROUP
LOAD c:/program files (x86)/cypress/psoc creator/4.4/psoc creator/import/gnu/arm/5.4.1/bin/../lib/gcc/arm-none-eabi/5.4.1/armv7-m\libgcc.a
LOAD c:/program files (x86)/cypress/psoc creator/4.4/psoc creator/import/gnu/arm/5.4.1/bin/../lib/gcc/arm-none-eabi/5.4.1/../../../../arm-none-eabi/lib/armv7-m\libg_nano.a
LOAD c:/program files (x86)/cypress/psoc creator/4.4/psoc creator/import/gnu/arm/5.4.1/bin/../lib/gcc/arm-none-eabi/5.4.1/../../../../arm-none-eabi/lib/armv7-m\libc_nano.a
END GROUP
START GROUP
LOAD c:/program files (x86)/cypress/psoc creator/4.4/psoc creator/import/gnu/arm/5.4.1/bin/../lib/gcc/arm-none-eabi/5.4.1/armv7-m\libgcc.a
LOAD c:/program files (x86)/cypress/psoc creator/4.4/psoc creator/import/gnu/arm/5.4.1/bin/../lib/gcc/arm-none-eabi/5.4.1/../../../../arm-none-eabi/lib/armv7-m\libc_nano.a
END GROUP
LOAD c:/program files (x86)/cypress/psoc creator/4.4/psoc creator/import/gnu/arm/5.4.1/bin/../lib/gcc/arm-none-eabi/5.4.1/armv7-m/crtend.o
LOAD c:/program files (x86)/cypress/psoc creator/4.4/psoc creator/import/gnu/arm/5.4.1/bin/../lib/gcc/arm-none-eabi/5.4.1/armv7-m/crtn.o
START GROUP
LOAD c:/program files (x86)/cypress/psoc creator/4.4/psoc creator/import/gnu/arm/5.4.1/bin/../lib/gcc/arm-none-eabi/5.4.1/armv7-m\libgcc.a
LOAD c:/program files (x86)/cypress/psoc creator/4.4/psoc creator/import/gnu/arm/5.4.1/bin/../lib/gcc/arm-none-eabi/5.4.1/../../../../arm-none-eabi/lib/armv7-m\libc.a
LOAD c:/program files (x86)/cypress/psoc creator/4.4/psoc creator/import/gnu/arm/5.4.1/bin/../lib/gcc/arm-none-eabi/5.4.1/../../../../arm-none-eabi/lib/armv7-m\libnosys.a
END GROUP
                0x00000000                CY_APPL_ORIGIN = 0x0
                0x00000100                CY_FLASH_ROW_SIZE = 0x100
                0x00000020                CY_ECC_ROW_SIZE = 0x20
                0x00000000                CY_EE_IN_BTLDR = 0x0
                0x00000000                CY_APPL_LOADABLE = 0x0
                0x00000800                CY_EE_SIZE = 0x800
                0x00000001                CY_APPL_NUM = 0x1
                0x00000001                CY_APPL_MAX = 0x1
                0x00000040                CY_METADATA_SIZE = 0x40
                0x00000000                CY_APPL_LOADABLE = 0x0
                0x00000000                CY_CHECKSUM_EXCLUDE_SIZE = ALIGN (0x0, CY_FLASH_ROW_SIZE)
                [!provide]                PROVIDE (__cy_heap_start, _end)
                0x00000001                PROVIDE (__cy_region_num, ((__cy_regions_end - __cy_regions) / 0x10))
                0x20008000                PROVIDE (__cy_stack, (ORIGIN (ram) + LENGTH (ram)))
                [!provide]                PROVIDE (__cy_heap_end, (__cy_stack - 0x800))

.cybootloader   0x00000000        0x0
 *(.cybootloader)
                0x00000000                appl1_start = CY_APPL_ORIGIN?CY_APPL_ORIGIN:ALIGN (CY_FLASH_ROW_SIZE)
                0x0001ff00                appl2_start = (appl1_start + ALIGN ((((LENGTH (rom) - appl1_start) - (0x2 * CY_FLASH_ROW_SIZE)) / 0x2), CY_FLASH_ROW_SIZE))
                0x00000000                appl_start = (CY_APPL_NUM == 0x1)?appl1_start:appl2_start
                0x00000000                ecc_offset = ((appl_start / CY_FLASH_ROW_SIZE) * CY_ECC_ROW_SIZE)
                0x00000000                ee_offset = (CY_APPL_LOADABLE && ! (CY_EE_IN_BTLDR))?((CY_EE_SIZE / CY_APPL_MAX) * (CY_APPL_NUM - 0x1)):0x0
                0x00000800                ee_size = (CY_APPL_LOADABLE && ! (CY_EE_IN_BTLDR))?(CY_EE_SIZE / CY_APPL_MAX):CY_EE_SIZE
                [!provide]                PROVIDE (CY_ECC_OFFSET, ecc_offset)

.text           0x00000000     0x41a8
 CREATE_OBJECT_SYMBOLS
                0x00000000                PROVIDE (__cy_interrupt_vector, RomVectors)
 *(.romvectors)
 .romvectors    0x00000000       0x10 .\CortexM3\ARM_GCC_541\Debug\Cm3Start.o
                0x00000000                RomVectors
                0x00000001                ASSERT ((. != __cy_interrupt_vector), No interrupt vector)
                0x00000001                ASSERT (CY_APPL_ORIGIN?(SIZEOF (.cybootloader) <= CY_APPL_ORIGIN):0x1, Wrong image location)
                0x00000010                PROVIDE (__cy_reset, Reset)
 *(.text.Reset)
 .text.Reset    0x00000010       0x18 .\CortexM3\ARM_GCC_541\Debug\Cm3Start.o
                0x00000010                Reset
                0x00000001                ASSERT ((. != __cy_reset), No reset code)
 *(.dma_init)
                0x00000001                ASSERT ((((appl_start + .) <= 0x10000) || 0x1), DMA Init must be within the first 64k of flash)
 *(.text .text.* .gnu.linkonce.t.*)
 .text          0x00000028       0x5c c:/program files (x86)/cypress/psoc creator/4.4/psoc creator/import/gnu/arm/5.4.1/bin/../lib/gcc/arm-none-eabi/5.4.1/armv7-m/crtbegin.o
 .text.ProcessCommand
                0x00000084      0x16c .\CortexM3\ARM_GCC_541\Debug\main.o
                0x00000084                ProcessCommand
 .text.ResetInput
                0x000001f0       0x28 .\CortexM3\ARM_GCC_541\Debug\main.o
                0x000001f0                ResetInput
 .text.AddArgumentDigit
                0x00000218       0x2c .\CortexM3\ARM_GCC_541\Debug\main.o
                0x00000218                AddArgumentDigit
 .text.AddCommandChar
                0x00000244       0x14 .\CortexM3\ARM_GCC_541\Debug\main.o
                0x00000244                AddCommandChar
 .text.main     0x00000258      0x160 .\CortexM3\ARM_GCC_541\Debug\main.o
                0x00000258                main
 .text.display_setPixel
                0x000003b8       0x88 .\CortexM3\ARM_GCC_541\Debug\ssd1306.o
 .text.display_line
                0x00000440      0x134 .\CortexM3\ARM_GCC_541\Debug\ssd1306.o
 .text.gfx_rotation_adjust
                0x00000574       0x68 .\CortexM3\ARM_GCC_541\Debug\ssd1306.o
 .text.gfx_hvLine
                0x000005dc      0x114 .\CortexM3\ARM_GCC_541\Debug\ssd1306.o
 .text.display_write_buf
                0x000006f0       0x30 .\CortexM3\ARM_GCC_541\Debug\ssd1306.o
 .text.display_clear
                0x00000720       0x1c .\CortexM3\ARM_GCC_541\Debug\ssd1306.o
                0x00000720                display_clear
 .text.display_update
                0x0000073c       0x38 .\CortexM3\ARM_GCC_541\Debug\ssd1306.o
                0x0000073c                display_update
 .text.gfx_init
                0x00000774       0x40 .\CortexM3\ARM_GCC_541\Debug\ssd1306.o
                0x00000774                gfx_init
 .text.display_init
                0x000007b4       0x40 .\CortexM3\ARM_GCC_541\Debug\ssd1306.o
                0x000007b4                display_init
 .text.gfx_setCursor
                0x000007f4        0xc .\CortexM3\ARM_GCC_541\Debug\ssd1306.o
                0x000007f4                gfx_setCursor
 .text.gfx_setTextSize
                0x00000800       0x10 .\CortexM3\ARM_GCC_541\Debug\ssd1306.o
                0x00000800                gfx_setTextSize
 .text.gfx_setTextColor
                0x00000810        0xc .\CortexM3\ARM_GCC_541\Debug\ssd1306.o
                0x00000810                gfx_setTextColor
 .text.gfx_drawPixel
                0x0000081c       0x4c .\CortexM3\ARM_GCC_541\Debug\ssd1306.o
                0x0000081c                gfx_drawPixel
 .text.gfx_drawLine
                0x00000868       0xd8 .\CortexM3\ARM_GCC_541\Debug\ssd1306.o
                0x00000868                gfx_drawLine
 .text.gfx_fillRect
                0x00000940       0x68 .\CortexM3\ARM_GCC_541\Debug\ssd1306.o
                0x00000940                gfx_fillRect
 .text.gfx_drawChar
                0x000009a8       0xf0 .\CortexM3\ARM_GCC_541\Debug\ssd1306.o
                0x000009a8                gfx_drawChar
 .text.gfx_write
                0x00000a98       0x78 .\CortexM3\ARM_GCC_541\Debug\ssd1306.o
                0x00000a98                gfx_write
 .text.gfx_print
                0x00000b10       0x1c .\CortexM3\ARM_GCC_541\Debug\ssd1306.o
                0x00000b10                gfx_print
 .text.gfx_println
                0x00000b2c       0x10 .\CortexM3\ARM_GCC_541\Debug\ssd1306.o
                0x00000b2c                gfx_println
 .text.initHorizon
                0x00000b3c       0x14 .\CortexM3\ARM_GCC_541\Debug\RotatorHorizon.o
                0x00000b3c                initHorizon
 .text.renderHorizon
                0x00000b50       0x5c .\CortexM3\ARM_GCC_541\Debug\RotatorHorizon.o
                0x00000b50                renderHorizon
 .text.CyClockStartupError
                0x00000bac        0x4 .\CortexM3\ARM_GCC_541\Debug\cyfitter_cfg.o
 .text.cfg_write_bytes32
                0x00000bb0       0x34 .\CortexM3\ARM_GCC_541\Debug\cyfitter_cfg.o
 .text.AnalogSetDefault
                0x00000be4       0x58 .\CortexM3\ARM_GCC_541\Debug\cyfitter_cfg.o
 .text.CYMEMZERO
                0x00000c3c        0xc .\CortexM3\ARM_GCC_541\Debug\cyfitter_cfg.o
 .text.CYCONFIGCPY
                0x00000c48        0x8 .\CortexM3\ARM_GCC_541\Debug\cyfitter_cfg.o
 .text.ClockSetup
                0x00000c50       0xe4 .\CortexM3\ARM_GCC_541\Debug\cyfitter_cfg.o
 .text.cyfitter_cfg
                0x00000d34      0x144 .\CortexM3\ARM_GCC_541\Debug\cyfitter_cfg.o
                0x00000d34                cyfitter_cfg
 .text.IntDefaultHandler
                0x00000e78       0x10 .\CortexM3\ARM_GCC_541\Debug\Cm3Start.o
                0x00000e78                IntDefaultHandler
 .text._sbrk    0x00000e88       0x30 .\CortexM3\ARM_GCC_541\Debug\Cm3Start.o
                0x00000e88                _sbrk
 .text.Start_c  0x00000eb8       0x4c .\CortexM3\ARM_GCC_541\Debug\Cm3Start.o
                0x00000eb8                Start_c
 .text.initialize_psoc
                0x00000f04       0x68 .\CortexM3\ARM_GCC_541\Debug\Cm3Start.o
                0x00000f04                initialize_psoc
 .text.LED_Pin_Write
                0x00000f6c       0x18 .\CortexM3\ARM_GCC_541\Debug\AntennaRotator.a(LED_Pin.o)
                0x00000f6c                LED_Pin_Write
 .text.CyHalt   0x00000f84        0x4 .\CortexM3\ARM_GCC_541\Debug\AntennaRotator.a(CyLib.o)
                0x00000f84                CyHalt
 .text.CyDelayUs
                0x00000f88       0x14 .\CortexM3\ARM_GCC_541\Debug\AntennaRotator.a(CyLib.o)
                0x00000f88                CyDelayUs
 .text.CyIntSetVector
                0x00000f9c       0x28 .\CortexM3\ARM_GCC_541\Debug\AntennaRotator.a(CyLib.o)
                0x00000f9c                CyIntSetVector
 .text.CyIntSetPriority
                0x00000fc4       0x30 .\CortexM3\ARM_GCC_541\Debug\AntennaRotator.a(CyLib.o)
                0x00000fc4                CyIntSetPriority
 .text.SW_UP_Pin_Read
                0x00000ff4        0xc .\CortexM3\ARM_GCC_541\Debug\AntennaRotator.a(SW_UP_Pin.o)
                0x00000ff4                SW_UP_Pin_Read
 .text.SW_DOWN_Pin_Read
                0x00001000       0x10 .\CortexM3\ARM_GCC_541\Debug\AntennaRotator.a(SW_DOWN_Pin.o)
                0x00001000                SW_DOWN_Pin_Read
 .text.SW_LEFT_Pin_Read
                0x00001010       0x10 .\CortexM3\ARM_GCC_541\Debug\AntennaRotator.a(SW_LEFT_Pin.o)
                0x00001010                SW_LEFT_Pin_Read
 .text.SW_RIGHT_Pin_Read
                0x00001020       0x10 .\CortexM3\ARM_GCC_541\Debug\AntennaRotator.a(SW_RIGHT_Pin.o)
                0x00001020                SW_RIGHT_Pin_Read
 .text.UART_Init
                0x00001030       0x24 .\CortexM3\ARM_GCC_541\Debug\AntennaRotator.a(UART.o)
                0x00001030                UART_Init
 .text.UART_Enable
                0x00001054       0x38 .\CortexM3\ARM_GCC_541\Debug\AntennaRotator.a(UART.o)
                0x00001054                UART_Enable
 .text.UART_Start
                0x0000108c       0x1c .\CortexM3\ARM_GCC_541\Debug\AntennaRotator.a(UART.o)
                0x0000108c                UART_Start
 .text.UART_GetChar
                0x000010a8       0x2c .\CortexM3\ARM_GCC_541\Debug\AntennaRotator.a(UART.o)
                0x000010a8                UART_GetChar
 .text.UART_PutChar
                0x000010d4       0x18 .\CortexM3\ARM_GCC_541\Debug\AntennaRotator.a(UART.o)
                0x000010d4                UART_PutChar
 .text.UART_PutString
                0x000010ec       0x24 .\CortexM3\ARM_GCC_541\Debug\AntennaRotator.a(UART.o)
                0x000010ec                UART_PutString
 .text.UART_IntClock_Start
                0x00001110       0x1c .\CortexM3\ARM_GCC_541\Debug\AntennaRotator.a(UART_IntClock.o)
                0x00001110                UART_IntClock_Start
 .text.I2C_OLED_Init
                0x0000112c       0x68 .\CortexM3\ARM_GCC_541\Debug\AntennaRotator.a(I2C_OLED.o)
                0x0000112c                I2C_OLED_Init
 .text.I2C_OLED_Enable
                0x00001194       0x24 .\CortexM3\ARM_GCC_541\Debug\AntennaRotator.a(I2C_OLED.o)
                0x00001194                I2C_OLED_Enable
 .text.I2C_OLED_Start
                0x000011b8       0x28 .\CortexM3\ARM_GCC_541\Debug\AntennaRotator.a(I2C_OLED.o)
                0x000011b8                I2C_OLED_Start
 .text.I2C_OLED_ISR
                0x000011e0      0x2d0 .\CortexM3\ARM_GCC_541\Debug\AntennaRotator.a(I2C_OLED_INT.o)
                0x000011e0                I2C_OLED_ISR
 .text.I2C_OLED_MasterSendStart
                0x000014b0       0x80 .\CortexM3\ARM_GCC_541\Debug\AntennaRotator.a(I2C_OLED_MASTER.o)
                0x000014b0                I2C_OLED_MasterSendStart
 .text.I2C_OLED_MasterSendStop
                0x00001530       0x38 .\CortexM3\ARM_GCC_541\Debug\AntennaRotator.a(I2C_OLED_MASTER.o)
                0x00001530                I2C_OLED_MasterSendStop
 .text.I2C_OLED_MasterWriteByte
                0x00001568       0x58 .\CortexM3\ARM_GCC_541\Debug\AntennaRotator.a(I2C_OLED_MASTER.o)
                0x00001568                I2C_OLED_MasterWriteByte
 .text.ADC_SAR_1_CalcGain
                0x000015c0       0x5c .\CortexM3\ARM_GCC_541\Debug\AntennaRotator.a(ADC_SAR_1.o)
 .text.ADC_SAR_1_Enable
                0x0000161c       0x98 .\CortexM3\ARM_GCC_541\Debug\AntennaRotator.a(ADC_SAR_1.o)
                0x0000161c                ADC_SAR_1_Enable
 .text.ADC_SAR_1_SetResolution
                0x000016b4       0x38 .\CortexM3\ARM_GCC_541\Debug\AntennaRotator.a(ADC_SAR_1.o)
                0x000016b4                ADC_SAR_1_SetResolution
 .text.ADC_SAR_1_Init
                0x000016ec       0x3c .\CortexM3\ARM_GCC_541\Debug\AntennaRotator.a(ADC_SAR_1.o)
                0x000016ec                ADC_SAR_1_Init
 .text.ADC_SAR_1_Start
                0x00001728       0x1c .\CortexM3\ARM_GCC_541\Debug\AntennaRotator.a(ADC_SAR_1.o)
                0x00001728                ADC_SAR_1_Start
 .text.ADC_SAR_1_StartConvert
                0x00001744       0x10 .\CortexM3\ARM_GCC_541\Debug\AntennaRotator.a(ADC_SAR_1.o)
                0x00001744                ADC_SAR_1_StartConvert
 .text.ADC_SAR_1_IsEndConversion
                0x00001754       0x24 .\CortexM3\ARM_GCC_541\Debug\AntennaRotator.a(ADC_SAR_1.o)
                0x00001754                ADC_SAR_1_IsEndConversion
 .text.ADC_SAR_1_GetResult16
                0x00001778       0x18 .\CortexM3\ARM_GCC_541\Debug\AntennaRotator.a(ADC_SAR_1.o)
                0x00001778                ADC_SAR_1_GetResult16
 .text.ADC_SAR_1_ISR
                0x00001790        0x4 .\CortexM3\ARM_GCC_541\Debug\AntennaRotator.a(ADC_SAR_1_INT.o)
                0x00001790                ADC_SAR_1_ISR
 .text.ADC_SAR_1_theACLK_SetModeRegister
                0x00001794       0x14 .\CortexM3\ARM_GCC_541\Debug\AntennaRotator.a(ADC_SAR_1_theACLK.o)
                0x00001794                ADC_SAR_1_theACLK_SetModeRegister
 .text          0x000017a8       0x20 .\CortexM3\ARM_GCC_541\Debug\AntennaRotator.a(CyBootAsmGnu.o)
                0x000017a8                CyDelayCycles
                0x000017b8                CyEnterCriticalSection
                0x000017c0                CyExitCriticalSection
 .text.__errno  0x000017c8        0xc c:/program files (x86)/cypress/psoc creator/4.4/psoc creator/import/gnu/arm/5.4.1/bin/../lib/gcc/arm-none-eabi/5.4.1/../../../../arm-none-eabi/lib/armv7-m\libg_nano.a(lib_a-errno.o)
                0x000017c8                __errno
 .text.__libc_init_array
                0x000017d4       0x4c c:/program files (x86)/cypress/psoc creator/4.4/psoc creator/import/gnu/arm/5.4.1/bin/../lib/gcc/arm-none-eabi/5.4.1/../../../../arm-none-eabi/lib/armv7-m\libg_nano.a(lib_a-init.o)
                0x000017d4                __libc_init_array
 .text.memcpy   0x00001820       0x16 c:/program files (x86)/cypress/psoc creator/4.4/psoc creator/import/gnu/arm/5.4.1/bin/../lib/gcc/arm-none-eabi/5.4.1/../../../../arm-none-eabi/lib/armv7-m\libg_nano.a(lib_a-memcpy-stub.o)
                0x00001820                memcpy
 .text.memset   0x00001836       0x10 c:/program files (x86)/cypress/psoc creator/4.4/psoc creator/import/gnu/arm/5.4.1/bin/../lib/gcc/arm-none-eabi/5.4.1/../../../../arm-none-eabi/lib/armv7-m\libg_nano.a(lib_a-memset.o)
                0x00001836                memset
 .text.__cvt    0x00001846       0xc0 c:/program files (x86)/cypress/psoc creator/4.4/psoc creator/import/gnu/arm/5.4.1/bin/../lib/gcc/arm-none-eabi/5.4.1/../../../../arm-none-eabi/lib/armv7-m\libg_nano.a(lib_a-nano-vfprintf_float.o)
                0x00001846                __cvt
 .text.__exponent
                0x00001906       0x62 c:/program files (x86)/cypress/psoc creator/4.4/psoc creator/import/gnu/arm/5.4.1/bin/../lib/gcc/arm-none-eabi/5.4.1/../../../../arm-none-eabi/lib/armv7-m\libg_nano.a(lib_a-nano-vfprintf_float.o)
                0x00001906                __exponent
 .text._printf_float
                0x00001968      0x488 c:/program files (x86)/cypress/psoc creator/4.4/psoc creator/import/gnu/arm/5.4.1/bin/../lib/gcc/arm-none-eabi/5.4.1/../../../../arm-none-eabi/lib/armv7-m\libg_nano.a(lib_a-nano-vfprintf_float.o)
                0x00001968                _printf_float
 .text._printf_common
                0x00001df0       0xec c:/program files (x86)/cypress/psoc creator/4.4/psoc creator/import/gnu/arm/5.4.1/bin/../lib/gcc/arm-none-eabi/5.4.1/../../../../arm-none-eabi/lib/armv7-m\libg_nano.a(lib_a-nano-vfprintf_i.o)
                0x00001df0                _printf_common
 .text._printf_i
                0x00001edc      0x24c c:/program files (x86)/cypress/psoc creator/4.4/psoc creator/import/gnu/arm/5.4.1/bin/../lib/gcc/arm-none-eabi/5.4.1/../../../../arm-none-eabi/lib/armv7-m\libg_nano.a(lib_a-nano-vfprintf_i.o)
                0x00001edc                _printf_i
 .text.sprintf  0x00002128       0x48 c:/program files (x86)/cypress/psoc creator/4.4/psoc creator/import/gnu/arm/5.4.1/bin/../lib/gcc/arm-none-eabi/5.4.1/../../../../arm-none-eabi/lib/armv7-m\libg_nano.a(lib_a-sprintf.o)
                0x00002128                siprintf
                0x00002128                sprintf
 .text          0x00002170       0x14 c:/program files (x86)/cypress/psoc creator/4.4/psoc creator/import/gnu/arm/5.4.1/bin/../lib/gcc/arm-none-eabi/5.4.1/../../../../arm-none-eabi/lib/armv7-m\libg_nano.a(lib_a-strcmp.o)
                0x00002170                strcmp
 .text          0x00002184       0x10 c:/program files (x86)/cypress/psoc creator/4.4/psoc creator/import/gnu/arm/5.4.1/bin/../lib/gcc/arm-none-eabi/5.4.1/../../../../arm-none-eabi/lib/armv7-m\libg_nano.a(lib_a-strlen.o)
                0x00002184                strlen
 .text.quorem   0x00002194      0x116 c:/program files (x86)/cypress/psoc creator/4.4/psoc creator/import/gnu/arm/5.4.1/bin/../lib/gcc/arm-none-eabi/5.4.1/../../../../arm-none-eabi/lib/armv7-m\libg_nano.a(lib_a-dtoa.o)
 *fill*         0x000022aa        0x6 
 .text._dtoa_r  0x000022b0      0xb30 c:/program files (x86)/cypress/psoc creator/4.4/psoc creator/import/gnu/arm/5.4.1/bin/../lib/gcc/arm-none-eabi/5.4.1/../../../../arm-none-eabi/lib/armv7-m\libg_nano.a(lib_a-dtoa.o)
                0x000022b0                _dtoa_r
 .text._localeconv_r
                0x00002de0        0x8 c:/program files (x86)/cypress/psoc creator/4.4/psoc creator/import/gnu/arm/5.4.1/bin/../lib/gcc/arm-none-eabi/5.4.1/../../../../arm-none-eabi/lib/armv7-m\libg_nano.a(lib_a-locale.o)
                0x00002de0                _localeconv_r
 .text.malloc   0x00002de8       0x10 c:/program files (x86)/cypress/psoc creator/4.4/psoc creator/import/gnu/arm/5.4.1/bin/../lib/gcc/arm-none-eabi/5.4.1/../../../../arm-none-eabi/lib/armv7-m\libg_nano.a(lib_a-malloc.o)
                0x00002de8                malloc
 .text.memchr   0x00002df8       0x1c c:/program files (x86)/cypress/psoc creator/4.4/psoc creator/import/gnu/arm/5.4.1/bin/../lib/gcc/arm-none-eabi/5.4.1/../../../../arm-none-eabi/lib/armv7-m\libg_nano.a(lib_a-memchr-stub.o)
                0x00002df8                memchr
 .text._Balloc  0x00002e14       0x6a c:/program files (x86)/cypress/psoc creator/4.4/psoc creator/import/gnu/arm/5.4.1/bin/../lib/gcc/arm-none-eabi/5.4.1/../../../../arm-none-eabi/lib/armv7-m\libg_nano.a(lib_a-mprec.o)
                0x00002e14                _Balloc
 .text._Bfree   0x00002e7e       0x2e c:/program files (x86)/cypress/psoc creator/4.4/psoc creator/import/gnu/arm/5.4.1/bin/../lib/gcc/arm-none-eabi/5.4.1/../../../../arm-none-eabi/lib/armv7-m\libg_nano.a(lib_a-mprec.o)
                0x00002e7e                _Bfree
 .text.__multadd
                0x00002eac       0x76 c:/program files (x86)/cypress/psoc creator/4.4/psoc creator/import/gnu/arm/5.4.1/bin/../lib/gcc/arm-none-eabi/5.4.1/../../../../arm-none-eabi/lib/armv7-m\libg_nano.a(lib_a-mprec.o)
                0x00002eac                __multadd
 .text.__hi0bits
                0x00002f22       0x40 c:/program files (x86)/cypress/psoc creator/4.4/psoc creator/import/gnu/arm/5.4.1/bin/../lib/gcc/arm-none-eabi/5.4.1/../../../../arm-none-eabi/lib/armv7-m\libg_nano.a(lib_a-mprec.o)
                0x00002f22                __hi0bits
 .text.__lo0bits
                0x00002f62       0x5a c:/program files (x86)/cypress/psoc creator/4.4/psoc creator/import/gnu/arm/5.4.1/bin/../lib/gcc/arm-none-eabi/5.4.1/../../../../arm-none-eabi/lib/armv7-m\libg_nano.a(lib_a-mprec.o)
                0x00002f62                __lo0bits
 .text.__i2b    0x00002fbc       0x12 c:/program files (x86)/cypress/psoc creator/4.4/psoc creator/import/gnu/arm/5.4.1/bin/../lib/gcc/arm-none-eabi/5.4.1/../../../../arm-none-eabi/lib/armv7-m\libg_nano.a(lib_a-mprec.o)
                0x00002fbc                __i2b
 .text.__multiply
                0x00002fce      0x120 c:/program files (x86)/cypress/psoc creator/4.4/psoc creator/import/gnu/arm/5.4.1/bin/../lib/gcc/arm-none-eabi/5.4.1/../../../../arm-none-eabi/lib/armv7-m\libg_nano.a(lib_a-mprec.o)
                0x00002fce                __multiply
 *fill*         0x000030ee        0x2 
 .text.__pow5mult
                0x000030f0       0x9c c:/program files (x86)/cypress/psoc creator/4.4/psoc creator/import/gnu/arm/5.4.1/bin/../lib/gcc/arm-none-eabi/5.4.1/../../../../arm-none-eabi/lib/armv7-m\libg_nano.a(lib_a-mprec.o)
                0x000030f0                __pow5mult
 .text.__lshift
                0x0000318c       0xa2 c:/program files (x86)/cypress/psoc creator/4.4/psoc creator/import/gnu/arm/5.4.1/bin/../lib/gcc/arm-none-eabi/5.4.1/../../../../arm-none-eabi/lib/armv7-m\libg_nano.a(lib_a-mprec.o)
                0x0000318c                __lshift
 .text.__mcmp   0x0000322e       0x38 c:/program files (x86)/cypress/psoc creator/4.4/psoc creator/import/gnu/arm/5.4.1/bin/../lib/gcc/arm-none-eabi/5.4.1/../../../../arm-none-eabi/lib/armv7-m\libg_nano.a(lib_a-mprec.o)
                0x0000322e                __mcmp
 .text.__mdiff  0x00003266       0xbe c:/program files (x86)/cypress/psoc creator/4.4/psoc creator/import/gnu/arm/5.4.1/bin/../lib/gcc/arm-none-eabi/5.4.1/../../../../arm-none-eabi/lib/armv7-m\libg_nano.a(lib_a-mprec.o)
                0x00003266                __mdiff
 .text.__d2b    0x00003324       0x9c c:/program files (x86)/cypress/psoc creator/4.4/psoc creator/import/gnu/arm/5.4.1/bin/../lib/gcc/arm-none-eabi/5.4.1/../../../../arm-none-eabi/lib/armv7-m\libg_nano.a(lib_a-mprec.o)
                0x00003324                __d2b
 .text._calloc_r
                0x000033c0       0x1c c:/program files (x86)/cypress/psoc creator/4.4/psoc creator/import/gnu/arm/5.4.1/bin/../lib/gcc/arm-none-eabi/5.4.1/../../../../arm-none-eabi/lib/armv7-m\libg_nano.a(lib_a-nano-callocr.o)
                0x000033c0                _calloc_r
 .text._free_r  0x000033dc       0x98 c:/program files (x86)/cypress/psoc creator/4.4/psoc creator/import/gnu/arm/5.4.1/bin/../lib/gcc/arm-none-eabi/5.4.1/../../../../arm-none-eabi/lib/armv7-m\libg_nano.a(lib_a-nano-freer.o)
                0x000033dc                _free_r
 .text._malloc_r
                0x00003474       0xbc c:/program files (x86)/cypress/psoc creator/4.4/psoc creator/import/gnu/arm/5.4.1/bin/../lib/gcc/arm-none-eabi/5.4.1/../../../../arm-none-eabi/lib/armv7-m\libg_nano.a(lib_a-nano-mallocr.o)
                0x00003474                _malloc_r
 .text.__ssputs_r
                0x00003530       0xb2 c:/program files (x86)/cypress/psoc creator/4.4/psoc creator/import/gnu/arm/5.4.1/bin/../lib/gcc/arm-none-eabi/5.4.1/../../../../arm-none-eabi/lib/armv7-m\libg_nano.a(lib_a-nano-svfprintf.o)
                0x00003530                __ssputs_r
 *fill*         0x000035e2        0x2 
 .text._svfprintf_r
                0x000035e4      0x1e8 c:/program files (x86)/cypress/psoc creator/4.4/psoc creator/import/gnu/arm/5.4.1/bin/../lib/gcc/arm-none-eabi/5.4.1/../../../../arm-none-eabi/lib/armv7-m\libg_nano.a(lib_a-nano-svfprintf.o)
                0x000035e4                _svfiprintf_r
                0x000035e4                _svfprintf_r
 .text._sbrk_r  0x000037cc       0x20 c:/program files (x86)/cypress/psoc creator/4.4/psoc creator/import/gnu/arm/5.4.1/bin/../lib/gcc/arm-none-eabi/5.4.1/../../../../arm-none-eabi/lib/armv7-m\libg_nano.a(lib_a-sbrkr.o)
                0x000037cc                _sbrk_r
 .text.memmove  0x000037ec       0x36 c:/program files (x86)/cypress/psoc creator/4.4/psoc creator/import/gnu/arm/5.4.1/bin/../lib/gcc/arm-none-eabi/5.4.1/../../../../arm-none-eabi/lib/armv7-m\libg_nano.a(lib_a-memmove.o)
                0x000037ec                memmove
 .text.__malloc_lock
                0x00003822        0x2 c:/program files (x86)/cypress/psoc creator/4.4/psoc creator/import/gnu/arm/5.4.1/bin/../lib/gcc/arm-none-eabi/5.4.1/../../../../arm-none-eabi/lib/armv7-m\libg_nano.a(lib_a-mlock.o)
                0x00003822                __malloc_lock
 .text.__malloc_unlock
                0x00003824        0x2 c:/program files (x86)/cypress/psoc creator/4.4/psoc creator/import/gnu/arm/5.4.1/bin/../lib/gcc/arm-none-eabi/5.4.1/../../../../arm-none-eabi/lib/armv7-m\libg_nano.a(lib_a-mlock.o)
                0x00003824                __malloc_unlock
 .text._realloc_r
                0x00003826       0x4c c:/program files (x86)/cypress/psoc creator/4.4/psoc creator/import/gnu/arm/5.4.1/bin/../lib/gcc/arm-none-eabi/5.4.1/../../../../arm-none-eabi/lib/armv7-m\libg_nano.a(lib_a-nano-reallocr.o)
                0x00003826                _realloc_r
 .text._malloc_usable_size_r
                0x00003872       0x14 c:/program files (x86)/cypress/psoc creator/4.4/psoc creator/import/gnu/arm/5.4.1/bin/../lib/gcc/arm-none-eabi/5.4.1/../../../../arm-none-eabi/lib/armv7-m\libg_nano.a(lib_a-nano-msizer.o)
                0x00003872                _malloc_usable_size_r
 *fill*         0x00003886        0x2 
 .text          0x00003888      0x370 c:/program files (x86)/cypress/psoc creator/4.4/psoc creator/import/gnu/arm/5.4.1/bin/../lib/gcc/arm-none-eabi/5.4.1/armv7-m\libgcc.a(_arm_addsubdf3.o)
                0x00003888                __aeabi_drsub
                0x00003890                __aeabi_dsub
                0x00003890                __subdf3
                0x00003894                __aeabi_dadd
                0x00003894                __adddf3
                0x00003b0c                __floatunsidf
                0x00003b0c                __aeabi_ui2d
                0x00003b2c                __floatsidf
                0x00003b2c                __aeabi_i2d
                0x00003b50                __aeabi_f2d
                0x00003b50                __extendsfdf2
                0x00003b8c                __floatundidf
                0x00003b8c                __aeabi_ul2d
                0x00003b9c                __floatdidf
                0x00003b9c                __aeabi_l2d
 .text          0x00003bf8      0x424 c:/program files (x86)/cypress/psoc creator/4.4/psoc creator/import/gnu/arm/5.4.1/bin/../lib/gcc/arm-none-eabi/5.4.1/armv7-m\libgcc.a(_arm_muldivdf3.o)
                0x00003bf8                __aeabi_dmul
                0x00003bf8                __muldf3
                0x00003e4c                __divdf3
                0x00003e4c                __aeabi_ddiv
 .text          0x0000401c      0x110 c:/program files (x86)/cypress/psoc creator/4.4/psoc creator/import/gnu/arm/5.4.1/bin/../lib/gcc/arm-none-eabi/5.4.1/armv7-m\libgcc.a(_arm_cmpdf2.o)
                0x0000401c                __gtdf2
                0x0000401c                __gedf2
                0x00004024                __ltdf2
                0x00004024                __ledf2
                0x0000402c                __nedf2
                0x0000402c                __eqdf2
                0x0000402c                __cmpdf2
                0x000040a8                __aeabi_cdrcmple
                0x000040b8                __aeabi_cdcmpeq
                0x000040b8                __aeabi_cdcmple
                0x000040c8                __aeabi_dcmpeq
                0x000040dc                __aeabi_dcmplt
                0x000040f0                __aeabi_dcmple
                0x00004104                __aeabi_dcmpge
                0x00004118                __aeabi_dcmpgt
 .text          0x0000412c       0x2c c:/program files (x86)/cypress/psoc creator/4.4/psoc creator/import/gnu/arm/5.4.1/bin/../lib/gcc/arm-none-eabi/5.4.1/armv7-m\libgcc.a(_arm_unorddf2.o)
                0x0000412c                __unorddf2
                0x0000412c                __aeabi_dcmpun
 .text          0x00004158       0x50 c:/program files (x86)/cypress/psoc creator/4.4/psoc creator/import/gnu/arm/5.4.1/bin/../lib/gcc/arm-none-eabi/5.4.1/armv7-m\libgcc.a(_arm_fixdfsi.o)
                0x00004158                __aeabi_d2iz
                0x00004158                __fixdfsi
 *(.plt)
 *(.gnu.warning)
 *(.glue_7t)
 .glue_7t       0x000041a8        0x0 linker stubs
 *(.glue_7)
 .glue_7        0x000041a8        0x0 linker stubs
 *(.vfp11_veneer)
 .vfp11_veneer  0x000041a8        0x0 linker stubs
 *(.bootloader)
 *(.ARM.extab* .gnu.linkonce.armextab.*)
 *(.gcc_except_table)

.v4_bx          0x000041a8        0x0
 .v4_bx         0x000041a8        0x0 linker stubs

.iplt           0x000041a8        0x0
 .iplt          0x000041a8        0x0 c:/program files (x86)/cypress/psoc creator/4.4/psoc creator/import/gnu/arm/5.4.1/bin/../lib/gcc/arm-none-eabi/5.4.1/armv7-m/crtbegin.o

.eh_frame_hdr
 *(.eh_frame_hdr)

.eh_frame       0x000041a8        0x4
 *(.eh_frame)
 .eh_frame      0x000041a8        0x0 c:/program files (x86)/cypress/psoc creator/4.4/psoc creator/import/gnu/arm/5.4.1/bin/../lib/gcc/arm-none-eabi/5.4.1/armv7-m/crtbegin.o
 .eh_frame      0x000041a8        0x4 c:/program files (x86)/cypress/psoc creator/4.4/psoc creator/import/gnu/arm/5.4.1/bin/../lib/gcc/arm-none-eabi/5.4.1/armv7-m/crtend.o
                [!provide]                PROVIDE (__exidx_start, .)

.ARM.exidx
 *(.ARM.exidx* .gnu.linkonce.armexidx.*)
                0x000041ac                __exidx_end = .

.rodata         0x000041b0      0x8d0
 *(.rodata .rodata.* .gnu.linkonce.r.*)
 .rodata.str1.4
                0x000041b0       0xca .\CortexM3\ARM_GCC_541\Debug\main.o
 *fill*         0x0000427a        0x2 
 .rodata        0x0000427c      0x51f .\CortexM3\ARM_GCC_541\Debug\ssd1306.o
 *fill*         0x0000479b        0x1 
 .rodata.str1.4
                0x0000479c        0xc .\CortexM3\ARM_GCC_541\Debug\RotatorHorizon.o
                                  0x9 (size before relaxing)
 .rodata        0x000047a8       0x44 .\CortexM3\ARM_GCC_541\Debug\cyfitter_cfg.o
 .rodata._ctype_
                0x000047ec      0x101 c:/program files (x86)/cypress/psoc creator/4.4/psoc creator/import/gnu/arm/5.4.1/bin/../lib/gcc/arm-none-eabi/5.4.1/../../../../arm-none-eabi/lib/armv7-m\libg_nano.a(lib_a-ctype_.o)
                0x000047ec                _ctype_
 .rodata.str1.1
                0x000048ed        0x2 c:/program files (x86)/cypress/psoc creator/4.4/psoc creator/import/gnu/arm/5.4.1/bin/../lib/gcc/arm-none-eabi/5.4.1/../../../../arm-none-eabi/lib/armv7-m\libg_nano.a(lib_a-impure.o)
 .rodata.str1.1
                0x000048ef       0x12 c:/program files (x86)/cypress/psoc creator/4.4/psoc creator/import/gnu/arm/5.4.1/bin/../lib/gcc/arm-none-eabi/5.4.1/../../../../arm-none-eabi/lib/armv7-m\libg_nano.a(lib_a-nano-vfprintf_float.o)
 .rodata.str1.1
                0x00004901       0x22 c:/program files (x86)/cypress/psoc creator/4.4/psoc creator/import/gnu/arm/5.4.1/bin/../lib/gcc/arm-none-eabi/5.4.1/../../../../arm-none-eabi/lib/armv7-m\libg_nano.a(lib_a-nano-vfprintf_i.o)
 .rodata.str1.1
                0x00004923        0xd c:/program files (x86)/cypress/psoc creator/4.4/psoc creator/import/gnu/arm/5.4.1/bin/../lib/gcc/arm-none-eabi/5.4.1/../../../../arm-none-eabi/lib/armv7-m\libg_nano.a(lib_a-dtoa.o)
                                  0xf (size before relaxing)
 .rodata.str1.1
                0x00004930        0x8 c:/program files (x86)/cypress/psoc creator/4.4/psoc creator/import/gnu/arm/5.4.1/bin/../lib/gcc/arm-none-eabi/5.4.1/../../../../arm-none-eabi/lib/armv7-m\libg_nano.a(lib_a-locale.o)
                                  0xb (size before relaxing)
 .rodata.__mprec_tens
                0x00004938       0xc8 c:/program files (x86)/cypress/psoc creator/4.4/psoc creator/import/gnu/arm/5.4.1/bin/../lib/gcc/arm-none-eabi/5.4.1/../../../../arm-none-eabi/lib/armv7-m\libg_nano.a(lib_a-mprec.o)
                0x00004938                __mprec_tens
 .rodata.p05.5408
                0x00004a00        0xc c:/program files (x86)/cypress/psoc creator/4.4/psoc creator/import/gnu/arm/5.4.1/bin/../lib/gcc/arm-none-eabi/5.4.1/../../../../arm-none-eabi/lib/armv7-m\libg_nano.a(lib_a-mprec.o)
 *fill*         0x00004a0c        0x4 
 .rodata.__mprec_bigtens
                0x00004a10       0x28 c:/program files (x86)/cypress/psoc creator/4.4/psoc creator/import/gnu/arm/5.4.1/bin/../lib/gcc/arm-none-eabi/5.4.1/../../../../arm-none-eabi/lib/armv7-m\libg_nano.a(lib_a-mprec.o)
                0x00004a10                __mprec_bigtens
 .rodata.str1.1
                0x00004a38       0x11 c:/program files (x86)/cypress/psoc creator/4.4/psoc creator/import/gnu/arm/5.4.1/bin/../lib/gcc/arm-none-eabi/5.4.1/../../../../arm-none-eabi/lib/armv7-m\libg_nano.a(lib_a-nano-svfprintf.o)
                0x00004a4c                . = ALIGN (0x4)
 *fill*         0x00004a49        0x3 
 *(.init)
 .init          0x00004a4c        0x4 c:/program files (x86)/cypress/psoc creator/4.4/psoc creator/import/gnu/arm/5.4.1/bin/../lib/gcc/arm-none-eabi/5.4.1/armv7-m/crti.o
                0x00004a4c                _init
 .init          0x00004a50        0x8 c:/program files (x86)/cypress/psoc creator/4.4/psoc creator/import/gnu/arm/5.4.1/bin/../lib/gcc/arm-none-eabi/5.4.1/armv7-m/crtn.o
                0x00004a58                . = ALIGN (0x4)
                0x00004a58                __preinit_array_start = .
 *(.preinit_array)
                0x00004a58                __preinit_array_end = .
                0x00004a58                . = ALIGN (0x4)
                0x00004a58                __init_array_start = .
 *(SORT(.init_array.*))
 *(.init_array)
 .init_array    0x00004a58        0x4 c:/program files (x86)/cypress/psoc creator/4.4/psoc creator/import/gnu/arm/5.4.1/bin/../lib/gcc/arm-none-eabi/5.4.1/armv7-m/crtbegin.o
 .init_array    0x00004a5c        0x4 .\CortexM3\ARM_GCC_541\Debug\Cm3Start.o
                0x00004a60                __init_array_end = .
                0x00004a60                . = ALIGN (0x4)
 *(.fini)
 .fini          0x00004a60        0x4 c:/program files (x86)/cypress/psoc creator/4.4/psoc creator/import/gnu/arm/5.4.1/bin/../lib/gcc/arm-none-eabi/5.4.1/armv7-m/crti.o
                0x00004a60                _fini
 .fini          0x00004a64        0x8 c:/program files (x86)/cypress/psoc creator/4.4/psoc creator/import/gnu/arm/5.4.1/bin/../lib/gcc/arm-none-eabi/5.4.1/armv7-m/crtn.o
                0x00004a6c                . = ALIGN (0x4)
                0x00004a6c                __fini_array_start = .
 *(.fini_array)
 .fini_array    0x00004a6c        0x4 c:/program files (x86)/cypress/psoc creator/4.4/psoc creator/import/gnu/arm/5.4.1/bin/../lib/gcc/arm-none-eabi/5.4.1/armv7-m/crtbegin.o
 *(SORT(.fini_array.*))
                0x00004a70                __fini_array_end = .
                0x00004a70                . = ALIGN (0x4)
 *crtbegin.o(.ctors)
 *(EXCLUDE_FILE(*crtend.o) .ctors)
 *(SORT(.ctors.*))
 *crtend.o(.ctors)
                0x00004a70                . = ALIGN (0x4)
 *crtbegin.o(.dtors)
 *(EXCLUDE_FILE(*crtend.o) .dtors)
 *(SORT(.dtors.*))
 *crtend.o(.dtors)
                0x00004a70                . = ALIGN (0x4)
                0x00004a70                __cy_regions = .
                0x00004a70        0x4 LONG 0x4a80 __cy_region_init_ram
                0x00004a74        0x4 LONG 0x1fff80c8 __cy_region_start_data
                0x00004a78        0x4 LONG 0x2c0 __cy_region_init_size_ram
                0x00004a7c        0x4 LONG 0x60 __cy_region_zero_size_ram
                0x00004a80                __cy_regions_end = .
                0x00004a80                . = ALIGN (0x8)
                0x00004a80                _etext = .

.cy_checksum_exclude
                0x00004a80        0x0
 *(.cy_checksum_exclude)

.ramvectors     0x1fff8000       0xc0
                0x1fff8000                __cy_region_start_ram = .
 *(.ramvectors)
 .ramvectors    0x1fff8000       0xc0 .\CortexM3\ARM_GCC_541\Debug\Cm3Start.o
                0x1fff8000                CyRamVectors

.noinit         0x1fff80c0        0x1
 *(.noinit)
 .noinit        0x1fff80c0        0x1 .\CortexM3\ARM_GCC_541\Debug\AntennaRotator.a(CyLib.o)
                0x1fff80c0                CyResetStatus

.data           0x1fff80c8      0x2c0 load address 0x00004a80
                0x1fff80c8                __cy_region_start_data = .
 *(.jcr)
 .jcr           0x1fff80c8        0x0 c:/program files (x86)/cypress/psoc creator/4.4/psoc creator/import/gnu/arm/5.4.1/bin/../lib/gcc/arm-none-eabi/5.4.1/armv7-m/crtbegin.o
 .jcr           0x1fff80c8        0x4 c:/program files (x86)/cypress/psoc creator/4.4/psoc creator/import/gnu/arm/5.4.1/bin/../lib/gcc/arm-none-eabi/5.4.1/armv7-m/crtend.o
 *(.got.plt)
 *(.got)
 *(.shdata)
 *(.data .data.* .gnu.linkonce.d.*)
 .data          0x1fff80cc      0x201 .\CortexM3\ARM_GCC_541\Debug\ssd1306.o
 *fill*         0x1fff82cd        0x3 
 .data          0x1fff82d0        0x4 .\CortexM3\ARM_GCC_541\Debug\Cm3Start.o
 .data          0x1fff82d4       0x10 .\CortexM3\ARM_GCC_541\Debug\AntennaRotator.a(CyLib.o)
                0x1fff82d4                cydelay_32k_ms
                0x1fff82d8                cydelay_freq_khz
                0x1fff82dc                cydelay_freq_mhz
                0x1fff82e0                cydelay_freq_hz
 .data.__ctype_ptr__
                0x1fff82e4        0x4 c:/program files (x86)/cypress/psoc creator/4.4/psoc creator/import/gnu/arm/5.4.1/bin/../lib/gcc/arm-none-eabi/5.4.1/../../../../arm-none-eabi/lib/armv7-m\libg_nano.a(lib_a-ctype_.o)
                0x1fff82e4                __ctype_ptr__
 .data.impure_data
                0x1fff82e8       0x60 c:/program files (x86)/cypress/psoc creator/4.4/psoc creator/import/gnu/arm/5.4.1/bin/../lib/gcc/arm-none-eabi/5.4.1/../../../../arm-none-eabi/lib/armv7-m\libg_nano.a(lib_a-impure.o)
 .data._impure_ptr
                0x1fff8348        0x4 c:/program files (x86)/cypress/psoc creator/4.4/psoc creator/import/gnu/arm/5.4.1/bin/../lib/gcc/arm-none-eabi/5.4.1/../../../../arm-none-eabi/lib/armv7-m\libg_nano.a(lib_a-impure.o)
                0x1fff8348                _impure_ptr
 .data.lconv    0x1fff834c       0x38 c:/program files (x86)/cypress/psoc creator/4.4/psoc creator/import/gnu/arm/5.4.1/bin/../lib/gcc/arm-none-eabi/5.4.1/../../../../arm-none-eabi/lib/armv7-m\libg_nano.a(lib_a-locale.o)
                0x1fff8388                . = ALIGN (0x8)
 *fill*         0x1fff8384        0x4 
 *(.ram)
                0x1fff8388                _edata = .

.igot.plt       0x1fff8388        0x0 load address 0x00004d40
 .igot.plt      0x1fff8388        0x0 c:/program files (x86)/cypress/psoc creator/4.4/psoc creator/import/gnu/arm/5.4.1/bin/../lib/gcc/arm-none-eabi/5.4.1/armv7-m/crtbegin.o

.bss            0x1fff8388       0x60 load address 0x00004d40
                0x1fff8388                PROVIDE (__bss_start__, .)
 *(.shbss)
 *(.bss .bss.* .gnu.linkonce.b.*)
 .bss           0x1fff8388       0x1c c:/program files (x86)/cypress/psoc creator/4.4/psoc creator/import/gnu/arm/5.4.1/bin/../lib/gcc/arm-none-eabi/5.4.1/armv7-m/crtbegin.o
 .bss           0x1fff83a4       0x10 .\CortexM3\ARM_GCC_541\Debug\ssd1306.o
 .bss           0x1fff83b4        0x2 .\CortexM3\ARM_GCC_541\Debug\AntennaRotator.a(UART.o)
                0x1fff83b4                UART_initVar
 .bss           0x1fff83b6        0x1 .\CortexM3\ARM_GCC_541\Debug\AntennaRotator.a(I2C_OLED.o)
                0x1fff83b6                I2C_OLED_initVar
 .bss           0x1fff83b7        0x1 .\CortexM3\ARM_GCC_541\Debug\AntennaRotator.a(ADC_SAR_1.o)
                0x1fff83b7                ADC_SAR_1_initVar
 .bss.__malloc_sbrk_start
                0x1fff83b8        0x4 c:/program files (x86)/cypress/psoc creator/4.4/psoc creator/import/gnu/arm/5.4.1/bin/../lib/gcc/arm-none-eabi/5.4.1/../../../../arm-none-eabi/lib/armv7-m\libg_nano.a(lib_a-nano-mallocr.o)
                0x1fff83b8                __malloc_sbrk_start
 .bss.__malloc_free_list
                0x1fff83bc        0x4 c:/program files (x86)/cypress/psoc creator/4.4/psoc creator/import/gnu/arm/5.4.1/bin/../lib/gcc/arm-none-eabi/5.4.1/../../../../arm-none-eabi/lib/armv7-m\libg_nano.a(lib_a-nano-mallocr.o)
                0x1fff83bc                __malloc_free_list
 *(COMMON)
 COMMON         0x1fff83c0        0x7 .\CortexM3\ARM_GCC_541\Debug\ssd1306.o
                0x1fff83c0                WIDTH
                0x1fff83c2                rotation
                0x1fff83c4                HEIGHT
                0x1fff83c6                wrap
 COMMON         0x1fff83c7        0x1 .\CortexM3\ARM_GCC_541\Debug\AntennaRotator.a(I2C_OLED.o)
                0x1fff83c7                I2C_OLED_state
 COMMON         0x1fff83c8        0xe .\CortexM3\ARM_GCC_541\Debug\AntennaRotator.a(I2C_OLED_MASTER.o)
                0x1fff83c8                I2C_OLED_mstrRdBufPtr
                0x1fff83cc                I2C_OLED_mstrWrBufPtr
                0x1fff83d0                I2C_OLED_mstrControl
                0x1fff83d1                I2C_OLED_mstrRdBufIndex
                0x1fff83d2                I2C_OLED_mstrWrBufIndex
                0x1fff83d3                I2C_OLED_mstrRdBufSize
                0x1fff83d4                I2C_OLED_mstrStatus
                0x1fff83d5                I2C_OLED_mstrWrBufSize
 *fill*         0x1fff83d6        0x2 
 COMMON         0x1fff83d8        0xa .\CortexM3\ARM_GCC_541\Debug\AntennaRotator.a(ADC_SAR_1.o)
                0x1fff83d8                ADC_SAR_1_countsPerVolt
                0x1fff83da                ADC_SAR_1_shift
                0x1fff83dc                ADC_SAR_1_countsPer10Volt
                0x1fff83e0                ADC_SAR_1_offset
 *fill*         0x1fff83e2        0x2 
 COMMON         0x1fff83e4        0x4 c:/program files (x86)/cypress/psoc creator/4.4/psoc creator/import/gnu/arm/5.4.1/bin/../lib/gcc/arm-none-eabi/5.4.1/../../../../arm-none-eabi/lib/armv7-m\libg_nano.a(lib_a-reent.o)
                0x1fff83e4                errno
                0x1fff83e8                . = ALIGN (0x8)
 *(.ram.b)
                0x1fff83e8                _end = .
                0x1fff83e8                __end = .
                0x1fff83e8                PROVIDE (end, .)
                0x1fff83e8                PROVIDE (__bss_end__, .)
                0x00004a80                __cy_region_init_ram = LOADADDR (.data)
                0x000002c0                __cy_region_init_size_ram = (_edata - ADDR (.data))
                0x00000060                __cy_region_zero_size_ram = (_end - _edata)

.heap           0x1fff83e8       0x80 load address 0x00004d40
                0x1fff83e8                . = _end
                0x1fff8468                . = (. + 0x80)
 *fill*         0x1fff83e8       0x80 
                0x1fff8468                __cy_heap_limit = .

.stack          0x20007800      0x800
                0x20007800                __cy_stack_limit = .
                0x20008000                . = (. + 0x800)
 *fill*         0x20007800      0x800 
                0x00000001                ASSERT ((__cy_stack_limit >= __cy_heap_limit), region RAM overflowed with stack)
                0x00000000                cy_checksum_exclude_size = (CY_APPL_LOADABLE == 0x1)?SIZEOF (.cy_checksum_exclude):0x0
                0x00000001                ASSERT ((cy_checksum_exclude_size <= CY_CHECKSUM_EXCLUDE_SIZE), CY_BOOT: Section .cy_checksum_exclude size exceedes specified limit.)

.cyloadermeta
 *(.cyloadermeta)

.cyloadablemeta
 *(.cyloadablemeta)

.cyconfigecc    0x80000000      0x3dc
 *(.cyconfigecc)
 .cyconfigecc   0x80000000      0x3dc .\CortexM3\ARM_GCC_541\Debug\cymetadata.o
                0x80000000                cy_meta_configecc

.cycustnvl      0x90000000        0x4
 *(.cycustnvl)
 .cycustnvl     0x90000000        0x4 .\CortexM3\ARM_GCC_541\Debug\cymetadata.o
                0x90000000                cy_meta_custnvl

.cywolatch      0x90100000        0x4
 *(.cywolatch)
 .cywolatch     0x90100000        0x4 .\CortexM3\ARM_GCC_541\Debug\cymetadata.o
                0x90100000                cy_meta_wonvl

.cyeeprom       0x90200000        0x0
 *(.cyeeprom)
                0x00000001                ASSERT ((. <= ((0x90200000 + ee_offset) + ee_size)), .cyeeprom data will not fit in EEPROM)

.cyflashprotect
                0x90400000      0x100
 *(.cyflashprotect)
 .cyflashprotect
                0x90400000      0x100 .\CortexM3\ARM_GCC_541\Debug\cymetadata.o
                0x90400000                cy_meta_flashprotect

.cymeta         0x90500000        0xc
 *(.cymeta)
 .cymeta        0x90500000        0xc .\CortexM3\ARM_GCC_541\Debug\cymetadata.o
                0x90500000                cy_metadata

.rel.dyn        0x00004d40        0x0 load address 0x9050000c
 .rel.iplt      0x00004d40        0x0 c:/program files (x86)/cypress/psoc creator/4.4/psoc creator/import/gnu/arm/5.4.1/bin/../lib/gcc/arm-none-eabi/5.4.1/armv7-m/crtbegin.o

.stab
 *(.stab)

.stabstr
 *(.stabstr)

.debug
 *(.debug)

.line
 *(.line)

.debug_srcinfo
 *(.debug_srcinfo)

.debug_sfnames
 *(.debug_sfnames)

.debug_aranges  0x00000000      0xb68
 *(.debug_aranges)
 .debug_aranges
                0x00000000       0x40 .\CortexM3\ARM_GCC_541\Debug\main.o
 .debug_aranges
                0x00000040      0x118 .\CortexM3\ARM_GCC_541\Debug\ssd1306.o
 .debug_aranges
                0x00000158       0x28 .\CortexM3\ARM_GCC_541\Debug\RotatorHorizon.o
 .debug_aranges
                0x00000180       0x58 .\CortexM3\ARM_GCC_541\Debug\cyfitter_cfg.o
 .debug_aranges
                0x000001d8       0x18 .\CortexM3\ARM_GCC_541\Debug\cymetadata.o
 .debug_aranges
                0x000001f0       0x48 .\CortexM3\ARM_GCC_541\Debug\Cm3Start.o
 .debug_aranges
                0x00000238       0x38 .\CortexM3\ARM_GCC_541\Debug\AntennaRotator.a(LED_Pin.o)
 .debug_aranges
                0x00000270      0x2a0 .\CortexM3\ARM_GCC_541\Debug\AntennaRotator.a(CyLib.o)
 .debug_aranges
                0x00000510       0x98 .\CortexM3\ARM_GCC_541\Debug\AntennaRotator.a(cyPm.o)
 .debug_aranges
                0x000005a8       0x38 .\CortexM3\ARM_GCC_541\Debug\AntennaRotator.a(SW_UP_Pin.o)
 .debug_aranges
                0x000005e0       0x38 .\CortexM3\ARM_GCC_541\Debug\AntennaRotator.a(SW_DOWN_Pin.o)
 .debug_aranges
                0x00000618       0x38 .\CortexM3\ARM_GCC_541\Debug\AntennaRotator.a(SW_LEFT_Pin.o)
 .debug_aranges
                0x00000650       0x38 .\CortexM3\ARM_GCC_541\Debug\AntennaRotator.a(SW_RIGHT_Pin.o)
 .debug_aranges
                0x00000688       0xf0 .\CortexM3\ARM_GCC_541\Debug\AntennaRotator.a(UART.o)
 .debug_aranges
                0x00000778       0x70 .\CortexM3\ARM_GCC_541\Debug\AntennaRotator.a(UART_IntClock.o)
 .debug_aranges
                0x000007e8       0x38 .\CortexM3\ARM_GCC_541\Debug\AntennaRotator.a(I2C_OLED.o)
 .debug_aranges
                0x00000820       0x20 .\CortexM3\ARM_GCC_541\Debug\AntennaRotator.a(I2C_OLED_INT.o)
 .debug_aranges
                0x00000840       0x38 .\CortexM3\ARM_GCC_541\Debug\AntennaRotator.a(I2C_OLED_PM.o)
 .debug_aranges
                0x00000878       0x80 .\CortexM3\ARM_GCC_541\Debug\AntennaRotator.a(I2C_OLED_MASTER.o)
 .debug_aranges
                0x000008f8       0xa8 .\CortexM3\ARM_GCC_541\Debug\AntennaRotator.a(ADC_SAR_1.o)
 .debug_aranges
                0x000009a0       0x20 .\CortexM3\ARM_GCC_541\Debug\AntennaRotator.a(ADC_SAR_1_INT.o)
 .debug_aranges
                0x000009c0       0x80 .\CortexM3\ARM_GCC_541\Debug\AntennaRotator.a(ADC_SAR_1_theACLK.o)
 .debug_aranges
                0x00000a40       0x20 .\CortexM3\ARM_GCC_541\Debug\AntennaRotator.a(CyBootAsmGnu.o)
 .debug_aranges
                0x00000a60       0x88 .\CortexM3\ARM_GCC_541\Debug\AntennaRotator.a(CyFlash.o)
 .debug_aranges
                0x00000ae8       0x80 .\CortexM3\ARM_GCC_541\Debug\AntennaRotator.a(CySpc.o)

.debug_pubnames
 *(.debug_pubnames)

.debug_info     0x00000000     0x74b6
 *(.debug_info .gnu.linkonce.wi.*)
 .debug_info    0x00000000      0x8b9 .\CortexM3\ARM_GCC_541\Debug\main.o
 .debug_info    0x000008b9     0x132d .\CortexM3\ARM_GCC_541\Debug\ssd1306.o
 .debug_info    0x00001be6      0x248 .\CortexM3\ARM_GCC_541\Debug\RotatorHorizon.o
 .debug_info    0x00001e2e      0x63c .\CortexM3\ARM_GCC_541\Debug\cyfitter_cfg.o
 .debug_info    0x0000246a      0x135 .\CortexM3\ARM_GCC_541\Debug\cymetadata.o
 .debug_info    0x0000259f      0x3bb .\CortexM3\ARM_GCC_541\Debug\Cm3Start.o
 .debug_info    0x0000295a      0x11f .\CortexM3\ARM_GCC_541\Debug\AntennaRotator.a(LED_Pin.o)
 .debug_info    0x00002a79     0x1374 .\CortexM3\ARM_GCC_541\Debug\AntennaRotator.a(CyLib.o)
 .debug_info    0x00003ded      0xa2a .\CortexM3\ARM_GCC_541\Debug\AntennaRotator.a(cyPm.o)
 .debug_info    0x00004817      0x11f .\CortexM3\ARM_GCC_541\Debug\AntennaRotator.a(SW_UP_Pin.o)
 .debug_info    0x00004936      0x11f .\CortexM3\ARM_GCC_541\Debug\AntennaRotator.a(SW_DOWN_Pin.o)
 .debug_info    0x00004a55      0x11f .\CortexM3\ARM_GCC_541\Debug\AntennaRotator.a(SW_LEFT_Pin.o)
 .debug_info    0x00004b74      0x11f .\CortexM3\ARM_GCC_541\Debug\AntennaRotator.a(SW_RIGHT_Pin.o)
 .debug_info    0x00004c93      0x60c .\CortexM3\ARM_GCC_541\Debug\AntennaRotator.a(UART.o)
 .debug_info    0x0000529f      0x283 .\CortexM3\ARM_GCC_541\Debug\AntennaRotator.a(UART_IntClock.o)
 .debug_info    0x00005522      0x2ad .\CortexM3\ARM_GCC_541\Debug\AntennaRotator.a(I2C_OLED.o)
 .debug_info    0x000057cf      0x184 .\CortexM3\ARM_GCC_541\Debug\AntennaRotator.a(I2C_OLED_INT.o)
 .debug_info    0x00005953      0x207 .\CortexM3\ARM_GCC_541\Debug\AntennaRotator.a(I2C_OLED_PM.o)
 .debug_info    0x00005b5a      0x407 .\CortexM3\ARM_GCC_541\Debug\AntennaRotator.a(I2C_OLED_MASTER.o)
 .debug_info    0x00005f61      0x5c0 .\CortexM3\ARM_GCC_541\Debug\AntennaRotator.a(ADC_SAR_1.o)
 .debug_info    0x00006521       0x92 .\CortexM3\ARM_GCC_541\Debug\AntennaRotator.a(ADC_SAR_1_INT.o)
 .debug_info    0x000065b3      0x2c4 .\CortexM3\ARM_GCC_541\Debug\AntennaRotator.a(ADC_SAR_1_theACLK.o)
 .debug_info    0x00006877       0xa2 .\CortexM3\ARM_GCC_541\Debug\AntennaRotator.a(CyBootAsmGnu.o)
 .debug_info    0x00006919      0x64d .\CortexM3\ARM_GCC_541\Debug\AntennaRotator.a(CyFlash.o)
 .debug_info    0x00006f66      0x550 .\CortexM3\ARM_GCC_541\Debug\AntennaRotator.a(CySpc.o)

.debug_abbrev   0x00000000     0x1d50
 *(.debug_abbrev)
 .debug_abbrev  0x00000000      0x1f3 .\CortexM3\ARM_GCC_541\Debug\main.o
 .debug_abbrev  0x000001f3      0x291 .\CortexM3\ARM_GCC_541\Debug\ssd1306.o
 .debug_abbrev  0x00000484       0x9c .\CortexM3\ARM_GCC_541\Debug\RotatorHorizon.o
 .debug_abbrev  0x00000520      0x20d .\CortexM3\ARM_GCC_541\Debug\cyfitter_cfg.o
 .debug_abbrev  0x0000072d       0x66 .\CortexM3\ARM_GCC_541\Debug\cymetadata.o
 .debug_abbrev  0x00000793      0x1e8 .\CortexM3\ARM_GCC_541\Debug\Cm3Start.o
 .debug_abbrev  0x0000097b       0x90 .\CortexM3\ARM_GCC_541\Debug\AntennaRotator.a(LED_Pin.o)
 .debug_abbrev  0x00000a0b      0x254 .\CortexM3\ARM_GCC_541\Debug\AntennaRotator.a(CyLib.o)
 .debug_abbrev  0x00000c5f      0x1ab .\CortexM3\ARM_GCC_541\Debug\AntennaRotator.a(cyPm.o)
 .debug_abbrev  0x00000e0a       0x90 .\CortexM3\ARM_GCC_541\Debug\AntennaRotator.a(SW_UP_Pin.o)
 .debug_abbrev  0x00000e9a       0x90 .\CortexM3\ARM_GCC_541\Debug\AntennaRotator.a(SW_DOWN_Pin.o)
 .debug_abbrev  0x00000f2a       0x90 .\CortexM3\ARM_GCC_541\Debug\AntennaRotator.a(SW_LEFT_Pin.o)
 .debug_abbrev  0x00000fba       0x90 .\CortexM3\ARM_GCC_541\Debug\AntennaRotator.a(SW_RIGHT_Pin.o)
 .debug_abbrev  0x0000104a      0x175 .\CortexM3\ARM_GCC_541\Debug\AntennaRotator.a(UART.o)
 .debug_abbrev  0x000011bf      0x139 .\CortexM3\ARM_GCC_541\Debug\AntennaRotator.a(UART_IntClock.o)
 .debug_abbrev  0x000012f8      0x10a .\CortexM3\ARM_GCC_541\Debug\AntennaRotator.a(I2C_OLED.o)
 .debug_abbrev  0x00001402       0xb6 .\CortexM3\ARM_GCC_541\Debug\AntennaRotator.a(I2C_OLED_INT.o)
 .debug_abbrev  0x000014b8       0xfe .\CortexM3\ARM_GCC_541\Debug\AntennaRotator.a(I2C_OLED_PM.o)
 .debug_abbrev  0x000015b6      0x13c .\CortexM3\ARM_GCC_541\Debug\AntennaRotator.a(I2C_OLED_MASTER.o)
 .debug_abbrev  0x000016f2      0x1ac .\CortexM3\ARM_GCC_541\Debug\AntennaRotator.a(ADC_SAR_1.o)
 .debug_abbrev  0x0000189e       0x42 .\CortexM3\ARM_GCC_541\Debug\AntennaRotator.a(ADC_SAR_1_INT.o)
 .debug_abbrev  0x000018e0      0x121 .\CortexM3\ARM_GCC_541\Debug\AntennaRotator.a(ADC_SAR_1_theACLK.o)
 .debug_abbrev  0x00001a01       0x14 .\CortexM3\ARM_GCC_541\Debug\AntennaRotator.a(CyBootAsmGnu.o)
 .debug_abbrev  0x00001a15      0x1a7 .\CortexM3\ARM_GCC_541\Debug\AntennaRotator.a(CyFlash.o)
 .debug_abbrev  0x00001bbc      0x194 .\CortexM3\ARM_GCC_541\Debug\AntennaRotator.a(CySpc.o)

.debug_line     0x00000000     0x3128
 *(.debug_line)
 .debug_line    0x00000000      0x3a3 .\CortexM3\ARM_GCC_541\Debug\main.o
 .debug_line    0x000003a3      0x610 .\CortexM3\ARM_GCC_541\Debug\ssd1306.o
 .debug_line    0x000009b3      0x18f .\CortexM3\ARM_GCC_541\Debug\RotatorHorizon.o
 .debug_line    0x00000b42      0x200 .\CortexM3\ARM_GCC_541\Debug\cyfitter_cfg.o
 .debug_line    0x00000d42      0x141 .\CortexM3\ARM_GCC_541\Debug\cymetadata.o
 .debug_line    0x00000e83      0x234 .\CortexM3\ARM_GCC_541\Debug\Cm3Start.o
 .debug_line    0x000010b7       0x94 .\CortexM3\ARM_GCC_541\Debug\AntennaRotator.a(LED_Pin.o)
 .debug_line    0x0000114b      0x816 .\CortexM3\ARM_GCC_541\Debug\AntennaRotator.a(CyLib.o)
 .debug_line    0x00001961      0x367 .\CortexM3\ARM_GCC_541\Debug\AntennaRotator.a(cyPm.o)
 .debug_line    0x00001cc8       0x96 .\CortexM3\ARM_GCC_541\Debug\AntennaRotator.a(SW_UP_Pin.o)
 .debug_line    0x00001d5e       0x98 .\CortexM3\ARM_GCC_541\Debug\AntennaRotator.a(SW_DOWN_Pin.o)
 .debug_line    0x00001df6       0x98 .\CortexM3\ARM_GCC_541\Debug\AntennaRotator.a(SW_LEFT_Pin.o)
 .debug_line    0x00001e8e       0x99 .\CortexM3\ARM_GCC_541\Debug\AntennaRotator.a(SW_RIGHT_Pin.o)
 .debug_line    0x00001f27      0x2bc .\CortexM3\ARM_GCC_541\Debug\AntennaRotator.a(UART.o)
 .debug_line    0x000021e3      0x17c .\CortexM3\ARM_GCC_541\Debug\AntennaRotator.a(UART_IntClock.o)
 .debug_line    0x0000235f       0xe8 .\CortexM3\ARM_GCC_541\Debug\AntennaRotator.a(I2C_OLED.o)
 .debug_line    0x00002447      0x11e .\CortexM3\ARM_GCC_541\Debug\AntennaRotator.a(I2C_OLED_INT.o)
 .debug_line    0x00002565       0xc5 .\CortexM3\ARM_GCC_541\Debug\AntennaRotator.a(I2C_OLED_PM.o)
 .debug_line    0x0000262a      0x207 .\CortexM3\ARM_GCC_541\Debug\AntennaRotator.a(I2C_OLED_MASTER.o)
 .debug_line    0x00002831      0x21e .\CortexM3\ARM_GCC_541\Debug\AntennaRotator.a(ADC_SAR_1.o)
 .debug_line    0x00002a4f       0x56 .\CortexM3\ARM_GCC_541\Debug\AntennaRotator.a(ADC_SAR_1_INT.o)
 .debug_line    0x00002aa5      0x1a3 .\CortexM3\ARM_GCC_541\Debug\AntennaRotator.a(ADC_SAR_1_theACLK.o)
 .debug_line    0x00002c48       0x66 .\CortexM3\ARM_GCC_541\Debug\AntennaRotator.a(CyBootAsmGnu.o)
 .debug_line    0x00002cae      0x21a .\CortexM3\ARM_GCC_541\Debug\AntennaRotator.a(CyFlash.o)
 .debug_line    0x00002ec8      0x260 .\CortexM3\ARM_GCC_541\Debug\AntennaRotator.a(CySpc.o)

.debug_frame    0x00000000     0x2530
 *(.debug_frame)
 .debug_frame   0x00000000       0x98 .\CortexM3\ARM_GCC_541\Debug\main.o
 .debug_frame   0x00000098      0x3d0 .\CortexM3\ARM_GCC_541\Debug\ssd1306.o
 .debug_frame   0x00000468       0x48 .\CortexM3\ARM_GCC_541\Debug\RotatorHorizon.o
 .debug_frame   0x000004b0       0xe4 .\CortexM3\ARM_GCC_541\Debug\cyfitter_cfg.o
 .debug_frame   0x00000594       0xb8 .\CortexM3\ARM_GCC_541\Debug\Cm3Start.o
 .debug_frame   0x0000064c       0x50 .\CortexM3\ARM_GCC_541\Debug\AntennaRotator.a(LED_Pin.o)
 .debug_frame   0x0000069c      0x738 .\CortexM3\ARM_GCC_541\Debug\AntennaRotator.a(CyLib.o)
 .debug_frame   0x00000dd4      0x1f8 .\CortexM3\ARM_GCC_541\Debug\AntennaRotator.a(cyPm.o)
 .debug_frame   0x00000fcc       0x50 .\CortexM3\ARM_GCC_541\Debug\AntennaRotator.a(SW_UP_Pin.o)
 .debug_frame   0x0000101c       0x50 .\CortexM3\ARM_GCC_541\Debug\AntennaRotator.a(SW_DOWN_Pin.o)
 .debug_frame   0x0000106c       0x50 .\CortexM3\ARM_GCC_541\Debug\AntennaRotator.a(SW_LEFT_Pin.o)
 .debug_frame   0x000010bc       0x50 .\CortexM3\ARM_GCC_541\Debug\AntennaRotator.a(SW_RIGHT_Pin.o)
 .debug_frame   0x0000110c      0x250 .\CortexM3\ARM_GCC_541\Debug\AntennaRotator.a(UART.o)
 .debug_frame   0x0000135c       0xe0 .\CortexM3\ARM_GCC_541\Debug\AntennaRotator.a(UART_IntClock.o)
 .debug_frame   0x0000143c       0x94 .\CortexM3\ARM_GCC_541\Debug\AntennaRotator.a(I2C_OLED.o)
 .debug_frame   0x000014d0       0x30 .\CortexM3\ARM_GCC_541\Debug\AntennaRotator.a(I2C_OLED_INT.o)
 .debug_frame   0x00001500       0x74 .\CortexM3\ARM_GCC_541\Debug\AntennaRotator.a(I2C_OLED_PM.o)
 .debug_frame   0x00001574      0x138 .\CortexM3\ARM_GCC_541\Debug\AntennaRotator.a(I2C_OLED_MASTER.o)
 .debug_frame   0x000016ac      0x1b0 .\CortexM3\ARM_GCC_541\Debug\AntennaRotator.a(ADC_SAR_1.o)
 .debug_frame   0x0000185c       0x20 .\CortexM3\ARM_GCC_541\Debug\AntennaRotator.a(ADC_SAR_1_INT.o)
 .debug_frame   0x0000187c      0x100 .\CortexM3\ARM_GCC_541\Debug\AntennaRotator.a(ADC_SAR_1_theACLK.o)
 .debug_frame   0x0000197c      0x194 .\CortexM3\ARM_GCC_541\Debug\AntennaRotator.a(CyFlash.o)
 .debug_frame   0x00001b10      0x180 .\CortexM3\ARM_GCC_541\Debug\AntennaRotator.a(CySpc.o)
 .debug_frame   0x00001c90       0x44 c:/program files (x86)/cypress/psoc creator/4.4/psoc creator/import/gnu/arm/5.4.1/bin/../lib/gcc/arm-none-eabi/5.4.1/armv7-m\libgcc.a(_aeabi_ldivmod.o)
 .debug_frame   0x00001cd4       0x38 c:/program files (x86)/cypress/psoc creator/4.4/psoc creator/import/gnu/arm/5.4.1/bin/../lib/gcc/arm-none-eabi/5.4.1/armv7-m\libgcc.a(_udivmoddi4.o)
 .debug_frame   0x00001d0c       0x20 c:/program files (x86)/cypress/psoc creator/4.4/psoc creator/import/gnu/arm/5.4.1/bin/../lib/gcc/arm-none-eabi/5.4.1/../../../../arm-none-eabi/lib/armv7-m\libg_nano.a(lib_a-errno.o)
 .debug_frame   0x00001d2c       0x28 c:/program files (x86)/cypress/psoc creator/4.4/psoc creator/import/gnu/arm/5.4.1/bin/../lib/gcc/arm-none-eabi/5.4.1/../../../../arm-none-eabi/lib/armv7-m\libg_nano.a(lib_a-exit.o)
 .debug_frame   0x00001d54       0x2c c:/program files (x86)/cypress/psoc creator/4.4/psoc creator/import/gnu/arm/5.4.1/bin/../lib/gcc/arm-none-eabi/5.4.1/../../../../arm-none-eabi/lib/armv7-m\libg_nano.a(lib_a-init.o)
 .debug_frame   0x00001d80       0x28 c:/program files (x86)/cypress/psoc creator/4.4/psoc creator/import/gnu/arm/5.4.1/bin/../lib/gcc/arm-none-eabi/5.4.1/../../../../arm-none-eabi/lib/armv7-m\libg_nano.a(lib_a-memcpy-stub.o)
 .debug_frame   0x00001da8       0x20 c:/program files (x86)/cypress/psoc creator/4.4/psoc creator/import/gnu/arm/5.4.1/bin/../lib/gcc/arm-none-eabi/5.4.1/../../../../arm-none-eabi/lib/armv7-m\libg_nano.a(lib_a-memset.o)
 .debug_frame   0x00001dc8       0x8c c:/program files (x86)/cypress/psoc creator/4.4/psoc creator/import/gnu/arm/5.4.1/bin/../lib/gcc/arm-none-eabi/5.4.1/../../../../arm-none-eabi/lib/armv7-m\libg_nano.a(lib_a-nano-vfprintf_float.o)
 .debug_frame   0x00001e54       0x60 c:/program files (x86)/cypress/psoc creator/4.4/psoc creator/import/gnu/arm/5.4.1/bin/../lib/gcc/arm-none-eabi/5.4.1/../../../../arm-none-eabi/lib/armv7-m\libg_nano.a(lib_a-nano-vfprintf_i.o)
 .debug_frame   0x00001eb4       0x70 c:/program files (x86)/cypress/psoc creator/4.4/psoc creator/import/gnu/arm/5.4.1/bin/../lib/gcc/arm-none-eabi/5.4.1/../../../../arm-none-eabi/lib/armv7-m\libg_nano.a(lib_a-sprintf.o)
 .debug_frame   0x00001f24       0x20 c:/program files (x86)/cypress/psoc creator/4.4/psoc creator/import/gnu/arm/5.4.1/bin/../lib/gcc/arm-none-eabi/5.4.1/../../../../arm-none-eabi/lib/armv7-m\libg_nano.a(lib_a-strcmp.o)
 .debug_frame   0x00001f44       0x6c c:/program files (x86)/cypress/psoc creator/4.4/psoc creator/import/gnu/arm/5.4.1/bin/../lib/gcc/arm-none-eabi/5.4.1/../../../../arm-none-eabi/lib/armv7-m\libg_nano.a(lib_a-dtoa.o)
 .debug_frame   0x00001fb0       0x98 c:/program files (x86)/cypress/psoc creator/4.4/psoc creator/import/gnu/arm/5.4.1/bin/../lib/gcc/arm-none-eabi/5.4.1/../../../../arm-none-eabi/lib/armv7-m\libg_nano.a(lib_a-locale.o)
 .debug_frame   0x00002048       0x30 c:/program files (x86)/cypress/psoc creator/4.4/psoc creator/import/gnu/arm/5.4.1/bin/../lib/gcc/arm-none-eabi/5.4.1/../../../../arm-none-eabi/lib/armv7-m\libg_nano.a(lib_a-malloc.o)
 .debug_frame   0x00002078       0x28 c:/program files (x86)/cypress/psoc creator/4.4/psoc creator/import/gnu/arm/5.4.1/bin/../lib/gcc/arm-none-eabi/5.4.1/../../../../arm-none-eabi/lib/armv7-m\libg_nano.a(lib_a-memchr-stub.o)
 .debug_frame   0x000020a0      0x234 c:/program files (x86)/cypress/psoc creator/4.4/psoc creator/import/gnu/arm/5.4.1/bin/../lib/gcc/arm-none-eabi/5.4.1/../../../../arm-none-eabi/lib/armv7-m\libg_nano.a(lib_a-mprec.o)
 .debug_frame   0x000022d4       0x2c c:/program files (x86)/cypress/psoc creator/4.4/psoc creator/import/gnu/arm/5.4.1/bin/../lib/gcc/arm-none-eabi/5.4.1/../../../../arm-none-eabi/lib/armv7-m\libg_nano.a(lib_a-nano-callocr.o)
 .debug_frame   0x00002300       0x38 c:/program files (x86)/cypress/psoc creator/4.4/psoc creator/import/gnu/arm/5.4.1/bin/../lib/gcc/arm-none-eabi/5.4.1/../../../../arm-none-eabi/lib/armv7-m\libg_nano.a(lib_a-nano-freer.o)
 .debug_frame   0x00002338       0x2c c:/program files (x86)/cypress/psoc creator/4.4/psoc creator/import/gnu/arm/5.4.1/bin/../lib/gcc/arm-none-eabi/5.4.1/../../../../arm-none-eabi/lib/armv7-m\libg_nano.a(lib_a-nano-mallocr.o)
 .debug_frame   0x00002364       0x90 c:/program files (x86)/cypress/psoc creator/4.4/psoc creator/import/gnu/arm/5.4.1/bin/../lib/gcc/arm-none-eabi/5.4.1/../../../../arm-none-eabi/lib/armv7-m\libg_nano.a(lib_a-nano-svfprintf.o)
 .debug_frame   0x000023f4       0x2c c:/program files (x86)/cypress/psoc creator/4.4/psoc creator/import/gnu/arm/5.4.1/bin/../lib/gcc/arm-none-eabi/5.4.1/../../../../arm-none-eabi/lib/armv7-m\libg_nano.a(lib_a-sbrkr.o)
 .debug_frame   0x00002420       0x28 c:/program files (x86)/cypress/psoc creator/4.4/psoc creator/import/gnu/arm/5.4.1/bin/../lib/gcc/arm-none-eabi/5.4.1/../../../../arm-none-eabi/lib/armv7-m\libg_nano.a(lib_a-memmove.o)
 .debug_frame   0x00002448       0x30 c:/program files (x86)/cypress/psoc creator/4.4/psoc creator/import/gnu/arm/5.4.1/bin/../lib/gcc/arm-none-eabi/5.4.1/../../../../arm-none-eabi/lib/armv7-m\libg_nano.a(lib_a-mlock.o)
 .debug_frame   0x00002478       0x3c c:/program files (x86)/cypress/psoc creator/4.4/psoc creator/import/gnu/arm/5.4.1/bin/../lib/gcc/arm-none-eabi/5.4.1/../../../../arm-none-eabi/lib/armv7-m\libg_nano.a(lib_a-nano-reallocr.o)
 .debug_frame   0x000024b4       0x5c c:/program files (x86)/cypress/psoc creator/4.4/psoc creator/import/gnu/arm/5.4.1/bin/../lib/gcc/arm-none-eabi/5.4.1/../../../../arm-none-eabi/lib/armv7-m\libg_nano.a(lib_a-reent.o)
 .debug_frame   0x00002510       0x20 c:/program files (x86)/cypress/psoc creator/4.4/psoc creator/import/gnu/arm/5.4.1/bin/../lib/gcc/arm-none-eabi/5.4.1/../../../../arm-none-eabi/lib/armv7-m\libg_nano.a(lib_a-nano-msizer.o)

.debug_str      0x00000000     0x265a
 *(.debug_str)
 .debug_str     0x00000000      0x312 .\CortexM3\ARM_GCC_541\Debug\main.o
                                0x35f (size before relaxing)
 .debug_str     0x00000312      0x441 .\CortexM3\ARM_GCC_541\Debug\ssd1306.o
                                0x66c (size before relaxing)
 .debug_str     0x00000753       0x11 .\CortexM3\ARM_GCC_541\Debug\RotatorHorizon.o
                                0x23c (size before relaxing)
 .debug_str     0x00000764      0x1a1 .\CortexM3\ARM_GCC_541\Debug\cyfitter_cfg.o
                                0x356 (size before relaxing)
 .debug_str     0x00000905       0x75 .\CortexM3\ARM_GCC_541\Debug\cymetadata.o
                                0x1f6 (size before relaxing)
 .debug_str     0x0000097a      0x13f .\CortexM3\ARM_GCC_541\Debug\Cm3Start.o
                                0x31c (size before relaxing)
 .debug_str     0x00000ab9       0x67 .\CortexM3\ARM_GCC_541\Debug\AntennaRotator.a(LED_Pin.o)
                                0x1fe (size before relaxing)
 .debug_str     0x00000b20      0x844 .\CortexM3\ARM_GCC_541\Debug\AntennaRotator.a(CyLib.o)
                                0xa59 (size before relaxing)
 .debug_str     0x00001364      0x365 .\CortexM3\ARM_GCC_541\Debug\AntennaRotator.a(cyPm.o)
                                0x745 (size before relaxing)
 .debug_str     0x000016c9       0x60 .\CortexM3\ARM_GCC_541\Debug\AntennaRotator.a(SW_UP_Pin.o)
                                0x208 (size before relaxing)
 .debug_str     0x00001729       0x68 .\CortexM3\ARM_GCC_541\Debug\AntennaRotator.a(SW_DOWN_Pin.o)
                                0x212 (size before relaxing)
 .debug_str     0x00001791       0x68 .\CortexM3\ARM_GCC_541\Debug\AntennaRotator.a(SW_LEFT_Pin.o)
                                0x212 (size before relaxing)
 .debug_str     0x000017f9       0x6c .\CortexM3\ARM_GCC_541\Debug\AntennaRotator.a(SW_RIGHT_Pin.o)
                                0x217 (size before relaxing)
 .debug_str     0x00001865      0x280 .\CortexM3\ARM_GCC_541\Debug\AntennaRotator.a(UART.o)
                                0x487 (size before relaxing)
 .debug_str     0x00001ae5      0x183 .\CortexM3\ARM_GCC_541\Debug\AntennaRotator.a(UART_IntClock.o)
                                0x348 (size before relaxing)
 .debug_str     0x00001c68      0x10b .\CortexM3\ARM_GCC_541\Debug\AntennaRotator.a(I2C_OLED.o)
                                0x32f (size before relaxing)
 .debug_str     0x00001d73       0xa9 .\CortexM3\ARM_GCC_541\Debug\AntennaRotator.a(I2C_OLED_INT.o)
                                0x2a8 (size before relaxing)
 .debug_str     0x00001e1c       0x6f .\CortexM3\ARM_GCC_541\Debug\AntennaRotator.a(I2C_OLED_PM.o)
                                0x2bc (size before relaxing)
 .debug_str     0x00001e8b      0x16c .\CortexM3\ARM_GCC_541\Debug\AntennaRotator.a(I2C_OLED_MASTER.o)
                                0x429 (size before relaxing)
 .debug_str     0x00001ff7      0x212 .\CortexM3\ARM_GCC_541\Debug\AntennaRotator.a(ADC_SAR_1.o)
                                0x4cf (size before relaxing)
 .debug_str     0x00002209       0x35 .\CortexM3\ARM_GCC_541\Debug\AntennaRotator.a(ADC_SAR_1_INT.o)
                                0x1ad (size before relaxing)
 .debug_str     0x0000223e      0x1bc .\CortexM3\ARM_GCC_541\Debug\AntennaRotator.a(ADC_SAR_1_theACLK.o)
                                0x3c7 (size before relaxing)
 .debug_str     0x000023fa      0x1b4 .\CortexM3\ARM_GCC_541\Debug\AntennaRotator.a(CyFlash.o)
                                0x3d2 (size before relaxing)
 .debug_str     0x000025ae       0xac .\CortexM3\ARM_GCC_541\Debug\AntennaRotator.a(CySpc.o)
                                0x34a (size before relaxing)

.debug_loc      0x00000000     0x3932
 *(.debug_loc)
 .debug_loc     0x00000000      0x2ce .\CortexM3\ARM_GCC_541\Debug\main.o
 .debug_loc     0x000002ce      0xd9c .\CortexM3\ARM_GCC_541\Debug\ssd1306.o
 .debug_loc     0x0000106a      0x288 .\CortexM3\ARM_GCC_541\Debug\cyfitter_cfg.o
 .debug_loc     0x000012f2      0x144 .\CortexM3\ARM_GCC_541\Debug\Cm3Start.o
 .debug_loc     0x00001436       0x42 .\CortexM3\ARM_GCC_541\Debug\AntennaRotator.a(LED_Pin.o)
 .debug_loc     0x00001478      0xa11 .\CortexM3\ARM_GCC_541\Debug\AntennaRotator.a(CyLib.o)
 .debug_loc     0x00001e89      0x1e4 .\CortexM3\ARM_GCC_541\Debug\AntennaRotator.a(cyPm.o)
 .debug_loc     0x0000206d       0x42 .\CortexM3\ARM_GCC_541\Debug\AntennaRotator.a(SW_UP_Pin.o)
 .debug_loc     0x000020af       0x42 .\CortexM3\ARM_GCC_541\Debug\AntennaRotator.a(SW_DOWN_Pin.o)
 .debug_loc     0x000020f1       0x42 .\CortexM3\ARM_GCC_541\Debug\AntennaRotator.a(SW_LEFT_Pin.o)
 .debug_loc     0x00002133       0x42 .\CortexM3\ARM_GCC_541\Debug\AntennaRotator.a(SW_RIGHT_Pin.o)
 .debug_loc     0x00002175      0x258 .\CortexM3\ARM_GCC_541\Debug\AntennaRotator.a(UART.o)
 .debug_loc     0x000023cd      0x12c .\CortexM3\ARM_GCC_541\Debug\AntennaRotator.a(UART_IntClock.o)
 .debug_loc     0x000024f9       0x39 .\CortexM3\ARM_GCC_541\Debug\AntennaRotator.a(I2C_OLED.o)
 .debug_loc     0x00002532       0x29 .\CortexM3\ARM_GCC_541\Debug\AntennaRotator.a(I2C_OLED_INT.o)
 .debug_loc     0x0000255b       0x13 .\CortexM3\ARM_GCC_541\Debug\AntennaRotator.a(I2C_OLED_PM.o)
 .debug_loc     0x0000256e      0x52f .\CortexM3\ARM_GCC_541\Debug\AntennaRotator.a(I2C_OLED_MASTER.o)
 .debug_loc     0x00002a9d      0x295 .\CortexM3\ARM_GCC_541\Debug\AntennaRotator.a(ADC_SAR_1.o)
 .debug_loc     0x00002d32      0x149 .\CortexM3\ARM_GCC_541\Debug\AntennaRotator.a(ADC_SAR_1_theACLK.o)
 .debug_loc     0x00002e7b      0x3b2 .\CortexM3\ARM_GCC_541\Debug\AntennaRotator.a(CyFlash.o)
 .debug_loc     0x0000322d      0x705 .\CortexM3\ARM_GCC_541\Debug\AntennaRotator.a(CySpc.o)

.debug_macinfo
 *(.debug_macinfo)

.debug_ranges   0x00000000      0x9d8
 *(.debug_ranges)
 .debug_ranges  0x00000000       0x30 .\CortexM3\ARM_GCC_541\Debug\main.o
 .debug_ranges  0x00000030      0x120 .\CortexM3\ARM_GCC_541\Debug\ssd1306.o
 .debug_ranges  0x00000150       0x18 .\CortexM3\ARM_GCC_541\Debug\RotatorHorizon.o
 .debug_ranges  0x00000168       0x48 .\CortexM3\ARM_GCC_541\Debug\cyfitter_cfg.o
 .debug_ranges  0x000001b0       0x38 .\CortexM3\ARM_GCC_541\Debug\Cm3Start.o
 .debug_ranges  0x000001e8       0x28 .\CortexM3\ARM_GCC_541\Debug\AntennaRotator.a(LED_Pin.o)
 .debug_ranges  0x00000210      0x290 .\CortexM3\ARM_GCC_541\Debug\AntennaRotator.a(CyLib.o)
 .debug_ranges  0x000004a0       0x88 .\CortexM3\ARM_GCC_541\Debug\AntennaRotator.a(cyPm.o)
 .debug_ranges  0x00000528       0x28 .\CortexM3\ARM_GCC_541\Debug\AntennaRotator.a(SW_UP_Pin.o)
 .debug_ranges  0x00000550       0x28 .\CortexM3\ARM_GCC_541\Debug\AntennaRotator.a(SW_DOWN_Pin.o)
 .debug_ranges  0x00000578       0x28 .\CortexM3\ARM_GCC_541\Debug\AntennaRotator.a(SW_LEFT_Pin.o)
 .debug_ranges  0x000005a0       0x28 .\CortexM3\ARM_GCC_541\Debug\AntennaRotator.a(SW_RIGHT_Pin.o)
 .debug_ranges  0x000005c8       0xe0 .\CortexM3\ARM_GCC_541\Debug\AntennaRotator.a(UART.o)
 .debug_ranges  0x000006a8       0x60 .\CortexM3\ARM_GCC_541\Debug\AntennaRotator.a(UART_IntClock.o)
 .debug_ranges  0x00000708       0x28 .\CortexM3\ARM_GCC_541\Debug\AntennaRotator.a(I2C_OLED.o)
 .debug_ranges  0x00000730       0x10 .\CortexM3\ARM_GCC_541\Debug\AntennaRotator.a(I2C_OLED_INT.o)
 .debug_ranges  0x00000740       0x28 .\CortexM3\ARM_GCC_541\Debug\AntennaRotator.a(I2C_OLED_PM.o)
 .debug_ranges  0x00000768       0x70 .\CortexM3\ARM_GCC_541\Debug\AntennaRotator.a(I2C_OLED_MASTER.o)
 .debug_ranges  0x000007d8       0x98 .\CortexM3\ARM_GCC_541\Debug\AntennaRotator.a(ADC_SAR_1.o)
 .debug_ranges  0x00000870       0x10 .\CortexM3\ARM_GCC_541\Debug\AntennaRotator.a(ADC_SAR_1_INT.o)
 .debug_ranges  0x00000880       0x70 .\CortexM3\ARM_GCC_541\Debug\AntennaRotator.a(ADC_SAR_1_theACLK.o)
 .debug_ranges  0x000008f0       0x78 .\CortexM3\ARM_GCC_541\Debug\AntennaRotator.a(CyFlash.o)
 .debug_ranges  0x00000968       0x70 .\CortexM3\ARM_GCC_541\Debug\AntennaRotator.a(CySpc.o)

.comment        0x00000000       0x6e
 .comment       0x00000000       0x6e .\CortexM3\ARM_GCC_541\Debug\main.o
                                 0x6f (size before relaxing)
 .comment       0x0000006e       0x6f .\CortexM3\ARM_GCC_541\Debug\ssd1306.o
 .comment       0x0000006e       0x6f .\CortexM3\ARM_GCC_541\Debug\RotatorHorizon.o
 .comment       0x0000006e       0x6f .\CortexM3\ARM_GCC_541\Debug\cyfitter_cfg.o
 .comment       0x0000006e       0x6f .\CortexM3\ARM_GCC_541\Debug\cymetadata.o
 .comment       0x0000006e       0x6f .\CortexM3\ARM_GCC_541\Debug\Cm3Start.o
 .comment       0x0000006e       0x6f .\CortexM3\ARM_GCC_541\Debug\AntennaRotator.a(LED_Pin.o)
 .comment       0x0000006e       0x6f .\CortexM3\ARM_GCC_541\Debug\AntennaRotator.a(CyLib.o)
 .comment       0x0000006e       0x6f .\CortexM3\ARM_GCC_541\Debug\AntennaRotator.a(cyPm.o)
 .comment       0x0000006e       0x6f .\CortexM3\ARM_GCC_541\Debug\AntennaRotator.a(SW_UP_Pin.o)
 .comment       0x0000006e       0x6f .\CortexM3\ARM_GCC_541\Debug\AntennaRotator.a(SW_DOWN_Pin.o)
 .comment       0x0000006e       0x6f .\CortexM3\ARM_GCC_541\Debug\AntennaRotator.a(SW_LEFT_Pin.o)
 .comment       0x0000006e       0x6f .\CortexM3\ARM_GCC_541\Debug\AntennaRotator.a(SW_RIGHT_Pin.o)
 .comment       0x0000006e       0x6f .\CortexM3\ARM_GCC_541\Debug\AntennaRotator.a(UART.o)
 .comment       0x0000006e       0x6f .\CortexM3\ARM_GCC_541\Debug\AntennaRotator.a(UART_IntClock.o)
 .comment       0x0000006e       0x6f .\CortexM3\ARM_GCC_541\Debug\AntennaRotator.a(I2C_OLED.o)
 .comment       0x0000006e       0x6f .\CortexM3\ARM_GCC_541\Debug\AntennaRotator.a(I2C_OLED_INT.o)
 .comment       0x0000006e       0x6f .\CortexM3\ARM_GCC_541\Debug\AntennaRotator.a(I2C_OLED_PM.o)
 .comment       0x0000006e       0x6f .\CortexM3\ARM_GCC_541\Debug\AntennaRotator.a(I2C_OLED_MASTER.o)
 .comment       0x0000006e       0x6f .\CortexM3\ARM_GCC_541\Debug\AntennaRotator.a(ADC_SAR_1.o)
 .comment       0x0000006e       0x6f .\CortexM3\ARM_GCC_541\Debug\AntennaRotator.a(ADC_SAR_1_INT.o)
 .comment       0x0000006e       0x6f .\CortexM3\ARM_GCC_541\Debug\AntennaRotator.a(ADC_SAR_1_theACLK.o)
 .comment       0x0000006e       0x6f .\CortexM3\ARM_GCC_541\Debug\AntennaRotator.a(CyFlash.o)
 .comment       0x0000006e       0x6f .\CortexM3\ARM_GCC_541\Debug\AntennaRotator.a(CySpc.o)

.debug_weaknames
 *(.debug_weaknames)

.debug_funcnames
 *(.debug_funcnames)

.debug_typenames
 *(.debug_typenames)

.debug_varnames
 *(.debug_varnames)

.note.gnu.arm.ident
 *(.note.gnu.arm.ident)

.ARM.attributes
                0x00000000       0x29
 *(.ARM.attributes)
 .ARM.attributes
                0x00000000       0x1d c:/program files (x86)/cypress/psoc creator/4.4/psoc creator/import/gnu/arm/5.4.1/bin/../lib/gcc/arm-none-eabi/5.4.1/armv7-m/crti.o
 .ARM.attributes
                0x0000001d       0x2d c:/program files (x86)/cypress/psoc creator/4.4/psoc creator/import/gnu/arm/5.4.1/bin/../lib/gcc/arm-none-eabi/5.4.1/armv7-m/crtbegin.o
 .ARM.attributes
                0x0000004a       0x1b c:/program files (x86)/cypress/psoc creator/4.4/psoc creator/import/gnu/arm/5.4.1/bin/../lib/gcc/arm-none-eabi/5.4.1/../../../../arm-none-eabi/lib/armv7-m/crt0.o
 .ARM.attributes
                0x00000065       0x33 .\CortexM3\ARM_GCC_541\Debug\main.o
 .ARM.attributes
                0x00000098       0x33 .\CortexM3\ARM_GCC_541\Debug\ssd1306.o
 .ARM.attributes
                0x000000cb       0x33 .\CortexM3\ARM_GCC_541\Debug\RotatorHorizon.o
 .ARM.attributes
                0x000000fe       0x33 .\CortexM3\ARM_GCC_541\Debug\cyfitter_cfg.o
 .ARM.attributes
                0x00000131       0x33 .\CortexM3\ARM_GCC_541\Debug\cymetadata.o
 .ARM.attributes
                0x00000164       0x33 .\CortexM3\ARM_GCC_541\Debug\Cm3Start.o
 .ARM.attributes
                0x00000197       0x33 .\CortexM3\ARM_GCC_541\Debug\AntennaRotator.a(LED_Pin.o)
 .ARM.attributes
                0x000001ca       0x33 .\CortexM3\ARM_GCC_541\Debug\AntennaRotator.a(CyLib.o)
 .ARM.attributes
                0x000001fd       0x33 .\CortexM3\ARM_GCC_541\Debug\AntennaRotator.a(cyPm.o)
 .ARM.attributes
                0x00000230       0x33 .\CortexM3\ARM_GCC_541\Debug\AntennaRotator.a(SW_UP_Pin.o)
 .ARM.attributes
                0x00000263       0x33 .\CortexM3\ARM_GCC_541\Debug\AntennaRotator.a(SW_DOWN_Pin.o)
 .ARM.attributes
                0x00000296       0x33 .\CortexM3\ARM_GCC_541\Debug\AntennaRotator.a(SW_LEFT_Pin.o)
 .ARM.attributes
                0x000002c9       0x33 .\CortexM3\ARM_GCC_541\Debug\AntennaRotator.a(SW_RIGHT_Pin.o)
 .ARM.attributes
                0x000002fc       0x33 .\CortexM3\ARM_GCC_541\Debug\AntennaRotator.a(UART.o)
 .ARM.attributes
                0x0000032f       0x33 .\CortexM3\ARM_GCC_541\Debug\AntennaRotator.a(UART_IntClock.o)
 .ARM.attributes
                0x00000362       0x33 .\CortexM3\ARM_GCC_541\Debug\AntennaRotator.a(I2C_OLED.o)
 .ARM.attributes
                0x00000395       0x33 .\CortexM3\ARM_GCC_541\Debug\AntennaRotator.a(I2C_OLED_INT.o)
 .ARM.attributes
                0x000003c8       0x33 .\CortexM3\ARM_GCC_541\Debug\AntennaRotator.a(I2C_OLED_PM.o)
 .ARM.attributes
                0x000003fb       0x33 .\CortexM3\ARM_GCC_541\Debug\AntennaRotator.a(I2C_OLED_MASTER.o)
 .ARM.attributes
                0x0000042e       0x33 .\CortexM3\ARM_GCC_541\Debug\AntennaRotator.a(ADC_SAR_1.o)
 .ARM.attributes
                0x00000461       0x33 .\CortexM3\ARM_GCC_541\Debug\AntennaRotator.a(ADC_SAR_1_INT.o)
 .ARM.attributes
                0x00000494       0x33 .\CortexM3\ARM_GCC_541\Debug\AntennaRotator.a(ADC_SAR_1_theACLK.o)
 .ARM.attributes
                0x000004c7       0x21 .\CortexM3\ARM_GCC_541\Debug\AntennaRotator.a(CyBootAsmGnu.o)
 .ARM.attributes
                0x000004e8       0x33 .\CortexM3\ARM_GCC_541\Debug\AntennaRotator.a(CyFlash.o)
 .ARM.attributes
                0x0000051b       0x33 .\CortexM3\ARM_GCC_541\Debug\AntennaRotator.a(CySpc.o)
 .ARM.attributes
                0x0000054e       0x1d c:/program files (x86)/cypress/psoc creator/4.4/psoc creator/import/gnu/arm/5.4.1/bin/../lib/gcc/arm-none-eabi/5.4.1/armv7-m\libgcc.a(_arm_addsubsf3.o)
 .ARM.attributes
                0x0000056b       0x1d c:/program files (x86)/cypress/psoc creator/4.4/psoc creator/import/gnu/arm/5.4.1/bin/../lib/gcc/arm-none-eabi/5.4.1/armv7-m\libgcc.a(_arm_muldivsf3.o)
 .ARM.attributes
                0x00000588       0x1d c:/program files (x86)/cypress/psoc creator/4.4/psoc creator/import/gnu/arm/5.4.1/bin/../lib/gcc/arm-none-eabi/5.4.1/armv7-m\libgcc.a(_aeabi_ldivmod.o)
 .ARM.attributes
                0x000005a5       0x2d c:/program files (x86)/cypress/psoc creator/4.4/psoc creator/import/gnu/arm/5.4.1/bin/../lib/gcc/arm-none-eabi/5.4.1/armv7-m\libgcc.a(_udivmoddi4.o)
 .ARM.attributes
                0x000005d2       0x1d c:/program files (x86)/cypress/psoc creator/4.4/psoc creator/import/gnu/arm/5.4.1/bin/../lib/gcc/arm-none-eabi/5.4.1/armv7-m\libgcc.a(_dvmd_tls.o)
 .ARM.attributes
                0x000005ef       0x2d c:/program files (x86)/cypress/psoc creator/4.4/psoc creator/import/gnu/arm/5.4.1/bin/../lib/gcc/arm-none-eabi/5.4.1/../../../../arm-none-eabi/lib/armv7-m\libg_nano.a(lib_a-ctype_.o)
 .ARM.attributes
                0x0000061c       0x2d c:/program files (x86)/cypress/psoc creator/4.4/psoc creator/import/gnu/arm/5.4.1/bin/../lib/gcc/arm-none-eabi/5.4.1/../../../../arm-none-eabi/lib/armv7-m\libg_nano.a(lib_a-errno.o)
 .ARM.attributes
                0x00000649       0x2d c:/program files (x86)/cypress/psoc creator/4.4/psoc creator/import/gnu/arm/5.4.1/bin/../lib/gcc/arm-none-eabi/5.4.1/../../../../arm-none-eabi/lib/armv7-m\libg_nano.a(lib_a-exit.o)
 .ARM.attributes
                0x00000676       0x2d c:/program files (x86)/cypress/psoc creator/4.4/psoc creator/import/gnu/arm/5.4.1/bin/../lib/gcc/arm-none-eabi/5.4.1/../../../../arm-none-eabi/lib/armv7-m\libg_nano.a(lib_a-impure.o)
 .ARM.attributes
                0x000006a3       0x2d c:/program files (x86)/cypress/psoc creator/4.4/psoc creator/import/gnu/arm/5.4.1/bin/../lib/gcc/arm-none-eabi/5.4.1/../../../../arm-none-eabi/lib/armv7-m\libg_nano.a(lib_a-init.o)
 .ARM.attributes
                0x000006d0       0x2d c:/program files (x86)/cypress/psoc creator/4.4/psoc creator/import/gnu/arm/5.4.1/bin/../lib/gcc/arm-none-eabi/5.4.1/../../../../arm-none-eabi/lib/armv7-m\libg_nano.a(lib_a-memcpy-stub.o)
 .ARM.attributes
                0x000006fd       0x2d c:/program files (x86)/cypress/psoc creator/4.4/psoc creator/import/gnu/arm/5.4.1/bin/../lib/gcc/arm-none-eabi/5.4.1/../../../../arm-none-eabi/lib/armv7-m\libg_nano.a(lib_a-memset.o)
 .ARM.attributes
                0x0000072a       0x2d c:/program files (x86)/cypress/psoc creator/4.4/psoc creator/import/gnu/arm/5.4.1/bin/../lib/gcc/arm-none-eabi/5.4.1/../../../../arm-none-eabi/lib/armv7-m\libg_nano.a(lib_a-nano-vfprintf_float.o)
 .ARM.attributes
                0x00000757       0x2d c:/program files (x86)/cypress/psoc creator/4.4/psoc creator/import/gnu/arm/5.4.1/bin/../lib/gcc/arm-none-eabi/5.4.1/../../../../arm-none-eabi/lib/armv7-m\libg_nano.a(lib_a-nano-vfprintf_i.o)
 .ARM.attributes
                0x00000784       0x2d c:/program files (x86)/cypress/psoc creator/4.4/psoc creator/import/gnu/arm/5.4.1/bin/../lib/gcc/arm-none-eabi/5.4.1/../../../../arm-none-eabi/lib/armv7-m\libg_nano.a(lib_a-sprintf.o)
 .ARM.attributes
                0x000007b1       0x1b c:/program files (x86)/cypress/psoc creator/4.4/psoc creator/import/gnu/arm/5.4.1/bin/../lib/gcc/arm-none-eabi/5.4.1/../../../../arm-none-eabi/lib/armv7-m\libg_nano.a(lib_a-strcmp.o)
 .ARM.attributes
                0x000007cc       0x17 c:/program files (x86)/cypress/psoc creator/4.4/psoc creator/import/gnu/arm/5.4.1/bin/../lib/gcc/arm-none-eabi/5.4.1/../../../../arm-none-eabi/lib/armv7-m\libg_nano.a(lib_a-strlen.o)
 .ARM.attributes
                0x000007e3       0x2d c:/program files (x86)/cypress/psoc creator/4.4/psoc creator/import/gnu/arm/5.4.1/bin/../lib/gcc/arm-none-eabi/5.4.1/../../../../arm-none-eabi/lib/armv7-m\libg_nano.a(lib_a-dtoa.o)
 .ARM.attributes
                0x00000810       0x2d c:/program files (x86)/cypress/psoc creator/4.4/psoc creator/import/gnu/arm/5.4.1/bin/../lib/gcc/arm-none-eabi/5.4.1/../../../../arm-none-eabi/lib/armv7-m\libg_nano.a(lib_a-locale.o)
 .ARM.attributes
                0x0000083d       0x2d c:/program files (x86)/cypress/psoc creator/4.4/psoc creator/import/gnu/arm/5.4.1/bin/../lib/gcc/arm-none-eabi/5.4.1/../../../../arm-none-eabi/lib/armv7-m\libg_nano.a(lib_a-malloc.o)
 .ARM.attributes
                0x0000086a       0x2d c:/program files (x86)/cypress/psoc creator/4.4/psoc creator/import/gnu/arm/5.4.1/bin/../lib/gcc/arm-none-eabi/5.4.1/../../../../arm-none-eabi/lib/armv7-m\libg_nano.a(lib_a-memchr-stub.o)
 .ARM.attributes
                0x00000897       0x2d c:/program files (x86)/cypress/psoc creator/4.4/psoc creator/import/gnu/arm/5.4.1/bin/../lib/gcc/arm-none-eabi/5.4.1/../../../../arm-none-eabi/lib/armv7-m\libg_nano.a(lib_a-mprec.o)
 .ARM.attributes
                0x000008c4       0x2d c:/program files (x86)/cypress/psoc creator/4.4/psoc creator/import/gnu/arm/5.4.1/bin/../lib/gcc/arm-none-eabi/5.4.1/../../../../arm-none-eabi/lib/armv7-m\libg_nano.a(lib_a-nano-callocr.o)
 .ARM.attributes
                0x000008f1       0x2d c:/program files (x86)/cypress/psoc creator/4.4/psoc creator/import/gnu/arm/5.4.1/bin/../lib/gcc/arm-none-eabi/5.4.1/../../../../arm-none-eabi/lib/armv7-m\libg_nano.a(lib_a-nano-freer.o)
 .ARM.attributes
                0x0000091e       0x2d c:/program files (x86)/cypress/psoc creator/4.4/psoc creator/import/gnu/arm/5.4.1/bin/../lib/gcc/arm-none-eabi/5.4.1/../../../../arm-none-eabi/lib/armv7-m\libg_nano.a(lib_a-nano-mallocr.o)
 .ARM.attributes
                0x0000094b       0x2d c:/program files (x86)/cypress/psoc creator/4.4/psoc creator/import/gnu/arm/5.4.1/bin/../lib/gcc/arm-none-eabi/5.4.1/../../../../arm-none-eabi/lib/armv7-m\libg_nano.a(lib_a-nano-svfprintf.o)
 .ARM.attributes
                0x00000978       0x2d c:/program files (x86)/cypress/psoc creator/4.4/psoc creator/import/gnu/arm/5.4.1/bin/../lib/gcc/arm-none-eabi/5.4.1/../../../../arm-none-eabi/lib/armv7-m\libg_nano.a(lib_a-sbrkr.o)
 .ARM.attributes
                0x000009a5       0x2d c:/program files (x86)/cypress/psoc creator/4.4/psoc creator/import/gnu/arm/5.4.1/bin/../lib/gcc/arm-none-eabi/5.4.1/../../../../arm-none-eabi/lib/armv7-m\libg_nano.a(lib_a-memmove.o)
 .ARM.attributes
                0x000009d2       0x2d c:/program files (x86)/cypress/psoc creator/4.4/psoc creator/import/gnu/arm/5.4.1/bin/../lib/gcc/arm-none-eabi/5.4.1/../../../../arm-none-eabi/lib/armv7-m\libg_nano.a(lib_a-mlock.o)
 .ARM.attributes
                0x000009ff       0x2d c:/program files (x86)/cypress/psoc creator/4.4/psoc creator/import/gnu/arm/5.4.1/bin/../lib/gcc/arm-none-eabi/5.4.1/../../../../arm-none-eabi/lib/armv7-m\libg_nano.a(lib_a-nano-reallocr.o)
 .ARM.attributes
                0x00000a2c       0x2d c:/program files (x86)/cypress/psoc creator/4.4/psoc creator/import/gnu/arm/5.4.1/bin/../lib/gcc/arm-none-eabi/5.4.1/../../../../arm-none-eabi/lib/armv7-m\libg_nano.a(lib_a-reent.o)
 .ARM.attributes
                0x00000a59       0x2d c:/program files (x86)/cypress/psoc creator/4.4/psoc creator/import/gnu/arm/5.4.1/bin/../lib/gcc/arm-none-eabi/5.4.1/../../../../arm-none-eabi/lib/armv7-m\libg_nano.a(lib_a-nano-msizer.o)
 .ARM.attributes
                0x00000a86       0x1d c:/program files (x86)/cypress/psoc creator/4.4/psoc creator/import/gnu/arm/5.4.1/bin/../lib/gcc/arm-none-eabi/5.4.1/armv7-m\libgcc.a(_arm_addsubdf3.o)
 .ARM.attributes
                0x00000aa3       0x1d c:/program files (x86)/cypress/psoc creator/4.4/psoc creator/import/gnu/arm/5.4.1/bin/../lib/gcc/arm-none-eabi/5.4.1/armv7-m\libgcc.a(_arm_muldivdf3.o)
 .ARM.attributes
                0x00000ac0       0x1d c:/program files (x86)/cypress/psoc creator/4.4/psoc creator/import/gnu/arm/5.4.1/bin/../lib/gcc/arm-none-eabi/5.4.1/armv7-m\libgcc.a(_arm_cmpdf2.o)
 .ARM.attributes
                0x00000add       0x1d c:/program files (x86)/cypress/psoc creator/4.4/psoc creator/import/gnu/arm/5.4.1/bin/../lib/gcc/arm-none-eabi/5.4.1/armv7-m\libgcc.a(_arm_unorddf2.o)
 .ARM.attributes
                0x00000afa       0x1d c:/program files (x86)/cypress/psoc creator/4.4/psoc creator/import/gnu/arm/5.4.1/bin/../lib/gcc/arm-none-eabi/5.4.1/armv7-m\libgcc.a(_arm_fixdfsi.o)
 .ARM.attributes
                0x00000b17       0x2d c:/program files (x86)/cypress/psoc creator/4.4/psoc creator/import/gnu/arm/5.4.1/bin/../lib/gcc/arm-none-eabi/5.4.1/armv7-m/crtend.o
 .ARM.attributes
                0x00000b44       0x1d c:/program files (x86)/cypress/psoc creator/4.4/psoc creator/import/gnu/arm/5.4.1/bin/../lib/gcc/arm-none-eabi/5.4.1/armv7-m/crtn.o

/DISCARD/
 *(.note.GNU-stack)
OUTPUT(C:\Users\Dell\Documents\GitHub\PSoC_AntennaRotator\Workspace01\AntennaRotator.cydsn\CortexM3\ARM_GCC_541\Debug\AntennaRotator.elf elf32-littlearm)
