Archive member included to satisfy reference by file (symbol)

.\CortexM3\ARM_GCC_541\Debug\AntennaRotator.a(LED_Pin.o)
                              .\CortexM3\ARM_GCC_541\Debug\main.o (LED_Pin_Write)
.\CortexM3\ARM_GCC_541\Debug\AntennaRotator.a(CyLib.o)
                              .\CortexM3\ARM_GCC_541\Debug\Cm3Start.o (CyHalt)
.\CortexM3\ARM_GCC_541\Debug\AntennaRotator.a(cyPm.o)
                              .\CortexM3\ARM_GCC_541\Debug\AntennaRotator.a(CyLib.o) (CyPmReadStatus)
.\CortexM3\ARM_GCC_541\Debug\AntennaRotator.a(SW_UP_Pin.o)
                              .\CortexM3\ARM_GCC_541\Debug\main.o (SW_UP_Pin_Read)
.\CortexM3\ARM_GCC_541\Debug\AntennaRotator.a(SW_DOWN_Pin.o)
                              .\CortexM3\ARM_GCC_541\Debug\main.o (SW_DOWN_Pin_Read)
.\CortexM3\ARM_GCC_541\Debug\AntennaRotator.a(SW_LEFT_Pin.o)
                              .\CortexM3\ARM_GCC_541\Debug\main.o (SW_LEFT_Pin_Read)
.\CortexM3\ARM_GCC_541\Debug\AntennaRotator.a(SW_RIGHT_Pin.o)
                              .\CortexM3\ARM_GCC_541\Debug\main.o (SW_RIGHT_Pin_Read)
.\CortexM3\ARM_GCC_541\Debug\AntennaRotator.a(UART.o)
                              .\CortexM3\ARM_GCC_541\Debug\main.o (UART_Start)
.\CortexM3\ARM_GCC_541\Debug\AntennaRotator.a(UART_INT.o)
                              .\CortexM3\ARM_GCC_541\Debug\AntennaRotator.a(UART.o) (UART_RXISR)
.\CortexM3\ARM_GCC_541\Debug\AntennaRotator.a(UART_IntClock.o)
                              .\CortexM3\ARM_GCC_541\Debug\AntennaRotator.a(UART.o) (UART_IntClock_Start)
.\CortexM3\ARM_GCC_541\Debug\AntennaRotator.a(I2C_OLED.o)
                              .\CortexM3\ARM_GCC_541\Debug\main.o (I2C_OLED_Start)
.\CortexM3\ARM_GCC_541\Debug\AntennaRotator.a(I2C_OLED_INT.o)
                              .\CortexM3\ARM_GCC_541\Debug\AntennaRotator.a(I2C_OLED.o) (I2C_OLED_ISR)
.\CortexM3\ARM_GCC_541\Debug\AntennaRotator.a(I2C_OLED_PM.o)
                              .\CortexM3\ARM_GCC_541\Debug\AntennaRotator.a(I2C_OLED.o) (I2C_OLED_backup)
.\CortexM3\ARM_GCC_541\Debug\AntennaRotator.a(I2C_OLED_MASTER.o)
                              .\CortexM3\ARM_GCC_541\Debug\AntennaRotator.a(I2C_OLED.o) (I2C_OLED_mstrStatus)
.\CortexM3\ARM_GCC_541\Debug\AntennaRotator.a(X_Dir_Pin.o)
                              .\CortexM3\ARM_GCC_541\Debug\main.o (X_Dir_Pin_Write)
.\CortexM3\ARM_GCC_541\Debug\AntennaRotator.a(X_Step_Pin.o)
                              .\CortexM3\ARM_GCC_541\Debug\main.o (X_Step_Pin_Write)
.\CortexM3\ARM_GCC_541\Debug\AntennaRotator.a(PWM_1.o)
                              .\CortexM3\ARM_GCC_541\Debug\main.o (PWM_1_Start)
.\CortexM3\ARM_GCC_541\Debug\AntennaRotator.a(Motor_Enable.o)
                              .\CortexM3\ARM_GCC_541\Debug\main.o (Motor_Enable_Write)
.\CortexM3\ARM_GCC_541\Debug\AntennaRotator.a(Display_Refresh_Timer.o)
                              .\CortexM3\ARM_GCC_541\Debug\main.o (Display_Refresh_Timer_Start)
.\CortexM3\ARM_GCC_541\Debug\AntennaRotator.a(Display_Refresh_Timer_Int.o)
                              .\CortexM3\ARM_GCC_541\Debug\main.o (Display_Refresh_Timer_Int_StartEx)
.\CortexM3\ARM_GCC_541\Debug\AntennaRotator.a(MotorControlFallingEdge.o)
                              .\CortexM3\ARM_GCC_541\Debug\main.o (MotorControlFallingEdge_StartEx)
.\CortexM3\ARM_GCC_541\Debug\AntennaRotator.a(MotorControlRiseingEdge.o)
                              .\CortexM3\ARM_GCC_541\Debug\main.o (MotorControlRiseingEdge_StartEx)
.\CortexM3\ARM_GCC_541\Debug\AntennaRotator.a(I2C_X.o)
                              .\CortexM3\ARM_GCC_541\Debug\main.o (I2C_X_Start)
.\CortexM3\ARM_GCC_541\Debug\AntennaRotator.a(I2C_X_INT.o)
                              .\CortexM3\ARM_GCC_541\Debug\AntennaRotator.a(I2C_X.o) (I2C_X_ISR)
.\CortexM3\ARM_GCC_541\Debug\AntennaRotator.a(I2C_X_MASTER.o)
                              .\CortexM3\ARM_GCC_541\Debug\AntennaRotator.a(I2C_X.o) (I2C_X_mstrStatus)
.\CortexM3\ARM_GCC_541\Debug\AntennaRotator.a(EEPROM_1.o)
                              .\CortexM3\ARM_GCC_541\Debug\main.o (EEPROM_1_Start)
.\CortexM3\ARM_GCC_541\Debug\AntennaRotator.a(Y_Step_Pin.o)
                              .\CortexM3\ARM_GCC_541\Debug\main.o (Y_Step_Pin_Write)
.\CortexM3\ARM_GCC_541\Debug\AntennaRotator.a(I2C_Y.o)
                              .\CortexM3\ARM_GCC_541\Debug\main.o (I2C_Y_Start)
.\CortexM3\ARM_GCC_541\Debug\AntennaRotator.a(I2C_Y_INT.o)
                              .\CortexM3\ARM_GCC_541\Debug\AntennaRotator.a(I2C_Y.o) (I2C_Y_ISR)
.\CortexM3\ARM_GCC_541\Debug\AntennaRotator.a(I2C_Y_MASTER.o)
                              .\CortexM3\ARM_GCC_541\Debug\AntennaRotator.a(I2C_Y.o) (I2C_Y_mstrStatus)
.\CortexM3\ARM_GCC_541\Debug\AntennaRotator.a(Y_Dir_Pin.o)
                              .\CortexM3\ARM_GCC_541\Debug\main.o (Y_Dir_Pin_Write)
.\CortexM3\ARM_GCC_541\Debug\AntennaRotator.a(Button_Refresh_Timer.o)
                              .\CortexM3\ARM_GCC_541\Debug\main.o (Button_Refresh_Timer_Start)
[...]
Memory Configuration

Name             Origin             Length             Attributes
rom              0x00000000         0x00040000         xr
ram              0x1fff8000         0x00010000         xrw
*default*        0x00000000         0xffffffff

Linker script and memory map

LOAD c:/program files (x86)/cypress/psoc creator/4.4/psoc creator/import/gnu/arm/5.4.1/bin/../lib/gcc/arm-none-eabi/5.4.1/armv7-m/crti.o
LOAD c:/program files (x86)/cypress/psoc creator/4.4/psoc creator/import/gnu/arm/5.4.1/bin/../lib/gcc/arm-none-eabi/5.4.1/armv7-m/crtbegin.o
LOAD c:/program files (x86)/cypress/psoc creator/4.4/psoc creator/import/gnu/arm/5.4.1/bin/../lib/gcc/arm-none-eabi/5.4.1/../../../../arm-none-eabi/lib/armv7-m/crt0.o
START GROUP
LOAD .\CortexM3\ARM_GCC_541\Debug\main.o
LOAD .\CortexM3\ARM_GCC_541\Debug\ssd1306.o
LOAD .\CortexM3\ARM_GCC_541\Debug\RotatorHorizon.o
LOAD .\CortexM3\ARM_GCC_541\Debug\cli.o
LOAD .\CortexM3\ARM_GCC_541\Debug\eeprom.o
LOAD .\CortexM3\ARM_GCC_541\Debug\bsp.o
LOAD .\CortexM3\ARM_GCC_541\Debug\rotation.o
LOAD .\CortexM3\ARM_GCC_541\Debug\cyfitter_cfg.o
LOAD .\CortexM3\ARM_GCC_541\Debug\cymetadata.o
LOAD .\CortexM3\ARM_GCC_541\Debug\Cm3Start.o
LOAD .\CortexM3\ARM_GCC_541\Debug\AntennaRotator.a
LOAD C:\Program Files (x86)\Cypress\PSoC Creator\4.4\PSoC Creator\psoc\content\cycomponentlibrary\CyComponentLibrary.cylib\CortexM3\ARM_GCC_541\Debug\CyComponentLibrary.a
LOAD c:/program files (x86)/cypress/psoc creator/4.4/psoc creator/import/gnu/arm/5.4.1/bin/../lib/gcc/arm-none-eabi/5.4.1/../../../../arm-none-eabi/lib/armv7-m\libm.a
END GROUP
START GROUP
LOAD c:/program files (x86)/cypress/psoc creator/4.4/psoc creator/import/gnu/arm/5.4.1/bin/../lib/gcc/arm-none-eabi/5.4.1/armv7-m\libgcc.a
LOAD c:/program files (x86)/cypress/psoc creator/4.4/psoc creator/import/gnu/arm/5.4.1/bin/../lib/gcc/arm-none-eabi/5.4.1/../../../../arm-none-eabi/lib/armv7-m\libg_nano.a
LOAD c:/program files (x86)/cypress/psoc creator/4.4/psoc creator/import/gnu/arm/5.4.1/bin/../lib/gcc/arm-none-eabi/5.4.1/../../../../arm-none-eabi/lib/armv7-m\libc_nano.a
END GROUP
START GROUP
LOAD c:/program files (x86)/cypress/psoc creator/4.4/psoc creator/import/gnu/arm/5.4.1/bin/../lib/gcc/arm-none-eabi/5.4.1/armv7-m\libgcc.a
LOAD c:/program files (x86)/cypress/psoc creator/4.4/psoc creator/import/gnu/arm/5.4.1/bin/../lib/gcc/arm-none-eabi/5.4.1/../../../../arm-none-eabi/lib/armv7-m\libc_nano.a
END GROUP
LOAD c:/program files (x86)/cypress/psoc creator/4.4/psoc creator/import/gnu/arm/5.4.1/bin/../lib/gcc/arm-none-eabi/5.4.1/armv7-m/crtend.o
LOAD c:/program files (x86)/cypress/psoc creator/4.4/psoc creator/import/gnu/arm/5.4.1/bin/../lib/gcc/arm-none-eabi/5.4.1/armv7-m/crtn.o
START GROUP
LOAD c:/program files (x86)/cypress/psoc creator/4.4/psoc creator/import/gnu/arm/5.4.1/bin/../lib/gcc/arm-none-eabi/5.4.1/armv7-m\libgcc.a
LOAD c:/program files (x86)/cypress/psoc creator/4.4/psoc creator/import/gnu/arm/5.4.1/bin/../lib/gcc/arm-none-eabi/5.4.1/../../../../arm-none-eabi/lib/armv7-m\libc.a
LOAD c:/program files (x86)/cypress/psoc creator/4.4/psoc creator/import/gnu/arm/5.4.1/bin/../lib/gcc/arm-none-eabi/5.4.1/../../../../arm-none-eabi/lib/armv7-m\libnosys.a
END GROUP
                0x00000000                CY_APPL_ORIGIN = 0x0
                0x00000100                CY_FLASH_ROW_SIZE = 0x100
                0x00000020                CY_ECC_ROW_SIZE = 0x20
                0x00000000                CY_EE_IN_BTLDR = 0x0
                0x00000000                CY_APPL_LOADABLE = 0x0
                0x00000800                CY_EE_SIZE = 0x800
                0x00000001                CY_APPL_NUM = 0x1
                0x00000001                CY_APPL_MAX = 0x1
                0x00000040                CY_METADATA_SIZE = 0x40
                0x00000000                CY_APPL_LOADABLE = 0x0
                0x00000000                CY_CHECKSUM_EXCLUDE_SIZE = ALIGN (0x0, CY_FLASH_ROW_SIZE)
                [!provide]                PROVIDE (__cy_heap_start, _end)
                0x00000001                PROVIDE (__cy_region_num, ((__cy_regions_end - __cy_regions) / 0x10))
                0x20008000                PROVIDE (__cy_stack, (ORIGIN (ram) + LENGTH (ram)))
                [!provide]                PROVIDE (__cy_heap_end, (__cy_stack - 0x800))

.cybootloader   0x00000000        0x0
 *(.cybootloader)
                0x00000000                appl1_start = CY_APPL_ORIGIN?CY_APPL_ORIGIN:ALIGN (CY_FLASH_ROW_SIZE)
                0x0001ff00                appl2_start = (appl1_start + ALIGN ((((LENGTH (rom) - appl1_start) - (0x2 * CY_FLASH_ROW_SIZE)) / 0x2), CY_FLASH_ROW_SIZE))
                0x00000000                appl_start = (CY_APPL_NUM == 0x1)?appl1_start:appl2_start
                0x00000000                ecc_offset = ((appl_start / CY_FLASH_ROW_SIZE) * CY_ECC_ROW_SIZE)
                0x00000000                ee_offset = (CY_APPL_LOADABLE && ! (CY_EE_IN_BTLDR))?((CY_EE_SIZE / CY_APPL_MAX) * (CY_APPL_NUM - 0x1)):0x0
                0x00000800                ee_size = (CY_APPL_LOADABLE && ! (CY_EE_IN_BTLDR))?(CY_EE_SIZE / CY_APPL_MAX):CY_EE_SIZE
                [!provide]                PROVIDE (CY_ECC_OFFSET, ecc_offset)

.text           0x00000000     0x7954
 CREATE_OBJECT_SYMBOLS
                0x00000000                PROVIDE (__cy_interrupt_vector, RomVectors)
 *(.romvectors)
 .romvectors    0x00000000       0x10 .\CortexM3\ARM_GCC_541\Debug\Cm3Start.o
                0x00000000                RomVectors
                0x00000001                ASSERT ((. != __cy_interrupt_vector), No interrupt vector)
                0x00000001                ASSERT (CY_APPL_ORIGIN?(SIZEOF (.cybootloader) <= CY_APPL_ORIGIN):0x1, Wrong image location)
                0x00000010                PROVIDE (__cy_reset, Reset)
 *(.text.Reset)
 .text.Reset    0x00000010       0x18 .\CortexM3\ARM_GCC_541\Debug\Cm3Start.o
                0x00000010                Reset
                0x00000001                ASSERT ((. != __cy_reset), No reset code)
 *(.dma_init)
                0x00000001                ASSERT ((((appl_start + .) <= 0x10000) || 0x1), DMA Init must be within the first 64k of flash)
 *(.text .text.* .gnu.linkonce.t.*)
 .text          0x00000028       0x5c c:/program files (x86)/cypress/psoc creator/4.4/psoc creator/import/gnu/arm/5.4.1/bin/../lib/gcc/arm-none-eabi/5.4.1/armv7-m/crtbegin.o
 .text.DISPLAY_REFRESH_Handler
                0x00000084        0xc .\CortexM3\ARM_GCC_541\Debug\main.o
                0x00000084                DISPLAY_REFRESH_Handler
 .text.BUTTON_REFRESH_Handler
                0x00000090        0xc .\CortexM3\ARM_GCC_541\Debug\main.o
                0x00000090                BUTTON_REFRESH_Handler
 .text.MOTOR_CONTROLL_RISEING_EDGE_Handler
                0x0000009c       0x54 .\CortexM3\ARM_GCC_541\Debug\main.o
                0x0000009c                MOTOR_CONTROLL_RISEING_EDGE_Handler
 .text.MOTOR_CONTROLL_FALLING_EDGE_Handler
                0x000000f0       0x1c .\CortexM3\ARM_GCC_541\Debug\main.o
                0x000000f0                MOTOR_CONTROLL_FALLING_EDGE_Handler
 .text.main     0x0000010c      0x144 .\CortexM3\ARM_GCC_541\Debug\main.o
                0x0000010c                main
 .text.display_setPixel
                0x00000250       0x88 .\CortexM3\ARM_GCC_541\Debug\ssd1306.o
 .text.display_line
                0x000002d8      0x134 .\CortexM3\ARM_GCC_541\Debug\ssd1306.o
 .text.gfx_rotation_adjust
                0x0000040c       0x68 .\CortexM3\ARM_GCC_541\Debug\ssd1306.o
 .text.gfx_hvLine
                0x00000474      0x114 .\CortexM3\ARM_GCC_541\Debug\ssd1306.o
 .text.display_write_buf
                0x00000588       0x30 .\CortexM3\ARM_GCC_541\Debug\ssd1306.o
 .text.display_clear
                0x000005b8       0x1c .\CortexM3\ARM_GCC_541\Debug\ssd1306.o
                0x000005b8                display_clear
 .text.display_update
                0x000005d4       0x38 .\CortexM3\ARM_GCC_541\Debug\ssd1306.o
                0x000005d4                display_update
 .text.gfx_init
                0x0000060c       0x40 .\CortexM3\ARM_GCC_541\Debug\ssd1306.o
                0x0000060c                gfx_init
 .text.display_init
                0x0000064c       0x40 .\CortexM3\ARM_GCC_541\Debug\ssd1306.o
                0x0000064c                display_init
 .text.gfx_setCursor
                0x0000068c        0xc .\CortexM3\ARM_GCC_541\Debug\ssd1306.o
                0x0000068c                gfx_setCursor
 .text.gfx_setTextSize
                0x00000698       0x10 .\CortexM3\ARM_GCC_541\Debug\ssd1306.o
                0x00000698                gfx_setTextSize
 .text.gfx_setTextColor
                0x000006a8        0xc .\CortexM3\ARM_GCC_541\Debug\ssd1306.o
                0x000006a8                gfx_setTextColor
 .text.gfx_drawPixel
                0x000006b4       0x4c .\CortexM3\ARM_GCC_541\Debug\ssd1306.o
                0x000006b4                gfx_drawPixel
 .text.gfx_drawLine
                0x00000700       0xd8 .\CortexM3\ARM_GCC_541\Debug\ssd1306.o
                0x00000700                gfx_drawLine
 .text.gfx_fillRect
                0x000007d8       0x68 .\CortexM3\ARM_GCC_541\Debug\ssd1306.o
                0x000007d8                gfx_fillRect
 .text.gfx_drawCircle
                0x00000840      0x138 .\CortexM3\ARM_GCC_541\Debug\ssd1306.o
                0x00000840                gfx_drawCircle
 .text.gfx_drawChar
                0x00000978       0xf0 .\CortexM3\ARM_GCC_541\Debug\ssd1306.o
                0x00000978                gfx_drawChar
 .text.gfx_write
                0x00000a68       0x78 .\CortexM3\ARM_GCC_541\Debug\ssd1306.o
                0x00000a68                gfx_write
 .text.gfx_print
                0x00000ae0       0x1c .\CortexM3\ARM_GCC_541\Debug\ssd1306.o
                0x00000ae0                gfx_print
 .text.gfx_println
                0x00000afc       0x10 .\CortexM3\ARM_GCC_541\Debug\ssd1306.o
                0x00000afc                gfx_println
 .text.Horizon_Init
                0x00000b0c       0x28 .\CortexM3\ARM_GCC_541\Debug\RotatorHorizon.o
                0x00000b0c                Horizon_Init
 .text.DrawDial
                0x00000b34       0xb4 .\CortexM3\ARM_GCC_541\Debug\RotatorHorizon.o
                0x00000b34                DrawDial
 .text.Horizon_Render
                0x00000be8       0x84 .\CortexM3\ARM_GCC_541\Debug\RotatorHorizon.o
                0x00000be8                Horizon_Render
 .text.ResetInput
                0x00000c6c       0x48 .\CortexM3\ARM_GCC_541\Debug\cli.o
                0x00000c6c                ResetInput
 .text.CLI_Init
                0x00000cb4       0x30 .\CortexM3\ARM_GCC_541\Debug\cli.o
                0x00000cb4                CLI_Init
 .text.AddArgumentDigit
                0x00000ce4       0x2c .\CortexM3\ARM_GCC_541\Debug\cli.o
                0x00000ce4                AddArgumentDigit
 .text.AddCommandChar
                0x00000d10       0x14 .\CortexM3\ARM_GCC_541\Debug\cli.o
                0x00000d10                AddCommandChar
 .text.ParseArgument
                0x00000d24       0x24 .\CortexM3\ARM_GCC_541\Debug\cli.o
                0x00000d24                ParseArgument
 .text.isNoArgFnc
                0x00000d48       0x30 .\CortexM3\ARM_GCC_541\Debug\cli.o
                0x00000d48                isNoArgFnc
 .text.isOneArgFnc
                0x00000d78       0x30 .\CortexM3\ARM_GCC_541\Debug\cli.o
                0x00000d78                isOneArgFnc
 .text.isTwoArgFnc
                0x00000da8       0x34 .\CortexM3\ARM_GCC_541\Debug\cli.o
                0x00000da8                isTwoArgFnc
 .text.ProcessCommand
                0x00000ddc      0x280 .\CortexM3\ARM_GCC_541\Debug\cli.o
                0x00000ddc                ProcessCommand
 .text.CLI_Update
                0x0000105c       0xec .\CortexM3\ARM_GCC_541\Debug\cli.o
                0x0000105c                CLI_Update
 .text.saveWord
                0x00001148       0x18 .\CortexM3\ARM_GCC_541\Debug\eeprom.o
                0x00001148                saveWord
 .text.loadWord
                0x00001160       0x18 .\CortexM3\ARM_GCC_541\Debug\eeprom.o
                0x00001160                loadWord
 .text.setBit   0x00001178       0x4c .\CortexM3\ARM_GCC_541\Debug\eeprom.o
                0x00001178                setBit
 .text.testBit  0x000011c4       0x18 .\CortexM3\ARM_GCC_541\Debug\eeprom.o
                0x000011c4                testBit
 .text.ReadHomePosition
                0x000011dc       0x58 .\CortexM3\ARM_GCC_541\Debug\bsp.o
                0x000011dc                ReadHomePosition
 .text.ReadHomeOnRestart
                0x00001234       0x28 .\CortexM3\ARM_GCC_541\Debug\bsp.o
                0x00001234                ReadHomeOnRestart
 .text.ReadActualPosition
                0x0000125c       0x50 .\CortexM3\ARM_GCC_541\Debug\bsp.o
                0x0000125c                ReadActualPosition
 .text.ReadDesiredPosition
                0x000012ac       0x50 .\CortexM3\ARM_GCC_541\Debug\bsp.o
                0x000012ac                ReadDesiredPosition
 .text.ReadSignalOnStart
                0x000012fc       0x28 .\CortexM3\ARM_GCC_541\Debug\bsp.o
                0x000012fc                ReadSignalOnStart
 .text.WriteHomePosition
                0x00001324       0x4c .\CortexM3\ARM_GCC_541\Debug\bsp.o
                0x00001324                WriteHomePosition
 .text.WriteHomeOnRestart
                0x00001370       0x14 .\CortexM3\ARM_GCC_541\Debug\bsp.o
                0x00001370                WriteHomeOnRestart
 .text.WriteDesiredPosition
                0x00001384       0x48 .\CortexM3\ARM_GCC_541\Debug\bsp.o
                0x00001384                WriteDesiredPosition
 .text.WriteSignalOnStart
                0x000013cc       0x14 .\CortexM3\ARM_GCC_541\Debug\bsp.o
                0x000013cc                WriteSignalOnStart
 .text.MoveToHome
                0x000013e0       0x1c .\CortexM3\ARM_GCC_541\Debug\bsp.o
                0x000013e0                MoveToHome
 .text.testSaveSlot
                0x000013fc       0x1c .\CortexM3\ARM_GCC_541\Debug\bsp.o
                0x000013fc                testSaveSlot
 .text.listSaveSlots
                0x00001418       0x3c .\CortexM3\ARM_GCC_541\Debug\bsp.o
                0x00001418                listSaveSlots
 .text.saveSlotDetails
                0x00001454       0x7c .\CortexM3\ARM_GCC_541\Debug\bsp.o
                0x00001454                saveSlotDetails
 .text.saveToSaveSlot
                0x000014d0       0x50 .\CortexM3\ARM_GCC_541\Debug\bsp.o
                0x000014d0                saveToSaveSlot
 .text.moveToSaveSlot
                0x00001520       0x3c .\CortexM3\ARM_GCC_541\Debug\bsp.o
                0x00001520                moveToSaveSlot
 .text.getRotation
                0x0000155c       0x18 .\CortexM3\ARM_GCC_541\Debug\rotation.o
                0x0000155c                getRotation
 .text.setRotation
                0x00001574       0x34 .\CortexM3\ARM_GCC_541\Debug\rotation.o
                0x00001574                setRotation
 .text.refreshRotation
                0x000015a8       0x7c .\CortexM3\ARM_GCC_541\Debug\rotation.o
                0x000015a8                refreshRotation
 .text.CyClockStartupError
                0x00001624        0x4 .\CortexM3\ARM_GCC_541\Debug\cyfitter_cfg.o
 .text.cfg_write_bytes32
                0x00001628       0x34 .\CortexM3\ARM_GCC_541\Debug\cyfitter_cfg.o
 .text.AnalogSetDefault
                0x0000165c       0x28 .\CortexM3\ARM_GCC_541\Debug\cyfitter_cfg.o
 .text.CYMEMZERO
                0x00001684        0xc .\CortexM3\ARM_GCC_541\Debug\cyfitter_cfg.o
 .text.ClockSetup
                0x00001690       0xe8 .\CortexM3\ARM_GCC_541\Debug\cyfitter_cfg.o
 .text.CYCONFIGCPY
                0x00001778        0x8 .\CortexM3\ARM_GCC_541\Debug\cyfitter_cfg.o
 .text.cyfitter_cfg
                0x00001780      0x120 .\CortexM3\ARM_GCC_541\Debug\cyfitter_cfg.o
                0x00001780                cyfitter_cfg
 .text.IntDefaultHandler
                0x000018a0       0x10 .\CortexM3\ARM_GCC_541\Debug\Cm3Start.o
                0x000018a0                IntDefaultHandler
 .text._sbrk    0x000018b0       0x30 .\CortexM3\ARM_GCC_541\Debug\Cm3Start.o
                0x000018b0                _sbrk
 .text.Start_c  0x000018e0       0x4c .\CortexM3\ARM_GCC_541\Debug\Cm3Start.o
                0x000018e0                Start_c
 .text.initialize_psoc
                0x0000192c       0x68 .\CortexM3\ARM_GCC_541\Debug\Cm3Start.o
                0x0000192c                initialize_psoc
 .text.LED_Pin_Write
                0x00001994       0x18 .\CortexM3\ARM_GCC_541\Debug\AntennaRotator.a(LED_Pin.o)
                0x00001994                LED_Pin_Write
 .text.CyHalt   0x000019ac        0x4 .\CortexM3\ARM_GCC_541\Debug\AntennaRotator.a(CyLib.o)
                0x000019ac                CyHalt
 .text.CyDelayUs
                0x000019b0       0x14 .\CortexM3\ARM_GCC_541\Debug\AntennaRotator.a(CyLib.o)
                0x000019b0                CyDelayUs
 .text.CyIntSetVector
                0x000019c4       0x28 .\CortexM3\ARM_GCC_541\Debug\AntennaRotator.a(CyLib.o)
                0x000019c4                CyIntSetVector
 .text.CyIntSetPriority
                0x000019ec       0x30 .\CortexM3\ARM_GCC_541\Debug\AntennaRotator.a(CyLib.o)
                0x000019ec                CyIntSetPriority
 .text.SW_UP_Pin_Read
                0x00001a1c        0xc .\CortexM3\ARM_GCC_541\Debug\AntennaRotator.a(SW_UP_Pin.o)
                0x00001a1c                SW_UP_Pin_Read
 .text.SW_DOWN_Pin_Read
                0x00001a28       0x10 .\CortexM3\ARM_GCC_541\Debug\AntennaRotator.a(SW_DOWN_Pin.o)
                0x00001a28                SW_DOWN_Pin_Read
 .text.SW_LEFT_Pin_Read
                0x00001a38       0x10 .\CortexM3\ARM_GCC_541\Debug\AntennaRotator.a(SW_LEFT_Pin.o)
                0x00001a38                SW_LEFT_Pin_Read
 .text.SW_RIGHT_Pin_Read
                0x00001a48       0x10 .\CortexM3\ARM_GCC_541\Debug\AntennaRotator.a(SW_RIGHT_Pin.o)
                0x00001a48                SW_RIGHT_Pin_Read
 .text.UART_Init
                0x00001a58       0x5c .\CortexM3\ARM_GCC_541\Debug\AntennaRotator.a(UART.o)
                0x00001a58                UART_Init
 .text.UART_Enable
                0x00001ab4       0x50 .\CortexM3\ARM_GCC_541\Debug\AntennaRotator.a(UART.o)
                0x00001ab4                UART_Enable
 .text.UART_Start
                0x00001b04       0x1c .\CortexM3\ARM_GCC_541\Debug\AntennaRotator.a(UART.o)
                0x00001b04                UART_Start
 .text.UART_GetChar
                0x00001b20       0x80 .\CortexM3\ARM_GCC_541\Debug\AntennaRotator.a(UART.o)
                0x00001b20                UART_GetChar
 .text.UART_PutChar
                0x00001ba0       0x70 .\CortexM3\ARM_GCC_541\Debug\AntennaRotator.a(UART.o)
                0x00001ba0                UART_PutChar
 .text.UART_PutString
                0x00001c10       0x24 .\CortexM3\ARM_GCC_541\Debug\AntennaRotator.a(UART.o)
                0x00001c10                UART_PutString
 .text.UART_RXISR
                0x00001c34       0x98 .\CortexM3\ARM_GCC_541\Debug\AntennaRotator.a(UART_INT.o)
                0x00001c34                UART_RXISR
 .text.UART_TXISR
                0x00001ccc       0x58 .\CortexM3\ARM_GCC_541\Debug\AntennaRotator.a(UART_INT.o)
                0x00001ccc                UART_TXISR
 .text.UART_IntClock_Start
                0x00001d24       0x1c .\CortexM3\ARM_GCC_541\Debug\AntennaRotator.a(UART_IntClock.o)
                0x00001d24                UART_IntClock_Start
 .text.I2C_OLED_Init
                0x00001d40       0x68 .\CortexM3\ARM_GCC_541\Debug\AntennaRotator.a(I2C_OLED.o)
                0x00001d40                I2C_OLED_Init
 .text.I2C_OLED_Enable
                0x00001da8       0x24 .\CortexM3\ARM_GCC_541\Debug\AntennaRotator.a(I2C_OLED.o)
                0x00001da8                I2C_OLED_Enable
 .text.I2C_OLED_Start
                0x00001dcc       0x28 .\CortexM3\ARM_GCC_541\Debug\AntennaRotator.a(I2C_OLED.o)
                0x00001dcc                I2C_OLED_Start
 .text.I2C_OLED_ISR
                0x00001df4      0x2d0 .\CortexM3\ARM_GCC_541\Debug\AntennaRotator.a(I2C_OLED_INT.o)
                0x00001df4                I2C_OLED_ISR
 .text.I2C_OLED_MasterSendStart
                0x000020c4       0x80 .\CortexM3\ARM_GCC_541\Debug\AntennaRotator.a(I2C_OLED_MASTER.o)
                0x000020c4                I2C_OLED_MasterSendStart
 .text.I2C_OLED_MasterSendStop
                0x00002144       0x38 .\CortexM3\ARM_GCC_541\Debug\AntennaRotator.a(I2C_OLED_MASTER.o)
                0x00002144                I2C_OLED_MasterSendStop
 .text.I2C_OLED_MasterWriteByte
                0x0000217c       0x58 .\CortexM3\ARM_GCC_541\Debug\AntennaRotator.a(I2C_OLED_MASTER.o)
                0x0000217c                I2C_OLED_MasterWriteByte
 .text.X_Dir_Pin_Write
                0x000021d4       0x18 .\CortexM3\ARM_GCC_541\Debug\AntennaRotator.a(X_Dir_Pin.o)
                0x000021d4                X_Dir_Pin_Write
 .text.X_Step_Pin_Write
                0x000021ec       0x18 .\CortexM3\ARM_GCC_541\Debug\AntennaRotator.a(X_Step_Pin.o)
                0x000021ec                X_Step_Pin_Write
 .text.PWM_1_Enable
                0x00002204       0x10 .\CortexM3\ARM_GCC_541\Debug\AntennaRotator.a(PWM_1.o)
                0x00002204                PWM_1_Enable
 .text.PWM_1_WriteCounter
                0x00002214        0xc .\CortexM3\ARM_GCC_541\Debug\AntennaRotator.a(PWM_1.o)
                0x00002214                PWM_1_WriteCounter
 .text.PWM_1_WritePeriod
                0x00002220        0xc .\CortexM3\ARM_GCC_541\Debug\AntennaRotator.a(PWM_1.o)
                0x00002220                PWM_1_WritePeriod
 .text.PWM_1_WriteCompare
                0x0000222c        0xc .\CortexM3\ARM_GCC_541\Debug\AntennaRotator.a(PWM_1.o)
                0x0000222c                PWM_1_WriteCompare
 .text.PWM_1_SetInterruptMode
                0x00002238        0xc .\CortexM3\ARM_GCC_541\Debug\AntennaRotator.a(PWM_1.o)
                0x00002238                PWM_1_SetInterruptMode
 .text.PWM_1_ReadStatusRegister
                0x00002244        0xc .\CortexM3\ARM_GCC_541\Debug\AntennaRotator.a(PWM_1.o)
                0x00002244                PWM_1_ReadStatusRegister
 .text.PWM_1_ReadCapture
                0x00002250        0xc .\CortexM3\ARM_GCC_541\Debug\AntennaRotator.a(PWM_1.o)
                0x00002250                PWM_1_ReadCapture
 .text.PWM_1_ClearFIFO
                0x0000225c       0x14 .\CortexM3\ARM_GCC_541\Debug\AntennaRotator.a(PWM_1.o)
                0x0000225c                PWM_1_ClearFIFO
 .text.PWM_1_Init
                0x00002270       0x54 .\CortexM3\ARM_GCC_541\Debug\AntennaRotator.a(PWM_1.o)
                0x00002270                PWM_1_Init
 .text.PWM_1_Start
                0x000022c4       0x1c .\CortexM3\ARM_GCC_541\Debug\AntennaRotator.a(PWM_1.o)
                0x000022c4                PWM_1_Start
 .text.Motor_Enable_Write
                0x000022e0        0xc .\CortexM3\ARM_GCC_541\Debug\AntennaRotator.a(Motor_Enable.o)
                0x000022e0                Motor_Enable_Write
 .text.Display_Refresh_Timer_Enable
                0x000022ec       0x28 .\CortexM3\ARM_GCC_541\Debug\AntennaRotator.a(Display_Refresh_Timer.o)
                0x000022ec                Display_Refresh_Timer_Enable
 .text.Display_Refresh_Timer_SetInterruptMode
                0x00002314        0xc .\CortexM3\ARM_GCC_541\Debug\AntennaRotator.a(Display_Refresh_Timer.o)
                0x00002314                Display_Refresh_Timer_SetInterruptMode
 .text.Display_Refresh_Timer_WritePeriod
                0x00002320        0xc .\CortexM3\ARM_GCC_541\Debug\AntennaRotator.a(Display_Refresh_Timer.o)
                0x00002320                Display_Refresh_Timer_WritePeriod
 .text.Display_Refresh_Timer_WriteCounter
                0x0000232c        0xc .\CortexM3\ARM_GCC_541\Debug\AntennaRotator.a(Display_Refresh_Timer.o)
                0x0000232c                Display_Refresh_Timer_WriteCounter
 .text.Display_Refresh_Timer_Init
                0x00002338       0x64 .\CortexM3\ARM_GCC_541\Debug\AntennaRotator.a(Display_Refresh_Timer.o)
                0x00002338                Display_Refresh_Timer_Init
 .text.Display_Refresh_Timer_Start
                0x0000239c       0x1c .\CortexM3\ARM_GCC_541\Debug\AntennaRotator.a(Display_Refresh_Timer.o)
                0x0000239c                Display_Refresh_Timer_Start
 .text.Display_Refresh_Timer_Int_SetVector
                0x000023b8        0xc .\CortexM3\ARM_GCC_541\Debug\AntennaRotator.a(Display_Refresh_Timer_Int.o)
                0x000023b8                Display_Refresh_Timer_Int_SetVector
 .text.Display_Refresh_Timer_Int_SetPriority
                0x000023c4       0x10 .\CortexM3\ARM_GCC_541\Debug\AntennaRotator.a(Display_Refresh_Timer_Int.o)
                0x000023c4                Display_Refresh_Timer_Int_SetPriority
 .text.Display_Refresh_Timer_Int_Enable
                0x000023d4        0xc .\CortexM3\ARM_GCC_541\Debug\AntennaRotator.a(Display_Refresh_Timer_Int.o)
                0x000023d4                Display_Refresh_Timer_Int_Enable
 .text.Display_Refresh_Timer_Int_Disable
                0x000023e0        0xc .\CortexM3\ARM_GCC_541\Debug\AntennaRotator.a(Display_Refresh_Timer_Int.o)
                0x000023e0                Display_Refresh_Timer_Int_Disable
 .text.Display_Refresh_Timer_Int_StartEx
                0x000023ec       0x1c .\CortexM3\ARM_GCC_541\Debug\AntennaRotator.a(Display_Refresh_Timer_Int.o)
                0x000023ec                Display_Refresh_Timer_Int_StartEx
 .text.MotorControlFallingEdge_SetVector
                0x00002408        0xc .\CortexM3\ARM_GCC_541\Debug\AntennaRotator.a(MotorControlFallingEdge.o)
                0x00002408                MotorControlFallingEdge_SetVector
 .text.MotorControlFallingEdge_SetPriority
                0x00002414       0x10 .\CortexM3\ARM_GCC_541\Debug\AntennaRotator.a(MotorControlFallingEdge.o)
                0x00002414                MotorControlFallingEdge_SetPriority
 .text.MotorControlFallingEdge_Enable
                0x00002424        0xc .\CortexM3\ARM_GCC_541\Debug\AntennaRotator.a(MotorControlFallingEdge.o)
                0x00002424                MotorControlFallingEdge_Enable
 .text.MotorControlFallingEdge_Disable
                0x00002430        0xc .\CortexM3\ARM_GCC_541\Debug\AntennaRotator.a(MotorControlFallingEdge.o)
                0x00002430                MotorControlFallingEdge_Disable
 .text.MotorControlFallingEdge_StartEx
                0x0000243c       0x1c .\CortexM3\ARM_GCC_541\Debug\AntennaRotator.a(MotorControlFallingEdge.o)
                0x0000243c                MotorControlFallingEdge_StartEx
 .text.MotorControlRiseingEdge_SetVector
                0x00002458        0xc .\CortexM3\ARM_GCC_541\Debug\AntennaRotator.a(MotorControlRiseingEdge.o)
                0x00002458                MotorControlRiseingEdge_SetVector
 .text.MotorControlRiseingEdge_SetPriority
                0x00002464       0x10 .\CortexM3\ARM_GCC_541\Debug\AntennaRotator.a(MotorControlRiseingEdge.o)
                0x00002464                MotorControlRiseingEdge_SetPriority
 .text.MotorControlRiseingEdge_Enable
                0x00002474        0xc .\CortexM3\ARM_GCC_541\Debug\AntennaRotator.a(MotorControlRiseingEdge.o)
                0x00002474                MotorControlRiseingEdge_Enable
 .text.MotorControlRiseingEdge_Disable
                0x00002480        0xc .\CortexM3\ARM_GCC_541\Debug\AntennaRotator.a(MotorControlRiseingEdge.o)
                0x00002480                MotorControlRiseingEdge_Disable
 .text.MotorControlRiseingEdge_StartEx
                0x0000248c       0x1c .\CortexM3\ARM_GCC_541\Debug\AntennaRotator.a(MotorControlRiseingEdge.o)
                0x0000248c                MotorControlRiseingEdge_StartEx
 .text.I2C_X_Init
                0x000024a8       0x78 .\CortexM3\ARM_GCC_541\Debug\AntennaRotator.a(I2C_X.o)
                0x000024a8                I2C_X_Init
 .text.I2C_X_Enable
                0x00002520       0x10 .\CortexM3\ARM_GCC_541\Debug\AntennaRotator.a(I2C_X.o)
                0x00002520                I2C_X_Enable
 .text.I2C_X_Start
                0x00002530       0x28 .\CortexM3\ARM_GCC_541\Debug\AntennaRotator.a(I2C_X.o)
                0x00002530                I2C_X_Start
 .text.I2C_X_ISR
                0x00002558      0x328 .\CortexM3\ARM_GCC_541\Debug\AntennaRotator.a(I2C_X_INT.o)
                0x00002558                I2C_X_ISR
 .text.I2C_X_MasterSendStart
                0x00002880       0x94 .\CortexM3\ARM_GCC_541\Debug\AntennaRotator.a(I2C_X_MASTER.o)
                0x00002880                I2C_X_MasterSendStart
 .text.I2C_X_MasterSendRestart
                0x00002914       0x7c .\CortexM3\ARM_GCC_541\Debug\AntennaRotator.a(I2C_X_MASTER.o)
                0x00002914                I2C_X_MasterSendRestart
 .text.I2C_X_MasterSendStop
                0x00002990       0x50 .\CortexM3\ARM_GCC_541\Debug\AntennaRotator.a(I2C_X_MASTER.o)
                0x00002990                I2C_X_MasterSendStop
 .text.I2C_X_MasterWriteByte
                0x000029e0       0x6c .\CortexM3\ARM_GCC_541\Debug\AntennaRotator.a(I2C_X_MASTER.o)
                0x000029e0                I2C_X_MasterWriteByte
 .text.I2C_X_MasterReadByte
                0x00002a4c       0x88 .\CortexM3\ARM_GCC_541\Debug\AntennaRotator.a(I2C_X_MASTER.o)
                0x00002a4c                I2C_X_MasterReadByte
 .text.I2C_X_MasterClearStatus
                0x00002ad4       0x20 .\CortexM3\ARM_GCC_541\Debug\AntennaRotator.a(I2C_X_MASTER.o)
                0x00002ad4                I2C_X_MasterClearStatus
 .text.EEPROM_1_Enable
                0x00002af4        0xc .\CortexM3\ARM_GCC_541\Debug\AntennaRotator.a(EEPROM_1.o)
                0x00002af4                EEPROM_1_Enable
 .text.EEPROM_1_Start
                0x00002b00        0x8 .\CortexM3\ARM_GCC_541\Debug\AntennaRotator.a(EEPROM_1.o)
                0x00002b00                EEPROM_1_Start
 .text.EEPROM_1_WriteByte
                0x00002b08       0xd0 .\CortexM3\ARM_GCC_541\Debug\AntennaRotator.a(EEPROM_1.o)
                0x00002b08                EEPROM_1_WriteByte
 .text.EEPROM_1_ReadByte
                0x00002bd8       0x28 .\CortexM3\ARM_GCC_541\Debug\AntennaRotator.a(EEPROM_1.o)
                0x00002bd8                EEPROM_1_ReadByte
 .text.Y_Step_Pin_Write
                0x00002c00       0x18 .\CortexM3\ARM_GCC_541\Debug\AntennaRotator.a(Y_Step_Pin.o)
                0x00002c00                Y_Step_Pin_Write
 .text.I2C_Y_Init
                0x00002c18       0x7c .\CortexM3\ARM_GCC_541\Debug\AntennaRotator.a(I2C_Y.o)
                0x00002c18                I2C_Y_Init
 .text.I2C_Y_Enable
                0x00002c94       0x10 .\CortexM3\ARM_GCC_541\Debug\AntennaRotator.a(I2C_Y.o)
                0x00002c94                I2C_Y_Enable
 .text.I2C_Y_Start
                0x00002ca4       0x28 .\CortexM3\ARM_GCC_541\Debug\AntennaRotator.a(I2C_Y.o)
                0x00002ca4                I2C_Y_Start
 .text.I2C_Y_ISR
                0x00002ccc      0x338 .\CortexM3\ARM_GCC_541\Debug\AntennaRotator.a(I2C_Y_INT.o)
                0x00002ccc                I2C_Y_ISR
 .text.I2C_Y_MasterSendStart
                0x00003004       0x98 .\CortexM3\ARM_GCC_541\Debug\AntennaRotator.a(I2C_Y_MASTER.o)
                0x00003004                I2C_Y_MasterSendStart
 .text.I2C_Y_MasterSendRestart
                0x0000309c       0x80 .\CortexM3\ARM_GCC_541\Debug\AntennaRotator.a(I2C_Y_MASTER.o)
                0x0000309c                I2C_Y_MasterSendRestart
 .text.I2C_Y_MasterSendStop
                0x0000311c       0x50 .\CortexM3\ARM_GCC_541\Debug\AntennaRotator.a(I2C_Y_MASTER.o)
                0x0000311c                I2C_Y_MasterSendStop
 .text.I2C_Y_MasterWriteByte
                0x0000316c       0x70 .\CortexM3\ARM_GCC_541\Debug\AntennaRotator.a(I2C_Y_MASTER.o)
                0x0000316c                I2C_Y_MasterWriteByte
 .text.I2C_Y_MasterReadByte
                0x000031dc       0x90 .\CortexM3\ARM_GCC_541\Debug\AntennaRotator.a(I2C_Y_MASTER.o)
                0x000031dc                I2C_Y_MasterReadByte
 .text.I2C_Y_MasterClearStatus
                0x0000326c       0x20 .\CortexM3\ARM_GCC_541\Debug\AntennaRotator.a(I2C_Y_MASTER.o)
                0x0000326c                I2C_Y_MasterClearStatus
 .text.Y_Dir_Pin_Write
                0x0000328c       0x18 .\CortexM3\ARM_GCC_541\Debug\AntennaRotator.a(Y_Dir_Pin.o)
                0x0000328c                Y_Dir_Pin_Write
 .text.Button_Refresh_Timer_Enable
                0x000032a4       0x28 .\CortexM3\ARM_GCC_541\Debug\AntennaRotator.a(Button_Refresh_Timer.o)
                0x000032a4                Button_Refresh_Timer_Enable
 .text.Button_Refresh_Timer_SetInterruptMode
                0x000032cc        0xc .\CortexM3\ARM_GCC_541\Debug\AntennaRotator.a(Button_Refresh_Timer.o)
                0x000032cc                Button_Refresh_Timer_SetInterruptMode
 .text.Button_Refresh_Timer_WritePeriod
                0x000032d8        0xc .\CortexM3\ARM_GCC_541\Debug\AntennaRotator.a(Button_Refresh_Timer.o)
                0x000032d8                Button_Refresh_Timer_WritePeriod
 .text.Button_Refresh_Timer_WriteCounter
                0x000032e4        0xc .\CortexM3\ARM_GCC_541\Debug\AntennaRotator.a(Button_Refresh_Timer.o)
                0x000032e4                Button_Refresh_Timer_WriteCounter
 .text.Button_Refresh_Timer_Init
                0x000032f0       0x64 .\CortexM3\ARM_GCC_541\Debug\AntennaRotator.a(Button_Refresh_Timer.o)
                0x000032f0                Button_Refresh_Timer_Init
 .text.Button_Refresh_Timer_Start
                0x00003354       0x1c .\CortexM3\ARM_GCC_541\Debug\AntennaRotator.a(Button_Refresh_Timer.o)
                0x00003354                Button_Refresh_Timer_Start
 .text.Button_Refresh_Timer_Int_SetVector
                0x00003370        0xc .\CortexM3\ARM_GCC_541\Debug\AntennaRotator.a(Button_Refresh_Timer_Int.o)
                0x00003370                Button_Refresh_Timer_Int_SetVector
 .text.Button_Refresh_Timer_Int_SetPriority
                0x0000337c       0x10 .\CortexM3\ARM_GCC_541\Debug\AntennaRotator.a(Button_Refresh_Timer_Int.o)
                0x0000337c                Button_Refresh_Timer_Int_SetPriority
 .text.Button_Refresh_Timer_Int_Enable
                0x0000338c        0xc .\CortexM3\ARM_GCC_541\Debug\AntennaRotator.a(Button_Refresh_Timer_Int.o)
                0x0000338c                Button_Refresh_Timer_Int_Enable
 .text.Button_Refresh_Timer_Int_Disable
                0x00003398        0xc .\CortexM3\ARM_GCC_541\Debug\AntennaRotator.a(Button_Refresh_Timer_Int.o)
                0x00003398                Button_Refresh_Timer_Int_Disable
 .text.Button_Refresh_Timer_Int_StartEx
                0x000033a4       0x1c .\CortexM3\ARM_GCC_541\Debug\AntennaRotator.a(Button_Refresh_Timer_Int.o)
                0x000033a4                Button_Refresh_Timer_Int_StartEx
 .text          0x000033c0       0x20 .\CortexM3\ARM_GCC_541\Debug\AntennaRotator.a(CyBootAsmGnu.o)
                0x000033c0                CyDelayCycles
                0x000033d0                CyEnterCriticalSection
                0x000033d8                CyExitCriticalSection
 .text.CySetTempInt
                0x000033e0       0x60 .\CortexM3\ARM_GCC_541\Debug\AntennaRotator.a(CyFlash.o)
 .text.CyFlashGetSpcAlgorithm
                0x00003440       0x4c .\CortexM3\ARM_GCC_541\Debug\AntennaRotator.a(CyFlash.o)
                0x00003440                CyFlashGetSpcAlgorithm
 .text.CySetTemp
                0x0000348c       0x14 .\CortexM3\ARM_GCC_541\Debug\AntennaRotator.a(CyFlash.o)
                0x0000348c                CySetTemp
 .text.CyEEPROM_Start
                0x000034a0       0x54 .\CortexM3\ARM_GCC_541\Debug\AntennaRotator.a(CyFlash.o)
                0x000034a0                CyEEPROM_Start
 .text.CyEEPROM_ReadReserve
                0x000034f4       0x1c .\CortexM3\ARM_GCC_541\Debug\AntennaRotator.a(CyFlash.o)
                0x000034f4                CyEEPROM_ReadReserve
 .text.CyEEPROM_ReadRelease
                0x00003510       0x10 .\CortexM3\ARM_GCC_541\Debug\AntennaRotator.a(CyFlash.o)
                0x00003510                CyEEPROM_ReadRelease
 .text.CySpcStart
                0x00003520       0x24 .\CortexM3\ARM_GCC_541\Debug\AntennaRotator.a(CySpc.o)
                0x00003520                CySpcStart
 .text.CySpcReadData
                0x00003544       0x34 .\CortexM3\ARM_GCC_541\Debug\AntennaRotator.a(CySpc.o)
                0x00003544                CySpcReadData
 .text.CySpcLoadMultiByte
                0x00003578       0x78 .\CortexM3\ARM_GCC_541\Debug\AntennaRotator.a(CySpc.o)
                0x00003578                CySpcLoadMultiByte
 .text.CySpcWriteRow
                0x000035f0       0x4c .\CortexM3\ARM_GCC_541\Debug\AntennaRotator.a(CySpc.o)
                0x000035f0                CySpcWriteRow
 .text.CySpcGetTemp
                0x0000363c       0x3c .\CortexM3\ARM_GCC_541\Debug\AntennaRotator.a(CySpc.o)
                0x0000363c                CySpcGetTemp
 .text.CySpcLock
                0x00003678       0x4c .\CortexM3\ARM_GCC_541\Debug\AntennaRotator.a(CySpc.o)
                0x00003678                CySpcLock
 .text.CySpcUnlock
                0x000036c4       0x38 .\CortexM3\ARM_GCC_541\Debug\AntennaRotator.a(CySpc.o)
                0x000036c4                CySpcUnlock
 .text.CySpcGetAlgorithm
                0x000036fc       0x28 .\CortexM3\ARM_GCC_541\Debug\AntennaRotator.a(CySpc.o)
                0x000036fc                CySpcGetAlgorithm
 .text.cos      0x00003724       0x90 c:/program files (x86)/cypress/psoc creator/4.4/psoc creator/import/gnu/arm/5.4.1/bin/../lib/gcc/arm-none-eabi/5.4.1/../../../../arm-none-eabi/lib/armv7-m\libm.a(lib_a-s_cos.o)
                0x00003724                cos
 .text.sin      0x000037b4       0x90 c:/program files (x86)/cypress/psoc creator/4.4/psoc creator/import/gnu/arm/5.4.1/bin/../lib/gcc/arm-none-eabi/5.4.1/../../../../arm-none-eabi/lib/armv7-m\libm.a(lib_a-s_sin.o)
                0x000037b4                sin
 *fill*         0x00003844        0x4 
 .text.__ieee754_rem_pio2
                0x00003848      0x42c c:/program files (x86)/cypress/psoc creator/4.4/psoc creator/import/gnu/arm/5.4.1/bin/../lib/gcc/arm-none-eabi/5.4.1/../../../../arm-none-eabi/lib/armv7-m\libm.a(lib_a-e_rem_pio2.o)
                0x00003848                __ieee754_rem_pio2
 *fill*         0x00003c74        0x4 
 .text.__kernel_cos
                0x00003c78      0x248 c:/program files (x86)/cypress/psoc creator/4.4/psoc creator/import/gnu/arm/5.4.1/bin/../lib/gcc/arm-none-eabi/5.4.1/../../../../arm-none-eabi/lib/armv7-m\libm.a(lib_a-k_cos.o)
                0x00003c78                __kernel_cos
 .text.__kernel_rem_pio2
                0x00003ec0      0x7f0 c:/program files (x86)/cypress/psoc creator/4.4/psoc creator/import/gnu/arm/5.4.1/bin/../lib/gcc/arm-none-eabi/5.4.1/../../../../arm-none-eabi/lib/armv7-m\libm.a(lib_a-k_rem_pio2.o)
                0x00003ec0                __kernel_rem_pio2
 .text.__kernel_sin
                0x000046b0      0x16c c:/program files (x86)/cypress/psoc creator/4.4/psoc creator/import/gnu/arm/5.4.1/bin/../lib/gcc/arm-none-eabi/5.4.1/../../../../arm-none-eabi/lib/armv7-m\libm.a(lib_a-k_sin.o)
                0x000046b0                __kernel_sin
 .text.fabs     0x0000481c        0x8 c:/program files (x86)/cypress/psoc creator/4.4/psoc creator/import/gnu/arm/5.4.1/bin/../lib/gcc/arm-none-eabi/5.4.1/../../../../arm-none-eabi/lib/armv7-m\libm.a(lib_a-s_fabs.o)
                0x0000481c                fabs
 *fill*         0x00004824        0x4 
 .text.floor    0x00004828      0x110 c:/program files (x86)/cypress/psoc creator/4.4/psoc creator/import/gnu/arm/5.4.1/bin/../lib/gcc/arm-none-eabi/5.4.1/../../../../arm-none-eabi/lib/armv7-m\libm.a(lib_a-s_floor.o)
                0x00004828                floor
 .text.scalbn   0x00004938       0xe4 c:/program files (x86)/cypress/psoc creator/4.4/psoc creator/import/gnu/arm/5.4.1/bin/../lib/gcc/arm-none-eabi/5.4.1/../../../../arm-none-eabi/lib/armv7-m\libm.a(lib_a-s_scalbn.o)
                0x00004938                scalbn
 .text.copysign
                0x00004a1c       0x10 c:/program files (x86)/cypress/psoc creator/4.4/psoc creator/import/gnu/arm/5.4.1/bin/../lib/gcc/arm-none-eabi/5.4.1/../../../../arm-none-eabi/lib/armv7-m\libm.a(lib_a-s_copysign.o)
                0x00004a1c                copysign
 .text          0x00004a2c      0x370 c:/program files (x86)/cypress/psoc creator/4.4/psoc creator/import/gnu/arm/5.4.1/bin/../lib/gcc/arm-none-eabi/5.4.1/armv7-m\libgcc.a(_arm_addsubdf3.o)
                0x00004a2c                __aeabi_drsub
                0x00004a34                __aeabi_dsub
                0x00004a34                __subdf3
                0x00004a38                __aeabi_dadd
                0x00004a38                __adddf3
                0x00004cb0                __floatunsidf
                0x00004cb0                __aeabi_ui2d
                0x00004cd0                __floatsidf
                0x00004cd0                __aeabi_i2d
                0x00004cf4                __aeabi_f2d
                0x00004cf4                __extendsfdf2
                0x00004d30                __floatundidf
                0x00004d30                __aeabi_ul2d
                0x00004d40                __floatdidf
                0x00004d40                __aeabi_l2d
 .text          0x00004d9c      0x424 c:/program files (x86)/cypress/psoc creator/4.4/psoc creator/import/gnu/arm/5.4.1/bin/../lib/gcc/arm-none-eabi/5.4.1/armv7-m\libgcc.a(_arm_muldivdf3.o)
                0x00004d9c                __aeabi_dmul
                0x00004d9c                __muldf3
                0x00004ff0                __divdf3
                0x00004ff0                __aeabi_ddiv
 .text          0x000051c0      0x110 c:/program files (x86)/cypress/psoc creator/4.4/psoc creator/import/gnu/arm/5.4.1/bin/../lib/gcc/arm-none-eabi/5.4.1/armv7-m\libgcc.a(_arm_cmpdf2.o)
                0x000051c0                __gtdf2
                0x000051c0                __gedf2
                0x000051c8                __ltdf2
                0x000051c8                __ledf2
                0x000051d0                __nedf2
                0x000051d0                __eqdf2
                0x000051d0                __cmpdf2
                0x0000524c                __aeabi_cdrcmple
                0x0000525c                __aeabi_cdcmpeq
                0x0000525c                __aeabi_cdcmple
                0x0000526c                __aeabi_dcmpeq
                0x00005280                __aeabi_dcmplt
                0x00005294                __aeabi_dcmple
                0x000052a8                __aeabi_dcmpge
                0x000052bc                __aeabi_dcmpgt
 .text          0x000052d0       0x50 c:/program files (x86)/cypress/psoc creator/4.4/psoc creator/import/gnu/arm/5.4.1/bin/../lib/gcc/arm-none-eabi/5.4.1/armv7-m\libgcc.a(_arm_fixdfsi.o)
                0x000052d0                __aeabi_d2iz
                0x000052d0                __fixdfsi
 .text          0x00005320      0x21c c:/program files (x86)/cypress/psoc creator/4.4/psoc creator/import/gnu/arm/5.4.1/bin/../lib/gcc/arm-none-eabi/5.4.1/armv7-m\libgcc.a(_arm_addsubsf3.o)
                0x00005320                __aeabi_frsub
                0x00005328                __subsf3
                0x00005328                __aeabi_fsub
                0x0000532c                __aeabi_fadd
                0x0000532c                __addsf3
                0x0000548c                __aeabi_ui2f
                0x0000548c                __floatunsisf
                0x00005494                __aeabi_i2f
                0x00005494                __floatsisf
                0x000054b0                __aeabi_ul2f
                0x000054b0                __floatundisf
                0x000054c0                __aeabi_l2f
                0x000054c0                __floatdisf
 .text          0x0000553c      0x2a0 c:/program files (x86)/cypress/psoc creator/4.4/psoc creator/import/gnu/arm/5.4.1/bin/../lib/gcc/arm-none-eabi/5.4.1/armv7-m\libgcc.a(_arm_muldivsf3.o)
                0x0000553c                __mulsf3
                0x0000553c                __aeabi_fmul
                0x000056a4                __aeabi_fdiv
                0x000056a4                __divsf3
 .text          0x000057dc       0x4c c:/program files (x86)/cypress/psoc creator/4.4/psoc creator/import/gnu/arm/5.4.1/bin/../lib/gcc/arm-none-eabi/5.4.1/armv7-m\libgcc.a(_arm_fixsfsi.o)
                0x000057dc                __aeabi_f2iz
                0x000057dc                __fixsfsi
 .text          0x00005828       0x40 c:/program files (x86)/cypress/psoc creator/4.4/psoc creator/import/gnu/arm/5.4.1/bin/../lib/gcc/arm-none-eabi/5.4.1/armv7-m\libgcc.a(_arm_fixunssfsi.o)
                0x00005828                __fixunssfsi
                0x00005828                __aeabi_f2uiz
 .text.__errno  0x00005868        0xc c:/program files (x86)/cypress/psoc creator/4.4/psoc creator/import/gnu/arm/5.4.1/bin/../lib/gcc/arm-none-eabi/5.4.1/../../../../arm-none-eabi/lib/armv7-m\libg_nano.a(lib_a-errno.o)
                0x00005868                __errno
 .text.__libc_init_array
                0x00005874       0x4c c:/program files (x86)/cypress/psoc creator/4.4/psoc creator/import/gnu/arm/5.4.1/bin/../lib/gcc/arm-none-eabi/5.4.1/../../../../arm-none-eabi/lib/armv7-m\libg_nano.a(lib_a-init.o)
                0x00005874                __libc_init_array
 .text.memcpy   0x000058c0       0x16 c:/program files (x86)/cypress/psoc creator/4.4/psoc creator/import/gnu/arm/5.4.1/bin/../lib/gcc/arm-none-eabi/5.4.1/../../../../arm-none-eabi/lib/armv7-m\libg_nano.a(lib_a-memcpy-stub.o)
                0x000058c0                memcpy
 .text.memset   0x000058d6       0x10 c:/program files (x86)/cypress/psoc creator/4.4/psoc creator/import/gnu/arm/5.4.1/bin/../lib/gcc/arm-none-eabi/5.4.1/../../../../arm-none-eabi/lib/armv7-m\libg_nano.a(lib_a-memset.o)
                0x000058d6                memset
 .text.__cvt    0x000058e6       0xc0 c:/program files (x86)/cypress/psoc creator/4.4/psoc creator/import/gnu/arm/5.4.1/bin/../lib/gcc/arm-none-eabi/5.4.1/../../../../arm-none-eabi/lib/armv7-m\libg_nano.a(lib_a-nano-vfprintf_float.o)
                0x000058e6                __cvt
 .text.__exponent
                0x000059a6       0x62 c:/program files (x86)/cypress/psoc creator/4.4/psoc creator/import/gnu/arm/5.4.1/bin/../lib/gcc/arm-none-eabi/5.4.1/../../../../arm-none-eabi/lib/armv7-m\libg_nano.a(lib_a-nano-vfprintf_float.o)
                0x000059a6                __exponent
 .text._printf_float
                0x00005a08      0x488 c:/program files (x86)/cypress/psoc creator/4.4/psoc creator/import/gnu/arm/5.4.1/bin/../lib/gcc/arm-none-eabi/5.4.1/../../../../arm-none-eabi/lib/armv7-m\libg_nano.a(lib_a-nano-vfprintf_float.o)
                0x00005a08                _printf_float
 .text._printf_common
                0x00005e90       0xec c:/program files (x86)/cypress/psoc creator/4.4/psoc creator/import/gnu/arm/5.4.1/bin/../lib/gcc/arm-none-eabi/5.4.1/../../../../arm-none-eabi/lib/armv7-m\libg_nano.a(lib_a-nano-vfprintf_i.o)
                0x00005e90                _printf_common
 .text._printf_i
                0x00005f7c      0x24c c:/program files (x86)/cypress/psoc creator/4.4/psoc creator/import/gnu/arm/5.4.1/bin/../lib/gcc/arm-none-eabi/5.4.1/../../../../arm-none-eabi/lib/armv7-m\libg_nano.a(lib_a-nano-vfprintf_i.o)
                0x00005f7c                _printf_i
 .text.sprintf  0x000061c8       0x48 c:/program files (x86)/cypress/psoc creator/4.4/psoc creator/import/gnu/arm/5.4.1/bin/../lib/gcc/arm-none-eabi/5.4.1/../../../../arm-none-eabi/lib/armv7-m\libg_nano.a(lib_a-sprintf.o)
                0x000061c8                siprintf
                0x000061c8                sprintf
 .text          0x00006210       0x14 c:/program files (x86)/cypress/psoc creator/4.4/psoc creator/import/gnu/arm/5.4.1/bin/../lib/gcc/arm-none-eabi/5.4.1/../../../../arm-none-eabi/lib/armv7-m\libg_nano.a(lib_a-strcmp.o)
                0x00006210                strcmp
 .text          0x00006224       0x10 c:/program files (x86)/cypress/psoc creator/4.4/psoc creator/import/gnu/arm/5.4.1/bin/../lib/gcc/arm-none-eabi/5.4.1/../../../../arm-none-eabi/lib/armv7-m\libg_nano.a(lib_a-strlen.o)
                0x00006224                strlen
 .text.quorem   0x00006234      0x116 c:/program files (x86)/cypress/psoc creator/4.4/psoc creator/import/gnu/arm/5.4.1/bin/../lib/gcc/arm-none-eabi/5.4.1/../../../../arm-none-eabi/lib/armv7-m\libg_nano.a(lib_a-dtoa.o)
 *fill*         0x0000634a        0x6 
 .text._dtoa_r  0x00006350      0xb30 c:/program files (x86)/cypress/psoc creator/4.4/psoc creator/import/gnu/arm/5.4.1/bin/../lib/gcc/arm-none-eabi/5.4.1/../../../../arm-none-eabi/lib/armv7-m\libg_nano.a(lib_a-dtoa.o)
                0x00006350                _dtoa_r
 .text._localeconv_r
                0x00006e80        0x8 c:/program files (x86)/cypress/psoc creator/4.4/psoc creator/import/gnu/arm/5.4.1/bin/../lib/gcc/arm-none-eabi/5.4.1/../../../../arm-none-eabi/lib/armv7-m\libg_nano.a(lib_a-locale.o)
                0x00006e80                _localeconv_r
 .text.malloc   0x00006e88       0x10 c:/program files (x86)/cypress/psoc creator/4.4/psoc creator/import/gnu/arm/5.4.1/bin/../lib/gcc/arm-none-eabi/5.4.1/../../../../arm-none-eabi/lib/armv7-m\libg_nano.a(lib_a-malloc.o)
                0x00006e88                malloc
 .text.memchr   0x00006e98       0x1c c:/program files (x86)/cypress/psoc creator/4.4/psoc creator/import/gnu/arm/5.4.1/bin/../lib/gcc/arm-none-eabi/5.4.1/../../../../arm-none-eabi/lib/armv7-m\libg_nano.a(lib_a-memchr-stub.o)
                0x00006e98                memchr
 .text._Balloc  0x00006eb4       0x6a c:/program files (x86)/cypress/psoc creator/4.4/psoc creator/import/gnu/arm/5.4.1/bin/../lib/gcc/arm-none-eabi/5.4.1/../../../../arm-none-eabi/lib/armv7-m\libg_nano.a(lib_a-mprec.o)
                0x00006eb4                _Balloc
 .text._Bfree   0x00006f1e       0x2e c:/program files (x86)/cypress/psoc creator/4.4/psoc creator/import/gnu/arm/5.4.1/bin/../lib/gcc/arm-none-eabi/5.4.1/../../../../arm-none-eabi/lib/armv7-m\libg_nano.a(lib_a-mprec.o)
                0x00006f1e                _Bfree
 .text.__multadd
                0x00006f4c       0x76 c:/program files (x86)/cypress/psoc creator/4.4/psoc creator/import/gnu/arm/5.4.1/bin/../lib/gcc/arm-none-eabi/5.4.1/../../../../arm-none-eabi/lib/armv7-m\libg_nano.a(lib_a-mprec.o)
                0x00006f4c                __multadd
 .text.__hi0bits
                0x00006fc2       0x40 c:/program files (x86)/cypress/psoc creator/4.4/psoc creator/import/gnu/arm/5.4.1/bin/../lib/gcc/arm-none-eabi/5.4.1/../../../../arm-none-eabi/lib/armv7-m\libg_nano.a(lib_a-mprec.o)
                0x00006fc2                __hi0bits
 .text.__lo0bits
                0x00007002       0x5a c:/program files (x86)/cypress/psoc creator/4.4/psoc creator/import/gnu/arm/5.4.1/bin/../lib/gcc/arm-none-eabi/5.4.1/../../../../arm-none-eabi/lib/armv7-m\libg_nano.a(lib_a-mprec.o)
                0x00007002                __lo0bits
 .text.__i2b    0x0000705c       0x12 c:/program files (x86)/cypress/psoc creator/4.4/psoc creator/import/gnu/arm/5.4.1/bin/../lib/gcc/arm-none-eabi/5.4.1/../../../../arm-none-eabi/lib/armv7-m\libg_nano.a(lib_a-mprec.o)
                0x0000705c                __i2b
 .text.__multiply
                0x0000706e      0x120 c:/program files (x86)/cypress/psoc creator/4.4/psoc creator/import/gnu/arm/5.4.1/bin/../lib/gcc/arm-none-eabi/5.4.1/../../../../arm-none-eabi/lib/armv7-m\libg_nano.a(lib_a-mprec.o)
                0x0000706e                __multiply
 *fill*         0x0000718e        0x2 
 .text.__pow5mult
                0x00007190       0x9c c:/program files (x86)/cypress/psoc creator/4.4/psoc creator/import/gnu/arm/5.4.1/bin/../lib/gcc/arm-none-eabi/5.4.1/../../../../arm-none-eabi/lib/armv7-m\libg_nano.a(lib_a-mprec.o)
                0x00007190                __pow5mult
 .text.__lshift
                0x0000722c       0xa2 c:/program files (x86)/cypress/psoc creator/4.4/psoc creator/import/gnu/arm/5.4.1/bin/../lib/gcc/arm-none-eabi/5.4.1/../../../../arm-none-eabi/lib/armv7-m\libg_nano.a(lib_a-mprec.o)
                0x0000722c                __lshift
 .text.__mcmp   0x000072ce       0x38 c:/program files (x86)/cypress/psoc creator/4.4/psoc creator/import/gnu/arm/5.4.1/bin/../lib/gcc/arm-none-eabi/5.4.1/../../../../arm-none-eabi/lib/armv7-m\libg_nano.a(lib_a-mprec.o)
                0x000072ce                __mcmp
 .text.__mdiff  0x00007306       0xbe c:/program files (x86)/cypress/psoc creator/4.4/psoc creator/import/gnu/arm/5.4.1/bin/../lib/gcc/arm-none-eabi/5.4.1/../../../../arm-none-eabi/lib/armv7-m\libg_nano.a(lib_a-mprec.o)
                0x00007306                __mdiff
 .text.__d2b    0x000073c4       0x9c c:/program files (x86)/cypress/psoc creator/4.4/psoc creator/import/gnu/arm/5.4.1/bin/../lib/gcc/arm-none-eabi/5.4.1/../../../../arm-none-eabi/lib/armv7-m\libg_nano.a(lib_a-mprec.o)
                0x000073c4                __d2b
 .text._calloc_r
                0x00007460       0x1c c:/program files (x86)/cypress/psoc creator/4.4/psoc creator/import/gnu/arm/5.4.1/bin/../lib/gcc/arm-none-eabi/5.4.1/../../../../arm-none-eabi/lib/armv7-m\libg_nano.a(lib_a-nano-callocr.o)
                0x00007460                _calloc_r
 .text._free_r  0x0000747c       0x98 c:/program files (x86)/cypress/psoc creator/4.4/psoc creator/import/gnu/arm/5.4.1/bin/../lib/gcc/arm-none-eabi/5.4.1/../../../../arm-none-eabi/lib/armv7-m\libg_nano.a(lib_a-nano-freer.o)
                0x0000747c                _free_r
 .text._malloc_r
                0x00007514       0xbc c:/program files (x86)/cypress/psoc creator/4.4/psoc creator/import/gnu/arm/5.4.1/bin/../lib/gcc/arm-none-eabi/5.4.1/../../../../arm-none-eabi/lib/armv7-m\libg_nano.a(lib_a-nano-mallocr.o)
                0x00007514                _malloc_r
 .text.__ssputs_r
                0x000075d0       0xb2 c:/program files (x86)/cypress/psoc creator/4.4/psoc creator/import/gnu/arm/5.4.1/bin/../lib/gcc/arm-none-eabi/5.4.1/../../../../arm-none-eabi/lib/armv7-m\libg_nano.a(lib_a-nano-svfprintf.o)
                0x000075d0                __ssputs_r
 *fill*         0x00007682        0x2 
 .text._svfprintf_r
                0x00007684      0x1e8 c:/program files (x86)/cypress/psoc creator/4.4/psoc creator/import/gnu/arm/5.4.1/bin/../lib/gcc/arm-none-eabi/5.4.1/../../../../arm-none-eabi/lib/armv7-m\libg_nano.a(lib_a-nano-svfprintf.o)
                0x00007684                _svfiprintf_r
                0x00007684                _svfprintf_r
 .text._sbrk_r  0x0000786c       0x20 c:/program files (x86)/cypress/psoc creator/4.4/psoc creator/import/gnu/arm/5.4.1/bin/../lib/gcc/arm-none-eabi/5.4.1/../../../../arm-none-eabi/lib/armv7-m\libg_nano.a(lib_a-sbrkr.o)
                0x0000786c                _sbrk_r
 .text.memmove  0x0000788c       0x36 c:/program files (x86)/cypress/psoc creator/4.4/psoc creator/import/gnu/arm/5.4.1/bin/../lib/gcc/arm-none-eabi/5.4.1/../../../../arm-none-eabi/lib/armv7-m\libg_nano.a(lib_a-memmove.o)
                0x0000788c                memmove
 .text.__malloc_lock
                0x000078c2        0x2 c:/program files (x86)/cypress/psoc creator/4.4/psoc creator/import/gnu/arm/5.4.1/bin/../lib/gcc/arm-none-eabi/5.4.1/../../../../arm-none-eabi/lib/armv7-m\libg_nano.a(lib_a-mlock.o)
                0x000078c2                __malloc_lock
 .text.__malloc_unlock
                0x000078c4        0x2 c:/program files (x86)/cypress/psoc creator/4.4/psoc creator/import/gnu/arm/5.4.1/bin/../lib/gcc/arm-none-eabi/5.4.1/../../../../arm-none-eabi/lib/armv7-m\libg_nano.a(lib_a-mlock.o)
                0x000078c4                __malloc_unlock
 .text._realloc_r
                0x000078c6       0x4c c:/program files (x86)/cypress/psoc creator/4.4/psoc creator/import/gnu/arm/5.4.1/bin/../lib/gcc/arm-none-eabi/5.4.1/../../../../arm-none-eabi/lib/armv7-m\libg_nano.a(lib_a-nano-reallocr.o)
                0x000078c6                _realloc_r
 .text._malloc_usable_size_r
                0x00007912       0x14 c:/program files (x86)/cypress/psoc creator/4.4/psoc creator/import/gnu/arm/5.4.1/bin/../lib/gcc/arm-none-eabi/5.4.1/../../../../arm-none-eabi/lib/armv7-m\libg_nano.a(lib_a-nano-msizer.o)
                0x00007912                _malloc_usable_size_r
 *fill*         0x00007926        0x2 
 .text          0x00007928       0x2c c:/program files (x86)/cypress/psoc creator/4.4/psoc creator/import/gnu/arm/5.4.1/bin/../lib/gcc/arm-none-eabi/5.4.1/armv7-m\libgcc.a(_arm_unorddf2.o)
                0x00007928                __unorddf2
                0x00007928                __aeabi_dcmpun
 *(.plt)
 *(.gnu.warning)
 *(.glue_7t)
 .glue_7t       0x00007954        0x0 linker stubs
 *(.glue_7)
 .glue_7        0x00007954        0x0 linker stubs
 *(.vfp11_veneer)
 .vfp11_veneer  0x00007954        0x0 linker stubs
 *(.bootloader)
 *(.ARM.extab* .gnu.linkonce.armextab.*)
 *(.gcc_except_table)

.v4_bx          0x00007954        0x0
 .v4_bx         0x00007954        0x0 linker stubs

.iplt           0x00007954        0x0
 .iplt          0x00007954        0x0 c:/program files (x86)/cypress/psoc creator/4.4/psoc creator/import/gnu/arm/5.4.1/bin/../lib/gcc/arm-none-eabi/5.4.1/armv7-m/crtbegin.o

.eh_frame_hdr
 *(.eh_frame_hdr)

.eh_frame       0x00007954        0x4
 *(.eh_frame)
 .eh_frame      0x00007954        0x0 c:/program files (x86)/cypress/psoc creator/4.4/psoc creator/import/gnu/arm/5.4.1/bin/../lib/gcc/arm-none-eabi/5.4.1/armv7-m/crtbegin.o
 .eh_frame      0x00007954        0x4 c:/program files (x86)/cypress/psoc creator/4.4/psoc creator/import/gnu/arm/5.4.1/bin/../lib/gcc/arm-none-eabi/5.4.1/armv7-m/crtend.o
                [!provide]                PROVIDE (__exidx_start, .)

.ARM.exidx
 *(.ARM.exidx* .gnu.linkonce.armexidx.*)
                0x00007958                __exidx_end = .

.rodata         0x00007958      0xb38
 *(.rodata .rodata.* .gnu.linkonce.r.*)
 .rodata.str1.4
                0x00007958       0x12 .\CortexM3\ARM_GCC_541\Debug\main.o
 *fill*         0x0000796a        0x2 
 .rodata        0x0000796c      0x51f .\CortexM3\ARM_GCC_541\Debug\ssd1306.o
 *fill*         0x00007e8b        0x1 
 .rodata.str1.4
                0x00007e8c        0xf .\CortexM3\ARM_GCC_541\Debug\RotatorHorizon.o
 *fill*         0x00007e9b        0x1 
 .rodata.str1.4
                0x00007e9c       0x98 .\CortexM3\ARM_GCC_541\Debug\cli.o
                                 0x9c (size before relaxing)
 .rodata.str1.4
                0x00007f34       0xa4 .\CortexM3\ARM_GCC_541\Debug\bsp.o
                                 0xa1 (size before relaxing)
 .rodata        0x00007fd8       0x46 .\CortexM3\ARM_GCC_541\Debug\cyfitter_cfg.o
 *fill*         0x0000801e        0x2 
 .rodata.npio2_hw
                0x00008020       0x80 c:/program files (x86)/cypress/psoc creator/4.4/psoc creator/import/gnu/arm/5.4.1/bin/../lib/gcc/arm-none-eabi/5.4.1/../../../../arm-none-eabi/lib/armv7-m\libm.a(lib_a-e_rem_pio2.o)
 .rodata.two_over_pi
                0x000080a0      0x108 c:/program files (x86)/cypress/psoc creator/4.4/psoc creator/import/gnu/arm/5.4.1/bin/../lib/gcc/arm-none-eabi/5.4.1/../../../../arm-none-eabi/lib/armv7-m\libm.a(lib_a-e_rem_pio2.o)
 .rodata.init_jk
                0x000081a8       0x10 c:/program files (x86)/cypress/psoc creator/4.4/psoc creator/import/gnu/arm/5.4.1/bin/../lib/gcc/arm-none-eabi/5.4.1/../../../../arm-none-eabi/lib/armv7-m\libm.a(lib_a-k_rem_pio2.o)
 .rodata.PIo2   0x000081b8       0x40 c:/program files (x86)/cypress/psoc creator/4.4/psoc creator/import/gnu/arm/5.4.1/bin/../lib/gcc/arm-none-eabi/5.4.1/../../../../arm-none-eabi/lib/armv7-m\libm.a(lib_a-k_rem_pio2.o)
 .rodata._ctype_
                0x000081f8      0x101 c:/program files (x86)/cypress/psoc creator/4.4/psoc creator/import/gnu/arm/5.4.1/bin/../lib/gcc/arm-none-eabi/5.4.1/../../../../arm-none-eabi/lib/armv7-m\libg_nano.a(lib_a-ctype_.o)
                0x000081f8                _ctype_
 .rodata.str1.1
                0x000082f9        0x2 c:/program files (x86)/cypress/psoc creator/4.4/psoc creator/import/gnu/arm/5.4.1/bin/../lib/gcc/arm-none-eabi/5.4.1/../../../../arm-none-eabi/lib/armv7-m\libg_nano.a(lib_a-impure.o)
 .rodata.str1.1
                0x000082fb       0x12 c:/program files (x86)/cypress/psoc creator/4.4/psoc creator/import/gnu/arm/5.4.1/bin/../lib/gcc/arm-none-eabi/5.4.1/../../../../arm-none-eabi/lib/armv7-m\libg_nano.a(lib_a-nano-vfprintf_float.o)
 .rodata.str1.1
                0x0000830d       0x22 c:/program files (x86)/cypress/psoc creator/4.4/psoc creator/import/gnu/arm/5.4.1/bin/../lib/gcc/arm-none-eabi/5.4.1/../../../../arm-none-eabi/lib/armv7-m\libg_nano.a(lib_a-nano-vfprintf_i.o)
 .rodata.str1.1
                0x0000832f        0xd c:/program files (x86)/cypress/psoc creator/4.4/psoc creator/import/gnu/arm/5.4.1/bin/../lib/gcc/arm-none-eabi/5.4.1/../../../../arm-none-eabi/lib/armv7-m\libg_nano.a(lib_a-dtoa.o)
                                  0xf (size before relaxing)
 .rodata.str1.1
                0x0000833c        0x8 c:/program files (x86)/cypress/psoc creator/4.4/psoc creator/import/gnu/arm/5.4.1/bin/../lib/gcc/arm-none-eabi/5.4.1/../../../../arm-none-eabi/lib/armv7-m\libg_nano.a(lib_a-locale.o)
                                  0xb (size before relaxing)
 *fill*         0x00008344        0x4 
 .rodata.__mprec_tens
                0x00008348       0xc8 c:/program files (x86)/cypress/psoc creator/4.4/psoc creator/import/gnu/arm/5.4.1/bin/../lib/gcc/arm-none-eabi/5.4.1/../../../../arm-none-eabi/lib/armv7-m\libg_nano.a(lib_a-mprec.o)
                0x00008348                __mprec_tens
 .rodata.p05.5408
                0x00008410        0xc c:/program files (x86)/cypress/psoc creator/4.4/psoc creator/import/gnu/arm/5.4.1/bin/../lib/gcc/arm-none-eabi/5.4.1/../../../../arm-none-eabi/lib/armv7-m\libg_nano.a(lib_a-mprec.o)
 *fill*         0x0000841c        0x4 
 .rodata.__mprec_bigtens
                0x00008420       0x28 c:/program files (x86)/cypress/psoc creator/4.4/psoc creator/import/gnu/arm/5.4.1/bin/../lib/gcc/arm-none-eabi/5.4.1/../../../../arm-none-eabi/lib/armv7-m\libg_nano.a(lib_a-mprec.o)
                0x00008420                __mprec_bigtens
 .rodata.str1.1
                0x00008448       0x11 c:/program files (x86)/cypress/psoc creator/4.4/psoc creator/import/gnu/arm/5.4.1/bin/../lib/gcc/arm-none-eabi/5.4.1/../../../../arm-none-eabi/lib/armv7-m\libg_nano.a(lib_a-nano-svfprintf.o)
                0x0000845c                . = ALIGN (0x4)
 *fill*         0x00008459        0x3 
 *(.init)
 .init          0x0000845c        0x4 c:/program files (x86)/cypress/psoc creator/4.4/psoc creator/import/gnu/arm/5.4.1/bin/../lib/gcc/arm-none-eabi/5.4.1/armv7-m/crti.o
                0x0000845c                _init
 .init          0x00008460        0x8 c:/program files (x86)/cypress/psoc creator/4.4/psoc creator/import/gnu/arm/5.4.1/bin/../lib/gcc/arm-none-eabi/5.4.1/armv7-m/crtn.o
                0x00008468                . = ALIGN (0x4)
                0x00008468                __preinit_array_start = .
 *(.preinit_array)
                0x00008468                __preinit_array_end = .
                0x00008468                . = ALIGN (0x4)
                0x00008468                __init_array_start = .
 *(SORT(.init_array.*))
 *(.init_array)
 .init_array    0x00008468        0x4 c:/program files (x86)/cypress/psoc creator/4.4/psoc creator/import/gnu/arm/5.4.1/bin/../lib/gcc/arm-none-eabi/5.4.1/armv7-m/crtbegin.o
 .init_array    0x0000846c        0x4 .\CortexM3\ARM_GCC_541\Debug\Cm3Start.o
                0x00008470                __init_array_end = .
                0x00008470                . = ALIGN (0x4)
 *(.fini)
 .fini          0x00008470        0x4 c:/program files (x86)/cypress/psoc creator/4.4/psoc creator/import/gnu/arm/5.4.1/bin/../lib/gcc/arm-none-eabi/5.4.1/armv7-m/crti.o
                0x00008470                _fini
 .fini          0x00008474        0x8 c:/program files (x86)/cypress/psoc creator/4.4/psoc creator/import/gnu/arm/5.4.1/bin/../lib/gcc/arm-none-eabi/5.4.1/armv7-m/crtn.o
                0x0000847c                . = ALIGN (0x4)
                0x0000847c                __fini_array_start = .
 *(.fini_array)
 .fini_array    0x0000847c        0x4 c:/program files (x86)/cypress/psoc creator/4.4/psoc creator/import/gnu/arm/5.4.1/bin/../lib/gcc/arm-none-eabi/5.4.1/armv7-m/crtbegin.o
 *(SORT(.fini_array.*))
                0x00008480                __fini_array_end = .
                0x00008480                . = ALIGN (0x4)
 *crtbegin.o(.ctors)
 *(EXCLUDE_FILE(*crtend.o) .ctors)
 *(SORT(.ctors.*))
 *crtend.o(.ctors)
                0x00008480                . = ALIGN (0x4)
 *crtbegin.o(.dtors)
 *(EXCLUDE_FILE(*crtend.o) .dtors)
 *(SORT(.dtors.*))
 *crtend.o(.dtors)
                0x00008480                . = ALIGN (0x4)
                0x00008480                __cy_regions = .
                0x00008480        0x4 LONG 0x8490 __cy_region_init_ram
                0x00008484        0x4 LONG 0x1fff80c8 __cy_region_start_data
                0x00008488        0x4 LONG 0x2c0 __cy_region_init_size_ram
                0x0000848c        0x4 LONG 0x108 __cy_region_zero_size_ram
                0x00008490                __cy_regions_end = .
                0x00008490                . = ALIGN (0x8)
                0x00008490                _etext = .

.cy_checksum_exclude
                0x00008490        0x0
 *(.cy_checksum_exclude)

.ramvectors     0x1fff8000       0xc0
                0x1fff8000                __cy_region_start_ram = .
 *(.ramvectors)
 .ramvectors    0x1fff8000       0xc0 .\CortexM3\ARM_GCC_541\Debug\Cm3Start.o
                0x1fff8000                CyRamVectors

.noinit         0x1fff80c0        0x1
 *(.noinit)
 .noinit        0x1fff80c0        0x1 .\CortexM3\ARM_GCC_541\Debug\AntennaRotator.a(CyLib.o)
                0x1fff80c0                CyResetStatus

.data           0x1fff80c8      0x2c0 load address 0x00008490
                0x1fff80c8                __cy_region_start_data = .
 *(.jcr)
 .jcr           0x1fff80c8        0x0 c:/program files (x86)/cypress/psoc creator/4.4/psoc creator/import/gnu/arm/5.4.1/bin/../lib/gcc/arm-none-eabi/5.4.1/armv7-m/crtbegin.o
 .jcr           0x1fff80c8        0x4 c:/program files (x86)/cypress/psoc creator/4.4/psoc creator/import/gnu/arm/5.4.1/bin/../lib/gcc/arm-none-eabi/5.4.1/armv7-m/crtend.o
 *(.got.plt)
 *(.got)
 *(.shdata)
 *(.data .data.* .gnu.linkonce.d.*)
 .data          0x1fff80cc      0x201 .\CortexM3\ARM_GCC_541\Debug\ssd1306.o
 *fill*         0x1fff82cd        0x3 
 .data          0x1fff82d0        0x4 .\CortexM3\ARM_GCC_541\Debug\Cm3Start.o
 .data          0x1fff82d4       0x10 .\CortexM3\ARM_GCC_541\Debug\AntennaRotator.a(CyLib.o)
                0x1fff82d4                cydelay_32k_ms
                0x1fff82d8                cydelay_freq_khz
                0x1fff82dc                cydelay_freq_mhz
                0x1fff82e0                cydelay_freq_hz
 .data.__ctype_ptr__
                0x1fff82e4        0x4 c:/program files (x86)/cypress/psoc creator/4.4/psoc creator/import/gnu/arm/5.4.1/bin/../lib/gcc/arm-none-eabi/5.4.1/../../../../arm-none-eabi/lib/armv7-m\libg_nano.a(lib_a-ctype_.o)
                0x1fff82e4                __ctype_ptr__
 .data.impure_data
                0x1fff82e8       0x60 c:/program files (x86)/cypress/psoc creator/4.4/psoc creator/import/gnu/arm/5.4.1/bin/../lib/gcc/arm-none-eabi/5.4.1/../../../../arm-none-eabi/lib/armv7-m\libg_nano.a(lib_a-impure.o)
 .data._impure_ptr
                0x1fff8348        0x4 c:/program files (x86)/cypress/psoc creator/4.4/psoc creator/import/gnu/arm/5.4.1/bin/../lib/gcc/arm-none-eabi/5.4.1/../../../../arm-none-eabi/lib/armv7-m\libg_nano.a(lib_a-impure.o)
                0x1fff8348                _impure_ptr
 .data.lconv    0x1fff834c       0x38 c:/program files (x86)/cypress/psoc creator/4.4/psoc creator/import/gnu/arm/5.4.1/bin/../lib/gcc/arm-none-eabi/5.4.1/../../../../arm-none-eabi/lib/armv7-m\libg_nano.a(lib_a-locale.o)
                0x1fff8388                . = ALIGN (0x8)
 *fill*         0x1fff8384        0x4 
 *(.ram)
                0x1fff8388                _edata = .

.igot.plt       0x1fff8388        0x0 load address 0x00008750
 .igot.plt      0x1fff8388        0x0 c:/program files (x86)/cypress/psoc creator/4.4/psoc creator/import/gnu/arm/5.4.1/bin/../lib/gcc/arm-none-eabi/5.4.1/armv7-m/crtbegin.o

.bss            0x1fff8388      0x108 load address 0x00008750
                0x1fff8388                PROVIDE (__bss_start__, .)
 *(.shbss)
 *(.bss .bss.* .gnu.linkonce.b.*)
 .bss           0x1fff8388       0x1c c:/program files (x86)/cypress/psoc creator/4.4/psoc creator/import/gnu/arm/5.4.1/bin/../lib/gcc/arm-none-eabi/5.4.1/armv7-m/crtbegin.o
 .bss           0x1fff83a4        0x3 .\CortexM3\ARM_GCC_541\Debug\main.o
                0x1fff83a4                refresh_display
                0x1fff83a5                refresh_buttons
                0x1fff83a6                refresh_rotation
 *fill*         0x1fff83a7        0x1 
 .bss           0x1fff83a8       0x10 .\CortexM3\ARM_GCC_541\Debug\ssd1306.o
 .bss           0x1fff83b8        0x1 .\CortexM3\ARM_GCC_541\Debug\cli.o
                0x1fff83b8                readState
 *fill*         0x1fff83b9        0x3 
 .bss           0x1fff83bc       0x10 .\CortexM3\ARM_GCC_541\Debug\rotation.o
 .bss           0x1fff83cc        0x9 .\CortexM3\ARM_GCC_541\Debug\AntennaRotator.a(UART.o)
                0x1fff83cc                UART_errorStatus
                0x1fff83cd                UART_initVar
                0x1fff83ce                UART_rxBufferRead
                0x1fff83cf                UART_rxBufferWrite
                0x1fff83d0                UART_rxBufferLoopDetect
                0x1fff83d1                UART_rxBufferOverflow
                0x1fff83d2                UART_txBufferRead
                0x1fff83d3                UART_txBufferWrite
 .bss           0x1fff83d5        0x1 .\CortexM3\ARM_GCC_541\Debug\AntennaRotator.a(I2C_OLED.o)
                0x1fff83d5                I2C_OLED_initVar
 .bss           0x1fff83d6        0x1 .\CortexM3\ARM_GCC_541\Debug\AntennaRotator.a(PWM_1.o)
                0x1fff83d6                PWM_1_initVar
 .bss           0x1fff83d7        0x1 .\CortexM3\ARM_GCC_541\Debug\AntennaRotator.a(Display_Refresh_Timer.o)
                0x1fff83d7                Display_Refresh_Timer_initVar
 .bss           0x1fff83d8        0x1 .\CortexM3\ARM_GCC_541\Debug\AntennaRotator.a(I2C_X.o)
                0x1fff83d8                I2C_X_initVar
 .bss           0x1fff83d9        0x1 .\CortexM3\ARM_GCC_541\Debug\AntennaRotator.a(I2C_Y.o)
                0x1fff83d9                I2C_Y_initVar
 .bss           0x1fff83da        0x1 .\CortexM3\ARM_GCC_541\Debug\AntennaRotator.a(Button_Refresh_Timer.o)
                0x1fff83da                Button_Refresh_Timer_initVar
 *fill*         0x1fff83db        0x1 
 .bss           0x1fff83dc        0x8 .\CortexM3\ARM_GCC_541\Debug\AntennaRotator.a(CySpc.o)
                0x1fff83dc                SpcLockState
 .bss.__malloc_sbrk_start
                0x1fff83e4        0x4 c:/program files (x86)/cypress/psoc creator/4.4/psoc creator/import/gnu/arm/5.4.1/bin/../lib/gcc/arm-none-eabi/5.4.1/../../../../arm-none-eabi/lib/armv7-m\libg_nano.a(lib_a-nano-mallocr.o)
                0x1fff83e4                __malloc_sbrk_start
 .bss.__malloc_free_list
                0x1fff83e8        0x4 c:/program files (x86)/cypress/psoc creator/4.4/psoc creator/import/gnu/arm/5.4.1/bin/../lib/gcc/arm-none-eabi/5.4.1/../../../../arm-none-eabi/lib/armv7-m\libg_nano.a(lib_a-nano-mallocr.o)
                0x1fff83e8                __malloc_free_list
 *(COMMON)
 COMMON         0x1fff83ec       0x30 .\CortexM3\ARM_GCC_541\Debug\main.o
                0x1fff83ec                arg2
                0x1fff83f8                arg1
                0x1fff8404                arg3
                0x1fff8410                cmd
 COMMON         0x1fff841c        0x7 .\CortexM3\ARM_GCC_541\Debug\ssd1306.o
                0x1fff841c                WIDTH
                0x1fff841e                rotation
                0x1fff8420                HEIGHT
                0x1fff8422                wrap
 *fill*         0x1fff8423        0x1 
 COMMON         0x1fff8424       0x20 .\CortexM3\ARM_GCC_541\Debug\AntennaRotator.a(UART.o)
                0x1fff8424                UART_rxBuffer
                0x1fff8434                UART_txBuffer
 COMMON         0x1fff8444        0x1 .\CortexM3\ARM_GCC_541\Debug\AntennaRotator.a(I2C_OLED.o)
                0x1fff8444                I2C_OLED_state
 *fill*         0x1fff8445        0x3 
 COMMON         0x1fff8448        0xe .\CortexM3\ARM_GCC_541\Debug\AntennaRotator.a(I2C_OLED_MASTER.o)
                0x1fff8448                I2C_OLED_mstrRdBufPtr
                0x1fff844c                I2C_OLED_mstrWrBufPtr
                0x1fff8450                I2C_OLED_mstrControl
                0x1fff8451                I2C_OLED_mstrRdBufIndex
                0x1fff8452                I2C_OLED_mstrWrBufIndex
                0x1fff8453                I2C_OLED_mstrRdBufSize
                0x1fff8454                I2C_OLED_mstrStatus
                0x1fff8455                I2C_OLED_mstrWrBufSize
 COMMON         0x1fff8456        0x1 .\CortexM3\ARM_GCC_541\Debug\AntennaRotator.a(I2C_X.o)
                0x1fff8456                I2C_X_state
 *fill*         0x1fff8457        0x1 
 COMMON         0x1fff8458       0x14 .\CortexM3\ARM_GCC_541\Debug\AntennaRotator.a(I2C_X_MASTER.o)
                0x1fff8458                I2C_X_mstrControl
                0x1fff845c                I2C_X_mstrRdBufPtr
                0x1fff8460                I2C_X_mstrWrBufSize
                0x1fff8461                I2C_X_mstrRdBufSize
                0x1fff8462                I2C_X_mstrRdBufIndex
                0x1fff8463                I2C_X_mstrStatus
                0x1fff8464                I2C_X_mstrWrBufIndex
                0x1fff8468                I2C_X_mstrWrBufPtr
 COMMON         0x1fff846c        0x1 .\CortexM3\ARM_GCC_541\Debug\AntennaRotator.a(I2C_Y.o)
                0x1fff846c                I2C_Y_state
 *fill*         0x1fff846d        0x3 
 COMMON         0x1fff8470       0x14 .\CortexM3\ARM_GCC_541\Debug\AntennaRotator.a(I2C_Y_MASTER.o)
                0x1fff8470                I2C_Y_mstrRdBufIndex
                0x1fff8471                I2C_Y_mstrWrBufSize
                0x1fff8472                I2C_Y_mstrControl
                0x1fff8473                I2C_Y_mstrRdBufSize
                0x1fff8474                I2C_Y_mstrStatus
                0x1fff8478                I2C_Y_mstrWrBufPtr
                0x1fff847c                I2C_Y_mstrWrBufIndex
                0x1fff8480                I2C_Y_mstrRdBufPtr
 COMMON         0x1fff8484        0x2 .\CortexM3\ARM_GCC_541\Debug\AntennaRotator.a(CyFlash.o)
                0x1fff8484                dieTemperature
 *fill*         0x1fff8486        0x2 
 COMMON         0x1fff8488        0x4 c:/program files (x86)/cypress/psoc creator/4.4/psoc creator/import/gnu/arm/5.4.1/bin/../lib/gcc/arm-none-eabi/5.4.1/../../../../arm-none-eabi/lib/armv7-m\libg_nano.a(lib_a-reent.o)
                0x1fff8488                errno
                0x1fff8490                . = ALIGN (0x8)
 *fill*         0x1fff848c        0x4 
 *(.ram.b)
                0x1fff8490                _end = .
                0x1fff8490                __end = .
                0x1fff8490                PROVIDE (end, .)
                0x1fff8490                PROVIDE (__bss_end__, .)
                0x00008490                __cy_region_init_ram = LOADADDR (.data)
                0x000002c0                __cy_region_init_size_ram = (_edata - ADDR (.data))
                0x00000108                __cy_region_zero_size_ram = (_end - _edata)

.heap           0x1fff8490      0x800 load address 0x00008750
                0x1fff8490                . = _end
                0x1fff8c90                . = (. + 0x800)
 *fill*         0x1fff8490      0x800 
                0x1fff8c90                __cy_heap_limit = .

.stack          0x20007800      0x800
                0x20007800                __cy_stack_limit = .
                0x20008000                . = (. + 0x800)
 *fill*         0x20007800      0x800 
                0x00000001                ASSERT ((__cy_stack_limit >= __cy_heap_limit), region RAM overflowed with stack)
                0x00000000                cy_checksum_exclude_size = (CY_APPL_LOADABLE == 0x1)?SIZEOF (.cy_checksum_exclude):0x0
                0x00000001                ASSERT ((cy_checksum_exclude_size <= CY_CHECKSUM_EXCLUDE_SIZE), CY_BOOT: Section .cy_checksum_exclude size exceedes specified limit.)

.cyloadermeta
 *(.cyloadermeta)

.cyloadablemeta
 *(.cyloadablemeta)

.cyconfigecc    0x80000000      0xef0
 *(.cyconfigecc)
 .cyconfigecc   0x80000000      0xef0 .\CortexM3\ARM_GCC_541\Debug\cymetadata.o
                0x80000000                cy_meta_configecc

.cycustnvl      0x90000000        0x4
 *(.cycustnvl)
 .cycustnvl     0x90000000        0x4 .\CortexM3\ARM_GCC_541\Debug\cymetadata.o
                0x90000000                cy_meta_custnvl

.cywolatch      0x90100000        0x4
 *(.cywolatch)
 .cywolatch     0x90100000        0x4 .\CortexM3\ARM_GCC_541\Debug\cymetadata.o
                0x90100000                cy_meta_wonvl

.cyeeprom       0x90200000        0x0
 *(.cyeeprom)
                0x00000001                ASSERT ((. <= ((0x90200000 + ee_offset) + ee_size)), .cyeeprom data will not fit in EEPROM)

.cyflashprotect
                0x90400000      0x100
 *(.cyflashprotect)
 .cyflashprotect
                0x90400000      0x100 .\CortexM3\ARM_GCC_541\Debug\cymetadata.o
                0x90400000                cy_meta_flashprotect

.cymeta         0x90500000        0xc
 *(.cymeta)
 .cymeta        0x90500000        0xc .\CortexM3\ARM_GCC_541\Debug\cymetadata.o
                0x90500000                cy_metadata

.rel.dyn        0x00008750        0x0 load address 0x9050000c
 .rel.iplt      0x00008750        0x0 c:/program files (x86)/cypress/psoc creator/4.4/psoc creator/import/gnu/arm/5.4.1/bin/../lib/gcc/arm-none-eabi/5.4.1/armv7-m/crtbegin.o

.stab
 *(.stab)

.stabstr
 *(.stabstr)

.debug
 *(.debug)

.line
 *(.line)

.debug_srcinfo
 *(.debug_srcinfo)

.debug_sfnames
 *(.debug_sfnames)

.debug_aranges  0x00000000     0x1298
 *(.debug_aranges)
 .debug_aranges
                0x00000000       0x48 .\CortexM3\ARM_GCC_541\Debug\main.o
 .debug_aranges
                0x00000048      0x118 .\CortexM3\ARM_GCC_541\Debug\ssd1306.o
 .debug_aranges
                0x00000160       0x30 .\CortexM3\ARM_GCC_541\Debug\RotatorHorizon.o
 .debug_aranges
                0x00000190       0x70 .\CortexM3\ARM_GCC_541\Debug\cli.o
 .debug_aranges
                0x00000200       0x38 .\CortexM3\ARM_GCC_541\Debug\eeprom.o
 .debug_aranges
                0x00000238       0x90 .\CortexM3\ARM_GCC_541\Debug\bsp.o
 .debug_aranges
                0x000002c8       0x30 .\CortexM3\ARM_GCC_541\Debug\rotation.o
 .debug_aranges
                0x000002f8       0x58 .\CortexM3\ARM_GCC_541\Debug\cyfitter_cfg.o
 .debug_aranges
                0x00000350       0x18 .\CortexM3\ARM_GCC_541\Debug\cymetadata.o
 .debug_aranges
                0x00000368       0x48 .\CortexM3\ARM_GCC_541\Debug\Cm3Start.o
 .debug_aranges
                0x000003b0       0x38 .\CortexM3\ARM_GCC_541\Debug\AntennaRotator.a(LED_Pin.o)
 .debug_aranges
                0x000003e8      0x2a0 .\CortexM3\ARM_GCC_541\Debug\AntennaRotator.a(CyLib.o)
 .debug_aranges
                0x00000688       0x98 .\CortexM3\ARM_GCC_541\Debug\AntennaRotator.a(cyPm.o)
 .debug_aranges
                0x00000720       0x38 .\CortexM3\ARM_GCC_541\Debug\AntennaRotator.a(SW_UP_Pin.o)
 .debug_aranges
                0x00000758       0x38 .\CortexM3\ARM_GCC_541\Debug\AntennaRotator.a(SW_DOWN_Pin.o)
 .debug_aranges
                0x00000790       0x38 .\CortexM3\ARM_GCC_541\Debug\AntennaRotator.a(SW_LEFT_Pin.o)
 .debug_aranges
                0x000007c8       0x38 .\CortexM3\ARM_GCC_541\Debug\AntennaRotator.a(SW_RIGHT_Pin.o)
 .debug_aranges
                0x00000800       0xf0 .\CortexM3\ARM_GCC_541\Debug\AntennaRotator.a(UART.o)
 .debug_aranges
                0x000008f0       0x28 .\CortexM3\ARM_GCC_541\Debug\AntennaRotator.a(UART_INT.o)
 .debug_aranges
                0x00000918       0x70 .\CortexM3\ARM_GCC_541\Debug\AntennaRotator.a(UART_IntClock.o)
 .debug_aranges
                0x00000988       0x38 .\CortexM3\ARM_GCC_541\Debug\AntennaRotator.a(I2C_OLED.o)
 .debug_aranges
                0x000009c0       0x20 .\CortexM3\ARM_GCC_541\Debug\AntennaRotator.a(I2C_OLED_INT.o)
 .debug_aranges
                0x000009e0       0x38 .\CortexM3\ARM_GCC_541\Debug\AntennaRotator.a(I2C_OLED_PM.o)
 .debug_aranges
                0x00000a18       0x80 .\CortexM3\ARM_GCC_541\Debug\AntennaRotator.a(I2C_OLED_MASTER.o)
 .debug_aranges
                0x00000a98       0x38 .\CortexM3\ARM_GCC_541\Debug\AntennaRotator.a(X_Dir_Pin.o)
 .debug_aranges
                0x00000ad0       0x38 .\CortexM3\ARM_GCC_541\Debug\AntennaRotator.a(X_Step_Pin.o)
 .debug_aranges
                0x00000b08       0x98 .\CortexM3\ARM_GCC_541\Debug\AntennaRotator.a(PWM_1.o)
 .debug_aranges
                0x00000ba0       0x28 .\CortexM3\ARM_GCC_541\Debug\AntennaRotator.a(Motor_Enable.o)
 .debug_aranges
                0x00000bc8       0x88 .\CortexM3\ARM_GCC_541\Debug\AntennaRotator.a(Display_Refresh_Timer.o)
 .debug_aranges
                0x00000c50       0x80 .\CortexM3\ARM_GCC_541\Debug\AntennaRotator.a(Display_Refresh_Timer_Int.o)
 .debug_aranges
                0x00000cd0       0x80 .\CortexM3\ARM_GCC_541\Debug\AntennaRotator.a(MotorControlFallingEdge.o)
 .debug_aranges
                0x00000d50       0x80 .\CortexM3\ARM_GCC_541\Debug\AntennaRotator.a(MotorControlRiseingEdge.o)
 .debug_aranges
                0x00000dd0       0x38 .\CortexM3\ARM_GCC_541\Debug\AntennaRotator.a(I2C_X.o)
 .debug_aranges
                0x00000e08       0x20 .\CortexM3\ARM_GCC_541\Debug\AntennaRotator.a(I2C_X_INT.o)
 .debug_aranges
                0x00000e28       0x80 .\CortexM3\ARM_GCC_541\Debug\AntennaRotator.a(I2C_X_MASTER.o)
 .debug_aranges
                0x00000ea8       0x78 .\CortexM3\ARM_GCC_541\Debug\AntennaRotator.a(EEPROM_1.o)
 .debug_aranges
                0x00000f20       0x38 .\CortexM3\ARM_GCC_541\Debug\AntennaRotator.a(Y_Step_Pin.o)
 .debug_aranges
                0x00000f58       0x38 .\CortexM3\ARM_GCC_541\Debug\AntennaRotator.a(I2C_Y.o)
 .debug_aranges
                0x00000f90       0x20 .\CortexM3\ARM_GCC_541\Debug\AntennaRotator.a(I2C_Y_INT.o)
 .debug_aranges
                0x00000fb0       0x80 .\CortexM3\ARM_GCC_541\Debug\AntennaRotator.a(I2C_Y_MASTER.o)
 .debug_aranges
                0x00001030       0x38 .\CortexM3\ARM_GCC_541\Debug\AntennaRotator.a(Y_Dir_Pin.o)
 .debug_aranges
                0x00001068       0x88 .\CortexM3\ARM_GCC_541\Debug\AntennaRotator.a(Button_Refresh_Timer.o)
 .debug_aranges
                0x000010f0       0x80 .\CortexM3\ARM_GCC_541\Debug\AntennaRotator.a(Button_Refresh_Timer_Int.o)
 .debug_aranges
                0x00001170       0x20 .\CortexM3\ARM_GCC_541\Debug\AntennaRotator.a(CyBootAsmGnu.o)
 .debug_aranges
                0x00001190       0x88 .\CortexM3\ARM_GCC_541\Debug\AntennaRotator.a(CyFlash.o)
 .debug_aranges
                0x00001218       0x80 .\CortexM3\ARM_GCC_541\Debug\AntennaRotator.a(CySpc.o)

.debug_pubnames
 *(.debug_pubnames)

.debug_info     0x00000000     0xb3c3
 *(.debug_info .gnu.linkonce.wi.*)
 .debug_info    0x00000000      0x6e2 .\CortexM3\ARM_GCC_541\Debug\main.o
 .debug_info    0x000006e2     0x132d .\CortexM3\ARM_GCC_541\Debug\ssd1306.o
 .debug_info    0x00001a0f      0x39d .\CortexM3\ARM_GCC_541\Debug\RotatorHorizon.o
 .debug_info    0x00001dac      0x994 .\CortexM3\ARM_GCC_541\Debug\cli.o
 .debug_info    0x00002740      0x2a1 .\CortexM3\ARM_GCC_541\Debug\eeprom.o
 .debug_info    0x000029e1      0x8b1 .\CortexM3\ARM_GCC_541\Debug\bsp.o
 .debug_info    0x00003292      0x31e .\CortexM3\ARM_GCC_541\Debug\rotation.o
 .debug_info    0x000035b0      0x5b9 .\CortexM3\ARM_GCC_541\Debug\cyfitter_cfg.o
 .debug_info    0x00003b69      0x139 .\CortexM3\ARM_GCC_541\Debug\cymetadata.o
 .debug_info    0x00003ca2      0x3bb .\CortexM3\ARM_GCC_541\Debug\Cm3Start.o
 .debug_info    0x0000405d      0x11f .\CortexM3\ARM_GCC_541\Debug\AntennaRotator.a(LED_Pin.o)
 .debug_info    0x0000417c     0x1374 .\CortexM3\ARM_GCC_541\Debug\AntennaRotator.a(CyLib.o)
 .debug_info    0x000054f0      0xa2a .\CortexM3\ARM_GCC_541\Debug\AntennaRotator.a(cyPm.o)
 .debug_info    0x00005f1a      0x11f .\CortexM3\ARM_GCC_541\Debug\AntennaRotator.a(SW_UP_Pin.o)
 .debug_info    0x00006039      0x11f .\CortexM3\ARM_GCC_541\Debug\AntennaRotator.a(SW_DOWN_Pin.o)
 .debug_info    0x00006158      0x11f .\CortexM3\ARM_GCC_541\Debug\AntennaRotator.a(SW_LEFT_Pin.o)
 .debug_info    0x00006277      0x11f .\CortexM3\ARM_GCC_541\Debug\AntennaRotator.a(SW_RIGHT_Pin.o)
 .debug_info    0x00006396      0x7ae .\CortexM3\ARM_GCC_541\Debug\AntennaRotator.a(UART.o)
 .debug_info    0x00006b44      0x186 .\CortexM3\ARM_GCC_541\Debug\AntennaRotator.a(UART_INT.o)
 .debug_info    0x00006cca      0x283 .\CortexM3\ARM_GCC_541\Debug\AntennaRotator.a(UART_IntClock.o)
 .debug_info    0x00006f4d      0x2ad .\CortexM3\ARM_GCC_541\Debug\AntennaRotator.a(I2C_OLED.o)
 .debug_info    0x000071fa      0x184 .\CortexM3\ARM_GCC_541\Debug\AntennaRotator.a(I2C_OLED_INT.o)
 .debug_info    0x0000737e      0x207 .\CortexM3\ARM_GCC_541\Debug\AntennaRotator.a(I2C_OLED_PM.o)
 .debug_info    0x00007585      0x407 .\CortexM3\ARM_GCC_541\Debug\AntennaRotator.a(I2C_OLED_MASTER.o)
 .debug_info    0x0000798c      0x11f .\CortexM3\ARM_GCC_541\Debug\AntennaRotator.a(X_Dir_Pin.o)
 .debug_info    0x00007aab      0x11f .\CortexM3\ARM_GCC_541\Debug\AntennaRotator.a(X_Step_Pin.o)
 .debug_info    0x00007bca      0x334 .\CortexM3\ARM_GCC_541\Debug\AntennaRotator.a(PWM_1.o)
 .debug_info    0x00007efe       0xd6 .\CortexM3\ARM_GCC_541\Debug\AntennaRotator.a(Motor_Enable.o)
 .debug_info    0x00007fd4      0x293 .\CortexM3\ARM_GCC_541\Debug\AntennaRotator.a(Display_Refresh_Timer.o)
 .debug_info    0x00008267      0x2d2 .\CortexM3\ARM_GCC_541\Debug\AntennaRotator.a(Display_Refresh_Timer_Int.o)
 .debug_info    0x00008539      0x2d2 .\CortexM3\ARM_GCC_541\Debug\AntennaRotator.a(MotorControlFallingEdge.o)
 .debug_info    0x0000880b      0x2d2 .\CortexM3\ARM_GCC_541\Debug\AntennaRotator.a(MotorControlRiseingEdge.o)
 .debug_info    0x00008add      0x1e0 .\CortexM3\ARM_GCC_541\Debug\AntennaRotator.a(I2C_X.o)
 .debug_info    0x00008cbd      0x184 .\CortexM3\ARM_GCC_541\Debug\AntennaRotator.a(I2C_X_INT.o)
 .debug_info    0x00008e41      0x407 .\CortexM3\ARM_GCC_541\Debug\AntennaRotator.a(I2C_X_MASTER.o)
 .debug_info    0x00009248      0x630 .\CortexM3\ARM_GCC_541\Debug\AntennaRotator.a(EEPROM_1.o)
 .debug_info    0x00009878      0x11f .\CortexM3\ARM_GCC_541\Debug\AntennaRotator.a(Y_Step_Pin.o)
 .debug_info    0x00009997      0x1e0 .\CortexM3\ARM_GCC_541\Debug\AntennaRotator.a(I2C_Y.o)
 .debug_info    0x00009b77      0x184 .\CortexM3\ARM_GCC_541\Debug\AntennaRotator.a(I2C_Y_INT.o)
 .debug_info    0x00009cfb      0x407 .\CortexM3\ARM_GCC_541\Debug\AntennaRotator.a(I2C_Y_MASTER.o)
 .debug_info    0x0000a102      0x11f .\CortexM3\ARM_GCC_541\Debug\AntennaRotator.a(Y_Dir_Pin.o)
 .debug_info    0x0000a221      0x291 .\CortexM3\ARM_GCC_541\Debug\AntennaRotator.a(Button_Refresh_Timer.o)
 .debug_info    0x0000a4b2      0x2d2 .\CortexM3\ARM_GCC_541\Debug\AntennaRotator.a(Button_Refresh_Timer_Int.o)
 .debug_info    0x0000a784       0xa2 .\CortexM3\ARM_GCC_541\Debug\AntennaRotator.a(CyBootAsmGnu.o)
 .debug_info    0x0000a826      0x64d .\CortexM3\ARM_GCC_541\Debug\AntennaRotator.a(CyFlash.o)
 .debug_info    0x0000ae73      0x550 .\CortexM3\ARM_GCC_541\Debug\AntennaRotator.a(CySpc.o)

.debug_abbrev   0x00000000     0x3451
 *(.debug_abbrev)
 .debug_abbrev  0x00000000      0x1bc .\CortexM3\ARM_GCC_541\Debug\main.o
 .debug_abbrev  0x000001bc      0x291 .\CortexM3\ARM_GCC_541\Debug\ssd1306.o
 .debug_abbrev  0x0000044d      0x136 .\CortexM3\ARM_GCC_541\Debug\RotatorHorizon.o
 .debug_abbrev  0x00000583      0x1fe .\CortexM3\ARM_GCC_541\Debug\cli.o
 .debug_abbrev  0x00000781      0x12c .\CortexM3\ARM_GCC_541\Debug\eeprom.o
 .debug_abbrev  0x000008ad      0x1a9 .\CortexM3\ARM_GCC_541\Debug\bsp.o
 .debug_abbrev  0x00000a56      0x145 .\CortexM3\ARM_GCC_541\Debug\rotation.o
 .debug_abbrev  0x00000b9b      0x20d .\CortexM3\ARM_GCC_541\Debug\cyfitter_cfg.o
 .debug_abbrev  0x00000da8       0x77 .\CortexM3\ARM_GCC_541\Debug\cymetadata.o
 .debug_abbrev  0x00000e1f      0x1e8 .\CortexM3\ARM_GCC_541\Debug\Cm3Start.o
 .debug_abbrev  0x00001007       0x90 .\CortexM3\ARM_GCC_541\Debug\AntennaRotator.a(LED_Pin.o)
 .debug_abbrev  0x00001097      0x254 .\CortexM3\ARM_GCC_541\Debug\AntennaRotator.a(CyLib.o)
 .debug_abbrev  0x000012eb      0x1ab .\CortexM3\ARM_GCC_541\Debug\AntennaRotator.a(cyPm.o)
 .debug_abbrev  0x00001496       0x90 .\CortexM3\ARM_GCC_541\Debug\AntennaRotator.a(SW_UP_Pin.o)
 .debug_abbrev  0x00001526       0x90 .\CortexM3\ARM_GCC_541\Debug\AntennaRotator.a(SW_DOWN_Pin.o)
 .debug_abbrev  0x000015b6       0x90 .\CortexM3\ARM_GCC_541\Debug\AntennaRotator.a(SW_LEFT_Pin.o)
 .debug_abbrev  0x00001646       0x90 .\CortexM3\ARM_GCC_541\Debug\AntennaRotator.a(SW_RIGHT_Pin.o)
 .debug_abbrev  0x000016d6      0x16f .\CortexM3\ARM_GCC_541\Debug\AntennaRotator.a(UART.o)
 .debug_abbrev  0x00001845       0xa2 .\CortexM3\ARM_GCC_541\Debug\AntennaRotator.a(UART_INT.o)
 .debug_abbrev  0x000018e7      0x139 .\CortexM3\ARM_GCC_541\Debug\AntennaRotator.a(UART_IntClock.o)
 .debug_abbrev  0x00001a20      0x10a .\CortexM3\ARM_GCC_541\Debug\AntennaRotator.a(I2C_OLED.o)
 .debug_abbrev  0x00001b2a       0xb6 .\CortexM3\ARM_GCC_541\Debug\AntennaRotator.a(I2C_OLED_INT.o)
 .debug_abbrev  0x00001be0       0xfe .\CortexM3\ARM_GCC_541\Debug\AntennaRotator.a(I2C_OLED_PM.o)
 .debug_abbrev  0x00001cde      0x13c .\CortexM3\ARM_GCC_541\Debug\AntennaRotator.a(I2C_OLED_MASTER.o)
 .debug_abbrev  0x00001e1a       0x90 .\CortexM3\ARM_GCC_541\Debug\AntennaRotator.a(X_Dir_Pin.o)
 .debug_abbrev  0x00001eaa       0x90 .\CortexM3\ARM_GCC_541\Debug\AntennaRotator.a(X_Step_Pin.o)
 .debug_abbrev  0x00001f3a      0x133 .\CortexM3\ARM_GCC_541\Debug\AntennaRotator.a(PWM_1.o)
 .debug_abbrev  0x0000206d       0x81 .\CortexM3\ARM_GCC_541\Debug\AntennaRotator.a(Motor_Enable.o)
 .debug_abbrev  0x000020ee      0x11a .\CortexM3\ARM_GCC_541\Debug\AntennaRotator.a(Display_Refresh_Timer.o)
 .debug_abbrev  0x00002208      0x173 .\CortexM3\ARM_GCC_541\Debug\AntennaRotator.a(Display_Refresh_Timer_Int.o)
 .debug_abbrev  0x0000237b      0x173 .\CortexM3\ARM_GCC_541\Debug\AntennaRotator.a(MotorControlFallingEdge.o)
 .debug_abbrev  0x000024ee      0x173 .\CortexM3\ARM_GCC_541\Debug\AntennaRotator.a(MotorControlRiseingEdge.o)
 .debug_abbrev  0x00002661       0xe1 .\CortexM3\ARM_GCC_541\Debug\AntennaRotator.a(I2C_X.o)
 .debug_abbrev  0x00002742       0xb6 .\CortexM3\ARM_GCC_541\Debug\AntennaRotator.a(I2C_X_INT.o)
 .debug_abbrev  0x000027f8      0x13c .\CortexM3\ARM_GCC_541\Debug\AntennaRotator.a(I2C_X_MASTER.o)
 .debug_abbrev  0x00002934      0x14e .\CortexM3\ARM_GCC_541\Debug\AntennaRotator.a(EEPROM_1.o)
 .debug_abbrev  0x00002a82       0x90 .\CortexM3\ARM_GCC_541\Debug\AntennaRotator.a(Y_Step_Pin.o)
 .debug_abbrev  0x00002b12       0xe1 .\CortexM3\ARM_GCC_541\Debug\AntennaRotator.a(I2C_Y.o)
 .debug_abbrev  0x00002bf3       0xb6 .\CortexM3\ARM_GCC_541\Debug\AntennaRotator.a(I2C_Y_INT.o)
 .debug_abbrev  0x00002ca9      0x13c .\CortexM3\ARM_GCC_541\Debug\AntennaRotator.a(I2C_Y_MASTER.o)
 .debug_abbrev  0x00002de5       0x90 .\CortexM3\ARM_GCC_541\Debug\AntennaRotator.a(Y_Dir_Pin.o)
 .debug_abbrev  0x00002e75      0x11a .\CortexM3\ARM_GCC_541\Debug\AntennaRotator.a(Button_Refresh_Timer.o)
 .debug_abbrev  0x00002f8f      0x173 .\CortexM3\ARM_GCC_541\Debug\AntennaRotator.a(Button_Refresh_Timer_Int.o)
 .debug_abbrev  0x00003102       0x14 .\CortexM3\ARM_GCC_541\Debug\AntennaRotator.a(CyBootAsmGnu.o)
 .debug_abbrev  0x00003116      0x1a7 .\CortexM3\ARM_GCC_541\Debug\AntennaRotator.a(CyFlash.o)
 .debug_abbrev  0x000032bd      0x194 .\CortexM3\ARM_GCC_541\Debug\AntennaRotator.a(CySpc.o)

.debug_line     0x00000000     0x503d
 *(.debug_line)
 .debug_line    0x00000000      0x408 .\CortexM3\ARM_GCC_541\Debug\main.o
 .debug_line    0x00000408      0x610 .\CortexM3\ARM_GCC_541\Debug\ssd1306.o
 .debug_line    0x00000a18      0x224 .\CortexM3\ARM_GCC_541\Debug\RotatorHorizon.o
 .debug_line    0x00000c3c      0x3a5 .\CortexM3\ARM_GCC_541\Debug\cli.o
 .debug_line    0x00000fe1      0x1b1 .\CortexM3\ARM_GCC_541\Debug\eeprom.o
 .debug_line    0x00001192      0x334 .\CortexM3\ARM_GCC_541\Debug\bsp.o
 .debug_line    0x000014c6      0x1d3 .\CortexM3\ARM_GCC_541\Debug\rotation.o
 .debug_line    0x00001699      0x1fc .\CortexM3\ARM_GCC_541\Debug\cyfitter_cfg.o
 .debug_line    0x00001895      0x141 .\CortexM3\ARM_GCC_541\Debug\cymetadata.o
 .debug_line    0x000019d6      0x234 .\CortexM3\ARM_GCC_541\Debug\Cm3Start.o
 .debug_line    0x00001c0a       0x94 .\CortexM3\ARM_GCC_541\Debug\AntennaRotator.a(LED_Pin.o)
 .debug_line    0x00001c9e      0x816 .\CortexM3\ARM_GCC_541\Debug\AntennaRotator.a(CyLib.o)
 .debug_line    0x000024b4      0x367 .\CortexM3\ARM_GCC_541\Debug\AntennaRotator.a(cyPm.o)
 .debug_line    0x0000281b       0x96 .\CortexM3\ARM_GCC_541\Debug\AntennaRotator.a(SW_UP_Pin.o)
 .debug_line    0x000028b1       0x98 .\CortexM3\ARM_GCC_541\Debug\AntennaRotator.a(SW_DOWN_Pin.o)
 .debug_line    0x00002949       0x98 .\CortexM3\ARM_GCC_541\Debug\AntennaRotator.a(SW_LEFT_Pin.o)
 .debug_line    0x000029e1       0x99 .\CortexM3\ARM_GCC_541\Debug\AntennaRotator.a(SW_RIGHT_Pin.o)
 .debug_line    0x00002a7a      0x33b .\CortexM3\ARM_GCC_541\Debug\AntennaRotator.a(UART.o)
 .debug_line    0x00002db5       0xa5 .\CortexM3\ARM_GCC_541\Debug\AntennaRotator.a(UART_INT.o)