Archive member included to satisfy reference by file (symbol)

.\CortexM3\ARM_GCC_541\Debug\AntennaRotator.a(LED_Pin.o)
                              .\CortexM3\ARM_GCC_541\Debug\main.o (LED_Pin_Write)
.\CortexM3\ARM_GCC_541\Debug\AntennaRotator.a(CyLib.o)
                              .\CortexM3\ARM_GCC_541\Debug\Cm3Start.o (CyHalt)
.\CortexM3\ARM_GCC_541\Debug\AntennaRotator.a(cyPm.o)
                              .\CortexM3\ARM_GCC_541\Debug\AntennaRotator.a(CyLib.o) (CyPmReadStatus)
.\CortexM3\ARM_GCC_541\Debug\AntennaRotator.a(SW_UP_Pin.o)
                              .\CortexM3\ARM_GCC_541\Debug\main.o (SW_UP_Pin_Read)
.\CortexM3\ARM_GCC_541\Debug\AntennaRotator.a(SW_DOWN_Pin.o)
                              .\CortexM3\ARM_GCC_541\Debug\main.o (SW_DOWN_Pin_Read)
.\CortexM3\ARM_GCC_541\Debug\AntennaRotator.a(SW_LEFT_Pin.o)
                              .\CortexM3\ARM_GCC_541\Debug\main.o (SW_LEFT_Pin_Read)
.\CortexM3\ARM_GCC_541\Debug\AntennaRotator.a(SW_RIGHT_Pin.o)
                              .\CortexM3\ARM_GCC_541\Debug\main.o (SW_RIGHT_Pin_Read)
.\CortexM3\ARM_GCC_541\Debug\AntennaRotator.a(UART.o)
                              .\CortexM3\ARM_GCC_541\Debug\main.o (UART_Start)
.\CortexM3\ARM_GCC_541\Debug\AntennaRotator.a(UART_INT.o)
                              .\CortexM3\ARM_GCC_541\Debug\AntennaRotator.a(UART.o) (UART_RXISR)
.\CortexM3\ARM_GCC_541\Debug\AntennaRotator.a(UART_IntClock.o)
                              .\CortexM3\ARM_GCC_541\Debug\AntennaRotator.a(UART.o) (UART_IntClock_Start)
.\CortexM3\ARM_GCC_541\Debug\AntennaRotator.a(I2C_OLED.o)
                              .\CortexM3\ARM_GCC_541\Debug\main.o (I2C_OLED_Start)
.\CortexM3\ARM_GCC_541\Debug\AntennaRotator.a(I2C_OLED_INT.o)
                              .\CortexM3\ARM_GCC_541\Debug\AntennaRotator.a(I2C_OLED.o) (I2C_OLED_ISR)
.\CortexM3\ARM_GCC_541\Debug\AntennaRotator.a(I2C_OLED_PM.o)
                              .\CortexM3\ARM_GCC_541\Debug\AntennaRotator.a(I2C_OLED.o) (I2C_OLED_backup)
.\CortexM3\ARM_GCC_541\Debug\AntennaRotator.a(I2C_OLED_MASTER.o)
                              .\CortexM3\ARM_GCC_541\Debug\AntennaRotator.a(I2C_OLED.o) (I2C_OLED_mstrStatus)
.\CortexM3\ARM_GCC_541\Debug\AntennaRotator.a(X_Dir_Pin.o)
                              .\CortexM3\ARM_GCC_541\Debug\main.o (X_Dir_Pin_Write)
.\CortexM3\ARM_GCC_541\Debug\AntennaRotator.a(X_Step_Pin.o)
                              .\CortexM3\ARM_GCC_541\Debug\main.o (X_Step_Pin_Write)
.\CortexM3\ARM_GCC_541\Debug\AntennaRotator.a(PWM_1.o)
                              .\CortexM3\ARM_GCC_541\Debug\main.o (PWM_1_Start)
.\CortexM3\ARM_GCC_541\Debug\AntennaRotator.a(Motor_Enable.o)
                              .\CortexM3\ARM_GCC_541\Debug\main.o (Motor_Enable_Write)
.\CortexM3\ARM_GCC_541\Debug\AntennaRotator.a(Display_Refresh_Timer.o)
                              .\CortexM3\ARM_GCC_541\Debug\main.o (Display_Refresh_Timer_Start)
.\CortexM3\ARM_GCC_541\Debug\AntennaRotator.a(Display_Refresh_Timer_Int.o)
                              .\CortexM3\ARM_GCC_541\Debug\main.o (Display_Refresh_Timer_Int_StartEx)
.\CortexM3\ARM_GCC_541\Debug\AntennaRotator.a(MotorControlFallingEdge.o)
                              .\CortexM3\ARM_GCC_541\Debug\main.o (MotorControlFallingEdge_StartEx)
.\CortexM3\ARM_GCC_541\Debug\AntennaRotator.a(MotorControlRiseingEdge.o)
                              .\CortexM3\ARM_GCC_541\Debug\main.o (MotorControlRiseingEdge_StartEx)
.\CortexM3\ARM_GCC_541\Debug\AntennaRotator.a(I2C_X.o)
                              .\CortexM3\ARM_GCC_541\Debug\main.o (I2C_X_Start)
.\CortexM3\ARM_GCC_541\Debug\AntennaRotator.a(I2C_X_INT.o)
                              .\CortexM3\ARM_GCC_541\Debug\AntennaRotator.a(I2C_X.o) (I2C_X_ISR)
.\CortexM3\ARM_GCC_541\Debug\AntennaRotator.a(I2C_X_MASTER.o)
                              .\CortexM3\ARM_GCC_541\Debug\AntennaRotator.a(I2C_X.o) (I2C_X_mstrStatus)
.\CortexM3\ARM_GCC_541\Debug\AntennaRotator.a(EEPROM_1.o)
                              .\CortexM3\ARM_GCC_541\Debug\main.o (EEPROM_1_Start)
.\CortexM3\ARM_GCC_541\Debug\AntennaRotator.a(Y_Step_Pin.o)
                              .\CortexM3\ARM_GCC_541\Debug\main.o (Y_Step_Pin_Write)
.\CortexM3\ARM_GCC_541\Debug\AntennaRotator.a(I2C_Y.o)
                              .\CortexM3\ARM_GCC_541\Debug\main.o (I2C_Y_Start)
.\CortexM3\ARM_GCC_541\Debug\AntennaRotator.a(I2C_Y_INT.o)
                              .\CortexM3\ARM_GCC_541\Debug\AntennaRotator.a(I2C_Y.o) (I2C_Y_ISR)
.\CortexM3\ARM_GCC_541\Debug\AntennaRotator.a(I2C_Y_MASTER.o)
                              .\CortexM3\ARM_GCC_541\Debug\AntennaRotator.a(I2C_Y.o) (I2C_Y_mstrStatus)
.\CortexM3\ARM_GCC_541\Debug\AntennaRotator.a(Y_Dir_Pin.o)
                              .\CortexM3\ARM_GCC_541\Debug\main.o (Y_Dir_Pin_Write)
.\CortexM3\ARM_GCC_541\Debug\AntennaRotator.a(Button_Refresh_Timer.o)
                              .\CortexM3\ARM_GCC_541\Debug\main.o (Button_Refresh_Timer_Start)
[...]
Memory Configuration

Name             Origin             Length             Attributes
rom              0x00000000         0x00040000         xr
ram              0x1fff8000         0x00010000         xrw
*default*        0x00000000         0xffffffff

Linker script and memory map

LOAD c:/program files (x86)/cypress/psoc creator/4.4/psoc creator/import/gnu/arm/5.4.1/bin/../lib/gcc/arm-none-eabi/5.4.1/armv7-m/crti.o
LOAD c:/program files (x86)/cypress/psoc creator/4.4/psoc creator/import/gnu/arm/5.4.1/bin/../lib/gcc/arm-none-eabi/5.4.1/armv7-m/crtbegin.o
LOAD c:/program files (x86)/cypress/psoc creator/4.4/psoc creator/import/gnu/arm/5.4.1/bin/../lib/gcc/arm-none-eabi/5.4.1/../../../../arm-none-eabi/lib/armv7-m/crt0.o
START GROUP
LOAD .\CortexM3\ARM_GCC_541\Debug\main.o
LOAD .\CortexM3\ARM_GCC_541\Debug\ssd1306.o
LOAD .\CortexM3\ARM_GCC_541\Debug\RotatorHorizon.o
LOAD .\CortexM3\ARM_GCC_541\Debug\cli.o
LOAD .\CortexM3\ARM_GCC_541\Debug\eeprom.o
LOAD .\CortexM3\ARM_GCC_541\Debug\bsp.o
LOAD .\CortexM3\ARM_GCC_541\Debug\rotation.o
LOAD .\CortexM3\ARM_GCC_541\Debug\cyfitter_cfg.o
LOAD .\CortexM3\ARM_GCC_541\Debug\cymetadata.o
LOAD .\CortexM3\ARM_GCC_541\Debug\Cm3Start.o
LOAD .\CortexM3\ARM_GCC_541\Debug\AntennaRotator.a
LOAD C:\Program Files (x86)\Cypress\PSoC Creator\4.4\PSoC Creator\psoc\content\cycomponentlibrary\CyComponentLibrary.cylib\CortexM3\ARM_GCC_541\Debug\CyComponentLibrary.a
END GROUP
START GROUP
LOAD c:/program files (x86)/cypress/psoc creator/4.4/psoc creator/import/gnu/arm/5.4.1/bin/../lib/gcc/arm-none-eabi/5.4.1/armv7-m\libgcc.a
LOAD c:/program files (x86)/cypress/psoc creator/4.4/psoc creator/import/gnu/arm/5.4.1/bin/../lib/gcc/arm-none-eabi/5.4.1/../../../../arm-none-eabi/lib/armv7-m\libg_nano.a
LOAD c:/program files (x86)/cypress/psoc creator/4.4/psoc creator/import/gnu/arm/5.4.1/bin/../lib/gcc/arm-none-eabi/5.4.1/../../../../arm-none-eabi/lib/armv7-m\libc_nano.a
END GROUP
START GROUP
LOAD c:/program files (x86)/cypress/psoc creator/4.4/psoc creator/import/gnu/arm/5.4.1/bin/../lib/gcc/arm-none-eabi/5.4.1/armv7-m\libgcc.a
LOAD c:/program files (x86)/cypress/psoc creator/4.4/psoc creator/import/gnu/arm/5.4.1/bin/../lib/gcc/arm-none-eabi/5.4.1/../../../../arm-none-eabi/lib/armv7-m\libc_nano.a
END GROUP
LOAD c:/program files (x86)/cypress/psoc creator/4.4/psoc creator/import/gnu/arm/5.4.1/bin/../lib/gcc/arm-none-eabi/5.4.1/armv7-m/crtend.o
LOAD c:/program files (x86)/cypress/psoc creator/4.4/psoc creator/import/gnu/arm/5.4.1/bin/../lib/gcc/arm-none-eabi/5.4.1/armv7-m/crtn.o
START GROUP
LOAD c:/program files (x86)/cypress/psoc creator/4.4/psoc creator/import/gnu/arm/5.4.1/bin/../lib/gcc/arm-none-eabi/5.4.1/armv7-m\libgcc.a
LOAD c:/program files (x86)/cypress/psoc creator/4.4/psoc creator/import/gnu/arm/5.4.1/bin/../lib/gcc/arm-none-eabi/5.4.1/../../../../arm-none-eabi/lib/armv7-m\libc.a
LOAD c:/program files (x86)/cypress/psoc creator/4.4/psoc creator/import/gnu/arm/5.4.1/bin/../lib/gcc/arm-none-eabi/5.4.1/../../../../arm-none-eabi/lib/armv7-m\libnosys.a
END GROUP
                0x00000000                CY_APPL_ORIGIN = 0x0
                0x00000100                CY_FLASH_ROW_SIZE = 0x100
                0x00000020                CY_ECC_ROW_SIZE = 0x20
                0x00000000                CY_EE_IN_BTLDR = 0x0
                0x00000000                CY_APPL_LOADABLE = 0x0
                0x00000800                CY_EE_SIZE = 0x800
                0x00000001                CY_APPL_NUM = 0x1
                0x00000001                CY_APPL_MAX = 0x1
                0x00000040                CY_METADATA_SIZE = 0x40
                0x00000000                CY_APPL_LOADABLE = 0x0
                0x00000000                CY_CHECKSUM_EXCLUDE_SIZE = ALIGN (0x0, CY_FLASH_ROW_SIZE)
                [!provide]                PROVIDE (__cy_heap_start, _end)
                0x00000001                PROVIDE (__cy_region_num, ((__cy_regions_end - __cy_regions) / 0x10))
                0x20008000                PROVIDE (__cy_stack, (ORIGIN (ram) + LENGTH (ram)))
                [!provide]                PROVIDE (__cy_heap_end, (__cy_stack - 0x800))

.cybootloader   0x00000000        0x0
 *(.cybootloader)
                0x00000000                appl1_start = CY_APPL_ORIGIN?CY_APPL_ORIGIN:ALIGN (CY_FLASH_ROW_SIZE)
                0x0001ff00                appl2_start = (appl1_start + ALIGN ((((LENGTH (rom) - appl1_start) - (0x2 * CY_FLASH_ROW_SIZE)) / 0x2), CY_FLASH_ROW_SIZE))
                0x00000000                appl_start = (CY_APPL_NUM == 0x1)?appl1_start:appl2_start
                0x00000000                ecc_offset = ((appl_start / CY_FLASH_ROW_SIZE) * CY_ECC_ROW_SIZE)
                0x00000000                ee_offset = (CY_APPL_LOADABLE && ! (CY_EE_IN_BTLDR))?((CY_EE_SIZE / CY_APPL_MAX) * (CY_APPL_NUM - 0x1)):0x0
                0x00000800                ee_size = (CY_APPL_LOADABLE && ! (CY_EE_IN_BTLDR))?(CY_EE_SIZE / CY_APPL_MAX):CY_EE_SIZE
                [!provide]                PROVIDE (CY_ECC_OFFSET, ecc_offset)

.text           0x00000000     0x6498
 CREATE_OBJECT_SYMBOLS
                0x00000000                PROVIDE (__cy_interrupt_vector, RomVectors)
 *(.romvectors)
 .romvectors    0x00000000       0x10 .\CortexM3\ARM_GCC_541\Debug\Cm3Start.o
                0x00000000                RomVectors
                0x00000001                ASSERT ((. != __cy_interrupt_vector), No interrupt vector)
                0x00000001                ASSERT (CY_APPL_ORIGIN?(SIZEOF (.cybootloader) <= CY_APPL_ORIGIN):0x1, Wrong image location)
                0x00000010                PROVIDE (__cy_reset, Reset)
 *(.text.Reset)
 .text.Reset    0x00000010       0x18 .\CortexM3\ARM_GCC_541\Debug\Cm3Start.o
                0x00000010                Reset
                0x00000001                ASSERT ((. != __cy_reset), No reset code)
 *(.dma_init)
                0x00000001                ASSERT ((((appl_start + .) <= 0x10000) || 0x1), DMA Init must be within the first 64k of flash)
 *(.text .text.* .gnu.linkonce.t.*)
 .text          0x00000028       0x5c c:/program files (x86)/cypress/psoc creator/4.4/psoc creator/import/gnu/arm/5.4.1/bin/../lib/gcc/arm-none-eabi/5.4.1/armv7-m/crtbegin.o
 .text.DISPLAY_REFRESH_Handler
                0x00000084        0xc .\CortexM3\ARM_GCC_541\Debug\main.o
                0x00000084                DISPLAY_REFRESH_Handler
 .text.BUTTON_REFRESH_Handler
                0x00000090        0xc .\CortexM3\ARM_GCC_541\Debug\main.o
                0x00000090                BUTTON_REFRESH_Handler
 .text.MOTOR_CONTROLL_RISEING_EDGE_Handler
                0x0000009c       0x54 .\CortexM3\ARM_GCC_541\Debug\main.o
                0x0000009c                MOTOR_CONTROLL_RISEING_EDGE_Handler
 .text.MOTOR_CONTROLL_FALLING_EDGE_Handler
                0x000000f0       0x1c .\CortexM3\ARM_GCC_541\Debug\main.o
                0x000000f0                MOTOR_CONTROLL_FALLING_EDGE_Handler
 .text.main     0x0000010c      0x144 .\CortexM3\ARM_GCC_541\Debug\main.o
                0x0000010c                main
 .text.display_setPixel
                0x00000250       0x88 .\CortexM3\ARM_GCC_541\Debug\ssd1306.o
 .text.display_line
                0x000002d8      0x134 .\CortexM3\ARM_GCC_541\Debug\ssd1306.o
 .text.gfx_rotation_adjust
                0x0000040c       0x68 .\CortexM3\ARM_GCC_541\Debug\ssd1306.o
 .text.gfx_hvLine
                0x00000474      0x114 .\CortexM3\ARM_GCC_541\Debug\ssd1306.o
 .text.display_write_buf
                0x00000588       0x30 .\CortexM3\ARM_GCC_541\Debug\ssd1306.o
 .text.display_clear
                0x000005b8       0x1c .\CortexM3\ARM_GCC_541\Debug\ssd1306.o
                0x000005b8                display_clear
 .text.display_update
                0x000005d4       0x38 .\CortexM3\ARM_GCC_541\Debug\ssd1306.o
                0x000005d4                display_update
 .text.gfx_init
                0x0000060c       0x40 .\CortexM3\ARM_GCC_541\Debug\ssd1306.o
                0x0000060c                gfx_init
 .text.display_init
                0x0000064c       0x40 .\CortexM3\ARM_GCC_541\Debug\ssd1306.o
                0x0000064c                display_init
 .text.gfx_setCursor
                0x0000068c        0xc .\CortexM3\ARM_GCC_541\Debug\ssd1306.o
                0x0000068c                gfx_setCursor
 .text.gfx_setTextSize
                0x00000698       0x10 .\CortexM3\ARM_GCC_541\Debug\ssd1306.o
                0x00000698                gfx_setTextSize
 .text.gfx_setTextColor
                0x000006a8        0xc .\CortexM3\ARM_GCC_541\Debug\ssd1306.o
                0x000006a8                gfx_setTextColor
 .text.gfx_drawPixel
                0x000006b4       0x4c .\CortexM3\ARM_GCC_541\Debug\ssd1306.o
                0x000006b4                gfx_drawPixel
 .text.gfx_drawLine
                0x00000700       0xd8 .\CortexM3\ARM_GCC_541\Debug\ssd1306.o
                0x00000700                gfx_drawLine
 .text.gfx_fillRect
                0x000007d8       0x68 .\CortexM3\ARM_GCC_541\Debug\ssd1306.o
                0x000007d8                gfx_fillRect
 .text.gfx_drawChar
                0x00000840       0xf0 .\CortexM3\ARM_GCC_541\Debug\ssd1306.o
                0x00000840                gfx_drawChar
 .text.gfx_write
                0x00000930       0x78 .\CortexM3\ARM_GCC_541\Debug\ssd1306.o
                0x00000930                gfx_write
 .text.gfx_print
                0x000009a8       0x1c .\CortexM3\ARM_GCC_541\Debug\ssd1306.o
                0x000009a8                gfx_print
 .text.gfx_println
                0x000009c4       0x10 .\CortexM3\ARM_GCC_541\Debug\ssd1306.o
                0x000009c4                gfx_println
 .text.Horizon_Init
                0x000009d4       0x14 .\CortexM3\ARM_GCC_541\Debug\RotatorHorizon.o
                0x000009d4                Horizon_Init
 .text.Horizon_Render
                0x000009e8       0xdc .\CortexM3\ARM_GCC_541\Debug\RotatorHorizon.o
                0x000009e8                Horizon_Render
 .text.ResetInput
                0x00000ac4       0x48 .\CortexM3\ARM_GCC_541\Debug\cli.o
                0x00000ac4                ResetInput
 .text.CLI_Init
                0x00000b0c       0x30 .\CortexM3\ARM_GCC_541\Debug\cli.o
                0x00000b0c                CLI_Init
 .text.AddArgumentDigit
                0x00000b3c       0x2c .\CortexM3\ARM_GCC_541\Debug\cli.o
                0x00000b3c                AddArgumentDigit
 .text.AddCommandChar
                0x00000b68       0x14 .\CortexM3\ARM_GCC_541\Debug\cli.o
                0x00000b68                AddCommandChar
 .text.ParseArgument
                0x00000b7c       0x24 .\CortexM3\ARM_GCC_541\Debug\cli.o
                0x00000b7c                ParseArgument
 .text.isNoArgFnc
                0x00000ba0       0x30 .\CortexM3\ARM_GCC_541\Debug\cli.o
                0x00000ba0                isNoArgFnc
 .text.isOneArgFnc
                0x00000bd0       0x30 .\CortexM3\ARM_GCC_541\Debug\cli.o
                0x00000bd0                isOneArgFnc
 .text.isTwoArgFnc
                0x00000c00       0x34 .\CortexM3\ARM_GCC_541\Debug\cli.o
                0x00000c00                isTwoArgFnc
 .text.ProcessCommand
                0x00000c34      0x280 .\CortexM3\ARM_GCC_541\Debug\cli.o
                0x00000c34                ProcessCommand
 .text.CLI_Update
                0x00000eb4       0xec .\CortexM3\ARM_GCC_541\Debug\cli.o
                0x00000eb4                CLI_Update
 .text.saveWord
                0x00000fa0       0x18 .\CortexM3\ARM_GCC_541\Debug\eeprom.o
                0x00000fa0                saveWord
 .text.loadWord
                0x00000fb8       0x18 .\CortexM3\ARM_GCC_541\Debug\eeprom.o
                0x00000fb8                loadWord
 .text.setBit   0x00000fd0       0x4c .\CortexM3\ARM_GCC_541\Debug\eeprom.o
                0x00000fd0                setBit
 .text.testBit  0x0000101c       0x18 .\CortexM3\ARM_GCC_541\Debug\eeprom.o
                0x0000101c                testBit
 .text.ReadHomePosition
                0x00001034       0x58 .\CortexM3\ARM_GCC_541\Debug\bsp.o
                0x00001034                ReadHomePosition
 .text.ReadHomeOnRestart
                0x0000108c       0x28 .\CortexM3\ARM_GCC_541\Debug\bsp.o
                0x0000108c                ReadHomeOnRestart
 .text.ReadActualPosition
                0x000010b4       0x50 .\CortexM3\ARM_GCC_541\Debug\bsp.o
                0x000010b4                ReadActualPosition
 .text.ReadDesiredPosition
                0x00001104       0x50 .\CortexM3\ARM_GCC_541\Debug\bsp.o
                0x00001104                ReadDesiredPosition
 .text.ReadSignalOnStart
                0x00001154       0x28 .\CortexM3\ARM_GCC_541\Debug\bsp.o
                0x00001154                ReadSignalOnStart
 .text.WriteHomePosition
                0x0000117c       0x4c .\CortexM3\ARM_GCC_541\Debug\bsp.o
                0x0000117c                WriteHomePosition
 .text.WriteHomeOnRestart
                0x000011c8       0x14 .\CortexM3\ARM_GCC_541\Debug\bsp.o
                0x000011c8                WriteHomeOnRestart
 .text.WriteDesiredPosition
                0x000011dc       0x48 .\CortexM3\ARM_GCC_541\Debug\bsp.o
                0x000011dc                WriteDesiredPosition
 .text.WriteSignalOnStart
                0x00001224       0x14 .\CortexM3\ARM_GCC_541\Debug\bsp.o
                0x00001224                WriteSignalOnStart
 .text.MoveToHome
                0x00001238       0x1c .\CortexM3\ARM_GCC_541\Debug\bsp.o
                0x00001238                MoveToHome
 .text.testSaveSlot
                0x00001254       0x1c .\CortexM3\ARM_GCC_541\Debug\bsp.o
                0x00001254                testSaveSlot
 .text.listSaveSlots
                0x00001270       0x3c .\CortexM3\ARM_GCC_541\Debug\bsp.o
                0x00001270                listSaveSlots
 .text.saveSlotDetails
                0x000012ac       0x7c .\CortexM3\ARM_GCC_541\Debug\bsp.o
                0x000012ac                saveSlotDetails
 .text.saveToSaveSlot
                0x00001328       0x50 .\CortexM3\ARM_GCC_541\Debug\bsp.o
                0x00001328                saveToSaveSlot
 .text.moveToSaveSlot
                0x00001378       0x3c .\CortexM3\ARM_GCC_541\Debug\bsp.o
                0x00001378                moveToSaveSlot
 .text.getRotation
                0x000013b4       0x18 .\CortexM3\ARM_GCC_541\Debug\rotation.o
                0x000013b4                getRotation
 .text.setRotation
                0x000013cc       0x34 .\CortexM3\ARM_GCC_541\Debug\rotation.o
                0x000013cc                setRotation
 .text.refreshRotation
                0x00001400       0x70 .\CortexM3\ARM_GCC_541\Debug\rotation.o
                0x00001400                refreshRotation
 .text.CyClockStartupError
                0x00001470        0x4 .\CortexM3\ARM_GCC_541\Debug\cyfitter_cfg.o
 .text.cfg_write_bytes32
                0x00001474       0x34 .\CortexM3\ARM_GCC_541\Debug\cyfitter_cfg.o
 .text.AnalogSetDefault
                0x000014a8       0x28 .\CortexM3\ARM_GCC_541\Debug\cyfitter_cfg.o
 .text.CYMEMZERO
                0x000014d0        0xc .\CortexM3\ARM_GCC_541\Debug\cyfitter_cfg.o
 .text.ClockSetup
                0x000014dc       0xe8 .\CortexM3\ARM_GCC_541\Debug\cyfitter_cfg.o
 .text.CYCONFIGCPY
                0x000015c4        0x8 .\CortexM3\ARM_GCC_541\Debug\cyfitter_cfg.o
 .text.cyfitter_cfg
                0x000015cc      0x120 .\CortexM3\ARM_GCC_541\Debug\cyfitter_cfg.o
                0x000015cc                cyfitter_cfg
 .text.IntDefaultHandler
                0x000016ec       0x10 .\CortexM3\ARM_GCC_541\Debug\Cm3Start.o
                0x000016ec                IntDefaultHandler
 .text._sbrk    0x000016fc       0x30 .\CortexM3\ARM_GCC_541\Debug\Cm3Start.o
                0x000016fc                _sbrk
 .text.Start_c  0x0000172c       0x4c .\CortexM3\ARM_GCC_541\Debug\Cm3Start.o
                0x0000172c                Start_c
 .text.initialize_psoc
                0x00001778       0x68 .\CortexM3\ARM_GCC_541\Debug\Cm3Start.o
                0x00001778                initialize_psoc
 .text.LED_Pin_Write
                0x000017e0       0x18 .\CortexM3\ARM_GCC_541\Debug\AntennaRotator.a(LED_Pin.o)
                0x000017e0                LED_Pin_Write
 .text.CyHalt   0x000017f8        0x4 .\CortexM3\ARM_GCC_541\Debug\AntennaRotator.a(CyLib.o)
                0x000017f8                CyHalt
 .text.CyDelayUs
                0x000017fc       0x14 .\CortexM3\ARM_GCC_541\Debug\AntennaRotator.a(CyLib.o)
                0x000017fc                CyDelayUs
 .text.CyIntSetVector
                0x00001810       0x28 .\CortexM3\ARM_GCC_541\Debug\AntennaRotator.a(CyLib.o)
                0x00001810                CyIntSetVector
 .text.CyIntSetPriority
                0x00001838       0x30 .\CortexM3\ARM_GCC_541\Debug\AntennaRotator.a(CyLib.o)
                0x00001838                CyIntSetPriority
 .text.SW_UP_Pin_Read
                0x00001868        0xc .\CortexM3\ARM_GCC_541\Debug\AntennaRotator.a(SW_UP_Pin.o)
                0x00001868                SW_UP_Pin_Read
 .text.SW_DOWN_Pin_Read
                0x00001874       0x10 .\CortexM3\ARM_GCC_541\Debug\AntennaRotator.a(SW_DOWN_Pin.o)
                0x00001874                SW_DOWN_Pin_Read
 .text.SW_LEFT_Pin_Read
                0x00001884       0x10 .\CortexM3\ARM_GCC_541\Debug\AntennaRotator.a(SW_LEFT_Pin.o)
                0x00001884                SW_LEFT_Pin_Read
 .text.SW_RIGHT_Pin_Read
                0x00001894       0x10 .\CortexM3\ARM_GCC_541\Debug\AntennaRotator.a(SW_RIGHT_Pin.o)
                0x00001894                SW_RIGHT_Pin_Read
 .text.UART_Init
                0x000018a4       0x5c .\CortexM3\ARM_GCC_541\Debug\AntennaRotator.a(UART.o)
                0x000018a4                UART_Init
 .text.UART_Enable
                0x00001900       0x50 .\CortexM3\ARM_GCC_541\Debug\AntennaRotator.a(UART.o)
                0x00001900                UART_Enable
 .text.UART_Start
                0x00001950       0x1c .\CortexM3\ARM_GCC_541\Debug\AntennaRotator.a(UART.o)
                0x00001950                UART_Start
 .text.UART_GetChar
                0x0000196c       0x80 .\CortexM3\ARM_GCC_541\Debug\AntennaRotator.a(UART.o)
                0x0000196c                UART_GetChar
 .text.UART_PutChar
                0x000019ec       0x70 .\CortexM3\ARM_GCC_541\Debug\AntennaRotator.a(UART.o)
                0x000019ec                UART_PutChar
 .text.UART_PutString
                0x00001a5c       0x24 .\CortexM3\ARM_GCC_541\Debug\AntennaRotator.a(UART.o)
                0x00001a5c                UART_PutString
 .text.UART_RXISR
                0x00001a80       0x98 .\CortexM3\ARM_GCC_541\Debug\AntennaRotator.a(UART_INT.o)
                0x00001a80                UART_RXISR
 .text.UART_TXISR
                0x00001b18       0x58 .\CortexM3\ARM_GCC_541\Debug\AntennaRotator.a(UART_INT.o)
                0x00001b18                UART_TXISR
 .text.UART_IntClock_Start
                0x00001b70       0x1c .\CortexM3\ARM_GCC_541\Debug\AntennaRotator.a(UART_IntClock.o)
                0x00001b70                UART_IntClock_Start
 .text.I2C_OLED_Init
                0x00001b8c       0x68 .\CortexM3\ARM_GCC_541\Debug\AntennaRotator.a(I2C_OLED.o)
                0x00001b8c                I2C_OLED_Init
 .text.I2C_OLED_Enable
                0x00001bf4       0x24 .\CortexM3\ARM_GCC_541\Debug\AntennaRotator.a(I2C_OLED.o)
                0x00001bf4                I2C_OLED_Enable
 .text.I2C_OLED_Start
                0x00001c18       0x28 .\CortexM3\ARM_GCC_541\Debug\AntennaRotator.a(I2C_OLED.o)
                0x00001c18                I2C_OLED_Start
 .text.I2C_OLED_ISR
                0x00001c40      0x2d0 .\CortexM3\ARM_GCC_541\Debug\AntennaRotator.a(I2C_OLED_INT.o)
                0x00001c40                I2C_OLED_ISR
 .text.I2C_OLED_MasterSendStart
                0x00001f10       0x80 .\CortexM3\ARM_GCC_541\Debug\AntennaRotator.a(I2C_OLED_MASTER.o)
                0x00001f10                I2C_OLED_MasterSendStart
 .text.I2C_OLED_MasterSendStop
                0x00001f90       0x38 .\CortexM3\ARM_GCC_541\Debug\AntennaRotator.a(I2C_OLED_MASTER.o)
                0x00001f90                I2C_OLED_MasterSendStop
 .text.I2C_OLED_MasterWriteByte
                0x00001fc8       0x58 .\CortexM3\ARM_GCC_541\Debug\AntennaRotator.a(I2C_OLED_MASTER.o)
                0x00001fc8                I2C_OLED_MasterWriteByte
 .text.X_Dir_Pin_Write
                0x00002020       0x18 .\CortexM3\ARM_GCC_541\Debug\AntennaRotator.a(X_Dir_Pin.o)
                0x00002020                X_Dir_Pin_Write
 .text.X_Step_Pin_Write
                0x00002038       0x18 .\CortexM3\ARM_GCC_541\Debug\AntennaRotator.a(X_Step_Pin.o)
                0x00002038                X_Step_Pin_Write
 .text.PWM_1_Enable
                0x00002050       0x10 .\CortexM3\ARM_GCC_541\Debug\AntennaRotator.a(PWM_1.o)
                0x00002050                PWM_1_Enable
 .text.PWM_1_WriteCounter
                0x00002060        0xc .\CortexM3\ARM_GCC_541\Debug\AntennaRotator.a(PWM_1.o)
                0x00002060                PWM_1_WriteCounter
 .text.PWM_1_WritePeriod
                0x0000206c        0xc .\CortexM3\ARM_GCC_541\Debug\AntennaRotator.a(PWM_1.o)
                0x0000206c                PWM_1_WritePeriod
 .text.PWM_1_WriteCompare
                0x00002078        0xc .\CortexM3\ARM_GCC_541\Debug\AntennaRotator.a(PWM_1.o)
                0x00002078                PWM_1_WriteCompare
 .text.PWM_1_SetInterruptMode
                0x00002084        0xc .\CortexM3\ARM_GCC_541\Debug\AntennaRotator.a(PWM_1.o)
                0x00002084                PWM_1_SetInterruptMode
 .text.PWM_1_ReadStatusRegister
                0x00002090        0xc .\CortexM3\ARM_GCC_541\Debug\AntennaRotator.a(PWM_1.o)
                0x00002090                PWM_1_ReadStatusRegister
 .text.PWM_1_ReadCapture
                0x0000209c        0xc .\CortexM3\ARM_GCC_541\Debug\AntennaRotator.a(PWM_1.o)
                0x0000209c                PWM_1_ReadCapture
 .text.PWM_1_ClearFIFO
                0x000020a8       0x14 .\CortexM3\ARM_GCC_541\Debug\AntennaRotator.a(PWM_1.o)
                0x000020a8                PWM_1_ClearFIFO
 .text.PWM_1_Init
                0x000020bc       0x54 .\CortexM3\ARM_GCC_541\Debug\AntennaRotator.a(PWM_1.o)
                0x000020bc                PWM_1_Init
 .text.PWM_1_Start
                0x00002110       0x1c .\CortexM3\ARM_GCC_541\Debug\AntennaRotator.a(PWM_1.o)
                0x00002110                PWM_1_Start
 .text.Motor_Enable_Write
                0x0000212c        0xc .\CortexM3\ARM_GCC_541\Debug\AntennaRotator.a(Motor_Enable.o)
                0x0000212c                Motor_Enable_Write
 .text.Display_Refresh_Timer_Enable
                0x00002138       0x28 .\CortexM3\ARM_GCC_541\Debug\AntennaRotator.a(Display_Refresh_Timer.o)
                0x00002138                Display_Refresh_Timer_Enable
 .text.Display_Refresh_Timer_SetInterruptMode
                0x00002160        0xc .\CortexM3\ARM_GCC_541\Debug\AntennaRotator.a(Display_Refresh_Timer.o)
                0x00002160                Display_Refresh_Timer_SetInterruptMode
 .text.Display_Refresh_Timer_WritePeriod
                0x0000216c        0xc .\CortexM3\ARM_GCC_541\Debug\AntennaRotator.a(Display_Refresh_Timer.o)
                0x0000216c                Display_Refresh_Timer_WritePeriod
 .text.Display_Refresh_Timer_WriteCounter
                0x00002178        0xc .\CortexM3\ARM_GCC_541\Debug\AntennaRotator.a(Display_Refresh_Timer.o)
                0x00002178                Display_Refresh_Timer_WriteCounter
 .text.Display_Refresh_Timer_Init
                0x00002184       0x64 .\CortexM3\ARM_GCC_541\Debug\AntennaRotator.a(Display_Refresh_Timer.o)
                0x00002184                Display_Refresh_Timer_Init
 .text.Display_Refresh_Timer_Start
                0x000021e8       0x1c .\CortexM3\ARM_GCC_541\Debug\AntennaRotator.a(Display_Refresh_Timer.o)
                0x000021e8                Display_Refresh_Timer_Start
 .text.Display_Refresh_Timer_Int_SetVector
                0x00002204        0xc .\CortexM3\ARM_GCC_541\Debug\AntennaRotator.a(Display_Refresh_Timer_Int.o)
                0x00002204                Display_Refresh_Timer_Int_SetVector
 .text.Display_Refresh_Timer_Int_SetPriority
                0x00002210       0x10 .\CortexM3\ARM_GCC_541\Debug\AntennaRotator.a(Display_Refresh_Timer_Int.o)
                0x00002210                Display_Refresh_Timer_Int_SetPriority
 .text.Display_Refresh_Timer_Int_Enable
                0x00002220        0xc .\CortexM3\ARM_GCC_541\Debug\AntennaRotator.a(Display_Refresh_Timer_Int.o)
                0x00002220                Display_Refresh_Timer_Int_Enable
 .text.Display_Refresh_Timer_Int_Disable
                0x0000222c        0xc .\CortexM3\ARM_GCC_541\Debug\AntennaRotator.a(Display_Refresh_Timer_Int.o)
                0x0000222c                Display_Refresh_Timer_Int_Disable
 .text.Display_Refresh_Timer_Int_StartEx
                0x00002238       0x1c .\CortexM3\ARM_GCC_541\Debug\AntennaRotator.a(Display_Refresh_Timer_Int.o)
                0x00002238                Display_Refresh_Timer_Int_StartEx
 .text.MotorControlFallingEdge_SetVector
                0x00002254        0xc .\CortexM3\ARM_GCC_541\Debug\AntennaRotator.a(MotorControlFallingEdge.o)
                0x00002254                MotorControlFallingEdge_SetVector
 .text.MotorControlFallingEdge_SetPriority
                0x00002260       0x10 .\CortexM3\ARM_GCC_541\Debug\AntennaRotator.a(MotorControlFallingEdge.o)
                0x00002260                MotorControlFallingEdge_SetPriority
 .text.MotorControlFallingEdge_Enable
                0x00002270        0xc .\CortexM3\ARM_GCC_541\Debug\AntennaRotator.a(MotorControlFallingEdge.o)
                0x00002270                MotorControlFallingEdge_Enable
 .text.MotorControlFallingEdge_Disable
                0x0000227c        0xc .\CortexM3\ARM_GCC_541\Debug\AntennaRotator.a(MotorControlFallingEdge.o)
                0x0000227c                MotorControlFallingEdge_Disable
 .text.MotorControlFallingEdge_StartEx
                0x00002288       0x1c .\CortexM3\ARM_GCC_541\Debug\AntennaRotator.a(MotorControlFallingEdge.o)
                0x00002288                MotorControlFallingEdge_StartEx
 .text.MotorControlRiseingEdge_SetVector
                0x000022a4        0xc .\CortexM3\ARM_GCC_541\Debug\AntennaRotator.a(MotorControlRiseingEdge.o)
                0x000022a4                MotorControlRiseingEdge_SetVector
 .text.MotorControlRiseingEdge_SetPriority
                0x000022b0       0x10 .\CortexM3\ARM_GCC_541\Debug\AntennaRotator.a(MotorControlRiseingEdge.o)
                0x000022b0                MotorControlRiseingEdge_SetPriority
 .text.MotorControlRiseingEdge_Enable
                0x000022c0        0xc .\CortexM3\ARM_GCC_541\Debug\AntennaRotator.a(MotorControlRiseingEdge.o)
                0x000022c0                MotorControlRiseingEdge_Enable
 .text.MotorControlRiseingEdge_Disable
                0x000022cc        0xc .\CortexM3\ARM_GCC_541\Debug\AntennaRotator.a(MotorControlRiseingEdge.o)
                0x000022cc                MotorControlRiseingEdge_Disable
 .text.MotorControlRiseingEdge_StartEx
                0x000022d8       0x1c .\CortexM3\ARM_GCC_541\Debug\AntennaRotator.a(MotorControlRiseingEdge.o)
                0x000022d8                MotorControlRiseingEdge_StartEx
 .text.I2C_X_Init
                0x000022f4       0x78 .\CortexM3\ARM_GCC_541\Debug\AntennaRotator.a(I2C_X.o)
                0x000022f4                I2C_X_Init
 .text.I2C_X_Enable
                0x0000236c       0x10 .\CortexM3\ARM_GCC_541\Debug\AntennaRotator.a(I2C_X.o)
                0x0000236c                I2C_X_Enable
 .text.I2C_X_Start
                0x0000237c       0x28 .\CortexM3\ARM_GCC_541\Debug\AntennaRotator.a(I2C_X.o)
                0x0000237c                I2C_X_Start
 .text.I2C_X_ISR
                0x000023a4      0x328 .\CortexM3\ARM_GCC_541\Debug\AntennaRotator.a(I2C_X_INT.o)
                0x000023a4                I2C_X_ISR
 .text.I2C_X_MasterSendStart
                0x000026cc       0x94 .\CortexM3\ARM_GCC_541\Debug\AntennaRotator.a(I2C_X_MASTER.o)
                0x000026cc                I2C_X_MasterSendStart
 .text.I2C_X_MasterSendRestart
                0x00002760       0x7c .\CortexM3\ARM_GCC_541\Debug\AntennaRotator.a(I2C_X_MASTER.o)
                0x00002760                I2C_X_MasterSendRestart
 .text.I2C_X_MasterSendStop
                0x000027dc       0x50 .\CortexM3\ARM_GCC_541\Debug\AntennaRotator.a(I2C_X_MASTER.o)
                0x000027dc                I2C_X_MasterSendStop
 .text.I2C_X_MasterWriteByte
                0x0000282c       0x6c .\CortexM3\ARM_GCC_541\Debug\AntennaRotator.a(I2C_X_MASTER.o)
                0x0000282c                I2C_X_MasterWriteByte
 .text.I2C_X_MasterReadByte
                0x00002898       0x88 .\CortexM3\ARM_GCC_541\Debug\AntennaRotator.a(I2C_X_MASTER.o)
                0x00002898                I2C_X_MasterReadByte
 .text.I2C_X_MasterClearStatus
                0x00002920       0x20 .\CortexM3\ARM_GCC_541\Debug\AntennaRotator.a(I2C_X_MASTER.o)
                0x00002920                I2C_X_MasterClearStatus
 .text.EEPROM_1_Enable
                0x00002940        0xc .\CortexM3\ARM_GCC_541\Debug\AntennaRotator.a(EEPROM_1.o)
                0x00002940                EEPROM_1_Enable
 .text.EEPROM_1_Start
                0x0000294c        0x8 .\CortexM3\ARM_GCC_541\Debug\AntennaRotator.a(EEPROM_1.o)
                0x0000294c                EEPROM_1_Start
 .text.EEPROM_1_WriteByte
                0x00002954       0xd0 .\CortexM3\ARM_GCC_541\Debug\AntennaRotator.a(EEPROM_1.o)
                0x00002954                EEPROM_1_WriteByte
 .text.EEPROM_1_ReadByte
                0x00002a24       0x28 .\CortexM3\ARM_GCC_541\Debug\AntennaRotator.a(EEPROM_1.o)
                0x00002a24                EEPROM_1_ReadByte
 .text.Y_Step_Pin_Write
                0x00002a4c       0x18 .\CortexM3\ARM_GCC_541\Debug\AntennaRotator.a(Y_Step_Pin.o)
                0x00002a4c                Y_Step_Pin_Write
 .text.I2C_Y_Init
                0x00002a64       0x7c .\CortexM3\ARM_GCC_541\Debug\AntennaRotator.a(I2C_Y.o)
                0x00002a64                I2C_Y_Init
 .text.I2C_Y_Enable
                0x00002ae0       0x10 .\CortexM3\ARM_GCC_541\Debug\AntennaRotator.a(I2C_Y.o)
                0x00002ae0                I2C_Y_Enable
 .text.I2C_Y_Start
                0x00002af0       0x28 .\CortexM3\ARM_GCC_541\Debug\AntennaRotator.a(I2C_Y.o)
                0x00002af0                I2C_Y_Start
 .text.I2C_Y_ISR
                0x00002b18      0x338 .\CortexM3\ARM_GCC_541\Debug\AntennaRotator.a(I2C_Y_INT.o)
                0x00002b18                I2C_Y_ISR
 .text.I2C_Y_MasterSendStart
                0x00002e50       0x98 .\CortexM3\ARM_GCC_541\Debug\AntennaRotator.a(I2C_Y_MASTER.o)
                0x00002e50                I2C_Y_MasterSendStart
 .text.I2C_Y_MasterSendRestart
                0x00002ee8       0x80 .\CortexM3\ARM_GCC_541\Debug\AntennaRotator.a(I2C_Y_MASTER.o)
                0x00002ee8                I2C_Y_MasterSendRestart
 .text.I2C_Y_MasterSendStop
                0x00002f68       0x50 .\CortexM3\ARM_GCC_541\Debug\AntennaRotator.a(I2C_Y_MASTER.o)
                0x00002f68                I2C_Y_MasterSendStop
 .text.I2C_Y_MasterWriteByte
                0x00002fb8       0x70 .\CortexM3\ARM_GCC_541\Debug\AntennaRotator.a(I2C_Y_MASTER.o)
                0x00002fb8                I2C_Y_MasterWriteByte
 .text.I2C_Y_MasterReadByte
                0x00003028       0x90 .\CortexM3\ARM_GCC_541\Debug\AntennaRotator.a(I2C_Y_MASTER.o)
                0x00003028                I2C_Y_MasterReadByte
 .text.I2C_Y_MasterClearStatus
                0x000030b8       0x20 .\CortexM3\ARM_GCC_541\Debug\AntennaRotator.a(I2C_Y_MASTER.o)
                0x000030b8                I2C_Y_MasterClearStatus
 .text.Y_Dir_Pin_Write
                0x000030d8       0x18 .\CortexM3\ARM_GCC_541\Debug\AntennaRotator.a(Y_Dir_Pin.o)
                0x000030d8                Y_Dir_Pin_Write
 .text.Button_Refresh_Timer_Enable
                0x000030f0       0x28 .\CortexM3\ARM_GCC_541\Debug\AntennaRotator.a(Button_Refresh_Timer.o)
                0x000030f0                Button_Refresh_Timer_Enable
 .text.Button_Refresh_Timer_SetInterruptMode
                0x00003118        0xc .\CortexM3\ARM_GCC_541\Debug\AntennaRotator.a(Button_Refresh_Timer.o)
                0x00003118                Button_Refresh_Timer_SetInterruptMode
 .text.Button_Refresh_Timer_WritePeriod
                0x00003124        0xc .\CortexM3\ARM_GCC_541\Debug\AntennaRotator.a(Button_Refresh_Timer.o)
                0x00003124                Button_Refresh_Timer_WritePeriod
 .text.Button_Refresh_Timer_WriteCounter
                0x00003130        0xc .\CortexM3\ARM_GCC_541\Debug\AntennaRotator.a(Button_Refresh_Timer.o)
                0x00003130                Button_Refresh_Timer_WriteCounter
 .text.Button_Refresh_Timer_Init
                0x0000313c       0x64 .\CortexM3\ARM_GCC_541\Debug\AntennaRotator.a(Button_Refresh_Timer.o)
                0x0000313c                Button_Refresh_Timer_Init
 .text.Button_Refresh_Timer_Start
                0x000031a0       0x1c .\CortexM3\ARM_GCC_541\Debug\AntennaRotator.a(Button_Refresh_Timer.o)
                0x000031a0                Button_Refresh_Timer_Start
 .text.Button_Refresh_Timer_Int_SetVector
                0x000031bc        0xc .\CortexM3\ARM_GCC_541\Debug\AntennaRotator.a(Button_Refresh_Timer_Int.o)
                0x000031bc                Button_Refresh_Timer_Int_SetVector
 .text.Button_Refresh_Timer_Int_SetPriority
                0x000031c8       0x10 .\CortexM3\ARM_GCC_541\Debug\AntennaRotator.a(Button_Refresh_Timer_Int.o)
                0x000031c8                Button_Refresh_Timer_Int_SetPriority
 .text.Button_Refresh_Timer_Int_Enable
                0x000031d8        0xc .\CortexM3\ARM_GCC_541\Debug\AntennaRotator.a(Button_Refresh_Timer_Int.o)
                0x000031d8                Button_Refresh_Timer_Int_Enable
 .text.Button_Refresh_Timer_Int_Disable
                0x000031e4        0xc .\CortexM3\ARM_GCC_541\Debug\AntennaRotator.a(Button_Refresh_Timer_Int.o)
                0x000031e4                Button_Refresh_Timer_Int_Disable
 .text.Button_Refresh_Timer_Int_StartEx
                0x000031f0       0x1c .\CortexM3\ARM_GCC_541\Debug\AntennaRotator.a(Button_Refresh_Timer_Int.o)
                0x000031f0                Button_Refresh_Timer_Int_StartEx
 *fill*         0x0000320c        0x4 
 .text          0x00003210       0x20 .\CortexM3\ARM_GCC_541\Debug\AntennaRotator.a(CyBootAsmGnu.o)
                0x00003210                CyDelayCycles
                0x00003220                CyEnterCriticalSection
                0x00003228                CyExitCriticalSection
 .text.CySetTempInt
                0x00003230       0x60 .\CortexM3\ARM_GCC_541\Debug\AntennaRotator.a(CyFlash.o)
 .text.CyFlashGetSpcAlgorithm
                0x00003290       0x4c .\CortexM3\ARM_GCC_541\Debug\AntennaRotator.a(CyFlash.o)
                0x00003290                CyFlashGetSpcAlgorithm
 .text.CySetTemp
                0x000032dc       0x14 .\CortexM3\ARM_GCC_541\Debug\AntennaRotator.a(CyFlash.o)
                0x000032dc                CySetTemp
 .text.CyEEPROM_Start
                0x000032f0       0x54 .\CortexM3\ARM_GCC_541\Debug\AntennaRotator.a(CyFlash.o)
                0x000032f0                CyEEPROM_Start
 .text.CyEEPROM_ReadReserve
                0x00003344       0x1c .\CortexM3\ARM_GCC_541\Debug\AntennaRotator.a(CyFlash.o)
                0x00003344                CyEEPROM_ReadReserve
 .text.CyEEPROM_ReadRelease
                0x00003360       0x10 .\CortexM3\ARM_GCC_541\Debug\AntennaRotator.a(CyFlash.o)
                0x00003360                CyEEPROM_ReadRelease
 .text.CySpcStart
                0x00003370       0x24 .\CortexM3\ARM_GCC_541\Debug\AntennaRotator.a(CySpc.o)
                0x00003370                CySpcStart
 .text.CySpcReadData
                0x00003394       0x34 .\CortexM3\ARM_GCC_541\Debug\AntennaRotator.a(CySpc.o)
                0x00003394                CySpcReadData
 .text.CySpcLoadMultiByte
                0x000033c8       0x78 .\CortexM3\ARM_GCC_541\Debug\AntennaRotator.a(CySpc.o)
                0x000033c8                CySpcLoadMultiByte
 .text.CySpcWriteRow
                0x00003440       0x4c .\CortexM3\ARM_GCC_541\Debug\AntennaRotator.a(CySpc.o)
                0x00003440                CySpcWriteRow
 .text.CySpcGetTemp
                0x0000348c       0x3c .\CortexM3\ARM_GCC_541\Debug\AntennaRotator.a(CySpc.o)
                0x0000348c                CySpcGetTemp
 .text.CySpcLock
                0x000034c8       0x4c .\CortexM3\ARM_GCC_541\Debug\AntennaRotator.a(CySpc.o)
                0x000034c8                CySpcLock
 .text.CySpcUnlock
                0x00003514       0x38 .\CortexM3\ARM_GCC_541\Debug\AntennaRotator.a(CySpc.o)
                0x00003514                CySpcUnlock
 .text.CySpcGetAlgorithm
                0x0000354c       0x28 .\CortexM3\ARM_GCC_541\Debug\AntennaRotator.a(CySpc.o)
                0x0000354c                CySpcGetAlgorithm
 .text          0x00003574      0x370 c:/program files (x86)/cypress/psoc creator/4.4/psoc creator/import/gnu/arm/5.4.1/bin/../lib/gcc/arm-none-eabi/5.4.1/armv7-m\libgcc.a(_arm_addsubdf3.o)
                0x00003574                __aeabi_drsub
                0x0000357c                __aeabi_dsub
                0x0000357c                __subdf3
                0x00003580                __aeabi_dadd
                0x00003580                __adddf3
                0x000037f8                __floatunsidf
                0x000037f8                __aeabi_ui2d
                0x00003818                __floatsidf
                0x00003818                __aeabi_i2d
                0x0000383c                __aeabi_f2d
                0x0000383c                __extendsfdf2
                0x00003878                __floatundidf
                0x00003878                __aeabi_ul2d
                0x00003888                __floatdidf
                0x00003888                __aeabi_l2d
 .text          0x000038e4      0x21c c:/program files (x86)/cypress/psoc creator/4.4/psoc creator/import/gnu/arm/5.4.1/bin/../lib/gcc/arm-none-eabi/5.4.1/armv7-m\libgcc.a(_arm_addsubsf3.o)
                0x000038e4                __aeabi_frsub
                0x000038ec                __subsf3
                0x000038ec                __aeabi_fsub
                0x000038f0                __aeabi_fadd
                0x000038f0                __addsf3
                0x00003a50                __aeabi_ui2f
                0x00003a50                __floatunsisf
                0x00003a58                __aeabi_i2f
                0x00003a58                __floatsisf
                0x00003a74                __aeabi_ul2f
                0x00003a74                __floatundisf
                0x00003a84                __aeabi_l2f
                0x00003a84                __floatdisf
 .text          0x00003b00      0x2a0 c:/program files (x86)/cypress/psoc creator/4.4/psoc creator/import/gnu/arm/5.4.1/bin/../lib/gcc/arm-none-eabi/5.4.1/armv7-m\libgcc.a(_arm_muldivsf3.o)
                0x00003b00                __mulsf3
                0x00003b00                __aeabi_fmul
                0x00003c68                __aeabi_fdiv
                0x00003c68                __divsf3
 .text          0x00003da0       0x4c c:/program files (x86)/cypress/psoc creator/4.4/psoc creator/import/gnu/arm/5.4.1/bin/../lib/gcc/arm-none-eabi/5.4.1/armv7-m\libgcc.a(_arm_fixsfsi.o)
                0x00003da0                __aeabi_f2iz
                0x00003da0                __fixsfsi
 .text          0x00003dec       0x40 c:/program files (x86)/cypress/psoc creator/4.4/psoc creator/import/gnu/arm/5.4.1/bin/../lib/gcc/arm-none-eabi/5.4.1/armv7-m\libgcc.a(_arm_fixunssfsi.o)
                0x00003dec                __fixunssfsi
                0x00003dec                __aeabi_f2uiz
 .text.__errno  0x00003e2c        0xc c:/program files (x86)/cypress/psoc creator/4.4/psoc creator/import/gnu/arm/5.4.1/bin/../lib/gcc/arm-none-eabi/5.4.1/../../../../arm-none-eabi/lib/armv7-m\libg_nano.a(lib_a-errno.o)
                0x00003e2c                __errno
 .text.__libc_init_array
                0x00003e38       0x4c c:/program files (x86)/cypress/psoc creator/4.4/psoc creator/import/gnu/arm/5.4.1/bin/../lib/gcc/arm-none-eabi/5.4.1/../../../../arm-none-eabi/lib/armv7-m\libg_nano.a(lib_a-init.o)
                0x00003e38                __libc_init_array
 .text.memcpy   0x00003e84       0x16 c:/program files (x86)/cypress/psoc creator/4.4/psoc creator/import/gnu/arm/5.4.1/bin/../lib/gcc/arm-none-eabi/5.4.1/../../../../arm-none-eabi/lib/armv7-m\libg_nano.a(lib_a-memcpy-stub.o)
                0x00003e84                memcpy
 .text.memset   0x00003e9a       0x10 c:/program files (x86)/cypress/psoc creator/4.4/psoc creator/import/gnu/arm/5.4.1/bin/../lib/gcc/arm-none-eabi/5.4.1/../../../../arm-none-eabi/lib/armv7-m\libg_nano.a(lib_a-memset.o)
                0x00003e9a                memset
 .text.__cvt    0x00003eaa       0xc0 c:/program files (x86)/cypress/psoc creator/4.4/psoc creator/import/gnu/arm/5.4.1/bin/../lib/gcc/arm-none-eabi/5.4.1/../../../../arm-none-eabi/lib/armv7-m\libg_nano.a(lib_a-nano-vfprintf_float.o)
                0x00003eaa                __cvt
 .text.__exponent
                0x00003f6a       0x62 c:/program files (x86)/cypress/psoc creator/4.4/psoc creator/import/gnu/arm/5.4.1/bin/../lib/gcc/arm-none-eabi/5.4.1/../../../../arm-none-eabi/lib/armv7-m\libg_nano.a(lib_a-nano-vfprintf_float.o)
                0x00003f6a                __exponent
 .text._printf_float
                0x00003fcc      0x488 c:/program files (x86)/cypress/psoc creator/4.4/psoc creator/import/gnu/arm/5.4.1/bin/../lib/gcc/arm-none-eabi/5.4.1/../../../../arm-none-eabi/lib/armv7-m\libg_nano.a(lib_a-nano-vfprintf_float.o)
                0x00003fcc                _printf_float
 .text._printf_common
                0x00004454       0xec c:/program files (x86)/cypress/psoc creator/4.4/psoc creator/import/gnu/arm/5.4.1/bin/../lib/gcc/arm-none-eabi/5.4.1/../../../../arm-none-eabi/lib/armv7-m\libg_nano.a(lib_a-nano-vfprintf_i.o)
                0x00004454                _printf_common
 .text._printf_i
                0x00004540      0x24c c:/program files (x86)/cypress/psoc creator/4.4/psoc creator/import/gnu/arm/5.4.1/bin/../lib/gcc/arm-none-eabi/5.4.1/../../../../arm-none-eabi/lib/armv7-m\libg_nano.a(lib_a-nano-vfprintf_i.o)
                0x00004540                _printf_i
 .text.sprintf  0x0000478c       0x48 c:/program files (x86)/cypress/psoc creator/4.4/psoc creator/import/gnu/arm/5.4.1/bin/../lib/gcc/arm-none-eabi/5.4.1/../../../../arm-none-eabi/lib/armv7-m\libg_nano.a(lib_a-sprintf.o)
                0x0000478c                siprintf
                0x0000478c                sprintf
 .text          0x000047d4       0x14 c:/program files (x86)/cypress/psoc creator/4.4/psoc creator/import/gnu/arm/5.4.1/bin/../lib/gcc/arm-none-eabi/5.4.1/../../../../arm-none-eabi/lib/armv7-m\libg_nano.a(lib_a-strcmp.o)
                0x000047d4                strcmp
 .text          0x000047e8       0x10 c:/program files (x86)/cypress/psoc creator/4.4/psoc creator/import/gnu/arm/5.4.1/bin/../lib/gcc/arm-none-eabi/5.4.1/../../../../arm-none-eabi/lib/armv7-m\libg_nano.a(lib_a-strlen.o)
                0x000047e8                strlen
 .text.quorem   0x000047f8      0x116 c:/program files (x86)/cypress/psoc creator/4.4/psoc creator/import/gnu/arm/5.4.1/bin/../lib/gcc/arm-none-eabi/5.4.1/../../../../arm-none-eabi/lib/armv7-m\libg_nano.a(lib_a-dtoa.o)
 *fill*         0x0000490e        0x2 
 .text._dtoa_r  0x00004910      0xb30 c:/program files (x86)/cypress/psoc creator/4.4/psoc creator/import/gnu/arm/5.4.1/bin/../lib/gcc/arm-none-eabi/5.4.1/../../../../arm-none-eabi/lib/armv7-m\libg_nano.a(lib_a-dtoa.o)
                0x00004910                _dtoa_r
 .text._localeconv_r
                0x00005440        0x8 c:/program files (x86)/cypress/psoc creator/4.4/psoc creator/import/gnu/arm/5.4.1/bin/../lib/gcc/arm-none-eabi/5.4.1/../../../../arm-none-eabi/lib/armv7-m\libg_nano.a(lib_a-locale.o)
                0x00005440                _localeconv_r
 .text.malloc   0x00005448       0x10 c:/program files (x86)/cypress/psoc creator/4.4/psoc creator/import/gnu/arm/5.4.1/bin/../lib/gcc/arm-none-eabi/5.4.1/../../../../arm-none-eabi/lib/armv7-m\libg_nano.a(lib_a-malloc.o)
                0x00005448                malloc
 .text.memchr   0x00005458       0x1c c:/program files (x86)/cypress/psoc creator/4.4/psoc creator/import/gnu/arm/5.4.1/bin/../lib/gcc/arm-none-eabi/5.4.1/../../../../arm-none-eabi/lib/armv7-m\libg_nano.a(lib_a-memchr-stub.o)
                0x00005458                memchr
 .text._Balloc  0x00005474       0x6a c:/program files (x86)/cypress/psoc creator/4.4/psoc creator/import/gnu/arm/5.4.1/bin/../lib/gcc/arm-none-eabi/5.4.1/../../../../arm-none-eabi/lib/armv7-m\libg_nano.a(lib_a-mprec.o)
                0x00005474                _Balloc
 .text._Bfree   0x000054de       0x2e c:/program files (x86)/cypress/psoc creator/4.4/psoc creator/import/gnu/arm/5.4.1/bin/../lib/gcc/arm-none-eabi/5.4.1/../../../../arm-none-eabi/lib/armv7-m\libg_nano.a(lib_a-mprec.o)
                0x000054de                _Bfree
 .text.__multadd
                0x0000550c       0x76 c:/program files (x86)/cypress/psoc creator/4.4/psoc creator/import/gnu/arm/5.4.1/bin/../lib/gcc/arm-none-eabi/5.4.1/../../../../arm-none-eabi/lib/armv7-m\libg_nano.a(lib_a-mprec.o)
                0x0000550c                __multadd
 .text.__hi0bits
                0x00005582       0x40 c:/program files (x86)/cypress/psoc creator/4.4/psoc creator/import/gnu/arm/5.4.1/bin/../lib/gcc/arm-none-eabi/5.4.1/../../../../arm-none-eabi/lib/armv7-m\libg_nano.a(lib_a-mprec.o)
                0x00005582                __hi0bits
 .text.__lo0bits
                0x000055c2       0x5a c:/program files (x86)/cypress/psoc creator/4.4/psoc creator/import/gnu/arm/5.4.1/bin/../lib/gcc/arm-none-eabi/5.4.1/../../../../arm-none-eabi/lib/armv7-m\libg_nano.a(lib_a-mprec.o)
                0x000055c2                __lo0bits
 .text.__i2b    0x0000561c       0x12 c:/program files (x86)/cypress/psoc creator/4.4/psoc creator/import/gnu/arm/5.4.1/bin/../lib/gcc/arm-none-eabi/5.4.1/../../../../arm-none-eabi/lib/armv7-m\libg_nano.a(lib_a-mprec.o)
                0x0000561c                __i2b
 .text.__multiply
                0x0000562e      0x120 c:/program files (x86)/cypress/psoc creator/4.4/psoc creator/import/gnu/arm/5.4.1/bin/../lib/gcc/arm-none-eabi/5.4.1/../../../../arm-none-eabi/lib/armv7-m\libg_nano.a(lib_a-mprec.o)
                0x0000562e                __multiply
 *fill*         0x0000574e        0x2 
 .text.__pow5mult
                0x00005750       0x9c c:/program files (x86)/cypress/psoc creator/4.4/psoc creator/import/gnu/arm/5.4.1/bin/../lib/gcc/arm-none-eabi/5.4.1/../../../../arm-none-eabi/lib/armv7-m\libg_nano.a(lib_a-mprec.o)
                0x00005750                __pow5mult
 .text.__lshift
                0x000057ec       0xa2 c:/program files (x86)/cypress/psoc creator/4.4/psoc creator/import/gnu/arm/5.4.1/bin/../lib/gcc/arm-none-eabi/5.4.1/../../../../arm-none-eabi/lib/armv7-m\libg_nano.a(lib_a-mprec.o)
                0x000057ec                __lshift
 .text.__mcmp   0x0000588e       0x38 c:/program files (x86)/cypress/psoc creator/4.4/psoc creator/import/gnu/arm/5.4.1/bin/../lib/gcc/arm-none-eabi/5.4.1/../../../../arm-none-eabi/lib/armv7-m\libg_nano.a(lib_a-mprec.o)
                0x0000588e                __mcmp
 .text.__mdiff  0x000058c6       0xbe c:/program files (x86)/cypress/psoc creator/4.4/psoc creator/import/gnu/arm/5.4.1/bin/../lib/gcc/arm-none-eabi/5.4.1/../../../../arm-none-eabi/lib/armv7-m\libg_nano.a(lib_a-mprec.o)
                0x000058c6                __mdiff
 .text.__d2b    0x00005984       0x9c c:/program files (x86)/cypress/psoc creator/4.4/psoc creator/import/gnu/arm/5.4.1/bin/../lib/gcc/arm-none-eabi/5.4.1/../../../../arm-none-eabi/lib/armv7-m\libg_nano.a(lib_a-mprec.o)
                0x00005984                __d2b
 .text._calloc_r
                0x00005a20       0x1c c:/program files (x86)/cypress/psoc creator/4.4/psoc creator/import/gnu/arm/5.4.1/bin/../lib/gcc/arm-none-eabi/5.4.1/../../../../arm-none-eabi/lib/armv7-m\libg_nano.a(lib_a-nano-callocr.o)
                0x00005a20                _calloc_r
 .text._free_r  0x00005a3c       0x98 c:/program files (x86)/cypress/psoc creator/4.4/psoc creator/import/gnu/arm/5.4.1/bin/../lib/gcc/arm-none-eabi/5.4.1/../../../../arm-none-eabi/lib/armv7-m\libg_nano.a(lib_a-nano-freer.o)
                0x00005a3c                _free_r
 .text._malloc_r
                0x00005ad4       0xbc c:/program files (x86)/cypress/psoc creator/4.4/psoc creator/import/gnu/arm/5.4.1/bin/../lib/gcc/arm-none-eabi/5.4.1/../../../../arm-none-eabi/lib/armv7-m\libg_nano.a(lib_a-nano-mallocr.o)
                0x00005ad4                _malloc_r
 .text.__ssputs_r
                0x00005b90       0xb2 c:/program files (x86)/cypress/psoc creator/4.4/psoc creator/import/gnu/arm/5.4.1/bin/../lib/gcc/arm-none-eabi/5.4.1/../../../../arm-none-eabi/lib/armv7-m\libg_nano.a(lib_a-nano-svfprintf.o)
                0x00005b90                __ssputs_r
 *fill*         0x00005c42        0x2 
 .text._svfprintf_r
                0x00005c44      0x1e8 c:/program files (x86)/cypress/psoc creator/4.4/psoc creator/import/gnu/arm/5.4.1/bin/../lib/gcc/arm-none-eabi/5.4.1/../../../../arm-none-eabi/lib/armv7-m\libg_nano.a(lib_a-nano-svfprintf.o)
                0x00005c44                _svfiprintf_r
                0x00005c44                _svfprintf_r
 .text._sbrk_r  0x00005e2c       0x20 c:/program files (x86)/cypress/psoc creator/4.4/psoc creator/import/gnu/arm/5.4.1/bin/../lib/gcc/arm-none-eabi/5.4.1/../../../../arm-none-eabi/lib/armv7-m\libg_nano.a(lib_a-sbrkr.o)
                0x00005e2c                _sbrk_r
 .text.memmove  0x00005e4c       0x36 c:/program files (x86)/cypress/psoc creator/4.4/psoc creator/import/gnu/arm/5.4.1/bin/../lib/gcc/arm-none-eabi/5.4.1/../../../../arm-none-eabi/lib/armv7-m\libg_nano.a(lib_a-memmove.o)
                0x00005e4c                memmove
 .text.__malloc_lock
                0x00005e82        0x2 c:/program files (x86)/cypress/psoc creator/4.4/psoc creator/import/gnu/arm/5.4.1/bin/../lib/gcc/arm-none-eabi/5.4.1/../../../../arm-none-eabi/lib/armv7-m\libg_nano.a(lib_a-mlock.o)
                0x00005e82                __malloc_lock
 .text.__malloc_unlock
                0x00005e84        0x2 c:/program files (x86)/cypress/psoc creator/4.4/psoc creator/import/gnu/arm/5.4.1/bin/../lib/gcc/arm-none-eabi/5.4.1/../../../../arm-none-eabi/lib/armv7-m\libg_nano.a(lib_a-mlock.o)
                0x00005e84                __malloc_unlock
 .text._realloc_r
                0x00005e86       0x4c c:/program files (x86)/cypress/psoc creator/4.4/psoc creator/import/gnu/arm/5.4.1/bin/../lib/gcc/arm-none-eabi/5.4.1/../../../../arm-none-eabi/lib/armv7-m\libg_nano.a(lib_a-nano-reallocr.o)
                0x00005e86                _realloc_r
 .text._malloc_usable_size_r
                0x00005ed2       0x14 c:/program files (x86)/cypress/psoc creator/4.4/psoc creator/import/gnu/arm/5.4.1/bin/../lib/gcc/arm-none-eabi/5.4.1/../../../../arm-none-eabi/lib/armv7-m\libg_nano.a(lib_a-nano-msizer.o)
                0x00005ed2                _malloc_usable_size_r
 *fill*         0x00005ee6        0x2 
 .text          0x00005ee8      0x424 c:/program files (x86)/cypress/psoc creator/4.4/psoc creator/import/gnu/arm/5.4.1/bin/../lib/gcc/arm-none-eabi/5.4.1/armv7-m\libgcc.a(_arm_muldivdf3.o)
                0x00005ee8                __aeabi_dmul
                0x00005ee8                __muldf3
                0x0000613c                __divdf3
                0x0000613c                __aeabi_ddiv
 .text          0x0000630c      0x110 c:/program files (x86)/cypress/psoc creator/4.4/psoc creator/import/gnu/arm/5.4.1/bin/../lib/gcc/arm-none-eabi/5.4.1/armv7-m\libgcc.a(_arm_cmpdf2.o)
                0x0000630c                __gtdf2
                0x0000630c                __gedf2
                0x00006314                __ltdf2
                0x00006314                __ledf2
                0x0000631c                __nedf2
                0x0000631c                __eqdf2
                0x0000631c                __cmpdf2
                0x00006398                __aeabi_cdrcmple
                0x000063a8                __aeabi_cdcmpeq
                0x000063a8                __aeabi_cdcmple
                0x000063b8                __aeabi_dcmpeq
                0x000063cc                __aeabi_dcmplt
                0x000063e0                __aeabi_dcmple
                0x000063f4                __aeabi_dcmpge
                0x00006408                __aeabi_dcmpgt
 .text          0x0000641c       0x2c c:/program files (x86)/cypress/psoc creator/4.4/psoc creator/import/gnu/arm/5.4.1/bin/../lib/gcc/arm-none-eabi/5.4.1/armv7-m\libgcc.a(_arm_unorddf2.o)
                0x0000641c                __unorddf2
                0x0000641c                __aeabi_dcmpun
 .text          0x00006448       0x50 c:/program files (x86)/cypress/psoc creator/4.4/psoc creator/import/gnu/arm/5.4.1/bin/../lib/gcc/arm-none-eabi/5.4.1/armv7-m\libgcc.a(_arm_fixdfsi.o)
                0x00006448                __aeabi_d2iz
                0x00006448                __fixdfsi
 *(.plt)
 *(.gnu.warning)
 *(.glue_7t)
 .glue_7t       0x00006498        0x0 linker stubs
 *(.glue_7)
 .glue_7        0x00006498        0x0 linker stubs
 *(.vfp11_veneer)
 .vfp11_veneer  0x00006498        0x0 linker stubs
 *(.bootloader)
 *(.ARM.extab* .gnu.linkonce.armextab.*)
 *(.gcc_except_table)

.v4_bx          0x00006498        0x0
 .v4_bx         0x00006498        0x0 linker stubs

.iplt           0x00006498        0x0
 .iplt          0x00006498        0x0 c:/program files (x86)/cypress/psoc creator/4.4/psoc creator/import/gnu/arm/5.4.1/bin/../lib/gcc/arm-none-eabi/5.4.1/armv7-m/crtbegin.o

.eh_frame_hdr
 *(.eh_frame_hdr)

.eh_frame       0x00006498        0x4
 *(.eh_frame)
 .eh_frame      0x00006498        0x0 c:/program files (x86)/cypress/psoc creator/4.4/psoc creator/import/gnu/arm/5.4.1/bin/../lib/gcc/arm-none-eabi/5.4.1/armv7-m/crtbegin.o
 .eh_frame      0x00006498        0x4 c:/program files (x86)/cypress/psoc creator/4.4/psoc creator/import/gnu/arm/5.4.1/bin/../lib/gcc/arm-none-eabi/5.4.1/armv7-m/crtend.o
                [!provide]                PROVIDE (__exidx_start, .)

.ARM.exidx
 *(.ARM.exidx* .gnu.linkonce.armexidx.*)
                0x0000649c                __exidx_end = .

.rodata         0x000064a0      0x978
 *(.rodata .rodata.* .gnu.linkonce.r.*)
 .rodata.str1.4
                0x000064a0       0x12 .\CortexM3\ARM_GCC_541\Debug\main.o
 *fill*         0x000064b2        0x2 
 .rodata        0x000064b4      0x51f .\CortexM3\ARM_GCC_541\Debug\ssd1306.o
 *fill*         0x000069d3        0x1 
 .rodata.str1.4
                0x000069d4       0x26 .\CortexM3\ARM_GCC_541\Debug\RotatorHorizon.o
 *fill*         0x000069fa        0x2 
 .rodata.str1.4
                0x000069fc       0x98 .\CortexM3\ARM_GCC_541\Debug\cli.o
                                 0x9c (size before relaxing)
 .rodata.str1.4
                0x00006a94       0xa4 .\CortexM3\ARM_GCC_541\Debug\bsp.o
                                 0xa1 (size before relaxing)
 .rodata        0x00006b38       0x46 .\CortexM3\ARM_GCC_541\Debug\cyfitter_cfg.o
 .rodata._ctype_
                0x00006b7e      0x101 c:/program files (x86)/cypress/psoc creator/4.4/psoc creator/import/gnu/arm/5.4.1/bin/../lib/gcc/arm-none-eabi/5.4.1/../../../../arm-none-eabi/lib/armv7-m\libg_nano.a(lib_a-ctype_.o)
                0x00006b7e                _ctype_
 .rodata.str1.1
                0x00006c7f        0x2 c:/program files (x86)/cypress/psoc creator/4.4/psoc creator/import/gnu/arm/5.4.1/bin/../lib/gcc/arm-none-eabi/5.4.1/../../../../arm-none-eabi/lib/armv7-m\libg_nano.a(lib_a-impure.o)
 .rodata.str1.1
                0x00006c81       0x12 c:/program files (x86)/cypress/psoc creator/4.4/psoc creator/import/gnu/arm/5.4.1/bin/../lib/gcc/arm-none-eabi/5.4.1/../../../../arm-none-eabi/lib/armv7-m\libg_nano.a(lib_a-nano-vfprintf_float.o)
 .rodata.str1.1
                0x00006c93       0x22 c:/program files (x86)/cypress/psoc creator/4.4/psoc creator/import/gnu/arm/5.4.1/bin/../lib/gcc/arm-none-eabi/5.4.1/../../../../arm-none-eabi/lib/armv7-m\libg_nano.a(lib_a-nano-vfprintf_i.o)
 .rodata.str1.1
                0x00006cb5        0xd c:/program files (x86)/cypress/psoc creator/4.4/psoc creator/import/gnu/arm/5.4.1/bin/../lib/gcc/arm-none-eabi/5.4.1/../../../../arm-none-eabi/lib/armv7-m\libg_nano.a(lib_a-dtoa.o)
                                  0xf (size before relaxing)
 .rodata.str1.1
                0x00006cc2        0x8 c:/program files (x86)/cypress/psoc creator/4.4/psoc creator/import/gnu/arm/5.4.1/bin/../lib/gcc/arm-none-eabi/5.4.1/../../../../arm-none-eabi/lib/armv7-m\libg_nano.a(lib_a-locale.o)
                                  0xb (size before relaxing)
 *fill*         0x00006cca        0x6 
 .rodata.__mprec_tens
                0x00006cd0       0xc8 c:/program files (x86)/cypress/psoc creator/4.4/psoc creator/import/gnu/arm/5.4.1/bin/../lib/gcc/arm-none-eabi/5.4.1/../../../../arm-none-eabi/lib/armv7-m\libg_nano.a(lib_a-mprec.o)
                0x00006cd0                __mprec_tens
 .rodata.p05.5408
                0x00006d98        0xc c:/program files (x86)/cypress/psoc creator/4.4/psoc creator/import/gnu/arm/5.4.1/bin/../lib/gcc/arm-none-eabi/5.4.1/../../../../arm-none-eabi/lib/armv7-m\libg_nano.a(lib_a-mprec.o)
 *fill*         0x00006da4        0x4 
 .rodata.__mprec_bigtens
                0x00006da8       0x28 c:/program files (x86)/cypress/psoc creator/4.4/psoc creator/import/gnu/arm/5.4.1/bin/../lib/gcc/arm-none-eabi/5.4.1/../../../../arm-none-eabi/lib/armv7-m\libg_nano.a(lib_a-mprec.o)
                0x00006da8                __mprec_bigtens
 .rodata.str1.1
                0x00006dd0       0x11 c:/program files (x86)/cypress/psoc creator/4.4/psoc creator/import/gnu/arm/5.4.1/bin/../lib/gcc/arm-none-eabi/5.4.1/../../../../arm-none-eabi/lib/armv7-m\libg_nano.a(lib_a-nano-svfprintf.o)
                0x00006de4                . = ALIGN (0x4)
 *fill*         0x00006de1        0x3 
 *(.init)
 .init          0x00006de4        0x4 c:/program files (x86)/cypress/psoc creator/4.4/psoc creator/import/gnu/arm/5.4.1/bin/../lib/gcc/arm-none-eabi/5.4.1/armv7-m/crti.o
                0x00006de4                _init
 .init          0x00006de8        0x8 c:/program files (x86)/cypress/psoc creator/4.4/psoc creator/import/gnu/arm/5.4.1/bin/../lib/gcc/arm-none-eabi/5.4.1/armv7-m/crtn.o
                0x00006df0                . = ALIGN (0x4)
                0x00006df0                __preinit_array_start = .
 *(.preinit_array)
                0x00006df0                __preinit_array_end = .
                0x00006df0                . = ALIGN (0x4)
                0x00006df0                __init_array_start = .
 *(SORT(.init_array.*))
 *(.init_array)
 .init_array    0x00006df0        0x4 c:/program files (x86)/cypress/psoc creator/4.4/psoc creator/import/gnu/arm/5.4.1/bin/../lib/gcc/arm-none-eabi/5.4.1/armv7-m/crtbegin.o
 .init_array    0x00006df4        0x4 .\CortexM3\ARM_GCC_541\Debug\Cm3Start.o
                0x00006df8                __init_array_end = .
                0x00006df8                . = ALIGN (0x4)
 *(.fini)
 .fini          0x00006df8        0x4 c:/program files (x86)/cypress/psoc creator/4.4/psoc creator/import/gnu/arm/5.4.1/bin/../lib/gcc/arm-none-eabi/5.4.1/armv7-m/crti.o
                0x00006df8                _fini
 .fini          0x00006dfc        0x8 c:/program files (x86)/cypress/psoc creator/4.4/psoc creator/import/gnu/arm/5.4.1/bin/../lib/gcc/arm-none-eabi/5.4.1/armv7-m/crtn.o
                0x00006e04                . = ALIGN (0x4)
                0x00006e04                __fini_array_start = .
 *(.fini_array)
 .fini_array    0x00006e04        0x4 c:/program files (x86)/cypress/psoc creator/4.4/psoc creator/import/gnu/arm/5.4.1/bin/../lib/gcc/arm-none-eabi/5.4.1/armv7-m/crtbegin.o
 *(SORT(.fini_array.*))
                0x00006e08                __fini_array_end = .
                0x00006e08                . = ALIGN (0x4)
 *crtbegin.o(.ctors)
 *(EXCLUDE_FILE(*crtend.o) .ctors)
 *(SORT(.ctors.*))
 *crtend.o(.ctors)
                0x00006e08                . = ALIGN (0x4)
 *crtbegin.o(.dtors)
 *(EXCLUDE_FILE(*crtend.o) .dtors)
 *(SORT(.dtors.*))
 *crtend.o(.dtors)
                0x00006e08                . = ALIGN (0x4)
                0x00006e08                __cy_regions = .
                0x00006e08        0x4 LONG 0x6e18 __cy_region_init_ram
                0x00006e0c        0x4 LONG 0x1fff80c8 __cy_region_start_data
                0x00006e10        0x4 LONG 0x2c0 __cy_region_init_size_ram
                0x00006e14        0x4 LONG 0x108 __cy_region_zero_size_ram
                0x00006e18                __cy_regions_end = .
                0x00006e18                . = ALIGN (0x8)
                0x00006e18                _etext = .

.cy_checksum_exclude
                0x00006e18        0x0
 *(.cy_checksum_exclude)

.ramvectors     0x1fff8000       0xc0
                0x1fff8000                __cy_region_start_ram = .
 *(.ramvectors)
 .ramvectors    0x1fff8000       0xc0 .\CortexM3\ARM_GCC_541\Debug\Cm3Start.o
                0x1fff8000                CyRamVectors

.noinit         0x1fff80c0        0x1
 *(.noinit)
 .noinit        0x1fff80c0        0x1 .\CortexM3\ARM_GCC_541\Debug\AntennaRotator.a(CyLib.o)
                0x1fff80c0                CyResetStatus

.data           0x1fff80c8      0x2c0 load address 0x00006e18
                0x1fff80c8                __cy_region_start_data = .
 *(.jcr)
 .jcr           0x1fff80c8        0x0 c:/program files (x86)/cypress/psoc creator/4.4/psoc creator/import/gnu/arm/5.4.1/bin/../lib/gcc/arm-none-eabi/5.4.1/armv7-m/crtbegin.o
 .jcr           0x1fff80c8        0x4 c:/program files (x86)/cypress/psoc creator/4.4/psoc creator/import/gnu/arm/5.4.1/bin/../lib/gcc/arm-none-eabi/5.4.1/armv7-m/crtend.o
 *(.got.plt)
 *(.got)
 *(.shdata)
 *(.data .data.* .gnu.linkonce.d.*)
 .data          0x1fff80cc      0x201 .\CortexM3\ARM_GCC_541\Debug\ssd1306.o
 *fill*         0x1fff82cd        0x3 
 .data          0x1fff82d0        0x4 .\CortexM3\ARM_GCC_541\Debug\Cm3Start.o
 .data          0x1fff82d4       0x10 .\CortexM3\ARM_GCC_541\Debug\AntennaRotator.a(CyLib.o)
                0x1fff82d4                cydelay_32k_ms
                0x1fff82d8                cydelay_freq_khz
                0x1fff82dc                cydelay_freq_mhz
                0x1fff82e0                cydelay_freq_hz
 .data.__ctype_ptr__
                0x1fff82e4        0x4 c:/program files (x86)/cypress/psoc creator/4.4/psoc creator/import/gnu/arm/5.4.1/bin/../lib/gcc/arm-none-eabi/5.4.1/../../../../arm-none-eabi/lib/armv7-m\libg_nano.a(lib_a-ctype_.o)
                0x1fff82e4                __ctype_ptr__
 .data.impure_data
                0x1fff82e8       0x60 c:/program files (x86)/cypress/psoc creator/4.4/psoc creator/import/gnu/arm/5.4.1/bin/../lib/gcc/arm-none-eabi/5.4.1/../../../../arm-none-eabi/lib/armv7-m\libg_nano.a(lib_a-impure.o)
 .data._impure_ptr
                0x1fff8348        0x4 c:/program files (x86)/cypress/psoc creator/4.4/psoc creator/import/gnu/arm/5.4.1/bin/../lib/gcc/arm-none-eabi/5.4.1/../../../../arm-none-eabi/lib/armv7-m\libg_nano.a(lib_a-impure.o)
                0x1fff8348                _impure_ptr
 .data.lconv    0x1fff834c       0x38 c:/program files (x86)/cypress/psoc creator/4.4/psoc creator/import/gnu/arm/5.4.1/bin/../lib/gcc/arm-none-eabi/5.4.1/../../../../arm-none-eabi/lib/armv7-m\libg_nano.a(lib_a-locale.o)
                0x1fff8388                . = ALIGN (0x8)
 *fill*         0x1fff8384        0x4 
 *(.ram)
                0x1fff8388                _edata = .

.igot.plt       0x1fff8388        0x0 load address 0x000070d8
 .igot.plt      0x1fff8388        0x0 c:/program files (x86)/cypress/psoc creator/4.4/psoc creator/import/gnu/arm/5.4.1/bin/../lib/gcc/arm-none-eabi/5.4.1/armv7-m/crtbegin.o

.bss            0x1fff8388      0x108 load address 0x000070d8
                0x1fff8388                PROVIDE (__bss_start__, .)
 *(.shbss)
 *(.bss .bss.* .gnu.linkonce.b.*)
 .bss           0x1fff8388       0x1c c:/program files (x86)/cypress/psoc creator/4.4/psoc creator/import/gnu/arm/5.4.1/bin/../lib/gcc/arm-none-eabi/5.4.1/armv7-m/crtbegin.o
 .bss           0x1fff83a4        0x3 .\CortexM3\ARM_GCC_541\Debug\main.o
                0x1fff83a4                refresh_display
                0x1fff83a5                refresh_buttons
                0x1fff83a6                refresh_rotation
 *fill*         0x1fff83a7        0x1 
 .bss           0x1fff83a8       0x10 .\CortexM3\ARM_GCC_541\Debug\ssd1306.o
 .bss           0x1fff83b8        0x1 .\CortexM3\ARM_GCC_541\Debug\cli.o
                0x1fff83b8                readState
 *fill*         0x1fff83b9        0x3 
 .bss           0x1fff83bc       0x10 .\CortexM3\ARM_GCC_541\Debug\rotation.o
 .bss           0x1fff83cc        0x9 .\CortexM3\ARM_GCC_541\Debug\AntennaRotator.a(UART.o)
                0x1fff83cc                UART_errorStatus
                0x1fff83cd                UART_initVar
                0x1fff83ce                UART_rxBufferRead
                0x1fff83cf                UART_rxBufferWrite
                0x1fff83d0                UART_rxBufferLoopDetect
                0x1fff83d1                UART_rxBufferOverflow
                0x1fff83d2                UART_txBufferRead
                0x1fff83d3                UART_txBufferWrite
 .bss           0x1fff83d5        0x1 .\CortexM3\ARM_GCC_541\Debug\AntennaRotator.a(I2C_OLED.o)
                0x1fff83d5                I2C_OLED_initVar
 .bss           0x1fff83d6        0x1 .\CortexM3\ARM_GCC_541\Debug\AntennaRotator.a(PWM_1.o)
                0x1fff83d6                PWM_1_initVar
 .bss           0x1fff83d7        0x1 .\CortexM3\ARM_GCC_541\Debug\AntennaRotator.a(Display_Refresh_Timer.o)
                0x1fff83d7                Display_Refresh_Timer_initVar
 .bss           0x1fff83d8        0x1 .\CortexM3\ARM_GCC_541\Debug\AntennaRotator.a(I2C_X.o)
                0x1fff83d8                I2C_X_initVar
 .bss           0x1fff83d9        0x1 .\CortexM3\ARM_GCC_541\Debug\AntennaRotator.a(I2C_Y.o)
                0x1fff83d9                I2C_Y_initVar
 .bss           0x1fff83da        0x1 .\CortexM3\ARM_GCC_541\Debug\AntennaRotator.a(Button_Refresh_Timer.o)
                0x1fff83da                Button_Refresh_Timer_initVar
 *fill*         0x1fff83db        0x1 
 .bss           0x1fff83dc        0x8 .\CortexM3\ARM_GCC_541\Debug\AntennaRotator.a(CySpc.o)
                0x1fff83dc                SpcLockState
 .bss.__malloc_sbrk_start
                0x1fff83e4        0x4 c:/program files (x86)/cypress/psoc creator/4.4/psoc creator/import/gnu/arm/5.4.1/bin/../lib/gcc/arm-none-eabi/5.4.1/../../../../arm-none-eabi/lib/armv7-m\libg_nano.a(lib_a-nano-mallocr.o)
                0x1fff83e4                __malloc_sbrk_start
 .bss.__malloc_free_list
                0x1fff83e8        0x4 c:/program files (x86)/cypress/psoc creator/4.4/psoc creator/import/gnu/arm/5.4.1/bin/../lib/gcc/arm-none-eabi/5.4.1/../../../../arm-none-eabi/lib/armv7-m\libg_nano.a(lib_a-nano-mallocr.o)
                0x1fff83e8                __malloc_free_list
 *(COMMON)
 COMMON         0x1fff83ec       0x30 .\CortexM3\ARM_GCC_541\Debug\main.o
                0x1fff83ec                arg2
                0x1fff83f8                arg1
                0x1fff8404                arg3
                0x1fff8410                cmd
 COMMON         0x1fff841c        0x7 .\CortexM3\ARM_GCC_541\Debug\ssd1306.o
                0x1fff841c                WIDTH
                0x1fff841e                rotation
                0x1fff8420                HEIGHT
                0x1fff8422                wrap
 *fill*         0x1fff8423        0x1 
 COMMON         0x1fff8424       0x20 .\CortexM3\ARM_GCC_541\Debug\AntennaRotator.a(UART.o)
                0x1fff8424                UART_rxBuffer
                0x1fff8434                UART_txBuffer
 COMMON         0x1fff8444        0x1 .\CortexM3\ARM_GCC_541\Debug\AntennaRotator.a(I2C_OLED.o)
                0x1fff8444                I2C_OLED_state
 *fill*         0x1fff8445        0x3 
 COMMON         0x1fff8448        0xe .\CortexM3\ARM_GCC_541\Debug\AntennaRotator.a(I2C_OLED_MASTER.o)
                0x1fff8448                I2C_OLED_mstrRdBufPtr
                0x1fff844c                I2C_OLED_mstrWrBufPtr
                0x1fff8450                I2C_OLED_mstrControl
                0x1fff8451                I2C_OLED_mstrRdBufIndex
                0x1fff8452                I2C_OLED_mstrWrBufIndex
                0x1fff8453                I2C_OLED_mstrRdBufSize
                0x1fff8454                I2C_OLED_mstrStatus
                0x1fff8455                I2C_OLED_mstrWrBufSize
 COMMON         0x1fff8456        0x1 .\CortexM3\ARM_GCC_541\Debug\AntennaRotator.a(I2C_X.o)
                0x1fff8456                I2C_X_state
 *fill*         0x1fff8457        0x1 
 COMMON         0x1fff8458       0x14 .\CortexM3\ARM_GCC_541\Debug\AntennaRotator.a(I2C_X_MASTER.o)
                0x1fff8458                I2C_X_mstrControl
                0x1fff845c                I2C_X_mstrRdBufPtr
                0x1fff8460                I2C_X_mstrWrBufSize
                0x1fff8461                I2C_X_mstrRdBufSize
                0x1fff8462                I2C_X_mstrRdBufIndex
                0x1fff8463                I2C_X_mstrStatus
                0x1fff8464                I2C_X_mstrWrBufIndex
                0x1fff8468                I2C_X_mstrWrBufPtr
 COMMON         0x1fff846c        0x1 .\CortexM3\ARM_GCC_541\Debug\AntennaRotator.a(I2C_Y.o)
                0x1fff846c                I2C_Y_state
 *fill*         0x1fff846d        0x3 
 COMMON         0x1fff8470       0x14 .\CortexM3\ARM_GCC_541\Debug\AntennaRotator.a(I2C_Y_MASTER.o)
                0x1fff8470                I2C_Y_mstrRdBufIndex
                0x1fff8471                I2C_Y_mstrWrBufSize
                0x1fff8472                I2C_Y_mstrControl
                0x1fff8473                I2C_Y_mstrRdBufSize
                0x1fff8474                I2C_Y_mstrStatus
                0x1fff8478                I2C_Y_mstrWrBufPtr
                0x1fff847c                I2C_Y_mstrWrBufIndex
                0x1fff8480                I2C_Y_mstrRdBufPtr
 COMMON         0x1fff8484        0x2 .\CortexM3\ARM_GCC_541\Debug\AntennaRotator.a(CyFlash.o)
                0x1fff8484                dieTemperature
 *fill*         0x1fff8486        0x2 
 COMMON         0x1fff8488        0x4 c:/program files (x86)/cypress/psoc creator/4.4/psoc creator/import/gnu/arm/5.4.1/bin/../lib/gcc/arm-none-eabi/5.4.1/../../../../arm-none-eabi/lib/armv7-m\libg_nano.a(lib_a-reent.o)
                0x1fff8488                errno
                0x1fff8490                . = ALIGN (0x8)
 *fill*         0x1fff848c        0x4 
 *(.ram.b)
                0x1fff8490                _end = .
                0x1fff8490                __end = .
                0x1fff8490                PROVIDE (end, .)
                0x1fff8490                PROVIDE (__bss_end__, .)
                0x00006e18                __cy_region_init_ram = LOADADDR (.data)
                0x000002c0                __cy_region_init_size_ram = (_edata - ADDR (.data))
                0x00000108                __cy_region_zero_size_ram = (_end - _edata)

.heap           0x1fff8490      0x800 load address 0x000070d8
                0x1fff8490                . = _end
                0x1fff8c90                . = (. + 0x800)
 *fill*         0x1fff8490      0x800 
                0x1fff8c90                __cy_heap_limit = .

.stack          0x20007800      0x800
                0x20007800                __cy_stack_limit = .
                0x20008000                . = (. + 0x800)
 *fill*         0x20007800      0x800 
                0x00000001                ASSERT ((__cy_stack_limit >= __cy_heap_limit), region RAM overflowed with stack)
                0x00000000                cy_checksum_exclude_size = (CY_APPL_LOADABLE == 0x1)?SIZEOF (.cy_checksum_exclude):0x0
                0x00000001                ASSERT ((cy_checksum_exclude_size <= CY_CHECKSUM_EXCLUDE_SIZE), CY_BOOT: Section .cy_checksum_exclude size exceedes specified limit.)

.cyloadermeta
 *(.cyloadermeta)

.cyloadablemeta
 *(.cyloadablemeta)

.cyconfigecc    0x80000000      0xef0
 *(.cyconfigecc)
 .cyconfigecc   0x80000000      0xef0 .\CortexM3\ARM_GCC_541\Debug\cymetadata.o
                0x80000000                cy_meta_configecc

.cycustnvl      0x90000000        0x4
 *(.cycustnvl)
 .cycustnvl     0x90000000        0x4 .\CortexM3\ARM_GCC_541\Debug\cymetadata.o
                0x90000000                cy_meta_custnvl

.cywolatch      0x90100000        0x4
 *(.cywolatch)
 .cywolatch     0x90100000        0x4 .\CortexM3\ARM_GCC_541\Debug\cymetadata.o
                0x90100000                cy_meta_wonvl

.cyeeprom       0x90200000        0x0
 *(.cyeeprom)
                0x00000001                ASSERT ((. <= ((0x90200000 + ee_offset) + ee_size)), .cyeeprom data will not fit in EEPROM)

.cyflashprotect
                0x90400000      0x100
 *(.cyflashprotect)
 .cyflashprotect
                0x90400000      0x100 .\CortexM3\ARM_GCC_541\Debug\cymetadata.o
                0x90400000                cy_meta_flashprotect

.cymeta         0x90500000        0xc
 *(.cymeta)
 .cymeta        0x90500000        0xc .\CortexM3\ARM_GCC_541\Debug\cymetadata.o
                0x90500000                cy_metadata

.rel.dyn        0x000070d8        0x0 load address 0x9050000c
 .rel.iplt      0x000070d8        0x0 c:/program files (x86)/cypress/psoc creator/4.4/psoc creator/import/gnu/arm/5.4.1/bin/../lib/gcc/arm-none-eabi/5.4.1/armv7-m/crtbegin.o

.stab
 *(.stab)

.stabstr
 *(.stabstr)

.debug
 *(.debug)

.line
 *(.line)

.debug_srcinfo
 *(.debug_srcinfo)

.debug_sfnames
 *(.debug_sfnames)

.debug_aranges  0x00000000     0x1290
 *(.debug_aranges)
 .debug_aranges
                0x00000000       0x48 .\CortexM3\ARM_GCC_541\Debug\main.o
 .debug_aranges
                0x00000048      0x118 .\CortexM3\ARM_GCC_541\Debug\ssd1306.o
 .debug_aranges
                0x00000160       0x28 .\CortexM3\ARM_GCC_541\Debug\RotatorHorizon.o
 .debug_aranges
                0x00000188       0x70 .\CortexM3\ARM_GCC_541\Debug\cli.o
 .debug_aranges
                0x000001f8       0x38 .\CortexM3\ARM_GCC_541\Debug\eeprom.o
 .debug_aranges
                0x00000230       0x90 .\CortexM3\ARM_GCC_541\Debug\bsp.o
 .debug_aranges
                0x000002c0       0x30 .\CortexM3\ARM_GCC_541\Debug\rotation.o
 .debug_aranges
                0x000002f0       0x58 .\CortexM3\ARM_GCC_541\Debug\cyfitter_cfg.o
 .debug_aranges
                0x00000348       0x18 .\CortexM3\ARM_GCC_541\Debug\cymetadata.o
 .debug_aranges
                0x00000360       0x48 .\CortexM3\ARM_GCC_541\Debug\Cm3Start.o
 .debug_aranges
                0x000003a8       0x38 .\CortexM3\ARM_GCC_541\Debug\AntennaRotator.a(LED_Pin.o)
 .debug_aranges
                0x000003e0      0x2a0 .\CortexM3\ARM_GCC_541\Debug\AntennaRotator.a(CyLib.o)
 .debug_aranges
                0x00000680       0x98 .\CortexM3\ARM_GCC_541\Debug\AntennaRotator.a(cyPm.o)
 .debug_aranges
                0x00000718       0x38 .\CortexM3\ARM_GCC_541\Debug\AntennaRotator.a(SW_UP_Pin.o)
 .debug_aranges
                0x00000750       0x38 .\CortexM3\ARM_GCC_541\Debug\AntennaRotator.a(SW_DOWN_Pin.o)
 .debug_aranges
                0x00000788       0x38 .\CortexM3\ARM_GCC_541\Debug\AntennaRotator.a(SW_LEFT_Pin.o)
 .debug_aranges
                0x000007c0       0x38 .\CortexM3\ARM_GCC_541\Debug\AntennaRotator.a(SW_RIGHT_Pin.o)
 .debug_aranges
                0x000007f8       0xf0 .\CortexM3\ARM_GCC_541\Debug\AntennaRotator.a(UART.o)
 .debug_aranges
                0x000008e8       0x28 .\CortexM3\ARM_GCC_541\Debug\AntennaRotator.a(UART_INT.o)
 .debug_aranges
                0x00000910       0x70 .\CortexM3\ARM_GCC_541\Debug\AntennaRotator.a(UART_IntClock.o)
 .debug_aranges
                0x00000980       0x38 .\CortexM3\ARM_GCC_541\Debug\AntennaRotator.a(I2C_OLED.o)
 .debug_aranges
                0x000009b8       0x20 .\CortexM3\ARM_GCC_541\Debug\AntennaRotator.a(I2C_OLED_INT.o)
 .debug_aranges
                0x000009d8       0x38 .\CortexM3\ARM_GCC_541\Debug\AntennaRotator.a(I2C_OLED_PM.o)
 .debug_aranges
                0x00000a10       0x80 .\CortexM3\ARM_GCC_541\Debug\AntennaRotator.a(I2C_OLED_MASTER.o)
 .debug_aranges
                0x00000a90       0x38 .\CortexM3\ARM_GCC_541\Debug\AntennaRotator.a(X_Dir_Pin.o)
 .debug_aranges
                0x00000ac8       0x38 .\CortexM3\ARM_GCC_541\Debug\AntennaRotator.a(X_Step_Pin.o)
 .debug_aranges
                0x00000b00       0x98 .\CortexM3\ARM_GCC_541\Debug\AntennaRotator.a(PWM_1.o)
 .debug_aranges
                0x00000b98       0x28 .\CortexM3\ARM_GCC_541\Debug\AntennaRotator.a(Motor_Enable.o)
 .debug_aranges
                0x00000bc0       0x88 .\CortexM3\ARM_GCC_541\Debug\AntennaRotator.a(Display_Refresh_Timer.o)
 .debug_aranges
                0x00000c48       0x80 .\CortexM3\ARM_GCC_541\Debug\AntennaRotator.a(Display_Refresh_Timer_Int.o)
 .debug_aranges
                0x00000cc8       0x80 .\CortexM3\ARM_GCC_541\Debug\AntennaRotator.a(MotorControlFallingEdge.o)
 .debug_aranges
                0x00000d48       0x80 .\CortexM3\ARM_GCC_541\Debug\AntennaRotator.a(MotorControlRiseingEdge.o)
 .debug_aranges
                0x00000dc8       0x38 .\CortexM3\ARM_GCC_541\Debug\AntennaRotator.a(I2C_X.o)
 .debug_aranges
                0x00000e00       0x20 .\CortexM3\ARM_GCC_541\Debug\AntennaRotator.a(I2C_X_INT.o)
 .debug_aranges
                0x00000e20       0x80 .\CortexM3\ARM_GCC_541\Debug\AntennaRotator.a(I2C_X_MASTER.o)
 .debug_aranges
                0x00000ea0       0x78 .\CortexM3\ARM_GCC_541\Debug\AntennaRotator.a(EEPROM_1.o)
 .debug_aranges
                0x00000f18       0x38 .\CortexM3\ARM_GCC_541\Debug\AntennaRotator.a(Y_Step_Pin.o)
 .debug_aranges
                0x00000f50       0x38 .\CortexM3\ARM_GCC_541\Debug\AntennaRotator.a(I2C_Y.o)
 .debug_aranges
                0x00000f88       0x20 .\CortexM3\ARM_GCC_541\Debug\AntennaRotator.a(I2C_Y_INT.o)
 .debug_aranges
                0x00000fa8       0x80 .\CortexM3\ARM_GCC_541\Debug\AntennaRotator.a(I2C_Y_MASTER.o)
 .debug_aranges
                0x00001028       0x38 .\CortexM3\ARM_GCC_541\Debug\AntennaRotator.a(Y_Dir_Pin.o)
 .debug_aranges
                0x00001060       0x88 .\CortexM3\ARM_GCC_541\Debug\AntennaRotator.a(Button_Refresh_Timer.o)
 .debug_aranges
                0x000010e8       0x80 .\CortexM3\ARM_GCC_541\Debug\AntennaRotator.a(Button_Refresh_Timer_Int.o)
 .debug_aranges
                0x00001168       0x20 .\CortexM3\ARM_GCC_541\Debug\AntennaRotator.a(CyBootAsmGnu.o)
 .debug_aranges
                0x00001188       0x88 .\CortexM3\ARM_GCC_541\Debug\AntennaRotator.a(CyFlash.o)
 .debug_aranges
                0x00001210       0x80 .\CortexM3\ARM_GCC_541\Debug\AntennaRotator.a(CySpc.o)

.debug_pubnames
 *(.debug_pubnames)

.debug_info     0x00000000     0xb349
 *(.debug_info .gnu.linkonce.wi.*)
 .debug_info    0x00000000      0x6e2 .\CortexM3\ARM_GCC_541\Debug\main.o
 .debug_info    0x000006e2     0x132d .\CortexM3\ARM_GCC_541\Debug\ssd1306.o
 .debug_info    0x00001a0f      0x30e .\CortexM3\ARM_GCC_541\Debug\RotatorHorizon.o
 .debug_info    0x00001d1d      0x994 .\CortexM3\ARM_GCC_541\Debug\cli.o
 .debug_info    0x000026b1      0x2a1 .\CortexM3\ARM_GCC_541\Debug\eeprom.o
 .debug_info    0x00002952      0x8b1 .\CortexM3\ARM_GCC_541\Debug\bsp.o
 .debug_info    0x00003203      0x333 .\CortexM3\ARM_GCC_541\Debug\rotation.o
 .debug_info    0x00003536      0x5b9 .\CortexM3\ARM_GCC_541\Debug\cyfitter_cfg.o
 .debug_info    0x00003aef      0x139 .\CortexM3\ARM_GCC_541\Debug\cymetadata.o
 .debug_info    0x00003c28      0x3bb .\CortexM3\ARM_GCC_541\Debug\Cm3Start.o
 .debug_info    0x00003fe3      0x11f .\CortexM3\ARM_GCC_541\Debug\AntennaRotator.a(LED_Pin.o)
 .debug_info    0x00004102     0x1374 .\CortexM3\ARM_GCC_541\Debug\AntennaRotator.a(CyLib.o)
 .debug_info    0x00005476      0xa2a .\CortexM3\ARM_GCC_541\Debug\AntennaRotator.a(cyPm.o)
 .debug_info    0x00005ea0      0x11f .\CortexM3\ARM_GCC_541\Debug\AntennaRotator.a(SW_UP_Pin.o)
 .debug_info    0x00005fbf      0x11f .\CortexM3\ARM_GCC_541\Debug\AntennaRotator.a(SW_DOWN_Pin.o)
 .debug_info    0x000060de      0x11f .\CortexM3\ARM_GCC_541\Debug\AntennaRotator.a(SW_LEFT_Pin.o)
 .debug_info    0x000061fd      0x11f .\CortexM3\ARM_GCC_541\Debug\AntennaRotator.a(SW_RIGHT_Pin.o)
 .debug_info    0x0000631c      0x7ae .\CortexM3\ARM_GCC_541\Debug\AntennaRotator.a(UART.o)
 .debug_info    0x00006aca      0x186 .\CortexM3\ARM_GCC_541\Debug\AntennaRotator.a(UART_INT.o)
 .debug_info    0x00006c50      0x283 .\CortexM3\ARM_GCC_541\Debug\AntennaRotator.a(UART_IntClock.o)
 .debug_info    0x00006ed3      0x2ad .\CortexM3\ARM_GCC_541\Debug\AntennaRotator.a(I2C_OLED.o)
 .debug_info    0x00007180      0x184 .\CortexM3\ARM_GCC_541\Debug\AntennaRotator.a(I2C_OLED_INT.o)
 .debug_info    0x00007304      0x207 .\CortexM3\ARM_GCC_541\Debug\AntennaRotator.a(I2C_OLED_PM.o)
 .debug_info    0x0000750b      0x407 .\CortexM3\ARM_GCC_541\Debug\AntennaRotator.a(I2C_OLED_MASTER.o)
 .debug_info    0x00007912      0x11f .\CortexM3\ARM_GCC_541\Debug\AntennaRotator.a(X_Dir_Pin.o)
 .debug_info    0x00007a31      0x11f .\CortexM3\ARM_GCC_541\Debug\AntennaRotator.a(X_Step_Pin.o)
 .debug_info    0x00007b50      0x334 .\CortexM3\ARM_GCC_541\Debug\AntennaRotator.a(PWM_1.o)
 .debug_info    0x00007e84       0xd6 .\CortexM3\ARM_GCC_541\Debug\AntennaRotator.a(Motor_Enable.o)
 .debug_info    0x00007f5a      0x293 .\CortexM3\ARM_GCC_541\Debug\AntennaRotator.a(Display_Refresh_Timer.o)
 .debug_info    0x000081ed      0x2d2 .\CortexM3\ARM_GCC_541\Debug\AntennaRotator.a(Display_Refresh_Timer_Int.o)
 .debug_info    0x000084bf      0x2d2 .\CortexM3\ARM_GCC_541\Debug\AntennaRotator.a(MotorControlFallingEdge.o)
 .debug_info    0x00008791      0x2d2 .\CortexM3\ARM_GCC_541\Debug\AntennaRotator.a(MotorControlRiseingEdge.o)
 .debug_info    0x00008a63      0x1e0 .\CortexM3\ARM_GCC_541\Debug\AntennaRotator.a(I2C_X.o)
 .debug_info    0x00008c43      0x184 .\CortexM3\ARM_GCC_541\Debug\AntennaRotator.a(I2C_X_INT.o)
 .debug_info    0x00008dc7      0x407 .\CortexM3\ARM_GCC_541\Debug\AntennaRotator.a(I2C_X_MASTER.o)
 .debug_info    0x000091ce      0x630 .\CortexM3\ARM_GCC_541\Debug\AntennaRotator.a(EEPROM_1.o)
 .debug_info    0x000097fe      0x11f .\CortexM3\ARM_GCC_541\Debug\AntennaRotator.a(Y_Step_Pin.o)
 .debug_info    0x0000991d      0x1e0 .\CortexM3\ARM_GCC_541\Debug\AntennaRotator.a(I2C_Y.o)
 .debug_info    0x00009afd      0x184 .\CortexM3\ARM_GCC_541\Debug\AntennaRotator.a(I2C_Y_INT.o)
 .debug_info    0x00009c81      0x407 .\CortexM3\ARM_GCC_541\Debug\AntennaRotator.a(I2C_Y_MASTER.o)
 .debug_info    0x0000a088      0x11f .\CortexM3\ARM_GCC_541\Debug\AntennaRotator.a(Y_Dir_Pin.o)
 .debug_info    0x0000a1a7      0x291 .\CortexM3\ARM_GCC_541\Debug\AntennaRotator.a(Button_Refresh_Timer.o)
 .debug_info    0x0000a438      0x2d2 .\CortexM3\ARM_GCC_541\Debug\AntennaRotator.a(Button_Refresh_Timer_Int.o)
 .debug_info    0x0000a70a       0xa2 .\CortexM3\ARM_GCC_541\Debug\AntennaRotator.a(CyBootAsmGnu.o)
 .debug_info    0x0000a7ac      0x64d .\CortexM3\ARM_GCC_541\Debug\AntennaRotator.a(CyFlash.o)
 .debug_info    0x0000adf9      0x550 .\CortexM3\ARM_GCC_541\Debug\AntennaRotator.a(CySpc.o)

.debug_abbrev   0x00000000     0x341d
 *(.debug_abbrev)
 .debug_abbrev  0x00000000      0x1bc .\CortexM3\ARM_GCC_541\Debug\main.o
 .debug_abbrev  0x000001bc      0x291 .\CortexM3\ARM_GCC_541\Debug\ssd1306.o
 .debug_abbrev  0x0000044d      0x102 .\CortexM3\ARM_GCC_541\Debug\RotatorHorizon.o
 .debug_abbrev  0x0000054f      0x1fe .\CortexM3\ARM_GCC_541\Debug\cli.o
 .debug_abbrev  0x0000074d      0x12c .\CortexM3\ARM_GCC_541\Debug\eeprom.o
 .debug_abbrev  0x00000879      0x1a9 .\CortexM3\ARM_GCC_541\Debug\bsp.o
 .debug_abbrev  0x00000a22      0x145 .\CortexM3\ARM_GCC_541\Debug\rotation.o
 .debug_abbrev  0x00000b67      0x20d .\CortexM3\ARM_GCC_541\Debug\cyfitter_cfg.o
 .debug_abbrev  0x00000d74       0x77 .\CortexM3\ARM_GCC_541\Debug\cymetadata.o
 .debug_abbrev  0x00000deb      0x1e8 .\CortexM3\ARM_GCC_541\Debug\Cm3Start.o
 .debug_abbrev  0x00000fd3       0x90 .\CortexM3\ARM_GCC_541\Debug\AntennaRotator.a(LED_Pin.o)
 .debug_abbrev  0x00001063      0x254 .\CortexM3\ARM_GCC_541\Debug\AntennaRotator.a(CyLib.o)
 .debug_abbrev  0x000012b7      0x1ab .\CortexM3\ARM_GCC_541\Debug\AntennaRotator.a(cyPm.o)
 .debug_abbrev  0x00001462       0x90 .\CortexM3\ARM_GCC_541\Debug\AntennaRotator.a(SW_UP_Pin.o)
 .debug_abbrev  0x000014f2       0x90 .\CortexM3\ARM_GCC_541\Debug\AntennaRotator.a(SW_DOWN_Pin.o)
 .debug_abbrev  0x00001582       0x90 .\CortexM3\ARM_GCC_541\Debug\AntennaRotator.a(SW_LEFT_Pin.o)
 .debug_abbrev  0x00001612       0x90 .\CortexM3\ARM_GCC_541\Debug\AntennaRotator.a(SW_RIGHT_Pin.o)
 .debug_abbrev  0x000016a2      0x16f .\CortexM3\ARM_GCC_541\Debug\AntennaRotator.a(UART.o)
 .debug_abbrev  0x00001811       0xa2 .\CortexM3\ARM_GCC_541\Debug\AntennaRotator.a(UART_INT.o)
 .debug_abbrev  0x000018b3      0x139 .\CortexM3\ARM_GCC_541\Debug\AntennaRotator.a(UART_IntClock.o)
 .debug_abbrev  0x000019ec      0x10a .\CortexM3\ARM_GCC_541\Debug\AntennaRotator.a(I2C_OLED.o)
 .debug_abbrev  0x00001af6       0xb6 .\CortexM3\ARM_GCC_541\Debug\AntennaRotator.a(I2C_OLED_INT.o)
 .debug_abbrev  0x00001bac       0xfe .\CortexM3\ARM_GCC_541\Debug\AntennaRotator.a(I2C_OLED_PM.o)
 .debug_abbrev  0x00001caa      0x13c .\CortexM3\ARM_GCC_541\Debug\AntennaRotator.a(I2C_OLED_MASTER.o)
 .debug_abbrev  0x00001de6       0x90 .\CortexM3\ARM_GCC_541\Debug\AntennaRotator.a(X_Dir_Pin.o)
 .debug_abbrev  0x00001e76       0x90 .\CortexM3\ARM_GCC_541\Debug\AntennaRotator.a(X_Step_Pin.o)
 .debug_abbrev  0x00001f06      0x133 .\CortexM3\ARM_GCC_541\Debug\AntennaRotator.a(PWM_1.o)
 .debug_abbrev  0x00002039       0x81 .\CortexM3\ARM_GCC_541\Debug\AntennaRotator.a(Motor_Enable.o)
 .debug_abbrev  0x000020ba      0x11a .\CortexM3\ARM_GCC_541\Debug\AntennaRotator.a(Display_Refresh_Timer.o)
 .debug_abbrev  0x000021d4      0x173 .\CortexM3\ARM_GCC_541\Debug\AntennaRotator.a(Display_Refresh_Timer_Int.o)
 .debug_abbrev  0x00002347      0x173 .\CortexM3\ARM_GCC_541\Debug\AntennaRotator.a(MotorControlFallingEdge.o)
 .debug_abbrev  0x000024ba      0x173 .\CortexM3\ARM_GCC_541\Debug\AntennaRotator.a(MotorControlRiseingEdge.o)
 .debug_abbrev  0x0000262d       0xe1 .\CortexM3\ARM_GCC_541\Debug\AntennaRotator.a(I2C_X.o)
 .debug_abbrev  0x0000270e       0xb6 .\CortexM3\ARM_GCC_541\Debug\AntennaRotator.a(I2C_X_INT.o)
 .debug_abbrev  0x000027c4      0x13c .\CortexM3\ARM_GCC_541\Debug\AntennaRotator.a(I2C_X_MASTER.o)
 .debug_abbrev  0x00002900      0x14e .\CortexM3\ARM_GCC_541\Debug\AntennaRotator.a(EEPROM_1.o)
 .debug_abbrev  0x00002a4e       0x90 .\CortexM3\ARM_GCC_541\Debug\AntennaRotator.a(Y_Step_Pin.o)
 .debug_abbrev  0x00002ade       0xe1 .\CortexM3\ARM_GCC_541\Debug\AntennaRotator.a(I2C_Y.o)
 .debug_abbrev  0x00002bbf       0xb6 .\CortexM3\ARM_GCC_541\Debug\AntennaRotator.a(I2C_Y_INT.o)
 .debug_abbrev  0x00002c75      0x13c .\CortexM3\ARM_GCC_541\Debug\AntennaRotator.a(I2C_Y_MASTER.o)
 .debug_abbrev  0x00002db1       0x90 .\CortexM3\ARM_GCC_541\Debug\AntennaRotator.a(Y_Dir_Pin.o)
 .debug_abbrev  0x00002e41      0x11a .\CortexM3\ARM_GCC_541\Debug\AntennaRotator.a(Button_Refresh_Timer.o)
 .debug_abbrev  0x00002f5b      0x173 .\CortexM3\ARM_GCC_541\Debug\AntennaRotator.a(Button_Refresh_Timer_Int.o)
 .debug_abbrev  0x000030ce       0x14 .\CortexM3\ARM_GCC_541\Debug\AntennaRotator.a(CyBootAsmGnu.o)
 .debug_abbrev  0x000030e2      0x1a7 .\CortexM3\ARM_GCC_541\Debug\AntennaRotator.a(CyFlash.o)
 .debug_abbrev  0x00003289      0x194 .\CortexM3\ARM_GCC_541\Debug\AntennaRotator.a(CySpc.o)

.debug_line     0x00000000     0x502b
 *(.debug_line)
 .debug_line    0x00000000      0x406 .\CortexM3\ARM_GCC_541\Debug\main.o
 .debug_line    0x00000406      0x610 .\CortexM3\ARM_GCC_541\Debug\ssd1306.o
 .debug_line    0x00000a16      0x214 .\CortexM3\ARM_GCC_541\Debug\RotatorHorizon.o
 .debug_line    0x00000c2a      0x3a5 .\CortexM3\ARM_GCC_541\Debug\cli.o
 .debug_line    0x00000fcf      0x1b1 .\CortexM3\ARM_GCC_541\Debug\eeprom.o
 .debug_line    0x00001180      0x334 .\CortexM3\ARM_GCC_541\Debug\bsp.o
 .debug_line    0x000014b4      0x1d3 .\CortexM3\ARM_GCC_541\Debug\rotation.o
 .debug_line    0x00001687      0x1fc .\CortexM3\ARM_GCC_541\Debug\cyfitter_cfg.o
 .debug_line    0x00001883      0x141 .\CortexM3\ARM_GCC_541\Debug\cymetadata.o
 .debug_line    0x000019c4      0x234 .\CortexM3\ARM_GCC_541\Debug\Cm3Start.o
 .debug_line    0x00001bf8       0x94 .\CortexM3\ARM_GCC_541\Debug\AntennaRotator.a(LED_Pin.o)
 .debug_line    0x00001c8c      0x816 .\CortexM3\ARM_GCC_541\Debug\AntennaRotator.a(CyLib.o)
 .debug_line    0x000024a2      0x367 .\CortexM3\ARM_GCC_541\Debug\AntennaRotator.a(cyPm.o)
 .debug_line    0x00002809       0x96 .\CortexM3\ARM_GCC_541\Debug\AntennaRotator.a(SW_UP_Pin.o)
 .debug_line    0x0000289f       0x98 .\CortexM3\ARM_GCC_541\Debug\AntennaRotator.a(SW_DOWN_Pin.o)
 .debug_line    0x00002937       0x98 .\CortexM3\ARM_GCC_541\Debug\AntennaRotator.a(SW_LEFT_Pin.o)
 .debug_line    0x000029cf       0x99 .\CortexM3\ARM_GCC_541\Debug\AntennaRotator.a(SW_RIGHT_Pin.o)
 .debug_line    0x00002a68      0x33b .\CortexM3\ARM_GCC_541\Debug\AntennaRotator.a(UART.o)
 .debug_line    0x00002da3       0xa5 .\CortexM3\ARM_GCC_541\Debug\AntennaRotator.a(UART_INT.o)
 .debug_line    0x00002e48      0x17c .\CortexM3\ARM_GCC_541\Debug\AntennaRotator.a(UART_IntClock.o)
 .debug_line    0x00002fc4       0xe8 .\CortexM3\ARM_GCC_541\Debug\AntennaRotator.a(I2C_OLED.o)
 .debug_line    0x000030ac      0x11e .\CortexM3\ARM_GCC_541\Debug\AntennaRotator.a(I2C_OLED_INT.o)
 .debug_line    0x000031ca       0xc5 .\CortexM3\ARM_GCC_541\Debug\AntennaRotator.a(I2C_OLED_PM.o)
 .debug_line    0x0000328f      0x207 .\CortexM3\ARM_GCC_541\Debug\AntennaRotator.a(I2C_OLED_MASTER.o)
 .debug_line    0x00003496       0x96 .\CortexM3\ARM_GCC_541\Debug\AntennaRotator.a(X_Dir_Pin.o)
 .debug_line    0x0000352c       0x97 .\CortexM3\ARM_GCC_541\Debug\AntennaRotator.a(X_Step_Pin.o)
 .debug_line    0x000035c3      0x185 .\CortexM3\ARM_GCC_541\Debug\AntennaRotator.a(PWM_1.o)
 .debug_line    0x00003748       0x74 .\CortexM3\ARM_GCC_541\Debug\AntennaRotator.a(Motor_Enable.o)
 .debug_line    0x000037bc      0x163 .\CortexM3\ARM_GCC_541\Debug\AntennaRotator.a(Display_Refresh_Timer.o)
 .debug_line    0x0000391f      0x146 .\CortexM3\ARM_GCC_541\Debug\AntennaRotator.a(Display_Refresh_Timer_Int.o)
 .debug_line    0x00003a65      0x144 .\CortexM3\ARM_GCC_541\Debug\AntennaRotator.a(MotorControlFallingEdge.o)
 .debug_line    0x00003ba9      0x144 .\CortexM3\ARM_GCC_541\Debug\AntennaRotator.a(MotorControlRiseingEdge.o)
 .debug_line    0x00003ced       0xcd .\CortexM3\ARM_GCC_541\Debug\AntennaRotator.a(I2C_X.o)
 .debug_line    0x00003dba      0x11a .\CortexM3\ARM_GCC_541\Debug\AntennaRotator.a(I2C_X_INT.o)
 .debug_line    0x00003ed4      0x22b .\CortexM3\ARM_GCC_541\Debug\AntennaRotator.a(I2C_X_MASTER.o)
 .debug_line    0x000040ff      0x266 .\CortexM3\ARM_GCC_541\Debug\AntennaRotator.a(EEPROM_1.o)
 .debug_line    0x00004365       0x97 .\CortexM3\ARM_GCC_541\Debug\AntennaRotator.a(Y_Step_Pin.o)
 .debug_line    0x000043fc       0xcd .\CortexM3\ARM_GCC_541\Debug\AntennaRotator.a(I2C_Y.o)
 .debug_line    0x000044c9      0x11a .\CortexM3\ARM_GCC_541\Debug\AntennaRotator.a(I2C_Y_INT.o)
 .debug_line    0x000045e3      0x22b .\CortexM3\ARM_GCC_541\Debug\AntennaRotator.a(I2C_Y_MASTER.o)
 .debug_line    0x0000480e       0x96 .\CortexM3\ARM_GCC_541\Debug\AntennaRotator.a(Y_Dir_Pin.o)
 .debug_line    0x000048a4      0x162 .\CortexM3\ARM_GCC_541\Debug\AntennaRotator.a(Button_Refresh_Timer.o)
 .debug_line    0x00004a06      0x145 .\CortexM3\ARM_GCC_541\Debug\AntennaRotator.a(Button_Refresh_Timer_Int.o)
 .debug_line    0x00004b4b       0x66 .\CortexM3\ARM_GCC_541\Debug\AntennaRotator.a(CyBootAsmGnu.o)
 .debug_line    0x00004bb1      0x21a .\CortexM3\ARM_GCC_541\Debug\AntennaRotator.a(CyFlash.o)
 .debug_line    0x00004dcb      0x260 .\CortexM3\ARM_GCC_541\Debug\AntennaRotator.a(CySpc.o)

.debug_frame    0x00000000     0x3400
 *(.debug_frame)
 .debug_frame   0x00000000       0xbc .\CortexM3\ARM_GCC_541\Debug\main.o
 .debug_frame   0x000000bc      0x3d0 .\CortexM3\ARM_GCC_541\Debug\ssd1306.o
 .debug_frame   0x0000048c       0x54 .\CortexM3\ARM_GCC_541\Debug\RotatorHorizon.o
 .debug_frame   0x000004e0       0xf4 .\CortexM3\ARM_GCC_541\Debug\cli.o
 .debug_frame   0x000005d4       0x8c .\CortexM3\ARM_GCC_541\Debug\eeprom.o
 .debug_frame   0x00000660      0x1f0 .\CortexM3\ARM_GCC_541\Debug\bsp.o
 .debug_frame   0x00000850       0x5c .\CortexM3\ARM_GCC_541\Debug\rotation.o
 .debug_frame   0x000008ac       0xe4 .\CortexM3\ARM_GCC_541\Debug\cyfitter_cfg.o
 .debug_frame   0x00000990       0xb8 .\CortexM3\ARM_GCC_541\Debug\Cm3Start.o
 .debug_frame   0x00000a48       0x50 .\CortexM3\ARM_GCC_541\Debug\AntennaRotator.a(LED_Pin.o)
 .debug_frame   0x00000a98      0x738 .\CortexM3\ARM_GCC_541\Debug\AntennaRotator.a(CyLib.o)
 .debug_frame   0x000011d0      0x1f8 .\CortexM3\ARM_GCC_541\Debug\AntennaRotator.a(cyPm.o)
 .debug_frame   0x000013c8       0x50 .\CortexM3\ARM_GCC_541\Debug\AntennaRotator.a(SW_UP_Pin.o)
 .debug_frame   0x00001418       0x50 .\CortexM3\ARM_GCC_541\Debug\AntennaRotator.a(SW_DOWN_Pin.o)
 .debug_frame   0x00001468       0x50 .\CortexM3\ARM_GCC_541\Debug\AntennaRotator.a(SW_LEFT_Pin.o)
 .debug_frame   0x000014b8       0x50 .\CortexM3\ARM_GCC_541\Debug\AntennaRotator.a(SW_RIGHT_Pin.o)
 .debug_frame   0x00001508      0x25c .\CortexM3\ARM_GCC_541\Debug\AntennaRotator.a(UART.o)
 .debug_frame   0x00001764       0x30 .\CortexM3\ARM_GCC_541\Debug\AntennaRotator.a(UART_INT.o)