Archive member included to satisfy reference by file (symbol)

.\CortexM3\ARM_GCC_541\Debug\AntennaRotator.a(LED_Pin.o)
                              .\CortexM3\ARM_GCC_541\Debug\main.o (LED_Pin_Write)
.\CortexM3\ARM_GCC_541\Debug\AntennaRotator.a(CyLib.o)
                              .\CortexM3\ARM_GCC_541\Debug\Cm3Start.o (CyHalt)
.\CortexM3\ARM_GCC_541\Debug\AntennaRotator.a(cyPm.o)
                              .\CortexM3\ARM_GCC_541\Debug\AntennaRotator.a(CyLib.o) (CyPmReadStatus)
.\CortexM3\ARM_GCC_541\Debug\AntennaRotator.a(SW_UP_Pin.o)
                              .\CortexM3\ARM_GCC_541\Debug\main.o (SW_UP_Pin_Read)
.\CortexM3\ARM_GCC_541\Debug\AntennaRotator.a(SW_DOWN_Pin.o)
                              .\CortexM3\ARM_GCC_541\Debug\main.o (SW_DOWN_Pin_Read)
.\CortexM3\ARM_GCC_541\Debug\AntennaRotator.a(SW_LEFT_Pin.o)
                              .\CortexM3\ARM_GCC_541\Debug\main.o (SW_LEFT_Pin_Read)
.\CortexM3\ARM_GCC_541\Debug\AntennaRotator.a(SW_RIGHT_Pin.o)
                              .\CortexM3\ARM_GCC_541\Debug\main.o (SW_RIGHT_Pin_Read)
.\CortexM3\ARM_GCC_541\Debug\AntennaRotator.a(UART.o)
                              .\CortexM3\ARM_GCC_541\Debug\main.o (UART_Start)
.\CortexM3\ARM_GCC_541\Debug\AntennaRotator.a(UART_INT.o)
                              .\CortexM3\ARM_GCC_541\Debug\AntennaRotator.a(UART.o) (UART_RXISR)
.\CortexM3\ARM_GCC_541\Debug\AntennaRotator.a(UART_IntClock.o)
                              .\CortexM3\ARM_GCC_541\Debug\AntennaRotator.a(UART.o) (UART_IntClock_Start)
.\CortexM3\ARM_GCC_541\Debug\AntennaRotator.a(I2C_OLED.o)
                              .\CortexM3\ARM_GCC_541\Debug\main.o (I2C_OLED_Start)
.\CortexM3\ARM_GCC_541\Debug\AntennaRotator.a(I2C_OLED_INT.o)
                              .\CortexM3\ARM_GCC_541\Debug\AntennaRotator.a(I2C_OLED.o) (I2C_OLED_ISR)
.\CortexM3\ARM_GCC_541\Debug\AntennaRotator.a(I2C_OLED_PM.o)
                              .\CortexM3\ARM_GCC_541\Debug\AntennaRotator.a(I2C_OLED.o) (I2C_OLED_backup)
.\CortexM3\ARM_GCC_541\Debug\AntennaRotator.a(I2C_OLED_MASTER.o)
                              .\CortexM3\ARM_GCC_541\Debug\AntennaRotator.a(I2C_OLED.o) (I2C_OLED_mstrStatus)
.\CortexM3\ARM_GCC_541\Debug\AntennaRotator.a(X_Dir_Pin.o)
                              .\CortexM3\ARM_GCC_541\Debug\main.o (X_Dir_Pin_Write)
.\CortexM3\ARM_GCC_541\Debug\AntennaRotator.a(X_Step_Pin.o)
                              .\CortexM3\ARM_GCC_541\Debug\main.o (X_Step_Pin_Write)
.\CortexM3\ARM_GCC_541\Debug\AntennaRotator.a(PWM_1.o)
                              .\CortexM3\ARM_GCC_541\Debug\main.o (PWM_1_Start)
.\CortexM3\ARM_GCC_541\Debug\AntennaRotator.a(Motor_Enable.o)
                              .\CortexM3\ARM_GCC_541\Debug\main.o (Motor_Enable_Write)
.\CortexM3\ARM_GCC_541\Debug\AntennaRotator.a(Display_Refresh_Timer.o)
                              .\CortexM3\ARM_GCC_541\Debug\main.o (Display_Refresh_Timer_Start)
.\CortexM3\ARM_GCC_541\Debug\AntennaRotator.a(Display_Refresh_Timer_Int.o)
                              .\CortexM3\ARM_GCC_541\Debug\main.o (Display_Refresh_Timer_Int_StartEx)
.\CortexM3\ARM_GCC_541\Debug\AntennaRotator.a(MotorControlFallingEdge.o)
                              .\CortexM3\ARM_GCC_541\Debug\main.o (MotorControlFallingEdge_StartEx)
.\CortexM3\ARM_GCC_541\Debug\AntennaRotator.a(MotorControlRiseingEdge.o)
                              .\CortexM3\ARM_GCC_541\Debug\main.o (MotorControlRiseingEdge_StartEx)
.\CortexM3\ARM_GCC_541\Debug\AntennaRotator.a(I2C_X.o)
                              .\CortexM3\ARM_GCC_541\Debug\main.o (I2C_X_Start)
.\CortexM3\ARM_GCC_541\Debug\AntennaRotator.a(I2C_X_INT.o)
                              .\CortexM3\ARM_GCC_541\Debug\AntennaRotator.a(I2C_X.o) (I2C_X_ISR)
.\CortexM3\ARM_GCC_541\Debug\AntennaRotator.a(I2C_X_MASTER.o)
                              .\CortexM3\ARM_GCC_541\Debug\AntennaRotator.a(I2C_X.o) (I2C_X_mstrStatus)
.\CortexM3\ARM_GCC_541\Debug\AntennaRotator.a(EEPROM_1.o)
                              .\CortexM3\ARM_GCC_541\Debug\main.o (EEPROM_1_Start)
.\CortexM3\ARM_GCC_541\Debug\AntennaRotator.a(Y_Step_Pin.o)
                              .\CortexM3\ARM_GCC_541\Debug\main.o (Y_Step_Pin_Write)
.\CortexM3\ARM_GCC_541\Debug\AntennaRotator.a(I2C_Y.o)
                              .\CortexM3\ARM_GCC_541\Debug\main.o (I2C_Y_Start)
.\CortexM3\ARM_GCC_541\Debug\AntennaRotator.a(I2C_Y_INT.o)
                              .\CortexM3\ARM_GCC_541\Debug\AntennaRotator.a(I2C_Y.o) (I2C_Y_ISR)
.\CortexM3\ARM_GCC_541\Debug\AntennaRotator.a(I2C_Y_MASTER.o)
                              .\CortexM3\ARM_GCC_541\Debug\AntennaRotator.a(I2C_Y.o) (I2C_Y_mstrStatus)
.\CortexM3\ARM_GCC_541\Debug\AntennaRotator.a(Y_Dir_Pin.o)
                              .\CortexM3\ARM_GCC_541\Debug\main.o (Y_Dir_Pin_Write)
.\CortexM3\ARM_GCC_541\Debug\AntennaRotator.a(Button_Refresh_Timer.o)
                              .\CortexM3\ARM_GCC_541\Debug\main.o (Button_Refresh_Timer_Start)
[...]
Memory Configuration

Name             Origin             Length             Attributes
rom              0x00000000         0x00040000         xr
ram              0x1fff8000         0x00010000         xrw
*default*        0x00000000         0xffffffff

Linker script and memory map

LOAD c:/program files (x86)/cypress/psoc creator/4.4/psoc creator/import/gnu/arm/5.4.1/bin/../lib/gcc/arm-none-eabi/5.4.1/armv7-m/crti.o
LOAD c:/program files (x86)/cypress/psoc creator/4.4/psoc creator/import/gnu/arm/5.4.1/bin/../lib/gcc/arm-none-eabi/5.4.1/armv7-m/crtbegin.o
LOAD c:/program files (x86)/cypress/psoc creator/4.4/psoc creator/import/gnu/arm/5.4.1/bin/../lib/gcc/arm-none-eabi/5.4.1/../../../../arm-none-eabi/lib/armv7-m/crt0.o
START GROUP
LOAD .\CortexM3\ARM_GCC_541\Debug\main.o
LOAD .\CortexM3\ARM_GCC_541\Debug\ssd1306.o
LOAD .\CortexM3\ARM_GCC_541\Debug\RotatorHorizon.o
LOAD .\CortexM3\ARM_GCC_541\Debug\cli.o
LOAD .\CortexM3\ARM_GCC_541\Debug\eeprom.o
LOAD .\CortexM3\ARM_GCC_541\Debug\cyfitter_cfg.o
LOAD .\CortexM3\ARM_GCC_541\Debug\cymetadata.o
LOAD .\CortexM3\ARM_GCC_541\Debug\Cm3Start.o
LOAD .\CortexM3\ARM_GCC_541\Debug\AntennaRotator.a
LOAD C:\Program Files (x86)\Cypress\PSoC Creator\4.4\PSoC Creator\psoc\content\cycomponentlibrary\CyComponentLibrary.cylib\CortexM3\ARM_GCC_541\Debug\CyComponentLibrary.a
END GROUP
START GROUP
LOAD c:/program files (x86)/cypress/psoc creator/4.4/psoc creator/import/gnu/arm/5.4.1/bin/../lib/gcc/arm-none-eabi/5.4.1/armv7-m\libgcc.a
LOAD c:/program files (x86)/cypress/psoc creator/4.4/psoc creator/import/gnu/arm/5.4.1/bin/../lib/gcc/arm-none-eabi/5.4.1/../../../../arm-none-eabi/lib/armv7-m\libg_nano.a
LOAD c:/program files (x86)/cypress/psoc creator/4.4/psoc creator/import/gnu/arm/5.4.1/bin/../lib/gcc/arm-none-eabi/5.4.1/../../../../arm-none-eabi/lib/armv7-m\libc_nano.a
END GROUP
START GROUP
LOAD c:/program files (x86)/cypress/psoc creator/4.4/psoc creator/import/gnu/arm/5.4.1/bin/../lib/gcc/arm-none-eabi/5.4.1/armv7-m\libgcc.a
LOAD c:/program files (x86)/cypress/psoc creator/4.4/psoc creator/import/gnu/arm/5.4.1/bin/../lib/gcc/arm-none-eabi/5.4.1/../../../../arm-none-eabi/lib/armv7-m\libc_nano.a
END GROUP
LOAD c:/program files (x86)/cypress/psoc creator/4.4/psoc creator/import/gnu/arm/5.4.1/bin/../lib/gcc/arm-none-eabi/5.4.1/armv7-m/crtend.o
LOAD c:/program files (x86)/cypress/psoc creator/4.4/psoc creator/import/gnu/arm/5.4.1/bin/../lib/gcc/arm-none-eabi/5.4.1/armv7-m/crtn.o
START GROUP
LOAD c:/program files (x86)/cypress/psoc creator/4.4/psoc creator/import/gnu/arm/5.4.1/bin/../lib/gcc/arm-none-eabi/5.4.1/armv7-m\libgcc.a
LOAD c:/program files (x86)/cypress/psoc creator/4.4/psoc creator/import/gnu/arm/5.4.1/bin/../lib/gcc/arm-none-eabi/5.4.1/../../../../arm-none-eabi/lib/armv7-m\libc.a
LOAD c:/program files (x86)/cypress/psoc creator/4.4/psoc creator/import/gnu/arm/5.4.1/bin/../lib/gcc/arm-none-eabi/5.4.1/../../../../arm-none-eabi/lib/armv7-m\libnosys.a
END GROUP
                0x00000000                CY_APPL_ORIGIN = 0x0
                0x00000100                CY_FLASH_ROW_SIZE = 0x100
                0x00000020                CY_ECC_ROW_SIZE = 0x20
                0x00000000                CY_EE_IN_BTLDR = 0x0
                0x00000000                CY_APPL_LOADABLE = 0x0
                0x00000800                CY_EE_SIZE = 0x800
                0x00000001                CY_APPL_NUM = 0x1
                0x00000001                CY_APPL_MAX = 0x1
                0x00000040                CY_METADATA_SIZE = 0x40
                0x00000000                CY_APPL_LOADABLE = 0x0
                0x00000000                CY_CHECKSUM_EXCLUDE_SIZE = ALIGN (0x0, CY_FLASH_ROW_SIZE)
                [!provide]                PROVIDE (__cy_heap_start, _end)
                0x00000001                PROVIDE (__cy_region_num, ((__cy_regions_end - __cy_regions) / 0x10))
                0x20008000                PROVIDE (__cy_stack, (ORIGIN (ram) + LENGTH (ram)))
                [!provide]                PROVIDE (__cy_heap_end, (__cy_stack - 0x800))

.cybootloader   0x00000000        0x0
 *(.cybootloader)
                0x00000000                appl1_start = CY_APPL_ORIGIN?CY_APPL_ORIGIN:ALIGN (CY_FLASH_ROW_SIZE)
                0x0001ff00                appl2_start = (appl1_start + ALIGN ((((LENGTH (rom) - appl1_start) - (0x2 * CY_FLASH_ROW_SIZE)) / 0x2), CY_FLASH_ROW_SIZE))
                0x00000000                appl_start = (CY_APPL_NUM == 0x1)?appl1_start:appl2_start
                0x00000000                ecc_offset = ((appl_start / CY_FLASH_ROW_SIZE) * CY_ECC_ROW_SIZE)
                0x00000000                ee_offset = (CY_APPL_LOADABLE && ! (CY_EE_IN_BTLDR))?((CY_EE_SIZE / CY_APPL_MAX) * (CY_APPL_NUM - 0x1)):0x0
                0x00000800                ee_size = (CY_APPL_LOADABLE && ! (CY_EE_IN_BTLDR))?(CY_EE_SIZE / CY_APPL_MAX):CY_EE_SIZE
                [!provide]                PROVIDE (CY_ECC_OFFSET, ecc_offset)

.text           0x00000000     0x62a8
 CREATE_OBJECT_SYMBOLS
                0x00000000                PROVIDE (__cy_interrupt_vector, RomVectors)
 *(.romvectors)
 .romvectors    0x00000000       0x10 .\CortexM3\ARM_GCC_541\Debug\Cm3Start.o
                0x00000000                RomVectors
                0x00000001                ASSERT ((. != __cy_interrupt_vector), No interrupt vector)
                0x00000001                ASSERT (CY_APPL_ORIGIN?(SIZEOF (.cybootloader) <= CY_APPL_ORIGIN):0x1, Wrong image location)
                0x00000010                PROVIDE (__cy_reset, Reset)
 *(.text.Reset)
 .text.Reset    0x00000010       0x18 .\CortexM3\ARM_GCC_541\Debug\Cm3Start.o
                0x00000010                Reset
                0x00000001                ASSERT ((. != __cy_reset), No reset code)
 *(.dma_init)
                0x00000001                ASSERT ((((appl_start + .) <= 0x10000) || 0x1), DMA Init must be within the first 64k of flash)
 *(.text .text.* .gnu.linkonce.t.*)
 .text          0x00000028       0x5c c:/program files (x86)/cypress/psoc creator/4.4/psoc creator/import/gnu/arm/5.4.1/bin/../lib/gcc/arm-none-eabi/5.4.1/armv7-m/crtbegin.o
 .text.DISPLAY_REFRESH_Handler
                0x00000084        0xc .\CortexM3\ARM_GCC_541\Debug\main.o
                0x00000084                DISPLAY_REFRESH_Handler
 .text.BUTTON_REFRESH_Handler
                0x00000090        0xc .\CortexM3\ARM_GCC_541\Debug\main.o
                0x00000090                BUTTON_REFRESH_Handler
 .text.MOTOR_CONTROLL_RISEING_EDGE_Handler
                0x0000009c       0x58 .\CortexM3\ARM_GCC_541\Debug\main.o
                0x0000009c                MOTOR_CONTROLL_RISEING_EDGE_Handler
 .text.MOTOR_CONTROLL_FALLING_EDGE_Handler
                0x000000f4       0x1c .\CortexM3\ARM_GCC_541\Debug\main.o
                0x000000f4                MOTOR_CONTROLL_FALLING_EDGE_Handler
 .text.refreshRotation
                0x00000110       0x70 .\CortexM3\ARM_GCC_541\Debug\main.o
                0x00000110                refreshRotation
 .text.main     0x00000180      0x178 .\CortexM3\ARM_GCC_541\Debug\main.o
                0x00000180                main
 .text.display_setPixel
                0x000002f8       0x88 .\CortexM3\ARM_GCC_541\Debug\ssd1306.o
 .text.display_line
                0x00000380      0x134 .\CortexM3\ARM_GCC_541\Debug\ssd1306.o
 .text.gfx_rotation_adjust
                0x000004b4       0x68 .\CortexM3\ARM_GCC_541\Debug\ssd1306.o
 .text.gfx_hvLine
                0x0000051c      0x114 .\CortexM3\ARM_GCC_541\Debug\ssd1306.o
 .text.display_write_buf
                0x00000630       0x30 .\CortexM3\ARM_GCC_541\Debug\ssd1306.o
 .text.display_clear
                0x00000660       0x1c .\CortexM3\ARM_GCC_541\Debug\ssd1306.o
                0x00000660                display_clear
 .text.display_update
                0x0000067c       0x38 .\CortexM3\ARM_GCC_541\Debug\ssd1306.o
                0x0000067c                display_update
 .text.gfx_init
                0x000006b4       0x40 .\CortexM3\ARM_GCC_541\Debug\ssd1306.o
                0x000006b4                gfx_init
 .text.display_init
                0x000006f4       0x40 .\CortexM3\ARM_GCC_541\Debug\ssd1306.o
                0x000006f4                display_init
 .text.gfx_setCursor
                0x00000734        0xc .\CortexM3\ARM_GCC_541\Debug\ssd1306.o
                0x00000734                gfx_setCursor
 .text.gfx_setTextSize
                0x00000740       0x10 .\CortexM3\ARM_GCC_541\Debug\ssd1306.o
                0x00000740                gfx_setTextSize
 .text.gfx_setTextColor
                0x00000750        0xc .\CortexM3\ARM_GCC_541\Debug\ssd1306.o
                0x00000750                gfx_setTextColor
 .text.gfx_drawPixel
                0x0000075c       0x4c .\CortexM3\ARM_GCC_541\Debug\ssd1306.o
                0x0000075c                gfx_drawPixel
 .text.gfx_drawLine
                0x000007a8       0xd8 .\CortexM3\ARM_GCC_541\Debug\ssd1306.o
                0x000007a8                gfx_drawLine
 .text.gfx_fillRect
                0x00000880       0x68 .\CortexM3\ARM_GCC_541\Debug\ssd1306.o
                0x00000880                gfx_fillRect
 .text.gfx_drawChar
                0x000008e8       0xf0 .\CortexM3\ARM_GCC_541\Debug\ssd1306.o
                0x000008e8                gfx_drawChar
 .text.gfx_write
                0x000009d8       0x78 .\CortexM3\ARM_GCC_541\Debug\ssd1306.o
                0x000009d8                gfx_write
 .text.gfx_print
                0x00000a50       0x1c .\CortexM3\ARM_GCC_541\Debug\ssd1306.o
                0x00000a50                gfx_print
 .text.gfx_println
                0x00000a6c       0x10 .\CortexM3\ARM_GCC_541\Debug\ssd1306.o
                0x00000a6c                gfx_println
 .text.Horizon_Init
                0x00000a7c       0x14 .\CortexM3\ARM_GCC_541\Debug\RotatorHorizon.o
                0x00000a7c                Horizon_Init
 .text.Horizon_Render
                0x00000a90       0xd8 .\CortexM3\ARM_GCC_541\Debug\RotatorHorizon.o
                0x00000a90                Horizon_Render
 .text.ResetInput
                0x00000b68       0x48 .\CortexM3\ARM_GCC_541\Debug\cli.o
                0x00000b68                ResetInput
 .text.CLI_Init
                0x00000bb0       0x30 .\CortexM3\ARM_GCC_541\Debug\cli.o
                0x00000bb0                CLI_Init
 .text.AddArgumentDigit
                0x00000be0       0x2c .\CortexM3\ARM_GCC_541\Debug\cli.o
                0x00000be0                AddArgumentDigit
 .text.AddCommandChar
                0x00000c0c       0x14 .\CortexM3\ARM_GCC_541\Debug\cli.o
                0x00000c0c                AddCommandChar
 .text.ParseArgument
                0x00000c20       0x24 .\CortexM3\ARM_GCC_541\Debug\cli.o
                0x00000c20                ParseArgument
 .text.ProcessCommand
                0x00000c44      0x4dc .\CortexM3\ARM_GCC_541\Debug\cli.o
                0x00000c44                ProcessCommand
 .text.CLI_Update
                0x00001120       0xd0 .\CortexM3\ARM_GCC_541\Debug\cli.o
                0x00001120                CLI_Update
 .text.saveWord
                0x000011f0       0x18 .\CortexM3\ARM_GCC_541\Debug\eeprom.o
                0x000011f0                saveWord
 .text.loadWord
                0x00001208       0x18 .\CortexM3\ARM_GCC_541\Debug\eeprom.o
                0x00001208                loadWord
 .text.setBit   0x00001220       0x4c .\CortexM3\ARM_GCC_541\Debug\eeprom.o
                0x00001220                setBit
 .text.testBit  0x0000126c       0x18 .\CortexM3\ARM_GCC_541\Debug\eeprom.o
                0x0000126c                testBit
 .text.CyClockStartupError
                0x00001284        0x4 .\CortexM3\ARM_GCC_541\Debug\cyfitter_cfg.o
 .text.cfg_write_bytes32
                0x00001288       0x34 .\CortexM3\ARM_GCC_541\Debug\cyfitter_cfg.o
 .text.AnalogSetDefault
                0x000012bc       0x28 .\CortexM3\ARM_GCC_541\Debug\cyfitter_cfg.o
 .text.CYMEMZERO
                0x000012e4        0xc .\CortexM3\ARM_GCC_541\Debug\cyfitter_cfg.o
 .text.ClockSetup
                0x000012f0       0xe8 .\CortexM3\ARM_GCC_541\Debug\cyfitter_cfg.o
 .text.CYCONFIGCPY
                0x000013d8        0x8 .\CortexM3\ARM_GCC_541\Debug\cyfitter_cfg.o
 .text.cyfitter_cfg
                0x000013e0      0x120 .\CortexM3\ARM_GCC_541\Debug\cyfitter_cfg.o
                0x000013e0                cyfitter_cfg
 .text.IntDefaultHandler
                0x00001500       0x10 .\CortexM3\ARM_GCC_541\Debug\Cm3Start.o
                0x00001500                IntDefaultHandler
 .text._sbrk    0x00001510       0x30 .\CortexM3\ARM_GCC_541\Debug\Cm3Start.o
                0x00001510                _sbrk
 .text.Start_c  0x00001540       0x4c .\CortexM3\ARM_GCC_541\Debug\Cm3Start.o
                0x00001540                Start_c
 .text.initialize_psoc
                0x0000158c       0x68 .\CortexM3\ARM_GCC_541\Debug\Cm3Start.o
                0x0000158c                initialize_psoc
 .text.LED_Pin_Write
                0x000015f4       0x18 .\CortexM3\ARM_GCC_541\Debug\AntennaRotator.a(LED_Pin.o)
                0x000015f4                LED_Pin_Write
 .text.CyHalt   0x0000160c        0x4 .\CortexM3\ARM_GCC_541\Debug\AntennaRotator.a(CyLib.o)
                0x0000160c                CyHalt
 .text.CyDelayUs
                0x00001610       0x14 .\CortexM3\ARM_GCC_541\Debug\AntennaRotator.a(CyLib.o)
                0x00001610                CyDelayUs
 .text.CyIntSetVector
                0x00001624       0x28 .\CortexM3\ARM_GCC_541\Debug\AntennaRotator.a(CyLib.o)
                0x00001624                CyIntSetVector
 .text.CyIntSetPriority
                0x0000164c       0x30 .\CortexM3\ARM_GCC_541\Debug\AntennaRotator.a(CyLib.o)
                0x0000164c                CyIntSetPriority
 .text.SW_UP_Pin_Read
                0x0000167c        0xc .\CortexM3\ARM_GCC_541\Debug\AntennaRotator.a(SW_UP_Pin.o)
                0x0000167c                SW_UP_Pin_Read
 .text.SW_DOWN_Pin_Read
                0x00001688       0x10 .\CortexM3\ARM_GCC_541\Debug\AntennaRotator.a(SW_DOWN_Pin.o)
                0x00001688                SW_DOWN_Pin_Read
 .text.SW_LEFT_Pin_Read
                0x00001698       0x10 .\CortexM3\ARM_GCC_541\Debug\AntennaRotator.a(SW_LEFT_Pin.o)
                0x00001698                SW_LEFT_Pin_Read
 .text.SW_RIGHT_Pin_Read
                0x000016a8       0x10 .\CortexM3\ARM_GCC_541\Debug\AntennaRotator.a(SW_RIGHT_Pin.o)
                0x000016a8                SW_RIGHT_Pin_Read
 .text.UART_Init
                0x000016b8       0x5c .\CortexM3\ARM_GCC_541\Debug\AntennaRotator.a(UART.o)
                0x000016b8                UART_Init
 .text.UART_Enable
                0x00001714       0x50 .\CortexM3\ARM_GCC_541\Debug\AntennaRotator.a(UART.o)
                0x00001714                UART_Enable
 .text.UART_Start
                0x00001764       0x1c .\CortexM3\ARM_GCC_541\Debug\AntennaRotator.a(UART.o)
                0x00001764                UART_Start
 .text.UART_GetChar
                0x00001780       0x80 .\CortexM3\ARM_GCC_541\Debug\AntennaRotator.a(UART.o)
                0x00001780                UART_GetChar
 .text.UART_PutChar
                0x00001800       0x70 .\CortexM3\ARM_GCC_541\Debug\AntennaRotator.a(UART.o)
                0x00001800                UART_PutChar
 .text.UART_PutString
                0x00001870       0x24 .\CortexM3\ARM_GCC_541\Debug\AntennaRotator.a(UART.o)
                0x00001870                UART_PutString
 .text.UART_RXISR
                0x00001894       0x98 .\CortexM3\ARM_GCC_541\Debug\AntennaRotator.a(UART_INT.o)
                0x00001894                UART_RXISR
 .text.UART_TXISR
                0x0000192c       0x58 .\CortexM3\ARM_GCC_541\Debug\AntennaRotator.a(UART_INT.o)
                0x0000192c                UART_TXISR
 .text.UART_IntClock_Start
                0x00001984       0x1c .\CortexM3\ARM_GCC_541\Debug\AntennaRotator.a(UART_IntClock.o)
                0x00001984                UART_IntClock_Start
 .text.I2C_OLED_Init
                0x000019a0       0x68 .\CortexM3\ARM_GCC_541\Debug\AntennaRotator.a(I2C_OLED.o)
                0x000019a0                I2C_OLED_Init
 .text.I2C_OLED_Enable
                0x00001a08       0x24 .\CortexM3\ARM_GCC_541\Debug\AntennaRotator.a(I2C_OLED.o)
                0x00001a08                I2C_OLED_Enable
 .text.I2C_OLED_Start
                0x00001a2c       0x28 .\CortexM3\ARM_GCC_541\Debug\AntennaRotator.a(I2C_OLED.o)
                0x00001a2c                I2C_OLED_Start
 .text.I2C_OLED_ISR
                0x00001a54      0x2d0 .\CortexM3\ARM_GCC_541\Debug\AntennaRotator.a(I2C_OLED_INT.o)
                0x00001a54                I2C_OLED_ISR
 .text.I2C_OLED_MasterSendStart
                0x00001d24       0x80 .\CortexM3\ARM_GCC_541\Debug\AntennaRotator.a(I2C_OLED_MASTER.o)
                0x00001d24                I2C_OLED_MasterSendStart
 .text.I2C_OLED_MasterSendStop
                0x00001da4       0x38 .\CortexM3\ARM_GCC_541\Debug\AntennaRotator.a(I2C_OLED_MASTER.o)
                0x00001da4                I2C_OLED_MasterSendStop
 .text.I2C_OLED_MasterWriteByte
                0x00001ddc       0x58 .\CortexM3\ARM_GCC_541\Debug\AntennaRotator.a(I2C_OLED_MASTER.o)
                0x00001ddc                I2C_OLED_MasterWriteByte
 .text.X_Dir_Pin_Write
                0x00001e34       0x18 .\CortexM3\ARM_GCC_541\Debug\AntennaRotator.a(X_Dir_Pin.o)
                0x00001e34                X_Dir_Pin_Write
 .text.X_Step_Pin_Write
                0x00001e4c       0x18 .\CortexM3\ARM_GCC_541\Debug\AntennaRotator.a(X_Step_Pin.o)
                0x00001e4c                X_Step_Pin_Write
 .text.PWM_1_Enable
                0x00001e64       0x10 .\CortexM3\ARM_GCC_541\Debug\AntennaRotator.a(PWM_1.o)
                0x00001e64                PWM_1_Enable
 .text.PWM_1_WriteCounter
                0x00001e74        0xc .\CortexM3\ARM_GCC_541\Debug\AntennaRotator.a(PWM_1.o)
                0x00001e74                PWM_1_WriteCounter
 .text.PWM_1_WritePeriod
                0x00001e80        0xc .\CortexM3\ARM_GCC_541\Debug\AntennaRotator.a(PWM_1.o)
                0x00001e80                PWM_1_WritePeriod
 .text.PWM_1_WriteCompare
                0x00001e8c        0xc .\CortexM3\ARM_GCC_541\Debug\AntennaRotator.a(PWM_1.o)
                0x00001e8c                PWM_1_WriteCompare
 .text.PWM_1_SetInterruptMode
                0x00001e98        0xc .\CortexM3\ARM_GCC_541\Debug\AntennaRotator.a(PWM_1.o)
                0x00001e98                PWM_1_SetInterruptMode
 .text.PWM_1_ReadStatusRegister
                0x00001ea4        0xc .\CortexM3\ARM_GCC_541\Debug\AntennaRotator.a(PWM_1.o)
                0x00001ea4                PWM_1_ReadStatusRegister
 .text.PWM_1_ReadCapture
                0x00001eb0        0xc .\CortexM3\ARM_GCC_541\Debug\AntennaRotator.a(PWM_1.o)
                0x00001eb0                PWM_1_ReadCapture
 .text.PWM_1_ClearFIFO
                0x00001ebc       0x14 .\CortexM3\ARM_GCC_541\Debug\AntennaRotator.a(PWM_1.o)
                0x00001ebc                PWM_1_ClearFIFO
 .text.PWM_1_Init
                0x00001ed0       0x54 .\CortexM3\ARM_GCC_541\Debug\AntennaRotator.a(PWM_1.o)
                0x00001ed0                PWM_1_Init
 .text.PWM_1_Start
                0x00001f24       0x1c .\CortexM3\ARM_GCC_541\Debug\AntennaRotator.a(PWM_1.o)
                0x00001f24                PWM_1_Start
 .text.Motor_Enable_Write
                0x00001f40        0xc .\CortexM3\ARM_GCC_541\Debug\AntennaRotator.a(Motor_Enable.o)
                0x00001f40                Motor_Enable_Write
 .text.Display_Refresh_Timer_Enable
                0x00001f4c       0x28 .\CortexM3\ARM_GCC_541\Debug\AntennaRotator.a(Display_Refresh_Timer.o)
                0x00001f4c                Display_Refresh_Timer_Enable
 .text.Display_Refresh_Timer_SetInterruptMode
                0x00001f74        0xc .\CortexM3\ARM_GCC_541\Debug\AntennaRotator.a(Display_Refresh_Timer.o)
                0x00001f74                Display_Refresh_Timer_SetInterruptMode
 .text.Display_Refresh_Timer_WritePeriod
                0x00001f80        0xc .\CortexM3\ARM_GCC_541\Debug\AntennaRotator.a(Display_Refresh_Timer.o)
                0x00001f80                Display_Refresh_Timer_WritePeriod
 .text.Display_Refresh_Timer_WriteCounter
                0x00001f8c        0xc .\CortexM3\ARM_GCC_541\Debug\AntennaRotator.a(Display_Refresh_Timer.o)
                0x00001f8c                Display_Refresh_Timer_WriteCounter
 .text.Display_Refresh_Timer_Init
                0x00001f98       0x64 .\CortexM3\ARM_GCC_541\Debug\AntennaRotator.a(Display_Refresh_Timer.o)
                0x00001f98                Display_Refresh_Timer_Init
 .text.Display_Refresh_Timer_Start
                0x00001ffc       0x1c .\CortexM3\ARM_GCC_541\Debug\AntennaRotator.a(Display_Refresh_Timer.o)
                0x00001ffc                Display_Refresh_Timer_Start
 .text.Display_Refresh_Timer_Int_SetVector
                0x00002018        0xc .\CortexM3\ARM_GCC_541\Debug\AntennaRotator.a(Display_Refresh_Timer_Int.o)
                0x00002018                Display_Refresh_Timer_Int_SetVector
 .text.Display_Refresh_Timer_Int_SetPriority
                0x00002024       0x10 .\CortexM3\ARM_GCC_541\Debug\AntennaRotator.a(Display_Refresh_Timer_Int.o)
                0x00002024                Display_Refresh_Timer_Int_SetPriority
 .text.Display_Refresh_Timer_Int_Enable
                0x00002034        0xc .\CortexM3\ARM_GCC_541\Debug\AntennaRotator.a(Display_Refresh_Timer_Int.o)
                0x00002034                Display_Refresh_Timer_Int_Enable
 .text.Display_Refresh_Timer_Int_Disable
                0x00002040        0xc .\CortexM3\ARM_GCC_541\Debug\AntennaRotator.a(Display_Refresh_Timer_Int.o)
                0x00002040                Display_Refresh_Timer_Int_Disable
 .text.Display_Refresh_Timer_Int_StartEx
                0x0000204c       0x1c .\CortexM3\ARM_GCC_541\Debug\AntennaRotator.a(Display_Refresh_Timer_Int.o)
                0x0000204c                Display_Refresh_Timer_Int_StartEx
 .text.MotorControlFallingEdge_SetVector
                0x00002068        0xc .\CortexM3\ARM_GCC_541\Debug\AntennaRotator.a(MotorControlFallingEdge.o)
                0x00002068                MotorControlFallingEdge_SetVector
 .text.MotorControlFallingEdge_SetPriority
                0x00002074       0x10 .\CortexM3\ARM_GCC_541\Debug\AntennaRotator.a(MotorControlFallingEdge.o)
                0x00002074                MotorControlFallingEdge_SetPriority
 .text.MotorControlFallingEdge_Enable
                0x00002084        0xc .\CortexM3\ARM_GCC_541\Debug\AntennaRotator.a(MotorControlFallingEdge.o)
                0x00002084                MotorControlFallingEdge_Enable
 .text.MotorControlFallingEdge_Disable
                0x00002090        0xc .\CortexM3\ARM_GCC_541\Debug\AntennaRotator.a(MotorControlFallingEdge.o)
                0x00002090                MotorControlFallingEdge_Disable
 .text.MotorControlFallingEdge_StartEx
                0x0000209c       0x1c .\CortexM3\ARM_GCC_541\Debug\AntennaRotator.a(MotorControlFallingEdge.o)
                0x0000209c                MotorControlFallingEdge_StartEx
 .text.MotorControlRiseingEdge_SetVector
                0x000020b8        0xc .\CortexM3\ARM_GCC_541\Debug\AntennaRotator.a(MotorControlRiseingEdge.o)
                0x000020b8                MotorControlRiseingEdge_SetVector
 .text.MotorControlRiseingEdge_SetPriority
                0x000020c4       0x10 .\CortexM3\ARM_GCC_541\Debug\AntennaRotator.a(MotorControlRiseingEdge.o)
                0x000020c4                MotorControlRiseingEdge_SetPriority
 .text.MotorControlRiseingEdge_Enable
                0x000020d4        0xc .\CortexM3\ARM_GCC_541\Debug\AntennaRotator.a(MotorControlRiseingEdge.o)
                0x000020d4                MotorControlRiseingEdge_Enable
 .text.MotorControlRiseingEdge_Disable
                0x000020e0        0xc .\CortexM3\ARM_GCC_541\Debug\AntennaRotator.a(MotorControlRiseingEdge.o)
                0x000020e0                MotorControlRiseingEdge_Disable
 .text.MotorControlRiseingEdge_StartEx
                0x000020ec       0x1c .\CortexM3\ARM_GCC_541\Debug\AntennaRotator.a(MotorControlRiseingEdge.o)
                0x000020ec                MotorControlRiseingEdge_StartEx
 .text.I2C_X_Init
                0x00002108       0x78 .\CortexM3\ARM_GCC_541\Debug\AntennaRotator.a(I2C_X.o)
                0x00002108                I2C_X_Init
 .text.I2C_X_Enable
                0x00002180       0x10 .\CortexM3\ARM_GCC_541\Debug\AntennaRotator.a(I2C_X.o)
                0x00002180                I2C_X_Enable
 .text.I2C_X_Start
                0x00002190       0x28 .\CortexM3\ARM_GCC_541\Debug\AntennaRotator.a(I2C_X.o)
                0x00002190                I2C_X_Start
 .text.I2C_X_ISR
                0x000021b8      0x328 .\CortexM3\ARM_GCC_541\Debug\AntennaRotator.a(I2C_X_INT.o)
                0x000021b8                I2C_X_ISR
 .text.I2C_X_MasterSendStart
                0x000024e0       0x94 .\CortexM3\ARM_GCC_541\Debug\AntennaRotator.a(I2C_X_MASTER.o)
                0x000024e0                I2C_X_MasterSendStart
 .text.I2C_X_MasterSendRestart
                0x00002574       0x7c .\CortexM3\ARM_GCC_541\Debug\AntennaRotator.a(I2C_X_MASTER.o)
                0x00002574                I2C_X_MasterSendRestart
 .text.I2C_X_MasterSendStop
                0x000025f0       0x50 .\CortexM3\ARM_GCC_541\Debug\AntennaRotator.a(I2C_X_MASTER.o)
                0x000025f0                I2C_X_MasterSendStop
 .text.I2C_X_MasterWriteByte
                0x00002640       0x6c .\CortexM3\ARM_GCC_541\Debug\AntennaRotator.a(I2C_X_MASTER.o)
                0x00002640                I2C_X_MasterWriteByte
 .text.I2C_X_MasterReadByte
                0x000026ac       0x88 .\CortexM3\ARM_GCC_541\Debug\AntennaRotator.a(I2C_X_MASTER.o)
                0x000026ac                I2C_X_MasterReadByte
 .text.I2C_X_MasterClearStatus
                0x00002734       0x20 .\CortexM3\ARM_GCC_541\Debug\AntennaRotator.a(I2C_X_MASTER.o)
                0x00002734                I2C_X_MasterClearStatus
 .text.EEPROM_1_Enable
                0x00002754        0xc .\CortexM3\ARM_GCC_541\Debug\AntennaRotator.a(EEPROM_1.o)
                0x00002754                EEPROM_1_Enable
 .text.EEPROM_1_Start
                0x00002760        0x8 .\CortexM3\ARM_GCC_541\Debug\AntennaRotator.a(EEPROM_1.o)
                0x00002760                EEPROM_1_Start
 .text.EEPROM_1_WriteByte
                0x00002768       0xd0 .\CortexM3\ARM_GCC_541\Debug\AntennaRotator.a(EEPROM_1.o)
                0x00002768                EEPROM_1_WriteByte
 .text.EEPROM_1_ReadByte
                0x00002838       0x28 .\CortexM3\ARM_GCC_541\Debug\AntennaRotator.a(EEPROM_1.o)
                0x00002838                EEPROM_1_ReadByte
 .text.Y_Step_Pin_Write
                0x00002860       0x18 .\CortexM3\ARM_GCC_541\Debug\AntennaRotator.a(Y_Step_Pin.o)
                0x00002860                Y_Step_Pin_Write
 .text.I2C_Y_Init
                0x00002878       0x7c .\CortexM3\ARM_GCC_541\Debug\AntennaRotator.a(I2C_Y.o)
                0x00002878                I2C_Y_Init
 .text.I2C_Y_Enable
                0x000028f4       0x10 .\CortexM3\ARM_GCC_541\Debug\AntennaRotator.a(I2C_Y.o)
                0x000028f4                I2C_Y_Enable
 .text.I2C_Y_Start
                0x00002904       0x28 .\CortexM3\ARM_GCC_541\Debug\AntennaRotator.a(I2C_Y.o)
                0x00002904                I2C_Y_Start
 .text.I2C_Y_ISR
                0x0000292c      0x338 .\CortexM3\ARM_GCC_541\Debug\AntennaRotator.a(I2C_Y_INT.o)
                0x0000292c                I2C_Y_ISR
 .text.I2C_Y_MasterSendStart
                0x00002c64       0x98 .\CortexM3\ARM_GCC_541\Debug\AntennaRotator.a(I2C_Y_MASTER.o)
                0x00002c64                I2C_Y_MasterSendStart
 .text.I2C_Y_MasterSendRestart
                0x00002cfc       0x80 .\CortexM3\ARM_GCC_541\Debug\AntennaRotator.a(I2C_Y_MASTER.o)
                0x00002cfc                I2C_Y_MasterSendRestart
 .text.I2C_Y_MasterSendStop
                0x00002d7c       0x50 .\CortexM3\ARM_GCC_541\Debug\AntennaRotator.a(I2C_Y_MASTER.o)
                0x00002d7c                I2C_Y_MasterSendStop
 .text.I2C_Y_MasterWriteByte
                0x00002dcc       0x70 .\CortexM3\ARM_GCC_541\Debug\AntennaRotator.a(I2C_Y_MASTER.o)
                0x00002dcc                I2C_Y_MasterWriteByte
 .text.I2C_Y_MasterReadByte
                0x00002e3c       0x90 .\CortexM3\ARM_GCC_541\Debug\AntennaRotator.a(I2C_Y_MASTER.o)
                0x00002e3c                I2C_Y_MasterReadByte
 .text.I2C_Y_MasterClearStatus
                0x00002ecc       0x20 .\CortexM3\ARM_GCC_541\Debug\AntennaRotator.a(I2C_Y_MASTER.o)
                0x00002ecc                I2C_Y_MasterClearStatus
 .text.Y_Dir_Pin_Write
                0x00002eec       0x18 .\CortexM3\ARM_GCC_541\Debug\AntennaRotator.a(Y_Dir_Pin.o)
                0x00002eec                Y_Dir_Pin_Write
 .text.Button_Refresh_Timer_Enable
                0x00002f04       0x28 .\CortexM3\ARM_GCC_541\Debug\AntennaRotator.a(Button_Refresh_Timer.o)
                0x00002f04                Button_Refresh_Timer_Enable
 .text.Button_Refresh_Timer_SetInterruptMode
                0x00002f2c        0xc .\CortexM3\ARM_GCC_541\Debug\AntennaRotator.a(Button_Refresh_Timer.o)
                0x00002f2c                Button_Refresh_Timer_SetInterruptMode
 .text.Button_Refresh_Timer_WritePeriod
                0x00002f38        0xc .\CortexM3\ARM_GCC_541\Debug\AntennaRotator.a(Button_Refresh_Timer.o)
                0x00002f38                Button_Refresh_Timer_WritePeriod
 .text.Button_Refresh_Timer_WriteCounter
                0x00002f44        0xc .\CortexM3\ARM_GCC_541\Debug\AntennaRotator.a(Button_Refresh_Timer.o)
                0x00002f44                Button_Refresh_Timer_WriteCounter
 .text.Button_Refresh_Timer_Init
                0x00002f50       0x64 .\CortexM3\ARM_GCC_541\Debug\AntennaRotator.a(Button_Refresh_Timer.o)
                0x00002f50                Button_Refresh_Timer_Init
 .text.Button_Refresh_Timer_Start
                0x00002fb4       0x1c .\CortexM3\ARM_GCC_541\Debug\AntennaRotator.a(Button_Refresh_Timer.o)
                0x00002fb4                Button_Refresh_Timer_Start
 .text.Button_Refresh_Timer_Int_SetVector
                0x00002fd0        0xc .\CortexM3\ARM_GCC_541\Debug\AntennaRotator.a(Button_Refresh_Timer_Int.o)
                0x00002fd0                Button_Refresh_Timer_Int_SetVector
 .text.Button_Refresh_Timer_Int_SetPriority
                0x00002fdc       0x10 .\CortexM3\ARM_GCC_541\Debug\AntennaRotator.a(Button_Refresh_Timer_Int.o)
                0x00002fdc                Button_Refresh_Timer_Int_SetPriority
 .text.Button_Refresh_Timer_Int_Enable
                0x00002fec        0xc .\CortexM3\ARM_GCC_541\Debug\AntennaRotator.a(Button_Refresh_Timer_Int.o)
                0x00002fec                Button_Refresh_Timer_Int_Enable
 .text.Button_Refresh_Timer_Int_Disable
                0x00002ff8        0xc .\CortexM3\ARM_GCC_541\Debug\AntennaRotator.a(Button_Refresh_Timer_Int.o)
                0x00002ff8                Button_Refresh_Timer_Int_Disable
 .text.Button_Refresh_Timer_Int_StartEx
                0x00003004       0x1c .\CortexM3\ARM_GCC_541\Debug\AntennaRotator.a(Button_Refresh_Timer_Int.o)
                0x00003004                Button_Refresh_Timer_Int_StartEx
 .text          0x00003020       0x20 .\CortexM3\ARM_GCC_541\Debug\AntennaRotator.a(CyBootAsmGnu.o)
                0x00003020                CyDelayCycles
                0x00003030                CyEnterCriticalSection
                0x00003038                CyExitCriticalSection
 .text.CySetTempInt
                0x00003040       0x60 .\CortexM3\ARM_GCC_541\Debug\AntennaRotator.a(CyFlash.o)
 .text.CyFlashGetSpcAlgorithm
                0x000030a0       0x4c .\CortexM3\ARM_GCC_541\Debug\AntennaRotator.a(CyFlash.o)
                0x000030a0                CyFlashGetSpcAlgorithm
 .text.CySetTemp
                0x000030ec       0x14 .\CortexM3\ARM_GCC_541\Debug\AntennaRotator.a(CyFlash.o)
                0x000030ec                CySetTemp
 .text.CyEEPROM_Start
                0x00003100       0x54 .\CortexM3\ARM_GCC_541\Debug\AntennaRotator.a(CyFlash.o)
                0x00003100                CyEEPROM_Start
 .text.CyEEPROM_ReadReserve
                0x00003154       0x1c .\CortexM3\ARM_GCC_541\Debug\AntennaRotator.a(CyFlash.o)
                0x00003154                CyEEPROM_ReadReserve
 .text.CyEEPROM_ReadRelease
                0x00003170       0x10 .\CortexM3\ARM_GCC_541\Debug\AntennaRotator.a(CyFlash.o)
                0x00003170                CyEEPROM_ReadRelease
 .text.CySpcStart
                0x00003180       0x24 .\CortexM3\ARM_GCC_541\Debug\AntennaRotator.a(CySpc.o)
                0x00003180                CySpcStart
 .text.CySpcReadData
                0x000031a4       0x34 .\CortexM3\ARM_GCC_541\Debug\AntennaRotator.a(CySpc.o)
                0x000031a4                CySpcReadData
 .text.CySpcLoadMultiByte
                0x000031d8       0x78 .\CortexM3\ARM_GCC_541\Debug\AntennaRotator.a(CySpc.o)
                0x000031d8                CySpcLoadMultiByte
 .text.CySpcWriteRow
                0x00003250       0x4c .\CortexM3\ARM_GCC_541\Debug\AntennaRotator.a(CySpc.o)
                0x00003250                CySpcWriteRow
 .text.CySpcGetTemp
                0x0000329c       0x3c .\CortexM3\ARM_GCC_541\Debug\AntennaRotator.a(CySpc.o)
                0x0000329c                CySpcGetTemp
 .text.CySpcLock
                0x000032d8       0x4c .\CortexM3\ARM_GCC_541\Debug\AntennaRotator.a(CySpc.o)
                0x000032d8                CySpcLock
 .text.CySpcUnlock
                0x00003324       0x38 .\CortexM3\ARM_GCC_541\Debug\AntennaRotator.a(CySpc.o)
                0x00003324                CySpcUnlock
 .text.CySpcGetAlgorithm
                0x0000335c       0x28 .\CortexM3\ARM_GCC_541\Debug\AntennaRotator.a(CySpc.o)
                0x0000335c                CySpcGetAlgorithm
 .text          0x00003384      0x370 c:/program files (x86)/cypress/psoc creator/4.4/psoc creator/import/gnu/arm/5.4.1/bin/../lib/gcc/arm-none-eabi/5.4.1/armv7-m\libgcc.a(_arm_addsubdf3.o)
                0x00003384                __aeabi_drsub
                0x0000338c                __aeabi_dsub
                0x0000338c                __subdf3
                0x00003390                __aeabi_dadd
                0x00003390                __adddf3
                0x00003608                __floatunsidf
                0x00003608                __aeabi_ui2d
                0x00003628                __floatsidf
                0x00003628                __aeabi_i2d
                0x0000364c                __aeabi_f2d
                0x0000364c                __extendsfdf2
                0x00003688                __floatundidf
                0x00003688                __aeabi_ul2d
                0x00003698                __floatdidf
                0x00003698                __aeabi_l2d
 .text          0x000036f4      0x21c c:/program files (x86)/cypress/psoc creator/4.4/psoc creator/import/gnu/arm/5.4.1/bin/../lib/gcc/arm-none-eabi/5.4.1/armv7-m\libgcc.a(_arm_addsubsf3.o)
                0x000036f4                __aeabi_frsub
                0x000036fc                __subsf3
                0x000036fc                __aeabi_fsub
                0x00003700                __aeabi_fadd
                0x00003700                __addsf3
                0x00003860                __aeabi_ui2f
                0x00003860                __floatunsisf
                0x00003868                __aeabi_i2f
                0x00003868                __floatsisf
                0x00003884                __aeabi_ul2f
                0x00003884                __floatundisf
                0x00003894                __aeabi_l2f
                0x00003894                __floatdisf
 .text          0x00003910      0x2a0 c:/program files (x86)/cypress/psoc creator/4.4/psoc creator/import/gnu/arm/5.4.1/bin/../lib/gcc/arm-none-eabi/5.4.1/armv7-m\libgcc.a(_arm_muldivsf3.o)
                0x00003910                __mulsf3
                0x00003910                __aeabi_fmul
                0x00003a78                __aeabi_fdiv
                0x00003a78                __divsf3
 .text          0x00003bb0       0x4c c:/program files (x86)/cypress/psoc creator/4.4/psoc creator/import/gnu/arm/5.4.1/bin/../lib/gcc/arm-none-eabi/5.4.1/armv7-m\libgcc.a(_arm_fixsfsi.o)
                0x00003bb0                __aeabi_f2iz
                0x00003bb0                __fixsfsi
 .text          0x00003bfc       0x40 c:/program files (x86)/cypress/psoc creator/4.4/psoc creator/import/gnu/arm/5.4.1/bin/../lib/gcc/arm-none-eabi/5.4.1/armv7-m\libgcc.a(_arm_fixunssfsi.o)
                0x00003bfc                __fixunssfsi
                0x00003bfc                __aeabi_f2uiz
 .text.__errno  0x00003c3c        0xc c:/program files (x86)/cypress/psoc creator/4.4/psoc creator/import/gnu/arm/5.4.1/bin/../lib/gcc/arm-none-eabi/5.4.1/../../../../arm-none-eabi/lib/armv7-m\libg_nano.a(lib_a-errno.o)
                0x00003c3c                __errno
 .text.__libc_init_array
                0x00003c48       0x4c c:/program files (x86)/cypress/psoc creator/4.4/psoc creator/import/gnu/arm/5.4.1/bin/../lib/gcc/arm-none-eabi/5.4.1/../../../../arm-none-eabi/lib/armv7-m\libg_nano.a(lib_a-init.o)
                0x00003c48                __libc_init_array
 .text.memcpy   0x00003c94       0x16 c:/program files (x86)/cypress/psoc creator/4.4/psoc creator/import/gnu/arm/5.4.1/bin/../lib/gcc/arm-none-eabi/5.4.1/../../../../arm-none-eabi/lib/armv7-m\libg_nano.a(lib_a-memcpy-stub.o)
                0x00003c94                memcpy
 .text.memset   0x00003caa       0x10 c:/program files (x86)/cypress/psoc creator/4.4/psoc creator/import/gnu/arm/5.4.1/bin/../lib/gcc/arm-none-eabi/5.4.1/../../../../arm-none-eabi/lib/armv7-m\libg_nano.a(lib_a-memset.o)
                0x00003caa                memset
 .text.__cvt    0x00003cba       0xc0 c:/program files (x86)/cypress/psoc creator/4.4/psoc creator/import/gnu/arm/5.4.1/bin/../lib/gcc/arm-none-eabi/5.4.1/../../../../arm-none-eabi/lib/armv7-m\libg_nano.a(lib_a-nano-vfprintf_float.o)
                0x00003cba                __cvt
 .text.__exponent
                0x00003d7a       0x62 c:/program files (x86)/cypress/psoc creator/4.4/psoc creator/import/gnu/arm/5.4.1/bin/../lib/gcc/arm-none-eabi/5.4.1/../../../../arm-none-eabi/lib/armv7-m\libg_nano.a(lib_a-nano-vfprintf_float.o)
                0x00003d7a                __exponent
 .text._printf_float
                0x00003ddc      0x488 c:/program files (x86)/cypress/psoc creator/4.4/psoc creator/import/gnu/arm/5.4.1/bin/../lib/gcc/arm-none-eabi/5.4.1/../../../../arm-none-eabi/lib/armv7-m\libg_nano.a(lib_a-nano-vfprintf_float.o)
                0x00003ddc                _printf_float
 .text._printf_common
                0x00004264       0xec c:/program files (x86)/cypress/psoc creator/4.4/psoc creator/import/gnu/arm/5.4.1/bin/../lib/gcc/arm-none-eabi/5.4.1/../../../../arm-none-eabi/lib/armv7-m\libg_nano.a(lib_a-nano-vfprintf_i.o)
                0x00004264                _printf_common
 .text._printf_i
                0x00004350      0x24c c:/program files (x86)/cypress/psoc creator/4.4/psoc creator/import/gnu/arm/5.4.1/bin/../lib/gcc/arm-none-eabi/5.4.1/../../../../arm-none-eabi/lib/armv7-m\libg_nano.a(lib_a-nano-vfprintf_i.o)
                0x00004350                _printf_i
 .text.sprintf  0x0000459c       0x48 c:/program files (x86)/cypress/psoc creator/4.4/psoc creator/import/gnu/arm/5.4.1/bin/../lib/gcc/arm-none-eabi/5.4.1/../../../../arm-none-eabi/lib/armv7-m\libg_nano.a(lib_a-sprintf.o)
                0x0000459c                siprintf
                0x0000459c                sprintf
 .text          0x000045e4       0x14 c:/program files (x86)/cypress/psoc creator/4.4/psoc creator/import/gnu/arm/5.4.1/bin/../lib/gcc/arm-none-eabi/5.4.1/../../../../arm-none-eabi/lib/armv7-m\libg_nano.a(lib_a-strcmp.o)
                0x000045e4                strcmp
 .text          0x000045f8       0x10 c:/program files (x86)/cypress/psoc creator/4.4/psoc creator/import/gnu/arm/5.4.1/bin/../lib/gcc/arm-none-eabi/5.4.1/../../../../arm-none-eabi/lib/armv7-m\libg_nano.a(lib_a-strlen.o)
                0x000045f8                strlen
 .text.quorem   0x00004608      0x116 c:/program files (x86)/cypress/psoc creator/4.4/psoc creator/import/gnu/arm/5.4.1/bin/../lib/gcc/arm-none-eabi/5.4.1/../../../../arm-none-eabi/lib/armv7-m\libg_nano.a(lib_a-dtoa.o)
 *fill*         0x0000471e        0x2 
 .text._dtoa_r  0x00004720      0xb30 c:/program files (x86)/cypress/psoc creator/4.4/psoc creator/import/gnu/arm/5.4.1/bin/../lib/gcc/arm-none-eabi/5.4.1/../../../../arm-none-eabi/lib/armv7-m\libg_nano.a(lib_a-dtoa.o)
                0x00004720                _dtoa_r
 .text._localeconv_r
                0x00005250        0x8 c:/program files (x86)/cypress/psoc creator/4.4/psoc creator/import/gnu/arm/5.4.1/bin/../lib/gcc/arm-none-eabi/5.4.1/../../../../arm-none-eabi/lib/armv7-m\libg_nano.a(lib_a-locale.o)
                0x00005250                _localeconv_r
 .text.malloc   0x00005258       0x10 c:/program files (x86)/cypress/psoc creator/4.4/psoc creator/import/gnu/arm/5.4.1/bin/../lib/gcc/arm-none-eabi/5.4.1/../../../../arm-none-eabi/lib/armv7-m\libg_nano.a(lib_a-malloc.o)
                0x00005258                malloc
 .text.memchr   0x00005268       0x1c c:/program files (x86)/cypress/psoc creator/4.4/psoc creator/import/gnu/arm/5.4.1/bin/../lib/gcc/arm-none-eabi/5.4.1/../../../../arm-none-eabi/lib/armv7-m\libg_nano.a(lib_a-memchr-stub.o)
                0x00005268                memchr
 .text._Balloc  0x00005284       0x6a c:/program files (x86)/cypress/psoc creator/4.4/psoc creator/import/gnu/arm/5.4.1/bin/../lib/gcc/arm-none-eabi/5.4.1/../../../../arm-none-eabi/lib/armv7-m\libg_nano.a(lib_a-mprec.o)
                0x00005284                _Balloc
 .text._Bfree   0x000052ee       0x2e c:/program files (x86)/cypress/psoc creator/4.4/psoc creator/import/gnu/arm/5.4.1/bin/../lib/gcc/arm-none-eabi/5.4.1/../../../../arm-none-eabi/lib/armv7-m\libg_nano.a(lib_a-mprec.o)
                0x000052ee                _Bfree
 .text.__multadd
                0x0000531c       0x76 c:/program files (x86)/cypress/psoc creator/4.4/psoc creator/import/gnu/arm/5.4.1/bin/../lib/gcc/arm-none-eabi/5.4.1/../../../../arm-none-eabi/lib/armv7-m\libg_nano.a(lib_a-mprec.o)
                0x0000531c                __multadd
 .text.__hi0bits
                0x00005392       0x40 c:/program files (x86)/cypress/psoc creator/4.4/psoc creator/import/gnu/arm/5.4.1/bin/../lib/gcc/arm-none-eabi/5.4.1/../../../../arm-none-eabi/lib/armv7-m\libg_nano.a(lib_a-mprec.o)
                0x00005392                __hi0bits
 .text.__lo0bits
                0x000053d2       0x5a c:/program files (x86)/cypress/psoc creator/4.4/psoc creator/import/gnu/arm/5.4.1/bin/../lib/gcc/arm-none-eabi/5.4.1/../../../../arm-none-eabi/lib/armv7-m\libg_nano.a(lib_a-mprec.o)
                0x000053d2                __lo0bits
 .text.__i2b    0x0000542c       0x12 c:/program files (x86)/cypress/psoc creator/4.4/psoc creator/import/gnu/arm/5.4.1/bin/../lib/gcc/arm-none-eabi/5.4.1/../../../../arm-none-eabi/lib/armv7-m\libg_nano.a(lib_a-mprec.o)
                0x0000542c                __i2b
 .text.__multiply
                0x0000543e      0x120 c:/program files (x86)/cypress/psoc creator/4.4/psoc creator/import/gnu/arm/5.4.1/bin/../lib/gcc/arm-none-eabi/5.4.1/../../../../arm-none-eabi/lib/armv7-m\libg_nano.a(lib_a-mprec.o)
                0x0000543e                __multiply
 *fill*         0x0000555e        0x2 
 .text.__pow5mult
                0x00005560       0x9c c:/program files (x86)/cypress/psoc creator/4.4/psoc creator/import/gnu/arm/5.4.1/bin/../lib/gcc/arm-none-eabi/5.4.1/../../../../arm-none-eabi/lib/armv7-m\libg_nano.a(lib_a-mprec.o)
                0x00005560                __pow5mult
 .text.__lshift
                0x000055fc       0xa2 c:/program files (x86)/cypress/psoc creator/4.4/psoc creator/import/gnu/arm/5.4.1/bin/../lib/gcc/arm-none-eabi/5.4.1/../../../../arm-none-eabi/lib/armv7-m\libg_nano.a(lib_a-mprec.o)
                0x000055fc                __lshift
 .text.__mcmp   0x0000569e       0x38 c:/program files (x86)/cypress/psoc creator/4.4/psoc creator/import/gnu/arm/5.4.1/bin/../lib/gcc/arm-none-eabi/5.4.1/../../../../arm-none-eabi/lib/armv7-m\libg_nano.a(lib_a-mprec.o)
                0x0000569e                __mcmp
 .text.__mdiff  0x000056d6       0xbe c:/program files (x86)/cypress/psoc creator/4.4/psoc creator/import/gnu/arm/5.4.1/bin/../lib/gcc/arm-none-eabi/5.4.1/../../../../arm-none-eabi/lib/armv7-m\libg_nano.a(lib_a-mprec.o)
                0x000056d6                __mdiff
 .text.__d2b    0x00005794       0x9c c:/program files (x86)/cypress/psoc creator/4.4/psoc creator/import/gnu/arm/5.4.1/bin/../lib/gcc/arm-none-eabi/5.4.1/../../../../arm-none-eabi/lib/armv7-m\libg_nano.a(lib_a-mprec.o)
                0x00005794                __d2b
 .text._calloc_r
                0x00005830       0x1c c:/program files (x86)/cypress/psoc creator/4.4/psoc creator/import/gnu/arm/5.4.1/bin/../lib/gcc/arm-none-eabi/5.4.1/../../../../arm-none-eabi/lib/armv7-m\libg_nano.a(lib_a-nano-callocr.o)
                0x00005830                _calloc_r
 .text._free_r  0x0000584c       0x98 c:/program files (x86)/cypress/psoc creator/4.4/psoc creator/import/gnu/arm/5.4.1/bin/../lib/gcc/arm-none-eabi/5.4.1/../../../../arm-none-eabi/lib/armv7-m\libg_nano.a(lib_a-nano-freer.o)
                0x0000584c                _free_r
 .text._malloc_r
                0x000058e4       0xbc c:/program files (x86)/cypress/psoc creator/4.4/psoc creator/import/gnu/arm/5.4.1/bin/../lib/gcc/arm-none-eabi/5.4.1/../../../../arm-none-eabi/lib/armv7-m\libg_nano.a(lib_a-nano-mallocr.o)
                0x000058e4                _malloc_r
 .text.__ssputs_r
                0x000059a0       0xb2 c:/program files (x86)/cypress/psoc creator/4.4/psoc creator/import/gnu/arm/5.4.1/bin/../lib/gcc/arm-none-eabi/5.4.1/../../../../arm-none-eabi/lib/armv7-m\libg_nano.a(lib_a-nano-svfprintf.o)
                0x000059a0                __ssputs_r
 *fill*         0x00005a52        0x2 
 .text._svfprintf_r
                0x00005a54      0x1e8 c:/program files (x86)/cypress/psoc creator/4.4/psoc creator/import/gnu/arm/5.4.1/bin/../lib/gcc/arm-none-eabi/5.4.1/../../../../arm-none-eabi/lib/armv7-m\libg_nano.a(lib_a-nano-svfprintf.o)
                0x00005a54                _svfiprintf_r
                0x00005a54                _svfprintf_r
 .text._sbrk_r  0x00005c3c       0x20 c:/program files (x86)/cypress/psoc creator/4.4/psoc creator/import/gnu/arm/5.4.1/bin/../lib/gcc/arm-none-eabi/5.4.1/../../../../arm-none-eabi/lib/armv7-m\libg_nano.a(lib_a-sbrkr.o)
                0x00005c3c                _sbrk_r
 .text.memmove  0x00005c5c       0x36 c:/program files (x86)/cypress/psoc creator/4.4/psoc creator/import/gnu/arm/5.4.1/bin/../lib/gcc/arm-none-eabi/5.4.1/../../../../arm-none-eabi/lib/armv7-m\libg_nano.a(lib_a-memmove.o)
                0x00005c5c                memmove
 .text.__malloc_lock
                0x00005c92        0x2 c:/program files (x86)/cypress/psoc creator/4.4/psoc creator/import/gnu/arm/5.4.1/bin/../lib/gcc/arm-none-eabi/5.4.1/../../../../arm-none-eabi/lib/armv7-m\libg_nano.a(lib_a-mlock.o)
                0x00005c92                __malloc_lock
 .text.__malloc_unlock
                0x00005c94        0x2 c:/program files (x86)/cypress/psoc creator/4.4/psoc creator/import/gnu/arm/5.4.1/bin/../lib/gcc/arm-none-eabi/5.4.1/../../../../arm-none-eabi/lib/armv7-m\libg_nano.a(lib_a-mlock.o)
                0x00005c94                __malloc_unlock
 .text._realloc_r
                0x00005c96       0x4c c:/program files (x86)/cypress/psoc creator/4.4/psoc creator/import/gnu/arm/5.4.1/bin/../lib/gcc/arm-none-eabi/5.4.1/../../../../arm-none-eabi/lib/armv7-m\libg_nano.a(lib_a-nano-reallocr.o)
                0x00005c96                _realloc_r
 .text._malloc_usable_size_r
                0x00005ce2       0x14 c:/program files (x86)/cypress/psoc creator/4.4/psoc creator/import/gnu/arm/5.4.1/bin/../lib/gcc/arm-none-eabi/5.4.1/../../../../arm-none-eabi/lib/armv7-m\libg_nano.a(lib_a-nano-msizer.o)
                0x00005ce2                _malloc_usable_size_r
 *fill*         0x00005cf6        0x2 
 .text          0x00005cf8      0x424 c:/program files (x86)/cypress/psoc creator/4.4/psoc creator/import/gnu/arm/5.4.1/bin/../lib/gcc/arm-none-eabi/5.4.1/armv7-m\libgcc.a(_arm_muldivdf3.o)
                0x00005cf8                __aeabi_dmul
                0x00005cf8                __muldf3
                0x00005f4c                __divdf3
                0x00005f4c                __aeabi_ddiv
 .text          0x0000611c      0x110 c:/program files (x86)/cypress/psoc creator/4.4/psoc creator/import/gnu/arm/5.4.1/bin/../lib/gcc/arm-none-eabi/5.4.1/armv7-m\libgcc.a(_arm_cmpdf2.o)
                0x0000611c                __gtdf2
                0x0000611c                __gedf2
                0x00006124                __ltdf2
                0x00006124                __ledf2
                0x0000612c                __nedf2
                0x0000612c                __eqdf2
                0x0000612c                __cmpdf2
                0x000061a8                __aeabi_cdrcmple
                0x000061b8                __aeabi_cdcmpeq
                0x000061b8                __aeabi_cdcmple
                0x000061c8                __aeabi_dcmpeq
                0x000061dc                __aeabi_dcmplt
                0x000061f0                __aeabi_dcmple
                0x00006204                __aeabi_dcmpge
                0x00006218                __aeabi_dcmpgt
 .text          0x0000622c       0x2c c:/program files (x86)/cypress/psoc creator/4.4/psoc creator/import/gnu/arm/5.4.1/bin/../lib/gcc/arm-none-eabi/5.4.1/armv7-m\libgcc.a(_arm_unorddf2.o)
                0x0000622c                __unorddf2
                0x0000622c                __aeabi_dcmpun
 .text          0x00006258       0x50 c:/program files (x86)/cypress/psoc creator/4.4/psoc creator/import/gnu/arm/5.4.1/bin/../lib/gcc/arm-none-eabi/5.4.1/armv7-m\libgcc.a(_arm_fixdfsi.o)
                0x00006258                __aeabi_d2iz
                0x00006258                __fixdfsi
 *(.plt)
 *(.gnu.warning)
 *(.glue_7t)
 .glue_7t       0x000062a8        0x0 linker stubs
 *(.glue_7)
 .glue_7        0x000062a8        0x0 linker stubs
 *(.vfp11_veneer)
 .vfp11_veneer  0x000062a8        0x0 linker stubs
 *(.bootloader)
 *(.ARM.extab* .gnu.linkonce.armextab.*)
 *(.gcc_except_table)

.v4_bx          0x000062a8        0x0
 .v4_bx         0x000062a8        0x0 linker stubs

.iplt           0x000062a8        0x0
 .iplt          0x000062a8        0x0 c:/program files (x86)/cypress/psoc creator/4.4/psoc creator/import/gnu/arm/5.4.1/bin/../lib/gcc/arm-none-eabi/5.4.1/armv7-m/crtbegin.o

.eh_frame_hdr
 *(.eh_frame_hdr)

.eh_frame       0x000062a8        0x4
 *(.eh_frame)
 .eh_frame      0x000062a8        0x0 c:/program files (x86)/cypress/psoc creator/4.4/psoc creator/import/gnu/arm/5.4.1/bin/../lib/gcc/arm-none-eabi/5.4.1/armv7-m/crtbegin.o
 .eh_frame      0x000062a8        0x4 c:/program files (x86)/cypress/psoc creator/4.4/psoc creator/import/gnu/arm/5.4.1/bin/../lib/gcc/arm-none-eabi/5.4.1/armv7-m/crtend.o
                [!provide]                PROVIDE (__exidx_start, .)

.ARM.exidx
 *(.ARM.exidx* .gnu.linkonce.armexidx.*)
                0x000062ac                __exidx_end = .

.rodata         0x000062b0      0x920
 *(.rodata .rodata.* .gnu.linkonce.r.*)
 .rodata.str1.4
                0x000062b0       0x10 .\CortexM3\ARM_GCC_541\Debug\main.o
 .rodata        0x000062c0      0x51f .\CortexM3\ARM_GCC_541\Debug\ssd1306.o
 *fill*         0x000067df        0x1 
 .rodata.str1.4
                0x000067e0       0x26 .\CortexM3\ARM_GCC_541\Debug\RotatorHorizon.o
 *fill*         0x00006806        0x2 
 .rodata.str1.4
                0x00006808       0xec .\CortexM3\ARM_GCC_541\Debug\cli.o
 .rodata        0x000068f4       0x46 .\CortexM3\ARM_GCC_541\Debug\cyfitter_cfg.o
 .rodata._ctype_
                0x0000693a      0x101 c:/program files (x86)/cypress/psoc creator/4.4/psoc creator/import/gnu/arm/5.4.1/bin/../lib/gcc/arm-none-eabi/5.4.1/../../../../arm-none-eabi/lib/armv7-m\libg_nano.a(lib_a-ctype_.o)
                0x0000693a                _ctype_
 .rodata.str1.1
                0x00006a3b        0x2 c:/program files (x86)/cypress/psoc creator/4.4/psoc creator/import/gnu/arm/5.4.1/bin/../lib/gcc/arm-none-eabi/5.4.1/../../../../arm-none-eabi/lib/armv7-m\libg_nano.a(lib_a-impure.o)
 .rodata.str1.1
                0x00006a3d       0x12 c:/program files (x86)/cypress/psoc creator/4.4/psoc creator/import/gnu/arm/5.4.1/bin/../lib/gcc/arm-none-eabi/5.4.1/../../../../arm-none-eabi/lib/armv7-m\libg_nano.a(lib_a-nano-vfprintf_float.o)
 .rodata.str1.1
                0x00006a4f       0x22 c:/program files (x86)/cypress/psoc creator/4.4/psoc creator/import/gnu/arm/5.4.1/bin/../lib/gcc/arm-none-eabi/5.4.1/../../../../arm-none-eabi/lib/armv7-m\libg_nano.a(lib_a-nano-vfprintf_i.o)
 .rodata.str1.1
                0x00006a71        0xd c:/program files (x86)/cypress/psoc creator/4.4/psoc creator/import/gnu/arm/5.4.1/bin/../lib/gcc/arm-none-eabi/5.4.1/../../../../arm-none-eabi/lib/armv7-m\libg_nano.a(lib_a-dtoa.o)
                                  0xf (size before relaxing)
 .rodata.str1.1
                0x00006a7e        0x8 c:/program files (x86)/cypress/psoc creator/4.4/psoc creator/import/gnu/arm/5.4.1/bin/../lib/gcc/arm-none-eabi/5.4.1/../../../../arm-none-eabi/lib/armv7-m\libg_nano.a(lib_a-locale.o)
                                  0xb (size before relaxing)
 *fill*         0x00006a86        0x2 
 .rodata.__mprec_tens
                0x00006a88       0xc8 c:/program files (x86)/cypress/psoc creator/4.4/psoc creator/import/gnu/arm/5.4.1/bin/../lib/gcc/arm-none-eabi/5.4.1/../../../../arm-none-eabi/lib/armv7-m\libg_nano.a(lib_a-mprec.o)
                0x00006a88                __mprec_tens
 .rodata.p05.5408
                0x00006b50        0xc c:/program files (x86)/cypress/psoc creator/4.4/psoc creator/import/gnu/arm/5.4.1/bin/../lib/gcc/arm-none-eabi/5.4.1/../../../../arm-none-eabi/lib/armv7-m\libg_nano.a(lib_a-mprec.o)
 *fill*         0x00006b5c        0x4 
 .rodata.__mprec_bigtens
                0x00006b60       0x28 c:/program files (x86)/cypress/psoc creator/4.4/psoc creator/import/gnu/arm/5.4.1/bin/../lib/gcc/arm-none-eabi/5.4.1/../../../../arm-none-eabi/lib/armv7-m\libg_nano.a(lib_a-mprec.o)
                0x00006b60                __mprec_bigtens
 .rodata.str1.1
                0x00006b88       0x11 c:/program files (x86)/cypress/psoc creator/4.4/psoc creator/import/gnu/arm/5.4.1/bin/../lib/gcc/arm-none-eabi/5.4.1/../../../../arm-none-eabi/lib/armv7-m\libg_nano.a(lib_a-nano-svfprintf.o)
                0x00006b9c                . = ALIGN (0x4)
 *fill*         0x00006b99        0x3 
 *(.init)
 .init          0x00006b9c        0x4 c:/program files (x86)/cypress/psoc creator/4.4/psoc creator/import/gnu/arm/5.4.1/bin/../lib/gcc/arm-none-eabi/5.4.1/armv7-m/crti.o
                0x00006b9c                _init
 .init          0x00006ba0        0x8 c:/program files (x86)/cypress/psoc creator/4.4/psoc creator/import/gnu/arm/5.4.1/bin/../lib/gcc/arm-none-eabi/5.4.1/armv7-m/crtn.o
                0x00006ba8                . = ALIGN (0x4)
                0x00006ba8                __preinit_array_start = .
 *(.preinit_array)
                0x00006ba8                __preinit_array_end = .
                0x00006ba8                . = ALIGN (0x4)
                0x00006ba8                __init_array_start = .
 *(SORT(.init_array.*))
 *(.init_array)
 .init_array    0x00006ba8        0x4 c:/program files (x86)/cypress/psoc creator/4.4/psoc creator/import/gnu/arm/5.4.1/bin/../lib/gcc/arm-none-eabi/5.4.1/armv7-m/crtbegin.o
 .init_array    0x00006bac        0x4 .\CortexM3\ARM_GCC_541\Debug\Cm3Start.o
                0x00006bb0                __init_array_end = .
                0x00006bb0                . = ALIGN (0x4)
 *(.fini)
 .fini          0x00006bb0        0x4 c:/program files (x86)/cypress/psoc creator/4.4/psoc creator/import/gnu/arm/5.4.1/bin/../lib/gcc/arm-none-eabi/5.4.1/armv7-m/crti.o
                0x00006bb0                _fini
 .fini          0x00006bb4        0x8 c:/program files (x86)/cypress/psoc creator/4.4/psoc creator/import/gnu/arm/5.4.1/bin/../lib/gcc/arm-none-eabi/5.4.1/armv7-m/crtn.o
                0x00006bbc                . = ALIGN (0x4)
                0x00006bbc                __fini_array_start = .
 *(.fini_array)
 .fini_array    0x00006bbc        0x4 c:/program files (x86)/cypress/psoc creator/4.4/psoc creator/import/gnu/arm/5.4.1/bin/../lib/gcc/arm-none-eabi/5.4.1/armv7-m/crtbegin.o
 *(SORT(.fini_array.*))
                0x00006bc0                __fini_array_end = .
                0x00006bc0                . = ALIGN (0x4)
 *crtbegin.o(.ctors)
 *(EXCLUDE_FILE(*crtend.o) .ctors)
 *(SORT(.ctors.*))
 *crtend.o(.ctors)
                0x00006bc0                . = ALIGN (0x4)
 *crtbegin.o(.dtors)
 *(EXCLUDE_FILE(*crtend.o) .dtors)
 *(SORT(.dtors.*))
 *crtend.o(.dtors)
                0x00006bc0                . = ALIGN (0x4)
                0x00006bc0                __cy_regions = .
                0x00006bc0        0x4 LONG 0x6bd0 __cy_region_init_ram
                0x00006bc4        0x4 LONG 0x1fff80c8 __cy_region_start_data
                0x00006bc8        0x4 LONG 0x2c0 __cy_region_init_size_ram
                0x00006bcc        0x4 LONG 0x100 __cy_region_zero_size_ram
                0x00006bd0                __cy_regions_end = .
                0x00006bd0                . = ALIGN (0x8)
                0x00006bd0                _etext = .

.cy_checksum_exclude
                0x00006bd0        0x0
 *(.cy_checksum_exclude)

.ramvectors     0x1fff8000       0xc0
                0x1fff8000                __cy_region_start_ram = .
 *(.ramvectors)
 .ramvectors    0x1fff8000       0xc0 .\CortexM3\ARM_GCC_541\Debug\Cm3Start.o
                0x1fff8000                CyRamVectors

.noinit         0x1fff80c0        0x1
 *(.noinit)
 .noinit        0x1fff80c0        0x1 .\CortexM3\ARM_GCC_541\Debug\AntennaRotator.a(CyLib.o)
                0x1fff80c0                CyResetStatus

.data           0x1fff80c8      0x2c0 load address 0x00006bd0
                0x1fff80c8                __cy_region_start_data = .
 *(.jcr)
 .jcr           0x1fff80c8        0x0 c:/program files (x86)/cypress/psoc creator/4.4/psoc creator/import/gnu/arm/5.4.1/bin/../lib/gcc/arm-none-eabi/5.4.1/armv7-m/crtbegin.o
 .jcr           0x1fff80c8        0x4 c:/program files (x86)/cypress/psoc creator/4.4/psoc creator/import/gnu/arm/5.4.1/bin/../lib/gcc/arm-none-eabi/5.4.1/armv7-m/crtend.o
 *(.got.plt)
 *(.got)
 *(.shdata)
 *(.data .data.* .gnu.linkonce.d.*)
 .data          0x1fff80cc      0x201 .\CortexM3\ARM_GCC_541\Debug\ssd1306.o
 *fill*         0x1fff82cd        0x3 
 .data          0x1fff82d0        0x4 .\CortexM3\ARM_GCC_541\Debug\Cm3Start.o
 .data          0x1fff82d4       0x10 .\CortexM3\ARM_GCC_541\Debug\AntennaRotator.a(CyLib.o)
                0x1fff82d4                cydelay_32k_ms
                0x1fff82d8                cydelay_freq_khz
                0x1fff82dc                cydelay_freq_mhz
                0x1fff82e0                cydelay_freq_hz
 .data.__ctype_ptr__
                0x1fff82e4        0x4 c:/program files (x86)/cypress/psoc creator/4.4/psoc creator/import/gnu/arm/5.4.1/bin/../lib/gcc/arm-none-eabi/5.4.1/../../../../arm-none-eabi/lib/armv7-m\libg_nano.a(lib_a-ctype_.o)
                0x1fff82e4                __ctype_ptr__
 .data.impure_data
                0x1fff82e8       0x60 c:/program files (x86)/cypress/psoc creator/4.4/psoc creator/import/gnu/arm/5.4.1/bin/../lib/gcc/arm-none-eabi/5.4.1/../../../../arm-none-eabi/lib/armv7-m\libg_nano.a(lib_a-impure.o)
 .data._impure_ptr
                0x1fff8348        0x4 c:/program files (x86)/cypress/psoc creator/4.4/psoc creator/import/gnu/arm/5.4.1/bin/../lib/gcc/arm-none-eabi/5.4.1/../../../../arm-none-eabi/lib/armv7-m\libg_nano.a(lib_a-impure.o)
                0x1fff8348                _impure_ptr
 .data.lconv    0x1fff834c       0x38 c:/program files (x86)/cypress/psoc creator/4.4/psoc creator/import/gnu/arm/5.4.1/bin/../lib/gcc/arm-none-eabi/5.4.1/../../../../arm-none-eabi/lib/armv7-m\libg_nano.a(lib_a-locale.o)
                0x1fff8388                . = ALIGN (0x8)
 *fill*         0x1fff8384        0x4 
 *(.ram)
                0x1fff8388                _edata = .

.igot.plt       0x1fff8388        0x0 load address 0x00006e90
 .igot.plt      0x1fff8388        0x0 c:/program files (x86)/cypress/psoc creator/4.4/psoc creator/import/gnu/arm/5.4.1/bin/../lib/gcc/arm-none-eabi/5.4.1/armv7-m/crtbegin.o

.bss            0x1fff8388      0x100 load address 0x00006e90
                0x1fff8388                PROVIDE (__bss_start__, .)
 *(.shbss)
 *(.bss .bss.* .gnu.linkonce.b.*)
 .bss           0x1fff8388       0x1c c:/program files (x86)/cypress/psoc creator/4.4/psoc creator/import/gnu/arm/5.4.1/bin/../lib/gcc/arm-none-eabi/5.4.1/armv7-m/crtbegin.o
 .bss           0x1fff83a4        0x3 .\CortexM3\ARM_GCC_541\Debug\main.o
                0x1fff83a4                refresh_display
                0x1fff83a5                refresh_buttons
                0x1fff83a6                refresh_rotation
 *fill*         0x1fff83a7        0x1 
 .bss           0x1fff83a8       0x10 .\CortexM3\ARM_GCC_541\Debug\ssd1306.o
 .bss           0x1fff83b8        0x1 .\CortexM3\ARM_GCC_541\Debug\cli.o
                0x1fff83b8                readState
 .bss           0x1fff83b9        0x9 .\CortexM3\ARM_GCC_541\Debug\AntennaRotator.a(UART.o)
                0x1fff83b9                UART_errorStatus
                0x1fff83ba                UART_initVar
                0x1fff83bb                UART_rxBufferRead
                0x1fff83bc                UART_rxBufferWrite
                0x1fff83bd                UART_rxBufferLoopDetect
                0x1fff83be                UART_rxBufferOverflow
                0x1fff83bf                UART_txBufferRead
                0x1fff83c0                UART_txBufferWrite
 .bss           0x1fff83c2        0x1 .\CortexM3\ARM_GCC_541\Debug\AntennaRotator.a(I2C_OLED.o)
                0x1fff83c2                I2C_OLED_initVar
 .bss           0x1fff83c3        0x1 .\CortexM3\ARM_GCC_541\Debug\AntennaRotator.a(PWM_1.o)
                0x1fff83c3                PWM_1_initVar
 .bss           0x1fff83c4        0x1 .\CortexM3\ARM_GCC_541\Debug\AntennaRotator.a(Display_Refresh_Timer.o)
                0x1fff83c4                Display_Refresh_Timer_initVar
 .bss           0x1fff83c5        0x1 .\CortexM3\ARM_GCC_541\Debug\AntennaRotator.a(I2C_X.o)
                0x1fff83c5                I2C_X_initVar
 .bss           0x1fff83c6        0x1 .\CortexM3\ARM_GCC_541\Debug\AntennaRotator.a(I2C_Y.o)
                0x1fff83c6                I2C_Y_initVar
 .bss           0x1fff83c7        0x1 .\CortexM3\ARM_GCC_541\Debug\AntennaRotator.a(Button_Refresh_Timer.o)
                0x1fff83c7                Button_Refresh_Timer_initVar
 .bss           0x1fff83c8        0x8 .\CortexM3\ARM_GCC_541\Debug\AntennaRotator.a(CySpc.o)
                0x1fff83c8                SpcLockState
 .bss.__malloc_sbrk_start
                0x1fff83d0        0x4 c:/program files (x86)/cypress/psoc creator/4.4/psoc creator/import/gnu/arm/5.4.1/bin/../lib/gcc/arm-none-eabi/5.4.1/../../../../arm-none-eabi/lib/armv7-m\libg_nano.a(lib_a-nano-mallocr.o)
                0x1fff83d0                __malloc_sbrk_start
 .bss.__malloc_free_list
                0x1fff83d4        0x4 c:/program files (x86)/cypress/psoc creator/4.4/psoc creator/import/gnu/arm/5.4.1/bin/../lib/gcc/arm-none-eabi/5.4.1/../../../../arm-none-eabi/lib/armv7-m\libg_nano.a(lib_a-nano-mallocr.o)
                0x1fff83d4                __malloc_free_list
 *(COMMON)
 COMMON         0x1fff83d8       0x40 .\CortexM3\ARM_GCC_541\Debug\main.o
                0x1fff83d8                arg2
                0x1fff83e4                rotator_state
                0x1fff83f4                arg1
                0x1fff8400                arg3
                0x1fff840c                cmd
 COMMON         0x1fff8418        0x7 .\CortexM3\ARM_GCC_541\Debug\ssd1306.o
                0x1fff8418                WIDTH
                0x1fff841a                rotation
                0x1fff841c                HEIGHT
                0x1fff841e                wrap
 *fill*         0x1fff841f        0x1 
 COMMON         0x1fff8420       0x20 .\CortexM3\ARM_GCC_541\Debug\AntennaRotator.a(UART.o)
                0x1fff8420                UART_rxBuffer
                0x1fff8430                UART_txBuffer
 COMMON         0x1fff8440        0x1 .\CortexM3\ARM_GCC_541\Debug\AntennaRotator.a(I2C_OLED.o)
                0x1fff8440                I2C_OLED_state
 *fill*         0x1fff8441        0x3 
 COMMON         0x1fff8444        0xe .\CortexM3\ARM_GCC_541\Debug\AntennaRotator.a(I2C_OLED_MASTER.o)
                0x1fff8444                I2C_OLED_mstrRdBufPtr
                0x1fff8448                I2C_OLED_mstrWrBufPtr
                0x1fff844c                I2C_OLED_mstrControl
                0x1fff844d                I2C_OLED_mstrRdBufIndex
                0x1fff844e                I2C_OLED_mstrWrBufIndex
                0x1fff844f                I2C_OLED_mstrRdBufSize
                0x1fff8450                I2C_OLED_mstrStatus
                0x1fff8451                I2C_OLED_mstrWrBufSize
 COMMON         0x1fff8452        0x1 .\CortexM3\ARM_GCC_541\Debug\AntennaRotator.a(I2C_X.o)
                0x1fff8452                I2C_X_state
 *fill*         0x1fff8453        0x1 
 COMMON         0x1fff8454       0x14 .\CortexM3\ARM_GCC_541\Debug\AntennaRotator.a(I2C_X_MASTER.o)
                0x1fff8454                I2C_X_mstrControl
                0x1fff8458                I2C_X_mstrRdBufPtr
                0x1fff845c                I2C_X_mstrWrBufSize
                0x1fff845d                I2C_X_mstrRdBufSize
                0x1fff845e                I2C_X_mstrRdBufIndex
                0x1fff845f                I2C_X_mstrStatus
                0x1fff8460                I2C_X_mstrWrBufIndex
                0x1fff8464                I2C_X_mstrWrBufPtr
 COMMON         0x1fff8468        0x1 .\CortexM3\ARM_GCC_541\Debug\AntennaRotator.a(I2C_Y.o)
                0x1fff8468                I2C_Y_state
 *fill*         0x1fff8469        0x3 
 COMMON         0x1fff846c       0x14 .\CortexM3\ARM_GCC_541\Debug\AntennaRotator.a(I2C_Y_MASTER.o)
                0x1fff846c                I2C_Y_mstrRdBufIndex
                0x1fff846d                I2C_Y_mstrWrBufSize
                0x1fff846e                I2C_Y_mstrControl
                0x1fff846f                I2C_Y_mstrRdBufSize
                0x1fff8470                I2C_Y_mstrStatus
                0x1fff8474                I2C_Y_mstrWrBufPtr
                0x1fff8478                I2C_Y_mstrWrBufIndex
                0x1fff847c                I2C_Y_mstrRdBufPtr
 COMMON         0x1fff8480        0x2 .\CortexM3\ARM_GCC_541\Debug\AntennaRotator.a(CyFlash.o)
                0x1fff8480                dieTemperature
 *fill*         0x1fff8482        0x2 
 COMMON         0x1fff8484        0x4 c:/program files (x86)/cypress/psoc creator/4.4/psoc creator/import/gnu/arm/5.4.1/bin/../lib/gcc/arm-none-eabi/5.4.1/../../../../arm-none-eabi/lib/armv7-m\libg_nano.a(lib_a-reent.o)
                0x1fff8484                errno
                0x1fff8488                . = ALIGN (0x8)
 *(.ram.b)
                0x1fff8488                _end = .
                0x1fff8488                __end = .
                0x1fff8488                PROVIDE (end, .)
                0x1fff8488                PROVIDE (__bss_end__, .)
                0x00006bd0                __cy_region_init_ram = LOADADDR (.data)
                0x000002c0                __cy_region_init_size_ram = (_edata - ADDR (.data))
                0x00000100                __cy_region_zero_size_ram = (_end - _edata)

.heap           0x1fff8488      0x800 load address 0x00006e90
                0x1fff8488                . = _end
                0x1fff8c88                . = (. + 0x800)
 *fill*         0x1fff8488      0x800 
                0x1fff8c88                __cy_heap_limit = .

.stack          0x20007800      0x800
                0x20007800                __cy_stack_limit = .
                0x20008000                . = (. + 0x800)
 *fill*         0x20007800      0x800 
                0x00000001                ASSERT ((__cy_stack_limit >= __cy_heap_limit), region RAM overflowed with stack)
                0x00000000                cy_checksum_exclude_size = (CY_APPL_LOADABLE == 0x1)?SIZEOF (.cy_checksum_exclude):0x0
                0x00000001                ASSERT ((cy_checksum_exclude_size <= CY_CHECKSUM_EXCLUDE_SIZE), CY_BOOT: Section .cy_checksum_exclude size exceedes specified limit.)

.cyloadermeta
 *(.cyloadermeta)

.cyloadablemeta
 *(.cyloadablemeta)

.cyconfigecc    0x80000000      0xef0
 *(.cyconfigecc)
 .cyconfigecc   0x80000000      0xef0 .\CortexM3\ARM_GCC_541\Debug\cymetadata.o
                0x80000000                cy_meta_configecc

.cycustnvl      0x90000000        0x4
 *(.cycustnvl)
 .cycustnvl     0x90000000        0x4 .\CortexM3\ARM_GCC_541\Debug\cymetadata.o
                0x90000000                cy_meta_custnvl

.cywolatch      0x90100000        0x4
 *(.cywolatch)
 .cywolatch     0x90100000        0x4 .\CortexM3\ARM_GCC_541\Debug\cymetadata.o
                0x90100000                cy_meta_wonvl

.cyeeprom       0x90200000        0x0
 *(.cyeeprom)
                0x00000001                ASSERT ((. <= ((0x90200000 + ee_offset) + ee_size)), .cyeeprom data will not fit in EEPROM)

.cyflashprotect
                0x90400000      0x100
 *(.cyflashprotect)
 .cyflashprotect
                0x90400000      0x100 .\CortexM3\ARM_GCC_541\Debug\cymetadata.o
                0x90400000                cy_meta_flashprotect

.cymeta         0x90500000        0xc
 *(.cymeta)
 .cymeta        0x90500000        0xc .\CortexM3\ARM_GCC_541\Debug\cymetadata.o
                0x90500000                cy_metadata

.rel.dyn        0x00006e90        0x0 load address 0x9050000c
 .rel.iplt      0x00006e90        0x0 c:/program files (x86)/cypress/psoc creator/4.4/psoc creator/import/gnu/arm/5.4.1/bin/../lib/gcc/arm-none-eabi/5.4.1/armv7-m/crtbegin.o

.stab
 *(.stab)

.stabstr
 *(.stabstr)

.debug
 *(.debug)

.line
 *(.line)

.debug_srcinfo
 *(.debug_srcinfo)

.debug_sfnames
 *(.debug_sfnames)

.debug_aranges  0x00000000     0x11b8
 *(.debug_aranges)
 .debug_aranges
                0x00000000       0x50 .\CortexM3\ARM_GCC_541\Debug\main.o
 .debug_aranges
                0x00000050      0x118 .\CortexM3\ARM_GCC_541\Debug\ssd1306.o
 .debug_aranges
                0x00000168       0x28 .\CortexM3\ARM_GCC_541\Debug\RotatorHorizon.o
 .debug_aranges
                0x00000190       0x50 .\CortexM3\ARM_GCC_541\Debug\cli.o
 .debug_aranges
                0x000001e0       0x38 .\CortexM3\ARM_GCC_541\Debug\eeprom.o
 .debug_aranges
                0x00000218       0x58 .\CortexM3\ARM_GCC_541\Debug\cyfitter_cfg.o
 .debug_aranges
                0x00000270       0x18 .\CortexM3\ARM_GCC_541\Debug\cymetadata.o
 .debug_aranges
                0x00000288       0x48 .\CortexM3\ARM_GCC_541\Debug\Cm3Start.o
 .debug_aranges
                0x000002d0       0x38 .\CortexM3\ARM_GCC_541\Debug\AntennaRotator.a(LED_Pin.o)
 .debug_aranges
                0x00000308      0x2a0 .\CortexM3\ARM_GCC_541\Debug\AntennaRotator.a(CyLib.o)
 .debug_aranges
                0x000005a8       0x98 .\CortexM3\ARM_GCC_541\Debug\AntennaRotator.a(cyPm.o)
 .debug_aranges
                0x00000640       0x38 .\CortexM3\ARM_GCC_541\Debug\AntennaRotator.a(SW_UP_Pin.o)
 .debug_aranges
                0x00000678       0x38 .\CortexM3\ARM_GCC_541\Debug\AntennaRotator.a(SW_DOWN_Pin.o)
 .debug_aranges
                0x000006b0       0x38 .\CortexM3\ARM_GCC_541\Debug\AntennaRotator.a(SW_LEFT_Pin.o)
 .debug_aranges
                0x000006e8       0x38 .\CortexM3\ARM_GCC_541\Debug\AntennaRotator.a(SW_RIGHT_Pin.o)
 .debug_aranges
                0x00000720       0xf0 .\CortexM3\ARM_GCC_541\Debug\AntennaRotator.a(UART.o)
 .debug_aranges
                0x00000810       0x28 .\CortexM3\ARM_GCC_541\Debug\AntennaRotator.a(UART_INT.o)
 .debug_aranges
                0x00000838       0x70 .\CortexM3\ARM_GCC_541\Debug\AntennaRotator.a(UART_IntClock.o)
 .debug_aranges
                0x000008a8       0x38 .\CortexM3\ARM_GCC_541\Debug\AntennaRotator.a(I2C_OLED.o)
 .debug_aranges
                0x000008e0       0x20 .\CortexM3\ARM_GCC_541\Debug\AntennaRotator.a(I2C_OLED_INT.o)
 .debug_aranges
                0x00000900       0x38 .\CortexM3\ARM_GCC_541\Debug\AntennaRotator.a(I2C_OLED_PM.o)
 .debug_aranges
                0x00000938       0x80 .\CortexM3\ARM_GCC_541\Debug\AntennaRotator.a(I2C_OLED_MASTER.o)
 .debug_aranges
                0x000009b8       0x38 .\CortexM3\ARM_GCC_541\Debug\AntennaRotator.a(X_Dir_Pin.o)
 .debug_aranges
                0x000009f0       0x38 .\CortexM3\ARM_GCC_541\Debug\AntennaRotator.a(X_Step_Pin.o)
 .debug_aranges
                0x00000a28       0x98 .\CortexM3\ARM_GCC_541\Debug\AntennaRotator.a(PWM_1.o)
 .debug_aranges
                0x00000ac0       0x28 .\CortexM3\ARM_GCC_541\Debug\AntennaRotator.a(Motor_Enable.o)
 .debug_aranges
                0x00000ae8       0x88 .\CortexM3\ARM_GCC_541\Debug\AntennaRotator.a(Display_Refresh_Timer.o)
 .debug_aranges
                0x00000b70       0x80 .\CortexM3\ARM_GCC_541\Debug\AntennaRotator.a(Display_Refresh_Timer_Int.o)
 .debug_aranges
                0x00000bf0       0x80 .\CortexM3\ARM_GCC_541\Debug\AntennaRotator.a(MotorControlFallingEdge.o)
 .debug_aranges
                0x00000c70       0x80 .\CortexM3\ARM_GCC_541\Debug\AntennaRotator.a(MotorControlRiseingEdge.o)
 .debug_aranges
                0x00000cf0       0x38 .\CortexM3\ARM_GCC_541\Debug\AntennaRotator.a(I2C_X.o)
 .debug_aranges
                0x00000d28       0x20 .\CortexM3\ARM_GCC_541\Debug\AntennaRotator.a(I2C_X_INT.o)
 .debug_aranges
                0x00000d48       0x80 .\CortexM3\ARM_GCC_541\Debug\AntennaRotator.a(I2C_X_MASTER.o)
 .debug_aranges
                0x00000dc8       0x78 .\CortexM3\ARM_GCC_541\Debug\AntennaRotator.a(EEPROM_1.o)
 .debug_aranges
                0x00000e40       0x38 .\CortexM3\ARM_GCC_541\Debug\AntennaRotator.a(Y_Step_Pin.o)
 .debug_aranges
                0x00000e78       0x38 .\CortexM3\ARM_GCC_541\Debug\AntennaRotator.a(I2C_Y.o)
 .debug_aranges
                0x00000eb0       0x20 .\CortexM3\ARM_GCC_541\Debug\AntennaRotator.a(I2C_Y_INT.o)
 .debug_aranges
                0x00000ed0       0x80 .\CortexM3\ARM_GCC_541\Debug\AntennaRotator.a(I2C_Y_MASTER.o)
 .debug_aranges
                0x00000f50       0x38 .\CortexM3\ARM_GCC_541\Debug\AntennaRotator.a(Y_Dir_Pin.o)
 .debug_aranges
                0x00000f88       0x88 .\CortexM3\ARM_GCC_541\Debug\AntennaRotator.a(Button_Refresh_Timer.o)
 .debug_aranges
                0x00001010       0x80 .\CortexM3\ARM_GCC_541\Debug\AntennaRotator.a(Button_Refresh_Timer_Int.o)
 .debug_aranges
                0x00001090       0x20 .\CortexM3\ARM_GCC_541\Debug\AntennaRotator.a(CyBootAsmGnu.o)
 .debug_aranges
                0x000010b0       0x88 .\CortexM3\ARM_GCC_541\Debug\AntennaRotator.a(CyFlash.o)
 .debug_aranges
                0x00001138       0x80 .\CortexM3\ARM_GCC_541\Debug\AntennaRotator.a(CySpc.o)

.debug_pubnames
 *(.debug_pubnames)

.debug_info     0x00000000     0xa950
 *(.debug_info .gnu.linkonce.wi.*)
 .debug_info    0x00000000      0x842 .\CortexM3\ARM_GCC_541\Debug\main.o
 .debug_info    0x00000842     0x132d .\CortexM3\ARM_GCC_541\Debug\ssd1306.o
 .debug_info    0x00001b6f      0x307 .\CortexM3\ARM_GCC_541\Debug\RotatorHorizon.o
 .debug_info    0x00001e76      0xa26 .\CortexM3\ARM_GCC_541\Debug\cli.o
 .debug_info    0x0000289c      0x2a1 .\CortexM3\ARM_GCC_541\Debug\eeprom.o
 .debug_info    0x00002b3d      0x5b9 .\CortexM3\ARM_GCC_541\Debug\cyfitter_cfg.o
 .debug_info    0x000030f6      0x139 .\CortexM3\ARM_GCC_541\Debug\cymetadata.o
 .debug_info    0x0000322f      0x3bb .\CortexM3\ARM_GCC_541\Debug\Cm3Start.o
 .debug_info    0x000035ea      0x11f .\CortexM3\ARM_GCC_541\Debug\AntennaRotator.a(LED_Pin.o)
 .debug_info    0x00003709     0x1374 .\CortexM3\ARM_GCC_541\Debug\AntennaRotator.a(CyLib.o)
 .debug_info    0x00004a7d      0xa2a .\CortexM3\ARM_GCC_541\Debug\AntennaRotator.a(cyPm.o)
 .debug_info    0x000054a7      0x11f .\CortexM3\ARM_GCC_541\Debug\AntennaRotator.a(SW_UP_Pin.o)
 .debug_info    0x000055c6      0x11f .\CortexM3\ARM_GCC_541\Debug\AntennaRotator.a(SW_DOWN_Pin.o)
 .debug_info    0x000056e5      0x11f .\CortexM3\ARM_GCC_541\Debug\AntennaRotator.a(SW_LEFT_Pin.o)
 .debug_info    0x00005804      0x11f .\CortexM3\ARM_GCC_541\Debug\AntennaRotator.a(SW_RIGHT_Pin.o)
 .debug_info    0x00005923      0x7ae .\CortexM3\ARM_GCC_541\Debug\AntennaRotator.a(UART.o)
 .debug_info    0x000060d1      0x186 .\CortexM3\ARM_GCC_541\Debug\AntennaRotator.a(UART_INT.o)
 .debug_info    0x00006257      0x283 .\CortexM3\ARM_GCC_541\Debug\AntennaRotator.a(UART_IntClock.o)
 .debug_info    0x000064da      0x2ad .\CortexM3\ARM_GCC_541\Debug\AntennaRotator.a(I2C_OLED.o)
 .debug_info    0x00006787      0x184 .\CortexM3\ARM_GCC_541\Debug\AntennaRotator.a(I2C_OLED_INT.o)
 .debug_info    0x0000690b      0x207 .\CortexM3\ARM_GCC_541\Debug\AntennaRotator.a(I2C_OLED_PM.o)
 .debug_info    0x00006b12      0x407 .\CortexM3\ARM_GCC_541\Debug\AntennaRotator.a(I2C_OLED_MASTER.o)
 .debug_info    0x00006f19      0x11f .\CortexM3\ARM_GCC_541\Debug\AntennaRotator.a(X_Dir_Pin.o)
 .debug_info    0x00007038      0x11f .\CortexM3\ARM_GCC_541\Debug\AntennaRotator.a(X_Step_Pin.o)
 .debug_info    0x00007157      0x334 .\CortexM3\ARM_GCC_541\Debug\AntennaRotator.a(PWM_1.o)
 .debug_info    0x0000748b       0xd6 .\CortexM3\ARM_GCC_541\Debug\AntennaRotator.a(Motor_Enable.o)
 .debug_info    0x00007561      0x293 .\CortexM3\ARM_GCC_541\Debug\AntennaRotator.a(Display_Refresh_Timer.o)
 .debug_info    0x000077f4      0x2d2 .\CortexM3\ARM_GCC_541\Debug\AntennaRotator.a(Display_Refresh_Timer_Int.o)
 .debug_info    0x00007ac6      0x2d2 .\CortexM3\ARM_GCC_541\Debug\AntennaRotator.a(MotorControlFallingEdge.o)
 .debug_info    0x00007d98      0x2d2 .\CortexM3\ARM_GCC_541\Debug\AntennaRotator.a(MotorControlRiseingEdge.o)
 .debug_info    0x0000806a      0x1e0 .\CortexM3\ARM_GCC_541\Debug\AntennaRotator.a(I2C_X.o)
 .debug_info    0x0000824a      0x184 .\CortexM3\ARM_GCC_541\Debug\AntennaRotator.a(I2C_X_INT.o)
 .debug_info    0x000083ce      0x407 .\CortexM3\ARM_GCC_541\Debug\AntennaRotator.a(I2C_X_MASTER.o)
 .debug_info    0x000087d5      0x630 .\CortexM3\ARM_GCC_541\Debug\AntennaRotator.a(EEPROM_1.o)
 .debug_info    0x00008e05      0x11f .\CortexM3\ARM_GCC_541\Debug\AntennaRotator.a(Y_Step_Pin.o)
 .debug_info    0x00008f24      0x1e0 .\CortexM3\ARM_GCC_541\Debug\AntennaRotator.a(I2C_Y.o)
 .debug_info    0x00009104      0x184 .\CortexM3\ARM_GCC_541\Debug\AntennaRotator.a(I2C_Y_INT.o)
 .debug_info    0x00009288      0x407 .\CortexM3\ARM_GCC_541\Debug\AntennaRotator.a(I2C_Y_MASTER.o)
 .debug_info    0x0000968f      0x11f .\CortexM3\ARM_GCC_541\Debug\AntennaRotator.a(Y_Dir_Pin.o)
 .debug_info    0x000097ae      0x291 .\CortexM3\ARM_GCC_541\Debug\AntennaRotator.a(Button_Refresh_Timer.o)
 .debug_info    0x00009a3f      0x2d2 .\CortexM3\ARM_GCC_541\Debug\AntennaRotator.a(Button_Refresh_Timer_Int.o)
 .debug_info    0x00009d11       0xa2 .\CortexM3\ARM_GCC_541\Debug\AntennaRotator.a(CyBootAsmGnu.o)
 .debug_info    0x00009db3      0x64d .\CortexM3\ARM_GCC_541\Debug\AntennaRotator.a(CyFlash.o)
 .debug_info    0x0000a400      0x550 .\CortexM3\ARM_GCC_541\Debug\AntennaRotator.a(CySpc.o)

.debug_abbrev   0x00000000     0x314d
 *(.debug_abbrev)
 .debug_abbrev  0x00000000      0x1c7 .\CortexM3\ARM_GCC_541\Debug\main.o
 .debug_abbrev  0x000001c7      0x291 .\CortexM3\ARM_GCC_541\Debug\ssd1306.o
 .debug_abbrev  0x00000458      0x11e .\CortexM3\ARM_GCC_541\Debug\RotatorHorizon.o
 .debug_abbrev  0x00000576      0x1f5 .\CortexM3\ARM_GCC_541\Debug\cli.o
 .debug_abbrev  0x0000076b      0x12c .\CortexM3\ARM_GCC_541\Debug\eeprom.o
 .debug_abbrev  0x00000897      0x20d .\CortexM3\ARM_GCC_541\Debug\cyfitter_cfg.o
 .debug_abbrev  0x00000aa4       0x77 .\CortexM3\ARM_GCC_541\Debug\cymetadata.o
 .debug_abbrev  0x00000b1b      0x1e8 .\CortexM3\ARM_GCC_541\Debug\Cm3Start.o
 .debug_abbrev  0x00000d03       0x90 .\CortexM3\ARM_GCC_541\Debug\AntennaRotator.a(LED_Pin.o)
 .debug_abbrev  0x00000d93      0x254 .\CortexM3\ARM_GCC_541\Debug\AntennaRotator.a(CyLib.o)
 .debug_abbrev  0x00000fe7      0x1ab .\CortexM3\ARM_GCC_541\Debug\AntennaRotator.a(cyPm.o)
 .debug_abbrev  0x00001192       0x90 .\CortexM3\ARM_GCC_541\Debug\AntennaRotator.a(SW_UP_Pin.o)
 .debug_abbrev  0x00001222       0x90 .\CortexM3\ARM_GCC_541\Debug\AntennaRotator.a(SW_DOWN_Pin.o)
 .debug_abbrev  0x000012b2       0x90 .\CortexM3\ARM_GCC_541\Debug\AntennaRotator.a(SW_LEFT_Pin.o)
 .debug_abbrev  0x00001342       0x90 .\CortexM3\ARM_GCC_541\Debug\AntennaRotator.a(SW_RIGHT_Pin.o)
 .debug_abbrev  0x000013d2      0x16f .\CortexM3\ARM_GCC_541\Debug\AntennaRotator.a(UART.o)
 .debug_abbrev  0x00001541       0xa2 .\CortexM3\ARM_GCC_541\Debug\AntennaRotator.a(UART_INT.o)
 .debug_abbrev  0x000015e3      0x139 .\CortexM3\ARM_GCC_541\Debug\AntennaRotator.a(UART_IntClock.o)
 .debug_abbrev  0x0000171c      0x10a .\CortexM3\ARM_GCC_541\Debug\AntennaRotator.a(I2C_OLED.o)
 .debug_abbrev  0x00001826       0xb6 .\CortexM3\ARM_GCC_541\Debug\AntennaRotator.a(I2C_OLED_INT.o)
 .debug_abbrev  0x000018dc       0xfe .\CortexM3\ARM_GCC_541\Debug\AntennaRotator.a(I2C_OLED_PM.o)
 .debug_abbrev  0x000019da      0x13c .\CortexM3\ARM_GCC_541\Debug\AntennaRotator.a(I2C_OLED_MASTER.o)
 .debug_abbrev  0x00001b16       0x90 .\CortexM3\ARM_GCC_541\Debug\AntennaRotator.a(X_Dir_Pin.o)
 .debug_abbrev  0x00001ba6       0x90 .\CortexM3\ARM_GCC_541\Debug\AntennaRotator.a(X_Step_Pin.o)
 .debug_abbrev  0x00001c36      0x133 .\CortexM3\ARM_GCC_541\Debug\AntennaRotator.a(PWM_1.o)
 .debug_abbrev  0x00001d69       0x81 .\CortexM3\ARM_GCC_541\Debug\AntennaRotator.a(Motor_Enable.o)
 .debug_abbrev  0x00001dea      0x11a .\CortexM3\ARM_GCC_541\Debug\AntennaRotator.a(Display_Refresh_Timer.o)
 .debug_abbrev  0x00001f04      0x173 .\CortexM3\ARM_GCC_541\Debug\AntennaRotator.a(Display_Refresh_Timer_Int.o)
 .debug_abbrev  0x00002077      0x173 .\CortexM3\ARM_GCC_541\Debug\AntennaRotator.a(MotorControlFallingEdge.o)
 .debug_abbrev  0x000021ea      0x173 .\CortexM3\ARM_GCC_541\Debug\AntennaRotator.a(MotorControlRiseingEdge.o)
 .debug_abbrev  0x0000235d       0xe1 .\CortexM3\ARM_GCC_541\Debug\AntennaRotator.a(I2C_X.o)
 .debug_abbrev  0x0000243e       0xb6 .\CortexM3\ARM_GCC_541\Debug\AntennaRotator.a(I2C_X_INT.o)
 .debug_abbrev  0x000024f4      0x13c .\CortexM3\ARM_GCC_541\Debug\AntennaRotator.a(I2C_X_MASTER.o)
 .debug_abbrev  0x00002630      0x14e .\CortexM3\ARM_GCC_541\Debug\AntennaRotator.a(EEPROM_1.o)
 .debug_abbrev  0x0000277e       0x90 .\CortexM3\ARM_GCC_541\Debug\AntennaRotator.a(Y_Step_Pin.o)
 .debug_abbrev  0x0000280e       0xe1 .\CortexM3\ARM_GCC_541\Debug\AntennaRotator.a(I2C_Y.o)
 .debug_abbrev  0x000028ef       0xb6 .\CortexM3\ARM_GCC_541\Debug\AntennaRotator.a(I2C_Y_INT.o)
 .debug_abbrev  0x000029a5      0x13c .\CortexM3\ARM_GCC_541\Debug\AntennaRotator.a(I2C_Y_MASTER.o)
 .debug_abbrev  0x00002ae1       0x90 .\CortexM3\ARM_GCC_541\Debug\AntennaRotator.a(Y_Dir_Pin.o)
 .debug_abbrev  0x00002b71      0x11a .\CortexM3\ARM_GCC_541\Debug\AntennaRotator.a(Button_Refresh_Timer.o)
 .debug_abbrev  0x00002c8b      0x173 .\CortexM3\ARM_GCC_541\Debug\AntennaRotator.a(Button_Refresh_Timer_Int.o)
 .debug_abbrev  0x00002dfe       0x14 .\CortexM3\ARM_GCC_541\Debug\AntennaRotator.a(CyBootAsmGnu.o)
 .debug_abbrev  0x00002e12      0x1a7 .\CortexM3\ARM_GCC_541\Debug\AntennaRotator.a(CyFlash.o)
 .debug_abbrev  0x00002fb9      0x194 .\CortexM3\ARM_GCC_541\Debug\AntennaRotator.a(CySpc.o)

.debug_line     0x00000000     0x4bac
 *(.debug_line)
 .debug_line    0x00000000      0x44b .\CortexM3\ARM_GCC_541\Debug\main.o
 .debug_line    0x0000044b      0x610 .\CortexM3\ARM_GCC_541\Debug\ssd1306.o
 .debug_line    0x00000a5b      0x20f .\CortexM3\ARM_GCC_541\Debug\RotatorHorizon.o
 .debug_line    0x00000c6a      0x3ed .\CortexM3\ARM_GCC_541\Debug\cli.o
 .debug_line    0x00001057      0x1b1 .\CortexM3\ARM_GCC_541\Debug\eeprom.o
 .debug_line    0x00001208      0x1fc .\CortexM3\ARM_GCC_541\Debug\cyfitter_cfg.o
 .debug_line    0x00001404      0x141 .\CortexM3\ARM_GCC_541\Debug\cymetadata.o
 .debug_line    0x00001545      0x234 .\CortexM3\ARM_GCC_541\Debug\Cm3Start.o
 .debug_line    0x00001779       0x94 .\CortexM3\ARM_GCC_541\Debug\AntennaRotator.a(LED_Pin.o)
 .debug_line    0x0000180d      0x816 .\CortexM3\ARM_GCC_541\Debug\AntennaRotator.a(CyLib.o)
 .debug_line    0x00002023      0x367 .\CortexM3\ARM_GCC_541\Debug\AntennaRotator.a(cyPm.o)
 .debug_line    0x0000238a       0x96 .\CortexM3\ARM_GCC_541\Debug\AntennaRotator.a(SW_UP_Pin.o)
 .debug_line    0x00002420       0x98 .\CortexM3\ARM_GCC_541\Debug\AntennaRotator.a(SW_DOWN_Pin.o)
 .debug_line    0x000024b8       0x98 .\CortexM3\ARM_GCC_541\Debug\AntennaRotator.a(SW_LEFT_Pin.o)
 .debug_line    0x00002550       0x99 .\CortexM3\ARM_GCC_541\Debug\AntennaRotator.a(SW_RIGHT_Pin.o)
 .debug_line    0x000025e9      0x33b .\CortexM3\ARM_GCC_541\Debug\AntennaRotator.a(UART.o)
 .debug_line    0x00002924       0xa5 .\CortexM3\ARM_GCC_541\Debug\AntennaRotator.a(UART_INT.o)
 .debug_line    0x000029c9      0x17c .\CortexM3\ARM_GCC_541\Debug\AntennaRotator.a(UART_IntClock.o)
 .debug_line    0x00002b45       0xe8 .\CortexM3\ARM_GCC_541\Debug\AntennaRotator.a(I2C_OLED.o)
 .debug_line    0x00002c2d      0x11e .\CortexM3\ARM_GCC_541\Debug\AntennaRotator.a(I2C_OLED_INT.o)
 .debug_line    0x00002d4b       0xc5 .\CortexM3\ARM_GCC_541\Debug\AntennaRotator.a(I2C_OLED_PM.o)
 .debug_line    0x00002e10      0x207 .\CortexM3\ARM_GCC_541\Debug\AntennaRotator.a(I2C_OLED_MASTER.o)
 .debug_line    0x00003017       0x96 .\CortexM3\ARM_GCC_541\Debug\AntennaRotator.a(X_Dir_Pin.o)
 .debug_line    0x000030ad       0x97 .\CortexM3\ARM_GCC_541\Debug\AntennaRotator.a(X_Step_Pin.o)
 .debug_line    0x00003144      0x185 .\CortexM3\ARM_GCC_541\Debug\AntennaRotator.a(PWM_1.o)
 .debug_line    0x000032c9       0x74 .\CortexM3\ARM_GCC_541\Debug\AntennaRotator.a(Motor_Enable.o)
 .debug_line    0x0000333d      0x163 .\CortexM3\ARM_GCC_541\Debug\AntennaRotator.a(Display_Refresh_Timer.o)
 .debug_line    0x000034a0      0x146 .\CortexM3\ARM_GCC_541\Debug\AntennaRotator.a(Display_Refresh_Timer_Int.o)
 .debug_line    0x000035e6      0x144 .\CortexM3\ARM_GCC_541\Debug\AntennaRotator.a(MotorControlFallingEdge.o)
 .debug_line    0x0000372a      0x144 .\CortexM3\ARM_GCC_541\Debug\AntennaRotator.a(MotorControlRiseingEdge.o)
 .debug_line    0x0000386e       0xcd .\CortexM3\ARM_GCC_541\Debug\AntennaRotator.a(I2C_X.o)
 .debug_line    0x0000393b      0x11a .\CortexM3\ARM_GCC_541\Debug\AntennaRotator.a(I2C_X_INT.o)
 .debug_line    0x00003a55      0x22b .\CortexM3\ARM_GCC_541\Debug\AntennaRotator.a(I2C_X_MASTER.o)
 .debug_line    0x00003c80      0x266 .\CortexM3\ARM_GCC_541\Debug\AntennaRotator.a(EEPROM_1.o)
 .debug_line    0x00003ee6       0x97 .\CortexM3\ARM_GCC_541\Debug\AntennaRotator.a(Y_Step_Pin.o)
 .debug_line    0x00003f7d       0xcd .\CortexM3\ARM_GCC_541\Debug\AntennaRotator.a(I2C_Y.o)
 .debug_line    0x0000404a      0x11a .\CortexM3\ARM_GCC_541\Debug\AntennaRotator.a(I2C_Y_INT.o)
 .debug_line    0x00004164      0x22b .\CortexM3\ARM_GCC_541\Debug\AntennaRotator.a(I2C_Y_MASTER.o)
 .debug_line    0x0000438f       0x96 .\CortexM3\ARM_GCC_541\Debug\AntennaRotator.a(Y_Dir_Pin.o)
 .debug_line    0x00004425      0x162 .\CortexM3\ARM_GCC_541\Debug\AntennaRotator.a(Button_Refresh_Timer.o)
 .debug_line    0x00004587      0x145 .\CortexM3\ARM_GCC_541\Debug\AntennaRotator.a(Button_Refresh_Timer_Int.o)
 .debug_line    0x000046cc       0x66 .\CortexM3\ARM_GCC_541\Debug\AntennaRotator.a(CyBootAsmGnu.o)
 .debug_line    0x00004732      0x21a .\CortexM3\ARM_GCC_541\Debug\AntennaRotator.a(CyFlash.o)
 .debug_line    0x0000494c      0x260 .\CortexM3\ARM_GCC_541\Debug\AntennaRotator.a(CySpc.o)

.debug_frame    0x00000000     0x31a0
 *(.debug_frame)
 .debug_frame   0x00000000       0xc8 .\CortexM3\ARM_GCC_541\Debug\main.o
 .debug_frame   0x000000c8      0x3d0 .\CortexM3\ARM_GCC_541\Debug\ssd1306.o
 .debug_frame   0x00000498       0x58 .\CortexM3\ARM_GCC_541\Debug\RotatorHorizon.o
 .debug_frame   0x000004f0       0xd0 .\CortexM3\ARM_GCC_541\Debug\cli.o
 .debug_frame   0x000005c0       0x8c .\CortexM3\ARM_GCC_541\Debug\eeprom.o
 .debug_frame   0x0000064c       0xe4 .\CortexM3\ARM_GCC_541\Debug\cyfitter_cfg.o
 .debug_frame   0x00000730       0xb8 .\CortexM3\ARM_GCC_541\Debug\Cm3Start.o
 .debug_frame   0x000007e8       0x50 .\CortexM3\ARM_GCC_541\Debug\AntennaRotator.a(LED_Pin.o)
 .debug_frame   0x00000838      0x738 .\CortexM3\ARM_GCC_541\Debug\AntennaRotator.a(CyLib.o)
 .debug_frame   0x00000f70      0x1f8 .\CortexM3\ARM_GCC_541\Debug\AntennaRotator.a(cyPm.o)
 .debug_frame   0x00001168       0x50 .\CortexM3\ARM_GCC_541\Debug\AntennaRotator.a(SW_UP_Pin.o)
 .debug_frame   0x000011b8       0x50 .\CortexM3\ARM_GCC_541\Debug\AntennaRotator.a(SW_DOWN_Pin.o)
 .debug_frame   0x00001208       0x50 .\CortexM3\ARM_GCC_541\Debug\AntennaRotator.a(SW_LEFT_Pin.o)
 .debug_frame   0x00001258       0x50 .\CortexM3\ARM_GCC_541\Debug\AntennaRotator.a(SW_RIGHT_Pin.o)
 .debug_frame   0x000012a8      0x25c .\CortexM3\ARM_GCC_541\Debug\AntennaRotator.a(UART.o)
 .debug_frame   0x00001504       0x30 .\CortexM3\ARM_GCC_541\Debug\AntennaRotator.a(UART_INT.o)
 .debug_frame   0x00001534       0xe0 .\CortexM3\ARM_GCC_541\Debug\AntennaRotator.a(UART_IntClock.o)
 .debug_frame   0x00001614       0x94 .\CortexM3\ARM_GCC_541\Debug\AntennaRotator.a(I2C_OLED.o)
 .debug_frame   0x000016a8       0x30 .\CortexM3\ARM_GCC_541\Debug\AntennaRotator.a(I2C_OLED_INT.o)
 .debug_frame   0x000016d8       0x74 .\CortexM3\ARM_GCC_541\Debug\AntennaRotator.a(I2C_OLED_PM.o)
 .debug_frame   0x0000174c      0x138 .\CortexM3\ARM_GCC_541\Debug\AntennaRotator.a(I2C_OLED_MASTER.o)
 .debug_frame   0x00001884       0x50 .\CortexM3\ARM_GCC_541\Debug\AntennaRotator.a(X_Dir_Pin.o)
 .debug_frame   0x000018d4       0x50 .\CortexM3\ARM_GCC_541\Debug\AntennaRotator.a(X_Step_Pin.o)
 .debug_frame   0x00001924      0x134 .\CortexM3\ARM_GCC_541\Debug\AntennaRotator.a(PWM_1.o)
 .debug_frame   0x00001a58       0x30 .\CortexM3\ARM_GCC_541\Debug\AntennaRotator.a(Motor_Enable.o)
 .debug_frame   0x00001a88      0x108 .\CortexM3\ARM_GCC_541\Debug\AntennaRotator.a(Display_Refresh_Timer.o)
 .debug_frame   0x00001b90      0x104 .\CortexM3\ARM_GCC_541\Debug\AntennaRotator.a(Display_Refresh_Timer_Int.o)
 .debug_frame   0x00001c94      0x104 .\CortexM3\ARM_GCC_541\Debug\AntennaRotator.a(MotorControlFallingEdge.o)
 .debug_frame   0x00001d98      0x104 .\CortexM3\ARM_GCC_541\Debug\AntennaRotator.a(MotorControlRiseingEdge.o)
 .debug_frame   0x00001e9c       0x6c .\CortexM3\ARM_GCC_541\Debug\AntennaRotator.a(I2C_X.o)
 .debug_frame   0x00001f08       0x30 .\CortexM3\ARM_GCC_541\Debug\AntennaRotator.a(I2C_X_INT.o)
 .debug_frame   0x00001f38      0x138 .\CortexM3\ARM_GCC_541\Debug\AntennaRotator.a(I2C_X_MASTER.o)
 .debug_frame   0x00002070      0x17c .\CortexM3\ARM_GCC_541\Debug\AntennaRotator.a(EEPROM_1.o)
 .debug_frame   0x000021ec       0x50 .\CortexM3\ARM_GCC_541\Debug\AntennaRotator.a(Y_Step_Pin.o)
 .debug_frame   0x0000223c       0x68 .\CortexM3\ARM_GCC_541\Debug\AntennaRotator.a(I2C_Y.o)
 .debug_frame   0x000022a4       0x30 .\CortexM3\ARM_GCC_541\Debug\AntennaRotator.a(I2C_Y_INT.o)
 .debug_frame   0x000022d4      0x138 .\CortexM3\ARM_GCC_541\Debug\AntennaRotator.a(I2C_Y_MASTER.o)
 .debug_frame   0x0000240c       0x50 .\CortexM3\ARM_GCC_541\Debug\AntennaRotator.a(Y_Dir_Pin.o)
 .debug_frame   0x0000245c      0x108 .\CortexM3\ARM_GCC_541\Debug\AntennaRotator.a(Button_Refresh_Timer.o)
 .debug_frame   0x00002564      0x104 .\CortexM3\ARM_GCC_541\Debug\AntennaRotator.a(Button_Refresh_Timer_Int.o)
 .debug_frame   0x00002668      0x194 .\CortexM3\ARM_GCC_541\Debug\AntennaRotator.a(CyFlash.o)
 .debug_frame   0x000027fc      0x180 .\CortexM3\ARM_GCC_541\Debug\AntennaRotator.a(CySpc.o)
 .debug_frame   0x0000297c       0x20 c:/program files (x86)/cypress/psoc creator/4.4/psoc creator/import/gnu/arm/5.4.1/bin/../lib/gcc/arm-none-eabi/5.4.1/../../../../arm-none-eabi/lib/armv7-m\libg_nano.a(lib_a-errno.o)
 .debug_frame   0x0000299c       0x28 c:/program files (x86)/cypress/psoc creator/4.4/psoc creator/import/gnu/arm/5.4.1/bin/../lib/gcc/arm-none-eabi/5.4.1/../../../../arm-none-eabi/lib/armv7-m\libg_nano.a(lib_a-exit.o)
 .debug_frame   0x000029c4       0x2c c:/program files (x86)/cypress/psoc creator/4.4/psoc creator/import/gnu/arm/5.4.1/bin/../lib/gcc/arm-none-eabi/5.4.1/../../../../arm-none-eabi/lib/armv7-m\libg_nano.a(lib_a-init.o)
 .debug_frame   0x000029f0       0x28 c:/program files (x86)/cypress/psoc creator/4.4/psoc creator/import/gnu/arm/5.4.1/bin/../lib/gcc/arm-none-eabi/5.4.1/../../../../arm-none-eabi/lib/armv7-m\libg_nano.a(lib_a-memcpy-stub.o)
 .debug_frame   0x00002a18       0x20 c:/program files (x86)/cypress/psoc creator/4.4/psoc creator/import/gnu/arm/5.4.1/bin/../lib/gcc/arm-none-eabi/5.4.1/../../../../arm-none-eabi/lib/armv7-m\libg_nano.a(lib_a-memset.o)
 .debug_frame   0x00002a38       0x8c c:/program files (x86)/cypress/psoc creator/4.4/psoc creator/import/gnu/arm/5.4.1/bin/../lib/gcc/arm-none-eabi/5.4.1/../../../../arm-none-eabi/lib/armv7-m\libg_nano.a(lib_a-nano-vfprintf_float.o)
 .debug_frame   0x00002ac4       0x60 c:/program files (x86)/cypress/psoc creator/4.4/psoc creator/import/gnu/arm/5.4.1/bin/../lib/gcc/arm-none-eabi/5.4.1/../../../../arm-none-eabi/lib/armv7-m\libg_nano.a(lib_a-nano-vfprintf_i.o)
 .debug_frame   0x00002b24       0x70 c:/program files (x86)/cypress/psoc creator/4.4/psoc creator/import/gnu/arm/5.4.1/bin/../lib/gcc/arm-none-eabi/5.4.1/../../../../arm-none-eabi/lib/armv7-m\libg_nano.a(lib_a-sprintf.o)